[0.902s] DEBUG:colcon:Command line arguments: ['/usr/bin/colcon', 'build']
[0.902s] DEBUG:colcon:Parsed command line arguments: Namespace(log_base=None, log_level=None, verb_name='build', build_base='build', install_base='install', merge_install=False, symlink_install=False, test_result_base=None, continue_on_error=False, executor='parallel', parallel_workers=4, event_handlers=None, ignore_user_meta=False, metas=['./colcon.meta'], base_paths=['.'], packages_ignore=None, packages_ignore_regex=None, paths=None, packages_up_to=None, packages_up_to_regex=None, packages_above=None, packages_above_and_dependencies=None, packages_above_depth=None, packages_select_by_dep=None, packages_skip_by_dep=None, packages_skip_up_to=None, packages_select_build_failed=False, packages_skip_build_finished=False, packages_select_test_failures=False, packages_skip_test_passed=False, packages_select=None, packages_skip=None, packages_select_regex=None, packages_skip_regex=None, packages_start=None, packages_end=None, allow_overriding=[], cmake_args=None, cmake_target=None, cmake_target_skip_unavailable=False, cmake_clean_cache=False, cmake_clean_first=False, cmake_force_configure=False, ament_cmake_args=None, catkin_cmake_args=None, catkin_skip_building_tests=False, verb_parser=<colcon_defaults.argument_parser.defaults.DefaultArgumentsDecorator object at 0xffff81cc16a0>, verb_extension=<colcon_core.verb.build.BuildVerb object at 0xffff81e76480>, main=<bound method BuildVerb.main of <colcon_core.verb.build.BuildVerb object at 0xffff81e76480>>)
[1.190s] Level 1:colcon.colcon_core.package_discovery:discover_packages(colcon_meta) check parameters
[1.191s] Level 1:colcon.colcon_core.package_discovery:discover_packages(recursive) check parameters
[1.191s] Level 1:colcon.colcon_core.package_discovery:discover_packages(ignore) check parameters
[1.191s] Level 1:colcon.colcon_core.package_discovery:discover_packages(path) check parameters
[1.191s] Level 1:colcon.colcon_core.package_discovery:discover_packages(colcon_meta) discover
[1.192s] Level 1:colcon.colcon_core.package_discovery:discover_packages(recursive) discover
[1.192s] INFO:colcon.colcon_core.package_discovery:Crawling recursively for packages in '/home/kv3/ROBOARM/ManualPhase1/ROBO_ws'
[1.192s] Level 1:colcon.colcon_core.package_identification:_identify(.) by extensions ['ignore', 'ignore_ament_install']
[1.193s] Level 1:colcon.colcon_core.package_identification:_identify(.) by extension 'ignore'
[1.193s] Level 1:colcon.colcon_core.package_identification:_identify(.) by extension 'ignore_ament_install'
[1.193s] Level 1:colcon.colcon_core.package_identification:_identify(.) by extensions ['colcon_pkg']
[1.194s] Level 1:colcon.colcon_core.package_identification:_identify(.) by extension 'colcon_pkg'
[1.194s] Level 1:colcon.colcon_core.package_identification:_identify(.) by extensions ['colcon_meta']
[1.194s] Level 1:colcon.colcon_core.package_identification:_identify(.) by extension 'colcon_meta'
[1.194s] Level 1:colcon.colcon_core.package_identification:_identify(.) by extensions ['ros']
[1.194s] Level 1:colcon.colcon_core.package_identification:_identify(.) by extension 'ros'
[1.332s] Level 1:colcon.colcon_core.package_identification:_identify(.) by extensions ['cmake', 'python']
[1.332s] Level 1:colcon.colcon_core.package_identification:_identify(.) by extension 'cmake'
[1.332s] Level 1:colcon.colcon_core.package_identification:_identify(.) by extension 'python'
[1.333s] Level 1:colcon.colcon_core.package_identification:_identify(.) by extensions ['python_setup_py']
[1.333s] Level 1:colcon.colcon_core.package_identification:_identify(.) by extension 'python_setup_py'
[1.333s] Level 1:colcon.colcon_core.package_identification:_identify(build) by extensions ['ignore', 'ignore_ament_install']
[1.333s] Level 1:colcon.colcon_core.package_identification:_identify(build) by extension 'ignore'
[1.334s] Level 1:colcon.colcon_core.package_identification:_identify(build) ignored
[1.334s] Level 1:colcon.colcon_core.package_identification:_identify(install) by extensions ['ignore', 'ignore_ament_install']
[1.334s] Level 1:colcon.colcon_core.package_identification:_identify(install) by extension 'ignore'
[1.335s] Level 1:colcon.colcon_core.package_identification:_identify(install) ignored
[1.335s] Level 1:colcon.colcon_core.package_identification:_identify(log) by extensions ['ignore', 'ignore_ament_install']
[1.335s] Level 1:colcon.colcon_core.package_identification:_identify(log) by extension 'ignore'
[1.335s] Level 1:colcon.colcon_core.package_identification:_identify(log) ignored
[1.336s] Level 1:colcon.colcon_core.package_identification:_identify(src) by extensions ['ignore', 'ignore_ament_install']
[1.336s] Level 1:colcon.colcon_core.package_identification:_identify(src) by extension 'ignore'
[1.336s] Level 1:colcon.colcon_core.package_identification:_identify(src) by extension 'ignore_ament_install'
[1.336s] Level 1:colcon.colcon_core.package_identification:_identify(src) by extensions ['colcon_pkg']
[1.337s] Level 1:colcon.colcon_core.package_identification:_identify(src) by extension 'colcon_pkg'
[1.337s] Level 1:colcon.colcon_core.package_identification:_identify(src) by extensions ['colcon_meta']
[1.337s] Level 1:colcon.colcon_core.package_identification:_identify(src) by extension 'colcon_meta'
[1.337s] Level 1:colcon.colcon_core.package_identification:_identify(src) by extensions ['ros']
[1.337s] Level 1:colcon.colcon_core.package_identification:_identify(src) by extension 'ros'
[1.337s] Level 1:colcon.colcon_core.package_identification:_identify(src) by extensions ['cmake', 'python']
[1.338s] Level 1:colcon.colcon_core.package_identification:_identify(src) by extension 'cmake'
[1.338s] Level 1:colcon.colcon_core.package_identification:_identify(src) by extension 'python'
[1.338s] Level 1:colcon.colcon_core.package_identification:_identify(src) by extensions ['python_setup_py']
[1.338s] Level 1:colcon.colcon_core.package_identification:_identify(src) by extension 'python_setup_py'
[1.338s] Level 1:colcon.colcon_core.package_identification:_identify(src/arduino_bridge) by extensions ['ignore', 'ignore_ament_install']
[1.339s] Level 1:colcon.colcon_core.package_identification:_identify(src/arduino_bridge) by extension 'ignore'
[1.339s] Level 1:colcon.colcon_core.package_identification:_identify(src/arduino_bridge) by extension 'ignore_ament_install'
[1.339s] Level 1:colcon.colcon_core.package_identification:_identify(src/arduino_bridge) by extensions ['colcon_pkg']
[1.339s] Level 1:colcon.colcon_core.package_identification:_identify(src/arduino_bridge) by extension 'colcon_pkg'
[1.339s] Level 1:colcon.colcon_core.package_identification:_identify(src/arduino_bridge) by extensions ['colcon_meta']
[1.340s] Level 1:colcon.colcon_core.package_identification:_identify(src/arduino_bridge) by extension 'colcon_meta'
[1.340s] Level 1:colcon.colcon_core.package_identification:_identify(src/arduino_bridge) by extensions ['ros']
[1.340s] Level 1:colcon.colcon_core.package_identification:_identify(src/arduino_bridge) by extension 'ros'
[1.356s] DEBUG:colcon.colcon_core.package_identification:Package 'src/arduino_bridge' with type 'ros.ament_python' and name 'arduino_bridge'
[1.357s] Level 1:colcon.colcon_core.package_identification:_identify(src/roboticarm_control) by extensions ['ignore', 'ignore_ament_install']
[1.357s] Level 1:colcon.colcon_core.package_identification:_identify(src/roboticarm_control) by extension 'ignore'
[1.358s] Level 1:colcon.colcon_core.package_identification:_identify(src/roboticarm_control) by extension 'ignore_ament_install'
[1.358s] Level 1:colcon.colcon_core.package_identification:_identify(src/roboticarm_control) by extensions ['colcon_pkg']
[1.358s] Level 1:colcon.colcon_core.package_identification:_identify(src/roboticarm_control) by extension 'colcon_pkg'
[1.358s] Level 1:colcon.colcon_core.package_identification:_identify(src/roboticarm_control) by extensions ['colcon_meta']
[1.358s] Level 1:colcon.colcon_core.package_identification:_identify(src/roboticarm_control) by extension 'colcon_meta'
[1.358s] Level 1:colcon.colcon_core.package_identification:_identify(src/roboticarm_control) by extensions ['ros']
[1.359s] Level 1:colcon.colcon_core.package_identification:_identify(src/roboticarm_control) by extension 'ros'
[1.361s] DEBUG:colcon.colcon_core.package_identification:Package 'src/roboticarm_control' with type 'ros.ament_python' and name 'roboticarm_control'
[1.362s] Level 1:colcon.colcon_core.package_identification:_identify(src/roboticarm_description) by extensions ['ignore', 'ignore_ament_install']
[1.362s] Level 1:colcon.colcon_core.package_identification:_identify(src/roboticarm_description) by extension 'ignore'
[1.362s] Level 1:colcon.colcon_core.package_identification:_identify(src/roboticarm_description) by extension 'ignore_ament_install'
[1.363s] Level 1:colcon.colcon_core.package_identification:_identify(src/roboticarm_description) by extensions ['colcon_pkg']
[1.363s] Level 1:colcon.colcon_core.package_identification:_identify(src/roboticarm_description) by extension 'colcon_pkg'
[1.363s] Level 1:colcon.colcon_core.package_identification:_identify(src/roboticarm_description) by extensions ['colcon_meta']
[1.363s] Level 1:colcon.colcon_core.package_identification:_identify(src/roboticarm_description) by extension 'colcon_meta'
[1.363s] Level 1:colcon.colcon_core.package_identification:_identify(src/roboticarm_description) by extensions ['ros']
[1.363s] Level 1:colcon.colcon_core.package_identification:_identify(src/roboticarm_description) by extension 'ros'
[1.367s] DEBUG:colcon.colcon_core.package_identification:Package 'src/roboticarm_description' with type 'ros.ament_python' and name 'roboticarm_description'
[1.367s] Level 1:colcon.colcon_core.package_identification:_identify(src/roboticarm_moveit2) by extensions ['ignore', 'ignore_ament_install']
[1.367s] Level 1:colcon.colcon_core.package_identification:_identify(src/roboticarm_moveit2) by extension 'ignore'
[1.368s] Level 1:colcon.colcon_core.package_identification:_identify(src/roboticarm_moveit2) by extension 'ignore_ament_install'
[1.368s] Level 1:colcon.colcon_core.package_identification:_identify(src/roboticarm_moveit2) by extensions ['colcon_pkg']
[1.368s] Level 1:colcon.colcon_core.package_identification:_identify(src/roboticarm_moveit2) by extension 'colcon_pkg'
[1.368s] Level 1:colcon.colcon_core.package_identification:_identify(src/roboticarm_moveit2) by extensions ['colcon_meta']
[1.368s] Level 1:colcon.colcon_core.package_identification:_identify(src/roboticarm_moveit2) by extension 'colcon_meta'
[1.369s] Level 1:colcon.colcon_core.package_identification:_identify(src/roboticarm_moveit2) by extensions ['ros']
[1.369s] Level 1:colcon.colcon_core.package_identification:_identify(src/roboticarm_moveit2) by extension 'ros'
[1.372s] DEBUG:colcon.colcon_core.package_identification:Package 'src/roboticarm_moveit2' with type 'ros.ament_cmake' and name 'roboticarm_moveit2'
[1.372s] Level 1:colcon.colcon_core.package_discovery:discover_packages(recursive) using defaults
[1.373s] Level 1:colcon.colcon_core.package_discovery:discover_packages(ignore) discover
[1.373s] Level 1:colcon.colcon_core.package_discovery:discover_packages(ignore) using defaults
[1.373s] Level 1:colcon.colcon_core.package_discovery:discover_packages(path) discover
[1.373s] Level 1:colcon.colcon_core.package_discovery:discover_packages(path) using defaults
[1.476s] Level 1:colcon.colcon_core.package_discovery:discover_packages(prefix_path) check parameters
[1.476s] Level 1:colcon.colcon_core.package_discovery:discover_packages(prefix_path) discover
[1.498s] DEBUG:colcon.colcon_installed_package_information.package_discovery:Found 259 installed packages in /opt/ros/jazzy
[1.502s] Level 1:colcon.colcon_core.package_discovery:discover_packages(prefix_path) using defaults
[1.672s] Level 5:colcon.colcon_core.verb:set package 'arduino_bridge' build argument 'cmake_args' from command line to 'None'
[1.672s] Level 5:colcon.colcon_core.verb:set package 'arduino_bridge' build argument 'cmake_target' from command line to 'None'
[1.672s] Level 5:colcon.colcon_core.verb:set package 'arduino_bridge' build argument 'cmake_target_skip_unavailable' from command line to 'False'
[1.672s] Level 5:colcon.colcon_core.verb:set package 'arduino_bridge' build argument 'cmake_clean_cache' from command line to 'False'
[1.672s] Level 5:colcon.colcon_core.verb:set package 'arduino_bridge' build argument 'cmake_clean_first' from command line to 'False'
[1.672s] Level 5:colcon.colcon_core.verb:set package 'arduino_bridge' build argument 'cmake_force_configure' from command line to 'False'
[1.673s] Level 5:colcon.colcon_core.verb:set package 'arduino_bridge' build argument 'ament_cmake_args' from command line to 'None'
[1.673s] Level 5:colcon.colcon_core.verb:set package 'arduino_bridge' build argument 'catkin_cmake_args' from command line to 'None'
[1.673s] Level 5:colcon.colcon_core.verb:set package 'arduino_bridge' build argument 'catkin_skip_building_tests' from command line to 'False'
[1.673s] DEBUG:colcon.colcon_core.verb:Building package 'arduino_bridge' with the following arguments: {'ament_cmake_args': None, 'build_base': '/home/kv3/ROBOARM/ManualPhase1/ROBO_ws/build/arduino_bridge', 'catkin_cmake_args': None, 'catkin_skip_building_tests': False, 'cmake_args': None, 'cmake_clean_cache': False, 'cmake_clean_first': False, 'cmake_force_configure': False, 'cmake_target': None, 'cmake_target_skip_unavailable': False, 'install_base': '/home/kv3/ROBOARM/ManualPhase1/ROBO_ws/install/arduino_bridge', 'merge_install': False, 'path': '/home/kv3/ROBOARM/ManualPhase1/ROBO_ws/src/arduino_bridge', 'symlink_install': False, 'test_result_base': None}
[1.674s] Level 5:colcon.colcon_core.verb:set package 'roboticarm_control' build argument 'cmake_args' from command line to 'None'
[1.674s] Level 5:colcon.colcon_core.verb:set package 'roboticarm_control' build argument 'cmake_target' from command line to 'None'
[1.674s] Level 5:colcon.colcon_core.verb:set package 'roboticarm_control' build argument 'cmake_target_skip_unavailable' from command line to 'False'
[1.674s] Level 5:colcon.colcon_core.verb:set package 'roboticarm_control' build argument 'cmake_clean_cache' from command line to 'False'
[1.675s] Level 5:colcon.colcon_core.verb:set package 'roboticarm_control' build argument 'cmake_clean_first' from command line to 'False'
[1.675s] Level 5:colcon.colcon_core.verb:set package 'roboticarm_control' build argument 'cmake_force_configure' from command line to 'False'
[1.675s] Level 5:colcon.colcon_core.verb:set package 'roboticarm_control' build argument 'ament_cmake_args' from command line to 'None'
[1.675s] Level 5:colcon.colcon_core.verb:set package 'roboticarm_control' build argument 'catkin_cmake_args' from command line to 'None'
[1.675s] Level 5:colcon.colcon_core.verb:set package 'roboticarm_control' build argument 'catkin_skip_building_tests' from command line to 'False'
[1.675s] DEBUG:colcon.colcon_core.verb:Building package 'roboticarm_control' with the following arguments: {'ament_cmake_args': None, 'build_base': '/home/kv3/ROBOARM/ManualPhase1/ROBO_ws/build/roboticarm_control', 'catkin_cmake_args': None, 'catkin_skip_building_tests': False, 'cmake_args': None, 'cmake_clean_cache': False, 'cmake_clean_first': False, 'cmake_force_configure': False, 'cmake_target': None, 'cmake_target_skip_unavailable': False, 'install_base': '/home/kv3/ROBOARM/ManualPhase1/ROBO_ws/install/roboticarm_control', 'merge_install': False, 'path': '/home/kv3/ROBOARM/ManualPhase1/ROBO_ws/src/roboticarm_control', 'symlink_install': False, 'test_result_base': None}
[1.676s] Level 5:colcon.colcon_core.verb:set package 'roboticarm_description' build argument 'cmake_args' from command line to 'None'
[1.676s] Level 5:colcon.colcon_core.verb:set package 'roboticarm_description' build argument 'cmake_target' from command line to 'None'
[1.676s] Level 5:colcon.colcon_core.verb:set package 'roboticarm_description' build argument 'cmake_target_skip_unavailable' from command line to 'False'
[1.676s] Level 5:colcon.colcon_core.verb:set package 'roboticarm_description' build argument 'cmake_clean_cache' from command line to 'False'
[1.677s] Level 5:colcon.colcon_core.verb:set package 'roboticarm_description' build argument 'cmake_clean_first' from command line to 'False'
[1.677s] Level 5:colcon.colcon_core.verb:set package 'roboticarm_description' build argument 'cmake_force_configure' from command line to 'False'
[1.677s] Level 5:colcon.colcon_core.verb:set package 'roboticarm_description' build argument 'ament_cmake_args' from command line to 'None'
[1.677s] Level 5:colcon.colcon_core.verb:set package 'roboticarm_description' build argument 'catkin_cmake_args' from command line to 'None'
[1.677s] Level 5:colcon.colcon_core.verb:set package 'roboticarm_description' build argument 'catkin_skip_building_tests' from command line to 'False'
[1.677s] DEBUG:colcon.colcon_core.verb:Building package 'roboticarm_description' with the following arguments: {'ament_cmake_args': None, 'build_base': '/home/kv3/ROBOARM/ManualPhase1/ROBO_ws/build/roboticarm_description', 'catkin_cmake_args': None, 'catkin_skip_building_tests': False, 'cmake_args': None, 'cmake_clean_cache': False, 'cmake_clean_first': False, 'cmake_force_configure': False, 'cmake_target': None, 'cmake_target_skip_unavailable': False, 'install_base': '/home/kv3/ROBOARM/ManualPhase1/ROBO_ws/install/roboticarm_description', 'merge_install': False, 'path': '/home/kv3/ROBOARM/ManualPhase1/ROBO_ws/src/roboticarm_description', 'symlink_install': False, 'test_result_base': None}
[1.678s] Level 5:colcon.colcon_core.verb:set package 'roboticarm_moveit2' build argument 'cmake_args' from command line to 'None'
[1.678s] Level 5:colcon.colcon_core.verb:set package 'roboticarm_moveit2' build argument 'cmake_target' from command line to 'None'
[1.678s] Level 5:colcon.colcon_core.verb:set package 'roboticarm_moveit2' build argument 'cmake_target_skip_unavailable' from command line to 'False'
[1.678s] Level 5:colcon.colcon_core.verb:set package 'roboticarm_moveit2' build argument 'cmake_clean_cache' from command line to 'False'
[1.679s] Level 5:colcon.colcon_core.verb:set package 'roboticarm_moveit2' build argument 'cmake_clean_first' from command line to 'False'
[1.679s] Level 5:colcon.colcon_core.verb:set package 'roboticarm_moveit2' build argument 'cmake_force_configure' from command line to 'False'
[1.679s] Level 5:colcon.colcon_core.verb:set package 'roboticarm_moveit2' build argument 'ament_cmake_args' from command line to 'None'
[1.679s] Level 5:colcon.colcon_core.verb:set package 'roboticarm_moveit2' build argument 'catkin_cmake_args' from command line to 'None'
[1.679s] Level 5:colcon.colcon_core.verb:set package 'roboticarm_moveit2' build argument 'catkin_skip_building_tests' from command line to 'False'
[1.679s] DEBUG:colcon.colcon_core.verb:Building package 'roboticarm_moveit2' with the following arguments: {'ament_cmake_args': None, 'build_base': '/home/kv3/ROBOARM/ManualPhase1/ROBO_ws/build/roboticarm_moveit2', 'catkin_cmake_args': None, 'catkin_skip_building_tests': False, 'cmake_args': None, 'cmake_clean_cache': False, 'cmake_clean_first': False, 'cmake_force_configure': False, 'cmake_target': None, 'cmake_target_skip_unavailable': False, 'install_base': '/home/kv3/ROBOARM/ManualPhase1/ROBO_ws/install/roboticarm_moveit2', 'merge_install': False, 'path': '/home/kv3/ROBOARM/ManualPhase1/ROBO_ws/src/roboticarm_moveit2', 'symlink_install': False, 'test_result_base': None}
[1.679s] INFO:colcon.colcon_core.executor:Executing jobs using 'parallel' executor
[1.682s] DEBUG:colcon.colcon_parallel_executor.executor.parallel:run_until_complete
[1.683s] INFO:colcon.colcon_ros.task.ament_python.build:Building ROS package in '/home/kv3/ROBOARM/ManualPhase1/ROBO_ws/src/roboticarm_description' with build type 'ament_python'
[1.684s] Level 1:colcon.colcon_core.shell:create_environment_hook('roboticarm_description', 'ament_prefix_path')
[1.702s] INFO:colcon.colcon_core.plugin_system:Skipping extension 'colcon_core.shell.bat': Not used on non-Windows systems
[1.703s] INFO:colcon.colcon_core.shell:Creating environment hook '/home/kv3/ROBOARM/ManualPhase1/ROBO_ws/install/roboticarm_description/share/roboticarm_description/hook/ament_prefix_path.ps1'
[1.707s] INFO:colcon.colcon_core.shell:Creating environment descriptor '/home/kv3/ROBOARM/ManualPhase1/ROBO_ws/install/roboticarm_description/share/roboticarm_description/hook/ament_prefix_path.dsv'
[1.710s] INFO:colcon.colcon_core.shell:Creating environment hook '/home/kv3/ROBOARM/ManualPhase1/ROBO_ws/install/roboticarm_description/share/roboticarm_description/hook/ament_prefix_path.sh'
[1.713s] INFO:colcon.colcon_core.shell:Skip shell extension 'powershell' for command environment: Not usable outside of PowerShell
[1.713s] DEBUG:colcon.colcon_core.shell:Skip shell extension 'dsv' for command environment
[1.730s] INFO:colcon.colcon_ros.task.ament_python.build:Building ROS package in '/home/kv3/ROBOARM/ManualPhase1/ROBO_ws/src/arduino_bridge' with build type 'ament_python'
[1.730s] Level 1:colcon.colcon_core.shell:create_environment_hook('arduino_bridge', 'ament_prefix_path')
[1.731s] INFO:colcon.colcon_core.shell:Creating environment hook '/home/kv3/ROBOARM/ManualPhase1/ROBO_ws/install/arduino_bridge/share/arduino_bridge/hook/ament_prefix_path.ps1'
[1.734s] INFO:colcon.colcon_core.shell:Creating environment descriptor '/home/kv3/ROBOARM/ManualPhase1/ROBO_ws/install/arduino_bridge/share/arduino_bridge/hook/ament_prefix_path.dsv'
[1.736s] INFO:colcon.colcon_core.shell:Creating environment hook '/home/kv3/ROBOARM/ManualPhase1/ROBO_ws/install/arduino_bridge/share/arduino_bridge/hook/ament_prefix_path.sh'
[1.738s] INFO:colcon.colcon_core.shell:Skip shell extension 'powershell' for command environment: Not usable outside of PowerShell
[1.738s] DEBUG:colcon.colcon_core.shell:Skip shell extension 'dsv' for command environment
[1.753s] INFO:colcon.colcon_ros.task.ament_python.build:Building ROS package in '/home/kv3/ROBOARM/ManualPhase1/ROBO_ws/src/roboticarm_control' with build type 'ament_python'
[1.754s] Level 1:colcon.colcon_core.shell:create_environment_hook('roboticarm_control', 'ament_prefix_path')
[1.755s] INFO:colcon.colcon_core.shell:Creating environment hook '/home/kv3/ROBOARM/ManualPhase1/ROBO_ws/install/roboticarm_control/share/roboticarm_control/hook/ament_prefix_path.ps1'
[1.757s] INFO:colcon.colcon_core.shell:Creating environment descriptor '/home/kv3/ROBOARM/ManualPhase1/ROBO_ws/install/roboticarm_control/share/roboticarm_control/hook/ament_prefix_path.dsv'
[1.759s] INFO:colcon.colcon_core.shell:Creating environment hook '/home/kv3/ROBOARM/ManualPhase1/ROBO_ws/install/roboticarm_control/share/roboticarm_control/hook/ament_prefix_path.sh'
[1.761s] INFO:colcon.colcon_core.shell:Skip shell extension 'powershell' for command environment: Not usable outside of PowerShell
[1.761s] DEBUG:colcon.colcon_core.shell:Skip shell extension 'dsv' for command environment
[2.630s] INFO:colcon.colcon_core.task.python.build:Building Python package in '/home/kv3/ROBOARM/ManualPhase1/ROBO_ws/src/roboticarm_description'
[2.630s] INFO:colcon.colcon_core.shell:Skip shell extension 'powershell' for command environment: Not usable outside of PowerShell
[2.630s] DEBUG:colcon.colcon_core.shell:Skip shell extension 'dsv' for command environment
[3.474s] INFO:colcon.colcon_core.task.python.build:Building Python package in '/home/kv3/ROBOARM/ManualPhase1/ROBO_ws/src/arduino_bridge'
[3.475s] INFO:colcon.colcon_core.shell:Skip shell extension 'powershell' for command environment: Not usable outside of PowerShell
[3.475s] DEBUG:colcon.colcon_core.shell:Skip shell extension 'dsv' for command environment
[4.325s] INFO:colcon.colcon_core.task.python.build:Building Python package in '/home/kv3/ROBOARM/ManualPhase1/ROBO_ws/src/roboticarm_control'
[4.326s] INFO:colcon.colcon_core.shell:Skip shell extension 'powershell' for command environment: Not usable outside of PowerShell
[4.326s] DEBUG:colcon.colcon_core.shell:Skip shell extension 'dsv' for command environment
[8.083s] DEBUG:colcon.colcon_core.event_handler.log_command:Invoking command in '/home/kv3/ROBOARM/ManualPhase1/ROBO_ws/src/arduino_bridge': PYTHONPATH=/home/kv3/ROBOARM/ManualPhase1/ROBO_ws/build/arduino_bridge/prefix_override:/usr/lib/python3/dist-packages/colcon_core/task/python/colcon_distutils_commands:/home/kv3/ROBOARM/ManualPhase1/ROBO_ws/install/arduino_bridge/lib/python3.12/site-packages:${PYTHONPATH} /usr/bin/python3 -W ignore:setup.py install is deprecated -W ignore:easy_install command is deprecated setup.py egg_info --egg-base ../../build/arduino_bridge build --build-base /home/kv3/ROBOARM/ManualPhase1/ROBO_ws/build/arduino_bridge/build install --record /home/kv3/ROBOARM/ManualPhase1/ROBO_ws/build/arduino_bridge/install.log --single-version-externally-managed install_data
[8.101s] DEBUG:colcon.colcon_core.event_handler.log_command:Invoking command in '/home/kv3/ROBOARM/ManualPhase1/ROBO_ws/src/roboticarm_control': PYTHONPATH=/home/kv3/ROBOARM/ManualPhase1/ROBO_ws/build/roboticarm_control/prefix_override:/usr/lib/python3/dist-packages/colcon_core/task/python/colcon_distutils_commands:/home/kv3/ROBOARM/ManualPhase1/ROBO_ws/install/roboticarm_control/lib/python3.12/site-packages:${PYTHONPATH} /usr/bin/python3 -W ignore:setup.py install is deprecated -W ignore:easy_install command is deprecated setup.py egg_info --egg-base ../../build/roboticarm_control build --build-base /home/kv3/ROBOARM/ManualPhase1/ROBO_ws/build/roboticarm_control/build install --record /home/kv3/ROBOARM/ManualPhase1/ROBO_ws/build/roboticarm_control/install.log --single-version-externally-managed install_data
[8.117s] DEBUG:colcon.colcon_core.event_handler.log_command:Invoking command in '/home/kv3/ROBOARM/ManualPhase1/ROBO_ws/src/roboticarm_description': PYTHONPATH=/home/kv3/ROBOARM/ManualPhase1/ROBO_ws/build/roboticarm_description/prefix_override:/usr/lib/python3/dist-packages/colcon_core/task/python/colcon_distutils_commands:/home/kv3/ROBOARM/ManualPhase1/ROBO_ws/install/roboticarm_description/lib/python3.12/site-packages:${PYTHONPATH} /usr/bin/python3 -W ignore:setup.py install is deprecated -W ignore:easy_install command is deprecated setup.py egg_info --egg-base ../../build/roboticarm_description build --build-base /home/kv3/ROBOARM/ManualPhase1/ROBO_ws/build/roboticarm_description/build install --record /home/kv3/ROBOARM/ManualPhase1/ROBO_ws/build/roboticarm_description/install.log --install-scripts $base/lib/roboticarm_description --single-version-externally-managed install_data
[10.949s] DEBUG:colcon.colcon_core.event_handler.log_command:Invoked command in '/home/kv3/ROBOARM/ManualPhase1/ROBO_ws/src/roboticarm_control' returned '0': PYTHONPATH=/home/kv3/ROBOARM/ManualPhase1/ROBO_ws/build/roboticarm_control/prefix_override:/usr/lib/python3/dist-packages/colcon_core/task/python/colcon_distutils_commands:/home/kv3/ROBOARM/ManualPhase1/ROBO_ws/install/roboticarm_control/lib/python3.12/site-packages:${PYTHONPATH} /usr/bin/python3 -W ignore:setup.py install is deprecated -W ignore:easy_install command is deprecated setup.py egg_info --egg-base ../../build/roboticarm_control build --build-base /home/kv3/ROBOARM/ManualPhase1/ROBO_ws/build/roboticarm_control/build install --record /home/kv3/ROBOARM/ManualPhase1/ROBO_ws/build/roboticarm_control/install.log --single-version-externally-managed install_data
[11.004s] Level 1:colcon.colcon_core.environment:checking '/home/kv3/ROBOARM/ManualPhase1/ROBO_ws/install/roboticarm_control' for CMake module files
[11.010s] Level 1:colcon.colcon_core.environment:checking '/home/kv3/ROBOARM/ManualPhase1/ROBO_ws/install/roboticarm_control' for CMake config files
[11.015s] Level 1:colcon.colcon_core.environment:checking '/home/kv3/ROBOARM/ManualPhase1/ROBO_ws/install/roboticarm_control/lib'
[11.016s] Level 1:colcon.colcon_core.environment:checking '/home/kv3/ROBOARM/ManualPhase1/ROBO_ws/install/roboticarm_control/bin'
[11.017s] Level 1:colcon.colcon_core.environment:checking '/home/kv3/ROBOARM/ManualPhase1/ROBO_ws/install/roboticarm_control/lib/pkgconfig/roboticarm_control.pc'
[11.018s] Level 1:colcon.colcon_core.environment:checking '/home/kv3/ROBOARM/ManualPhase1/ROBO_ws/install/roboticarm_control/lib/python3.12/site-packages'
[11.019s] Level 1:colcon.colcon_core.shell:create_environment_hook('roboticarm_control', 'pythonpath')
[11.020s] INFO:colcon.colcon_core.shell:Creating environment hook '/home/kv3/ROBOARM/ManualPhase1/ROBO_ws/install/roboticarm_control/share/roboticarm_control/hook/pythonpath.ps1'
[11.023s] INFO:colcon.colcon_core.shell:Creating environment descriptor '/home/kv3/ROBOARM/ManualPhase1/ROBO_ws/install/roboticarm_control/share/roboticarm_control/hook/pythonpath.dsv'
[11.025s] INFO:colcon.colcon_core.shell:Creating environment hook '/home/kv3/ROBOARM/ManualPhase1/ROBO_ws/install/roboticarm_control/share/roboticarm_control/hook/pythonpath.sh'
[11.029s] Level 1:colcon.colcon_core.environment:checking '/home/kv3/ROBOARM/ManualPhase1/ROBO_ws/install/roboticarm_control/bin'
[11.029s] Level 1:colcon.colcon_core.environment:create_environment_scripts_only(roboticarm_control)
[11.031s] INFO:colcon.colcon_core.shell:Creating package script '/home/kv3/ROBOARM/ManualPhase1/ROBO_ws/install/roboticarm_control/share/roboticarm_control/package.ps1'
[11.036s] INFO:colcon.colcon_core.shell:Creating package descriptor '/home/kv3/ROBOARM/ManualPhase1/ROBO_ws/install/roboticarm_control/share/roboticarm_control/package.dsv'
[11.041s] INFO:colcon.colcon_core.shell:Creating package script '/home/kv3/ROBOARM/ManualPhase1/ROBO_ws/install/roboticarm_control/share/roboticarm_control/package.sh'
[11.044s] INFO:colcon.colcon_core.shell:Creating package script '/home/kv3/ROBOARM/ManualPhase1/ROBO_ws/install/roboticarm_control/share/roboticarm_control/package.bash'
[11.049s] INFO:colcon.colcon_core.shell:Creating package script '/home/kv3/ROBOARM/ManualPhase1/ROBO_ws/install/roboticarm_control/share/roboticarm_control/package.zsh'
[11.052s] Level 1:colcon.colcon_core.environment:create_file_with_runtime_dependencies(/home/kv3/ROBOARM/ManualPhase1/ROBO_ws/install/roboticarm_control/share/colcon-core/packages/roboticarm_control)
[11.058s] Level 1:colcon.colcon_core.environment:checking '/home/kv3/ROBOARM/ManualPhase1/ROBO_ws/install/roboticarm_description' for CMake module files
[11.060s] DEBUG:colcon.colcon_core.event_handler.log_command:Invoked command in '/home/kv3/ROBOARM/ManualPhase1/ROBO_ws/src/roboticarm_description' returned '0': PYTHONPATH=/home/kv3/ROBOARM/ManualPhase1/ROBO_ws/build/roboticarm_description/prefix_override:/usr/lib/python3/dist-packages/colcon_core/task/python/colcon_distutils_commands:/home/kv3/ROBOARM/ManualPhase1/ROBO_ws/install/roboticarm_description/lib/python3.12/site-packages:${PYTHONPATH} /usr/bin/python3 -W ignore:setup.py install is deprecated -W ignore:easy_install command is deprecated setup.py egg_info --egg-base ../../build/roboticarm_description build --build-base /home/kv3/ROBOARM/ManualPhase1/ROBO_ws/build/roboticarm_description/build install --record /home/kv3/ROBOARM/ManualPhase1/ROBO_ws/build/roboticarm_description/install.log --install-scripts $base/lib/roboticarm_description --single-version-externally-managed install_data
[11.062s] Level 1:colcon.colcon_core.environment:checking '/home/kv3/ROBOARM/ManualPhase1/ROBO_ws/install/roboticarm_description' for CMake config files
[11.066s] Level 1:colcon.colcon_core.environment:checking '/home/kv3/ROBOARM/ManualPhase1/ROBO_ws/install/roboticarm_description/lib'
[11.067s] Level 1:colcon.colcon_core.environment:checking '/home/kv3/ROBOARM/ManualPhase1/ROBO_ws/install/roboticarm_description/bin'
[11.067s] Level 1:colcon.colcon_core.environment:checking '/home/kv3/ROBOARM/ManualPhase1/ROBO_ws/install/roboticarm_description/lib/pkgconfig/roboticarm_description.pc'
[11.068s] Level 1:colcon.colcon_core.environment:checking '/home/kv3/ROBOARM/ManualPhase1/ROBO_ws/install/roboticarm_description/lib/python3.12/site-packages'
[11.069s] Level 1:colcon.colcon_core.shell:create_environment_hook('roboticarm_description', 'pythonpath')
[11.069s] INFO:colcon.colcon_core.shell:Creating environment hook '/home/kv3/ROBOARM/ManualPhase1/ROBO_ws/install/roboticarm_description/share/roboticarm_description/hook/pythonpath.ps1'
[11.071s] INFO:colcon.colcon_core.shell:Creating environment descriptor '/home/kv3/ROBOARM/ManualPhase1/ROBO_ws/install/roboticarm_description/share/roboticarm_description/hook/pythonpath.dsv'
[11.073s] INFO:colcon.colcon_core.shell:Creating environment hook '/home/kv3/ROBOARM/ManualPhase1/ROBO_ws/install/roboticarm_description/share/roboticarm_description/hook/pythonpath.sh'
[11.075s] Level 1:colcon.colcon_core.environment:checking '/home/kv3/ROBOARM/ManualPhase1/ROBO_ws/install/roboticarm_description/bin'
[11.076s] Level 1:colcon.colcon_core.environment:create_environment_scripts_only(roboticarm_description)
[11.076s] INFO:colcon.colcon_core.shell:Creating package script '/home/kv3/ROBOARM/ManualPhase1/ROBO_ws/install/roboticarm_description/share/roboticarm_description/package.ps1'
[11.079s] INFO:colcon.colcon_core.shell:Creating package descriptor '/home/kv3/ROBOARM/ManualPhase1/ROBO_ws/install/roboticarm_description/share/roboticarm_description/package.dsv'
[11.081s] INFO:colcon.colcon_core.shell:Creating package script '/home/kv3/ROBOARM/ManualPhase1/ROBO_ws/install/roboticarm_description/share/roboticarm_description/package.sh'
[11.082s] INFO:colcon.colcon_core.shell:Creating package script '/home/kv3/ROBOARM/ManualPhase1/ROBO_ws/install/roboticarm_description/share/roboticarm_description/package.bash'
[11.084s] INFO:colcon.colcon_core.shell:Creating package script '/home/kv3/ROBOARM/ManualPhase1/ROBO_ws/install/roboticarm_description/share/roboticarm_description/package.zsh'
[11.086s] Level 1:colcon.colcon_core.environment:create_file_with_runtime_dependencies(/home/kv3/ROBOARM/ManualPhase1/ROBO_ws/install/roboticarm_description/share/colcon-core/packages/roboticarm_description)
[11.088s] INFO:colcon.colcon_ros.task.ament_cmake.build:Building ROS package in '/home/kv3/ROBOARM/ManualPhase1/ROBO_ws/src/roboticarm_moveit2' with build type 'ament_cmake'
[11.089s] INFO:colcon.colcon_cmake.task.cmake.build:Building CMake package in '/home/kv3/ROBOARM/ManualPhase1/ROBO_ws/src/roboticarm_moveit2'
[11.089s] INFO:colcon.colcon_core.shell:Skip shell extension 'powershell' for command environment: Not usable outside of PowerShell
[11.090s] DEBUG:colcon.colcon_core.shell:Skip shell extension 'dsv' for command environment
[11.107s] Level 1:colcon.colcon_core.environment:checking '/home/kv3/ROBOARM/ManualPhase1/ROBO_ws/install/arduino_bridge' for CMake module files
[11.109s] DEBUG:colcon.colcon_core.event_handler.log_command:Invoked command in '/home/kv3/ROBOARM/ManualPhase1/ROBO_ws/src/arduino_bridge' returned '0': PYTHONPATH=/home/kv3/ROBOARM/ManualPhase1/ROBO_ws/build/arduino_bridge/prefix_override:/usr/lib/python3/dist-packages/colcon_core/task/python/colcon_distutils_commands:/home/kv3/ROBOARM/ManualPhase1/ROBO_ws/install/arduino_bridge/lib/python3.12/site-packages:${PYTHONPATH} /usr/bin/python3 -W ignore:setup.py install is deprecated -W ignore:easy_install command is deprecated setup.py egg_info --egg-base ../../build/arduino_bridge build --build-base /home/kv3/ROBOARM/ManualPhase1/ROBO_ws/build/arduino_bridge/build install --record /home/kv3/ROBOARM/ManualPhase1/ROBO_ws/build/arduino_bridge/install.log --single-version-externally-managed install_data
[11.111s] Level 1:colcon.colcon_core.environment:checking '/home/kv3/ROBOARM/ManualPhase1/ROBO_ws/install/arduino_bridge' for CMake config files
[11.115s] Level 1:colcon.colcon_core.environment:checking '/home/kv3/ROBOARM/ManualPhase1/ROBO_ws/install/arduino_bridge/lib'
[11.115s] Level 1:colcon.colcon_core.environment:checking '/home/kv3/ROBOARM/ManualPhase1/ROBO_ws/install/arduino_bridge/bin'
[11.116s] Level 1:colcon.colcon_core.environment:checking '/home/kv3/ROBOARM/ManualPhase1/ROBO_ws/install/arduino_bridge/lib/pkgconfig/arduino_bridge.pc'
[11.117s] Level 1:colcon.colcon_core.environment:checking '/home/kv3/ROBOARM/ManualPhase1/ROBO_ws/install/arduino_bridge/lib/python3.12/site-packages'
[11.117s] Level 1:colcon.colcon_core.shell:create_environment_hook('arduino_bridge', 'pythonpath')
[11.118s] INFO:colcon.colcon_core.shell:Creating environment hook '/home/kv3/ROBOARM/ManualPhase1/ROBO_ws/install/arduino_bridge/share/arduino_bridge/hook/pythonpath.ps1'
[11.120s] INFO:colcon.colcon_core.shell:Creating environment descriptor '/home/kv3/ROBOARM/ManualPhase1/ROBO_ws/install/arduino_bridge/share/arduino_bridge/hook/pythonpath.dsv'
[11.121s] INFO:colcon.colcon_core.shell:Creating environment hook '/home/kv3/ROBOARM/ManualPhase1/ROBO_ws/install/arduino_bridge/share/arduino_bridge/hook/pythonpath.sh'
[11.124s] Level 1:colcon.colcon_core.environment:checking '/home/kv3/ROBOARM/ManualPhase1/ROBO_ws/install/arduino_bridge/bin'
[11.124s] Level 1:colcon.colcon_core.environment:create_environment_scripts_only(arduino_bridge)
[11.125s] INFO:colcon.colcon_core.shell:Creating package script '/home/kv3/ROBOARM/ManualPhase1/ROBO_ws/install/arduino_bridge/share/arduino_bridge/package.ps1'
[11.127s] INFO:colcon.colcon_core.shell:Creating package descriptor '/home/kv3/ROBOARM/ManualPhase1/ROBO_ws/install/arduino_bridge/share/arduino_bridge/package.dsv'
[11.129s] INFO:colcon.colcon_core.shell:Creating package script '/home/kv3/ROBOARM/ManualPhase1/ROBO_ws/install/arduino_bridge/share/arduino_bridge/package.sh'
[11.130s] INFO:colcon.colcon_core.shell:Creating package script '/home/kv3/ROBOARM/ManualPhase1/ROBO_ws/install/arduino_bridge/share/arduino_bridge/package.bash'
[11.132s] INFO:colcon.colcon_core.shell:Creating package script '/home/kv3/ROBOARM/ManualPhase1/ROBO_ws/install/arduino_bridge/share/arduino_bridge/package.zsh'
[11.133s] Level 1:colcon.colcon_core.environment:create_file_with_runtime_dependencies(/home/kv3/ROBOARM/ManualPhase1/ROBO_ws/install/arduino_bridge/share/colcon-core/packages/arduino_bridge)
[11.144s] DEBUG:colcon.colcon_core.event_handler.log_command:Invoking command in '/home/kv3/ROBOARM/ManualPhase1/ROBO_ws/build/roboticarm_moveit2': AMENT_PREFIX_PATH=/home/kv3/ROBOARM/ManualPhase1/ROBO_ws/install/roboticarm_description:${AMENT_PREFIX_PATH} CMAKE_PREFIX_PATH=${CMAKE_PREFIX_PATH}:/opt/ros/jazzy PYTHONPATH=/home/kv3/ROBOARM/ManualPhase1/ROBO_ws/install/roboticarm_description/lib/python3.12/site-packages:${PYTHONPATH} /usr/bin/cmake /home/kv3/ROBOARM/ManualPhase1/ROBO_ws/src/roboticarm_moveit2 -DCMAKE_INSTALL_PREFIX=/home/kv3/ROBOARM/ManualPhase1/ROBO_ws/install/roboticarm_moveit2
[16.433s] DEBUG:colcon.colcon_core.event_handler.log_command:Invoked command in '/home/kv3/ROBOARM/ManualPhase1/ROBO_ws/build/roboticarm_moveit2' returned '0': AMENT_PREFIX_PATH=/home/kv3/ROBOARM/ManualPhase1/ROBO_ws/install/roboticarm_description:${AMENT_PREFIX_PATH} CMAKE_PREFIX_PATH=${CMAKE_PREFIX_PATH}:/opt/ros/jazzy PYTHONPATH=/home/kv3/ROBOARM/ManualPhase1/ROBO_ws/install/roboticarm_description/lib/python3.12/site-packages:${PYTHONPATH} /usr/bin/cmake /home/kv3/ROBOARM/ManualPhase1/ROBO_ws/src/roboticarm_moveit2 -DCMAKE_INSTALL_PREFIX=/home/kv3/ROBOARM/ManualPhase1/ROBO_ws/install/roboticarm_moveit2
[16.439s] DEBUG:colcon.colcon_core.event_handler.log_command:Invoking command in '/home/kv3/ROBOARM/ManualPhase1/ROBO_ws/build/roboticarm_moveit2': AMENT_PREFIX_PATH=/home/kv3/ROBOARM/ManualPhase1/ROBO_ws/install/roboticarm_description:${AMENT_PREFIX_PATH} CMAKE_PREFIX_PATH=${CMAKE_PREFIX_PATH}:/opt/ros/jazzy PYTHONPATH=/home/kv3/ROBOARM/ManualPhase1/ROBO_ws/install/roboticarm_description/lib/python3.12/site-packages:${PYTHONPATH} /usr/bin/cmake --build /home/kv3/ROBOARM/ManualPhase1/ROBO_ws/build/roboticarm_moveit2 -- -j4 -l4
[16.630s] DEBUG:colcon.colcon_core.event_handler.log_command:Invoked command in '/home/kv3/ROBOARM/ManualPhase1/ROBO_ws/build/roboticarm_moveit2' returned '0': AMENT_PREFIX_PATH=/home/kv3/ROBOARM/ManualPhase1/ROBO_ws/install/roboticarm_description:${AMENT_PREFIX_PATH} CMAKE_PREFIX_PATH=${CMAKE_PREFIX_PATH}:/opt/ros/jazzy PYTHONPATH=/home/kv3/ROBOARM/ManualPhase1/ROBO_ws/install/roboticarm_description/lib/python3.12/site-packages:${PYTHONPATH} /usr/bin/cmake --build /home/kv3/ROBOARM/ManualPhase1/ROBO_ws/build/roboticarm_moveit2 -- -j4 -l4
[16.677s] DEBUG:colcon.colcon_core.event_handler.log_command:Invoking command in '/home/kv3/ROBOARM/ManualPhase1/ROBO_ws/build/roboticarm_moveit2': AMENT_PREFIX_PATH=/home/kv3/ROBOARM/ManualPhase1/ROBO_ws/install/roboticarm_description:${AMENT_PREFIX_PATH} CMAKE_PREFIX_PATH=${CMAKE_PREFIX_PATH}:/opt/ros/jazzy PYTHONPATH=/home/kv3/ROBOARM/ManualPhase1/ROBO_ws/install/roboticarm_description/lib/python3.12/site-packages:${PYTHONPATH} /usr/bin/cmake --install /home/kv3/ROBOARM/ManualPhase1/ROBO_ws/build/roboticarm_moveit2
[16.774s] Level 1:colcon.colcon_core.environment:create_environment_scripts_only(roboticarm_moveit2)
[16.775s] Level 1:colcon.colcon_core.environment:checking '/home/kv3/ROBOARM/ManualPhase1/ROBO_ws/install/roboticarm_moveit2' for CMake module files
[16.776s] DEBUG:colcon.colcon_core.event_handler.log_command:Invoked command in '/home/kv3/ROBOARM/ManualPhase1/ROBO_ws/build/roboticarm_moveit2' returned '0': AMENT_PREFIX_PATH=/home/kv3/ROBOARM/ManualPhase1/ROBO_ws/install/roboticarm_description:${AMENT_PREFIX_PATH} CMAKE_PREFIX_PATH=${CMAKE_PREFIX_PATH}:/opt/ros/jazzy PYTHONPATH=/home/kv3/ROBOARM/ManualPhase1/ROBO_ws/install/roboticarm_description/lib/python3.12/site-packages:${PYTHONPATH} /usr/bin/cmake --install /home/kv3/ROBOARM/ManualPhase1/ROBO_ws/build/roboticarm_moveit2
[16.779s] Level 1:colcon.colcon_core.environment:checking '/home/kv3/ROBOARM/ManualPhase1/ROBO_ws/install/roboticarm_moveit2' for CMake config files
[16.781s] Level 1:colcon.colcon_core.shell:create_environment_hook('roboticarm_moveit2', 'cmake_prefix_path')
[16.782s] INFO:colcon.colcon_core.shell:Creating environment hook '/home/kv3/ROBOARM/ManualPhase1/ROBO_ws/install/roboticarm_moveit2/share/roboticarm_moveit2/hook/cmake_prefix_path.ps1'
[16.784s] INFO:colcon.colcon_core.shell:Creating environment descriptor '/home/kv3/ROBOARM/ManualPhase1/ROBO_ws/install/roboticarm_moveit2/share/roboticarm_moveit2/hook/cmake_prefix_path.dsv'
[16.785s] INFO:colcon.colcon_core.shell:Creating environment hook '/home/kv3/ROBOARM/ManualPhase1/ROBO_ws/install/roboticarm_moveit2/share/roboticarm_moveit2/hook/cmake_prefix_path.sh'
[16.788s] Level 1:colcon.colcon_core.environment:checking '/home/kv3/ROBOARM/ManualPhase1/ROBO_ws/install/roboticarm_moveit2/bin'
[16.788s] Level 1:colcon.colcon_core.environment:checking '/home/kv3/ROBOARM/ManualPhase1/ROBO_ws/install/roboticarm_moveit2/lib/pkgconfig/roboticarm_moveit2.pc'
[16.789s] Level 1:colcon.colcon_core.environment:checking '/home/kv3/ROBOARM/ManualPhase1/ROBO_ws/install/roboticarm_moveit2/lib/python3.12/site-packages'
[16.790s] Level 1:colcon.colcon_core.environment:checking '/home/kv3/ROBOARM/ManualPhase1/ROBO_ws/install/roboticarm_moveit2/bin'
[16.791s] INFO:colcon.colcon_core.shell:Creating package script '/home/kv3/ROBOARM/ManualPhase1/ROBO_ws/install/roboticarm_moveit2/share/roboticarm_moveit2/package.ps1'
[16.793s] INFO:colcon.colcon_core.shell:Creating package descriptor '/home/kv3/ROBOARM/ManualPhase1/ROBO_ws/install/roboticarm_moveit2/share/roboticarm_moveit2/package.dsv'
[16.794s] INFO:colcon.colcon_core.shell:Creating package script '/home/kv3/ROBOARM/ManualPhase1/ROBO_ws/install/roboticarm_moveit2/share/roboticarm_moveit2/package.sh'
[16.796s] INFO:colcon.colcon_core.shell:Creating package script '/home/kv3/ROBOARM/ManualPhase1/ROBO_ws/install/roboticarm_moveit2/share/roboticarm_moveit2/package.bash'
[16.797s] INFO:colcon.colcon_core.shell:Creating package script '/home/kv3/ROBOARM/ManualPhase1/ROBO_ws/install/roboticarm_moveit2/share/roboticarm_moveit2/package.zsh'
[16.799s] Level 1:colcon.colcon_core.environment:create_file_with_runtime_dependencies(/home/kv3/ROBOARM/ManualPhase1/ROBO_ws/install/roboticarm_moveit2/share/colcon-core/packages/roboticarm_moveit2)
[16.801s] Level 1:colcon.colcon_core.environment:create_environment_scripts_only(roboticarm_moveit2)
[16.801s] Level 1:colcon.colcon_core.environment:checking '/home/kv3/ROBOARM/ManualPhase1/ROBO_ws/install/roboticarm_moveit2' for CMake module files
[16.804s] Level 1:colcon.colcon_core.environment:checking '/home/kv3/ROBOARM/ManualPhase1/ROBO_ws/install/roboticarm_moveit2' for CMake config files
[16.806s] Level 1:colcon.colcon_core.shell:create_environment_hook('roboticarm_moveit2', 'cmake_prefix_path')
[16.807s] INFO:colcon.colcon_core.shell:Creating environment hook '/home/kv3/ROBOARM/ManualPhase1/ROBO_ws/install/roboticarm_moveit2/share/roboticarm_moveit2/hook/cmake_prefix_path.ps1'
[16.809s] INFO:colcon.colcon_core.shell:Creating environment descriptor '/home/kv3/ROBOARM/ManualPhase1/ROBO_ws/install/roboticarm_moveit2/share/roboticarm_moveit2/hook/cmake_prefix_path.dsv'
[16.810s] INFO:colcon.colcon_core.shell:Creating environment hook '/home/kv3/ROBOARM/ManualPhase1/ROBO_ws/install/roboticarm_moveit2/share/roboticarm_moveit2/hook/cmake_prefix_path.sh'
[16.812s] Level 1:colcon.colcon_core.environment:checking '/home/kv3/ROBOARM/ManualPhase1/ROBO_ws/install/roboticarm_moveit2/bin'
[16.813s] Level 1:colcon.colcon_core.environment:checking '/home/kv3/ROBOARM/ManualPhase1/ROBO_ws/install/roboticarm_moveit2/lib/pkgconfig/roboticarm_moveit2.pc'
[16.814s] Level 1:colcon.colcon_core.environment:checking '/home/kv3/ROBOARM/ManualPhase1/ROBO_ws/install/roboticarm_moveit2/lib/python3.12/site-packages'
[16.815s] Level 1:colcon.colcon_core.environment:checking '/home/kv3/ROBOARM/ManualPhase1/ROBO_ws/install/roboticarm_moveit2/bin'
[16.816s] INFO:colcon.colcon_core.shell:Creating package script '/home/kv3/ROBOARM/ManualPhase1/ROBO_ws/install/roboticarm_moveit2/share/roboticarm_moveit2/package.ps1'
[16.818s] INFO:colcon.colcon_core.shell:Creating package descriptor '/home/kv3/ROBOARM/ManualPhase1/ROBO_ws/install/roboticarm_moveit2/share/roboticarm_moveit2/package.dsv'
[16.820s] INFO:colcon.colcon_core.shell:Creating package script '/home/kv3/ROBOARM/ManualPhase1/ROBO_ws/install/roboticarm_moveit2/share/roboticarm_moveit2/package.sh'
[16.822s] INFO:colcon.colcon_core.shell:Creating package script '/home/kv3/ROBOARM/ManualPhase1/ROBO_ws/install/roboticarm_moveit2/share/roboticarm_moveit2/package.bash'
[16.824s] INFO:colcon.colcon_core.shell:Creating package script '/home/kv3/ROBOARM/ManualPhase1/ROBO_ws/install/roboticarm_moveit2/share/roboticarm_moveit2/package.zsh'
[16.826s] Level 1:colcon.colcon_core.environment:create_file_with_runtime_dependencies(/home/kv3/ROBOARM/ManualPhase1/ROBO_ws/install/roboticarm_moveit2/share/colcon-core/packages/roboticarm_moveit2)
[16.827s] DEBUG:colcon.colcon_parallel_executor.executor.parallel:closing loop
[16.828s] DEBUG:colcon.colcon_parallel_executor.executor.parallel:loop closed
[16.829s] DEBUG:colcon.colcon_parallel_executor.executor.parallel:run_until_complete finished with '0'
[16.829s] DEBUG:colcon.colcon_core.event_reactor:joining thread
[16.857s] INFO:colcon.colcon_core.plugin_system:Skipping extension 'colcon_notification.desktop_notification.notify_send': Could not find 'notify-send'
[16.857s] INFO:colcon.colcon_core.plugin_system:Skipping extension 'colcon_notification.desktop_notification.terminal_notifier': Not used on non-Darwin systems
[16.857s] INFO:colcon.colcon_core.plugin_system:Skipping extension 'colcon_notification.desktop_notification.win32': Not used on non-Windows systems
[16.858s] INFO:colcon.colcon_notification.desktop_notification:Sending desktop notification using 'notify2'
[16.906s] DEBUG:colcon.colcon_notification.desktop_notification.notify2:Failed to initialize notify2: org.freedesktop.DBus.Error.ServiceUnknown: The name org.freedesktop.Notifications was not provided by any .service files
[16.906s] DEBUG:colcon.colcon_core.event_reactor:joined thread
[16.907s] INFO:colcon.colcon_core.shell:Creating prefix script '/home/kv3/ROBOARM/ManualPhase1/ROBO_ws/install/local_setup.ps1'
[16.911s] INFO:colcon.colcon_core.shell:Creating prefix util module '/home/kv3/ROBOARM/ManualPhase1/ROBO_ws/install/_local_setup_util_ps1.py'
[16.917s] INFO:colcon.colcon_core.shell:Creating prefix chain script '/home/kv3/ROBOARM/ManualPhase1/ROBO_ws/install/setup.ps1'
[16.921s] INFO:colcon.colcon_core.shell:Creating prefix script '/home/kv3/ROBOARM/ManualPhase1/ROBO_ws/install/local_setup.sh'
[16.924s] INFO:colcon.colcon_core.shell:Creating prefix util module '/home/kv3/ROBOARM/ManualPhase1/ROBO_ws/install/_local_setup_util_sh.py'
[16.926s] INFO:colcon.colcon_core.shell:Creating prefix chain script '/home/kv3/ROBOARM/ManualPhase1/ROBO_ws/install/setup.sh'
[16.930s] INFO:colcon.colcon_core.shell:Creating prefix script '/home/kv3/ROBOARM/ManualPhase1/ROBO_ws/install/local_setup.bash'
[16.934s] INFO:colcon.colcon_core.shell:Creating prefix chain script '/home/kv3/ROBOARM/ManualPhase1/ROBO_ws/install/setup.bash'
[16.937s] INFO:colcon.colcon_core.shell:Creating prefix script '/home/kv3/ROBOARM/ManualPhase1/ROBO_ws/install/local_setup.zsh'
[16.940s] INFO:colcon.colcon_core.shell:Creating prefix chain script '/home/kv3/ROBOARM/ManualPhase1/ROBO_ws/install/setup.zsh'
