running egg_info
creating ../../build/roboticarm_description/roboticarm_description.egg-info
writing ../../build/roboticarm_description/roboticarm_description.egg-info/PKG-INFO
writing dependency_links to ../../build/roboticarm_description/roboticarm_description.egg-info/dependency_links.txt
writing requirements to ../../build/roboticarm_description/roboticarm_description.egg-info/requires.txt
writing top-level names to ../../build/roboticarm_description/roboticarm_description.egg-info/top_level.txt
writing manifest file '../../build/roboticarm_description/roboticarm_description.egg-info/SOURCES.txt'
reading manifest file '../../build/roboticarm_description/roboticarm_description.egg-info/SOURCES.txt'
writing manifest file '../../build/roboticarm_description/roboticarm_description.egg-info/SOURCES.txt'
running build
running build_py
creating /home/kv3/ROBOARM/ManualPhase1/ROBO_ws/build/roboticarm_description/build
creating /home/kv3/ROBOARM/ManualPhase1/ROBO_ws/build/roboticarm_description/build/lib
creating /home/kv3/ROBOARM/ManualPhase1/ROBO_ws/build/roboticarm_description/build/lib/roboticarm_description
copying roboticarm_description/__init__.py -> /home/kv3/ROBOARM/ManualPhase1/ROBO_ws/build/roboticarm_description/build/lib/roboticarm_description
running install
running install_lib
creating /home/kv3/ROBOARM/ManualPhase1/ROBO_ws/install/roboticarm_description/lib/python3.12/site-packages/roboticarm_description
copying /home/kv3/ROBOARM/ManualPhase1/ROBO_ws/build/roboticarm_description/build/lib/roboticarm_description/__init__.py -> /home/kv3/ROBOARM/ManualPhase1/ROBO_ws/install/roboticarm_description/lib/python3.12/site-packages/roboticarm_description
byte-compiling /home/kv3/ROBOARM/ManualPhase1/ROBO_ws/install/roboticarm_description/lib/python3.12/site-packages/roboticarm_description/__init__.py to __init__.cpython-312.pyc
running install_data
creating /home/kv3/ROBOARM/ManualPhase1/ROBO_ws/install/roboticarm_description/share/ament_index
creating /home/kv3/ROBOARM/ManualPhase1/ROBO_ws/install/roboticarm_description/share/ament_index/resource_index
creating /home/kv3/ROBOARM/ManualPhase1/ROBO_ws/install/roboticarm_description/share/ament_index/resource_index/packages
copying resource/roboticarm_description -> /home/kv3/ROBOARM/ManualPhase1/ROBO_ws/install/roboticarm_description/share/ament_index/resource_index/packages
copying package.xml -> /home/kv3/ROBOARM/ManualPhase1/ROBO_ws/install/roboticarm_description/share/roboticarm_description
creating /home/kv3/ROBOARM/ManualPhase1/ROBO_ws/install/roboticarm_description/share/roboticarm_description/launch
copying launch/display.launch.py -> /home/kv3/ROBOARM/ManualPhase1/ROBO_ws/install/roboticarm_description/share/roboticarm_description/launch
copying launch/gazebo.launch.py -> /home/kv3/ROBOARM/ManualPhase1/ROBO_ws/install/roboticarm_description/share/roboticarm_description/launch
creating /home/kv3/ROBOARM/ManualPhase1/ROBO_ws/install/roboticarm_description/share/roboticarm_description/urdf
copying urdf/roboticarm.xacro -> /home/kv3/ROBOARM/ManualPhase1/ROBO_ws/install/roboticarm_description/share/roboticarm_description/urdf
copying urdf/roboticarm.trans -> /home/kv3/ROBOARM/ManualPhase1/ROBO_ws/install/roboticarm_description/share/roboticarm_description/urdf
copying urdf/roboticarm.gazebo -> /home/kv3/ROBOARM/ManualPhase1/ROBO_ws/install/roboticarm_description/share/roboticarm_description/urdf
copying urdf/materials.xacro -> /home/kv3/ROBOARM/ManualPhase1/ROBO_ws/install/roboticarm_description/share/roboticarm_description/urdf
creating /home/kv3/ROBOARM/ManualPhase1/ROBO_ws/install/roboticarm_description/share/roboticarm_description/meshes
copying meshes/w_b_1.stl -> /home/kv3/ROBOARM/ManualPhase1/ROBO_ws/install/roboticarm_description/share/roboticarm_description/meshes
copying meshes/w_c_1.stl -> /home/kv3/ROBOARM/ManualPhase1/ROBO_ws/install/roboticarm_description/share/roboticarm_description/meshes
copying meshes/waist_1.stl -> /home/kv3/ROBOARM/ManualPhase1/ROBO_ws/install/roboticarm_description/share/roboticarm_description/meshes
copying meshes/base_link.stl -> /home/kv3/ROBOARM/ManualPhase1/ROBO_ws/install/roboticarm_description/share/roboticarm_description/meshes
copying meshes/shoulder_1.stl -> /home/kv3/ROBOARM/ManualPhase1/ROBO_ws/install/roboticarm_description/share/roboticarm_description/meshes
copying meshes/elbow_1.stl -> /home/kv3/ROBOARM/ManualPhase1/ROBO_ws/install/roboticarm_description/share/roboticarm_description/meshes
copying meshes/w_a_1.stl -> /home/kv3/ROBOARM/ManualPhase1/ROBO_ws/install/roboticarm_description/share/roboticarm_description/meshes
copying meshes/gripper_1.stl -> /home/kv3/ROBOARM/ManualPhase1/ROBO_ws/install/roboticarm_description/share/roboticarm_description/meshes
creating /home/kv3/ROBOARM/ManualPhase1/ROBO_ws/install/roboticarm_description/share/roboticarm_description/config
copying config/display.rviz -> /home/kv3/ROBOARM/ManualPhase1/ROBO_ws/install/roboticarm_description/share/roboticarm_description/config
running install_egg_info
Copying ../../build/roboticarm_description/roboticarm_description.egg-info to /home/kv3/ROBOARM/ManualPhase1/ROBO_ws/install/roboticarm_description/lib/python3.12/site-packages/roboticarm_description-0.0.0-py3.12.egg-info
running install_scripts
writing list of installed files to '/home/kv3/ROBOARM/ManualPhase1/ROBO_ws/build/roboticarm_description/install.log'
