[6.429s] Invoking command in '/home/kv3/ROBOARM/ManualPhase1/ROBO_ws/src/roboticarm_description': PYTHONPATH=/home/kv3/ROBOARM/ManualPhase1/ROBO_ws/build/roboticarm_description/prefix_override:/usr/lib/python3/dist-packages/colcon_core/task/python/colcon_distutils_commands:/home/kv3/ROBOARM/ManualPhase1/ROBO_ws/install/roboticarm_description/lib/python3.12/site-packages:${PYTHONPATH} /usr/bin/python3 -W ignore:setup.py install is deprecated -W ignore:easy_install command is deprecated setup.py egg_info --egg-base ../../build/roboticarm_description build --build-base /home/kv3/ROBOARM/ManualPhase1/ROBO_ws/build/roboticarm_description/build install --record /home/kv3/ROBOARM/ManualPhase1/ROBO_ws/build/roboticarm_description/install.log --install-scripts $base/lib/roboticarm_description --single-version-externally-managed install_data
[7.097s] /usr/lib/python3/dist-packages/setuptools/dist.py:744: SetuptoolsDeprecationWarning: Invalid dash-separated options
[7.097s] !!
[7.098s] 
[7.098s]         ********************************************************************************
[7.099s]         Usage of dash-separated 'script-dir' will not be supported in future
[7.099s]         versions. Please use the underscore name 'script_dir' instead.
[7.100s] 
[7.100s]         This deprecation is overdue, please update your project and remove deprecated
[7.101s]         calls to avoid build errors in the future.
[7.101s] 
[7.102s]         See https://setuptools.pypa.io/en/latest/userguide/declarative_config.html for details.
[7.102s]         ********************************************************************************
[7.103s] 
[7.103s] !!
[7.104s]   opt = self.warn_dash_deprecation(opt, section)
[7.763s] running egg_info
[7.765s] creating ../../build/roboticarm_description/roboticarm_description.egg-info
[7.861s] writing ../../build/roboticarm_description/roboticarm_description.egg-info/PKG-INFO
[7.862s] writing dependency_links to ../../build/roboticarm_description/roboticarm_description.egg-info/dependency_links.txt
[7.862s] writing requirements to ../../build/roboticarm_description/roboticarm_description.egg-info/requires.txt
[7.863s] writing top-level names to ../../build/roboticarm_description/roboticarm_description.egg-info/top_level.txt
[7.863s] writing manifest file '../../build/roboticarm_description/roboticarm_description.egg-info/SOURCES.txt'
[8.053s] reading manifest file '../../build/roboticarm_description/roboticarm_description.egg-info/SOURCES.txt'
[8.060s] writing manifest file '../../build/roboticarm_description/roboticarm_description.egg-info/SOURCES.txt'
[8.063s] running build
[8.064s] running build_py
[8.065s] creating /home/kv3/ROBOARM/ManualPhase1/ROBO_ws/build/roboticarm_description/build
[8.066s] creating /home/kv3/ROBOARM/ManualPhase1/ROBO_ws/build/roboticarm_description/build/lib
[8.067s] creating /home/kv3/ROBOARM/ManualPhase1/ROBO_ws/build/roboticarm_description/build/lib/roboticarm_description
[8.067s] copying roboticarm_description/__init__.py -> /home/kv3/ROBOARM/ManualPhase1/ROBO_ws/build/roboticarm_description/build/lib/roboticarm_description
[8.068s] running install
[8.089s] running install_lib
[8.181s] creating /home/kv3/ROBOARM/ManualPhase1/ROBO_ws/install/roboticarm_description/lib/python3.12/site-packages/roboticarm_description
[8.182s] copying /home/kv3/ROBOARM/ManualPhase1/ROBO_ws/build/roboticarm_description/build/lib/roboticarm_description/__init__.py -> /home/kv3/ROBOARM/ManualPhase1/ROBO_ws/install/roboticarm_description/lib/python3.12/site-packages/roboticarm_description
[8.185s] byte-compiling /home/kv3/ROBOARM/ManualPhase1/ROBO_ws/install/roboticarm_description/lib/python3.12/site-packages/roboticarm_description/__init__.py to __init__.cpython-312.pyc
[8.187s] running install_data
[8.189s] creating /home/kv3/ROBOARM/ManualPhase1/ROBO_ws/install/roboticarm_description/share/ament_index
[8.190s] creating /home/kv3/ROBOARM/ManualPhase1/ROBO_ws/install/roboticarm_description/share/ament_index/resource_index
[8.191s] creating /home/kv3/ROBOARM/ManualPhase1/ROBO_ws/install/roboticarm_description/share/ament_index/resource_index/packages
[8.191s] copying resource/roboticarm_description -> /home/kv3/ROBOARM/ManualPhase1/ROBO_ws/install/roboticarm_description/share/ament_index/resource_index/packages
[8.192s] copying package.xml -> /home/kv3/ROBOARM/ManualPhase1/ROBO_ws/install/roboticarm_description/share/roboticarm_description
[8.193s] creating /home/kv3/ROBOARM/ManualPhase1/ROBO_ws/install/roboticarm_description/share/roboticarm_description/launch
[8.196s] copying launch/display.launch.py -> /home/kv3/ROBOARM/ManualPhase1/ROBO_ws/install/roboticarm_description/share/roboticarm_description/launch
[8.197s] copying launch/gazebo.launch.py -> /home/kv3/ROBOARM/ManualPhase1/ROBO_ws/install/roboticarm_description/share/roboticarm_description/launch
[8.199s] creating /home/kv3/ROBOARM/ManualPhase1/ROBO_ws/install/roboticarm_description/share/roboticarm_description/urdf
[8.199s] copying urdf/roboticarm.xacro -> /home/kv3/ROBOARM/ManualPhase1/ROBO_ws/install/roboticarm_description/share/roboticarm_description/urdf
[8.201s] copying urdf/roboticarm.trans -> /home/kv3/ROBOARM/ManualPhase1/ROBO_ws/install/roboticarm_description/share/roboticarm_description/urdf
[8.202s] copying urdf/roboticarm.gazebo -> /home/kv3/ROBOARM/ManualPhase1/ROBO_ws/install/roboticarm_description/share/roboticarm_description/urdf
[8.206s] copying urdf/materials.xacro -> /home/kv3/ROBOARM/ManualPhase1/ROBO_ws/install/roboticarm_description/share/roboticarm_description/urdf
[8.207s] creating /home/kv3/ROBOARM/ManualPhase1/ROBO_ws/install/roboticarm_description/share/roboticarm_description/meshes
[8.209s] copying meshes/w_b_1.stl -> /home/kv3/ROBOARM/ManualPhase1/ROBO_ws/install/roboticarm_description/share/roboticarm_description/meshes
[8.211s] copying meshes/w_c_1.stl -> /home/kv3/ROBOARM/ManualPhase1/ROBO_ws/install/roboticarm_description/share/roboticarm_description/meshes
[8.230s] copying meshes/waist_1.stl -> /home/kv3/ROBOARM/ManualPhase1/ROBO_ws/install/roboticarm_description/share/roboticarm_description/meshes
[8.235s] copying meshes/base_link.stl -> /home/kv3/ROBOARM/ManualPhase1/ROBO_ws/install/roboticarm_description/share/roboticarm_description/meshes
[8.242s] copying meshes/shoulder_1.stl -> /home/kv3/ROBOARM/ManualPhase1/ROBO_ws/install/roboticarm_description/share/roboticarm_description/meshes
[8.244s] copying meshes/elbow_1.stl -> /home/kv3/ROBOARM/ManualPhase1/ROBO_ws/install/roboticarm_description/share/roboticarm_description/meshes
[8.246s] copying meshes/w_a_1.stl -> /home/kv3/ROBOARM/ManualPhase1/ROBO_ws/install/roboticarm_description/share/roboticarm_description/meshes
[8.249s] copying meshes/gripper_1.stl -> /home/kv3/ROBOARM/ManualPhase1/ROBO_ws/install/roboticarm_description/share/roboticarm_description/meshes
[8.268s] creating /home/kv3/ROBOARM/ManualPhase1/ROBO_ws/install/roboticarm_description/share/roboticarm_description/config
[8.268s] copying config/display.rviz -> /home/kv3/ROBOARM/ManualPhase1/ROBO_ws/install/roboticarm_description/share/roboticarm_description/config
[8.272s] running install_egg_info
[8.377s] Copying ../../build/roboticarm_description/roboticarm_description.egg-info to /home/kv3/ROBOARM/ManualPhase1/ROBO_ws/install/roboticarm_description/lib/python3.12/site-packages/roboticarm_description-0.0.0-py3.12.egg-info
[8.384s] running install_scripts
[9.125s] writing list of installed files to '/home/kv3/ROBOARM/ManualPhase1/ROBO_ws/build/roboticarm_description/install.log'
[9.376s] Invoked command in '/home/kv3/ROBOARM/ManualPhase1/ROBO_ws/src/roboticarm_description' returned '0': PYTHONPATH=/home/kv3/ROBOARM/ManualPhase1/ROBO_ws/build/roboticarm_description/prefix_override:/usr/lib/python3/dist-packages/colcon_core/task/python/colcon_distutils_commands:/home/kv3/ROBOARM/ManualPhase1/ROBO_ws/install/roboticarm_description/lib/python3.12/site-packages:${PYTHONPATH} /usr/bin/python3 -W ignore:setup.py install is deprecated -W ignore:easy_install command is deprecated setup.py egg_info --egg-base ../../build/roboticarm_description build --build-base /home/kv3/ROBOARM/ManualPhase1/ROBO_ws/build/roboticarm_description/build install --record /home/kv3/ROBOARM/ManualPhase1/ROBO_ws/build/roboticarm_description/install.log --install-scripts $base/lib/roboticarm_description --single-version-externally-managed install_data
