[0.419s] DEBUG:colcon:Command line arguments: ['/usr/bin/colcon', 'build']
[0.419s] DEBUG:colcon:Parsed command line arguments: Namespace(log_base=None, log_level=None, verb_name='build', build_base='build', install_base='install', merge_install=False, symlink_install=False, test_result_base=None, continue_on_error=False, executor='parallel', parallel_workers=4, event_handlers=None, ignore_user_meta=False, metas=['./colcon.meta'], base_paths=['.'], packages_ignore=None, packages_ignore_regex=None, paths=None, packages_up_to=None, packages_up_to_regex=None, packages_above=None, packages_above_and_dependencies=None, packages_above_depth=None, packages_select_by_dep=None, packages_skip_by_dep=None, packages_skip_up_to=None, packages_select_build_failed=False, packages_skip_build_finished=False, packages_select_test_failures=False, packages_skip_test_passed=False, packages_select=None, packages_skip=None, packages_select_regex=None, packages_skip_regex=None, packages_start=None, packages_end=None, allow_overriding=[], cmake_args=None, cmake_target=None, cmake_target_skip_unavailable=False, cmake_clean_cache=False, cmake_clean_first=False, cmake_force_configure=False, ament_cmake_args=None, catkin_cmake_args=None, catkin_skip_building_tests=False, verb_parser=<colcon_defaults.argument_parser.defaults.DefaultArgumentsDecorator object at 0xffff9eae5310>, verb_extension=<colcon_core.verb.build.BuildVerb object at 0xffff9ec38590>, main=<bound method BuildVerb.main of <colcon_core.verb.build.BuildVerb object at 0xffff9ec38590>>)
[0.586s] Level 1:colcon.colcon_core.package_discovery:discover_packages(colcon_meta) check parameters
[0.586s] Level 1:colcon.colcon_core.package_discovery:discover_packages(recursive) check parameters
[0.586s] Level 1:colcon.colcon_core.package_discovery:discover_packages(ignore) check parameters
[0.586s] Level 1:colcon.colcon_core.package_discovery:discover_packages(path) check parameters
[0.586s] Level 1:colcon.colcon_core.package_discovery:discover_packages(colcon_meta) discover
[0.587s] Level 1:colcon.colcon_core.package_discovery:discover_packages(recursive) discover
[0.587s] INFO:colcon.colcon_core.package_discovery:Crawling recursively for packages in '/home/kv3/ROBOARM/ManualPhase1/Ros'
[0.587s] Level 1:colcon.colcon_core.package_identification:_identify(.) by extensions ['ignore', 'ignore_ament_install']
[0.587s] Level 1:colcon.colcon_core.package_identification:_identify(.) by extension 'ignore'
[0.588s] Level 1:colcon.colcon_core.package_identification:_identify(.) by extension 'ignore_ament_install'
[0.588s] Level 1:colcon.colcon_core.package_identification:_identify(.) by extensions ['colcon_pkg']
[0.588s] Level 1:colcon.colcon_core.package_identification:_identify(.) by extension 'colcon_pkg'
[0.588s] Level 1:colcon.colcon_core.package_identification:_identify(.) by extensions ['colcon_meta']
[0.588s] Level 1:colcon.colcon_core.package_identification:_identify(.) by extension 'colcon_meta'
[0.588s] Level 1:colcon.colcon_core.package_identification:_identify(.) by extensions ['ros']
[0.589s] Level 1:colcon.colcon_core.package_identification:_identify(.) by extension 'ros'
[0.691s] Level 1:colcon.colcon_core.package_identification:_identify(.) by extensions ['cmake', 'python']
[0.691s] Level 1:colcon.colcon_core.package_identification:_identify(.) by extension 'cmake'
[0.691s] Level 1:colcon.colcon_core.package_identification:_identify(.) by extension 'python'
[0.691s] Level 1:colcon.colcon_core.package_identification:_identify(.) by extensions ['python_setup_py']
[0.691s] Level 1:colcon.colcon_core.package_identification:_identify(.) by extension 'python_setup_py'
[0.692s] Level 1:colcon.colcon_core.package_identification:_identify(build) by extensions ['ignore', 'ignore_ament_install']
[0.692s] Level 1:colcon.colcon_core.package_identification:_identify(build) by extension 'ignore'
[0.692s] Level 1:colcon.colcon_core.package_identification:_identify(build) ignored
[0.693s] Level 1:colcon.colcon_core.package_identification:_identify(install) by extensions ['ignore', 'ignore_ament_install']
[0.693s] Level 1:colcon.colcon_core.package_identification:_identify(install) by extension 'ignore'
[0.693s] Level 1:colcon.colcon_core.package_identification:_identify(install) ignored
[0.694s] Level 1:colcon.colcon_core.package_identification:_identify(log) by extensions ['ignore', 'ignore_ament_install']
[0.694s] Level 1:colcon.colcon_core.package_identification:_identify(log) by extension 'ignore'
[0.694s] Level 1:colcon.colcon_core.package_identification:_identify(log) ignored
[0.695s] Level 1:colcon.colcon_core.package_identification:_identify(src) by extensions ['ignore', 'ignore_ament_install']
[0.695s] Level 1:colcon.colcon_core.package_identification:_identify(src) by extension 'ignore'
[0.695s] Level 1:colcon.colcon_core.package_identification:_identify(src) by extension 'ignore_ament_install'
[0.695s] Level 1:colcon.colcon_core.package_identification:_identify(src) by extensions ['colcon_pkg']
[0.695s] Level 1:colcon.colcon_core.package_identification:_identify(src) by extension 'colcon_pkg'
[0.696s] Level 1:colcon.colcon_core.package_identification:_identify(src) by extensions ['colcon_meta']
[0.696s] Level 1:colcon.colcon_core.package_identification:_identify(src) by extension 'colcon_meta'
[0.696s] Level 1:colcon.colcon_core.package_identification:_identify(src) by extensions ['ros']
[0.696s] Level 1:colcon.colcon_core.package_identification:_identify(src) by extension 'ros'
[0.696s] Level 1:colcon.colcon_core.package_identification:_identify(src) by extensions ['cmake', 'python']
[0.696s] Level 1:colcon.colcon_core.package_identification:_identify(src) by extension 'cmake'
[0.697s] Level 1:colcon.colcon_core.package_identification:_identify(src) by extension 'python'
[0.697s] Level 1:colcon.colcon_core.package_identification:_identify(src) by extensions ['python_setup_py']
[0.697s] Level 1:colcon.colcon_core.package_identification:_identify(src) by extension 'python_setup_py'
[0.697s] Level 1:colcon.colcon_core.package_identification:_identify(src/arduino_bridge) by extensions ['ignore', 'ignore_ament_install']
[0.697s] Level 1:colcon.colcon_core.package_identification:_identify(src/arduino_bridge) by extension 'ignore'
[0.698s] Level 1:colcon.colcon_core.package_identification:_identify(src/arduino_bridge) by extension 'ignore_ament_install'
[0.698s] Level 1:colcon.colcon_core.package_identification:_identify(src/arduino_bridge) by extensions ['colcon_pkg']
[0.698s] Level 1:colcon.colcon_core.package_identification:_identify(src/arduino_bridge) by extension 'colcon_pkg'
[0.698s] Level 1:colcon.colcon_core.package_identification:_identify(src/arduino_bridge) by extensions ['colcon_meta']
[0.698s] Level 1:colcon.colcon_core.package_identification:_identify(src/arduino_bridge) by extension 'colcon_meta'
[0.698s] Level 1:colcon.colcon_core.package_identification:_identify(src/arduino_bridge) by extensions ['ros']
[0.699s] Level 1:colcon.colcon_core.package_identification:_identify(src/arduino_bridge) by extension 'ros'
[0.711s] DEBUG:colcon.colcon_core.package_identification:Package 'src/arduino_bridge' with type 'ros.ament_python' and name 'arduino_bridge'
[0.711s] Level 1:colcon.colcon_core.package_identification:_identify(src/roboticarm_description) by extensions ['ignore', 'ignore_ament_install']
[0.712s] Level 1:colcon.colcon_core.package_identification:_identify(src/roboticarm_description) by extension 'ignore'
[0.712s] Level 1:colcon.colcon_core.package_identification:_identify(src/roboticarm_description) by extension 'ignore_ament_install'
[0.712s] Level 1:colcon.colcon_core.package_identification:_identify(src/roboticarm_description) by extensions ['colcon_pkg']
[0.712s] Level 1:colcon.colcon_core.package_identification:_identify(src/roboticarm_description) by extension 'colcon_pkg'
[0.712s] Level 1:colcon.colcon_core.package_identification:_identify(src/roboticarm_description) by extensions ['colcon_meta']
[0.712s] Level 1:colcon.colcon_core.package_identification:_identify(src/roboticarm_description) by extension 'colcon_meta'
[0.713s] Level 1:colcon.colcon_core.package_identification:_identify(src/roboticarm_description) by extensions ['ros']
[0.713s] Level 1:colcon.colcon_core.package_identification:_identify(src/roboticarm_description) by extension 'ros'
[0.716s] DEBUG:colcon.colcon_core.package_identification:Package 'src/roboticarm_description' with type 'ros.ament_python' and name 'roboticarm_description'
[0.716s] Level 1:colcon.colcon_core.package_identification:_identify(src/roboticarm_moveit_config) by extensions ['ignore', 'ignore_ament_install']
[0.716s] Level 1:colcon.colcon_core.package_identification:_identify(src/roboticarm_moveit_config) by extension 'ignore'
[0.717s] Level 1:colcon.colcon_core.package_identification:_identify(src/roboticarm_moveit_config) by extension 'ignore_ament_install'
[0.717s] Level 1:colcon.colcon_core.package_identification:_identify(src/roboticarm_moveit_config) by extensions ['colcon_pkg']
[0.717s] Level 1:colcon.colcon_core.package_identification:_identify(src/roboticarm_moveit_config) by extension 'colcon_pkg'
[0.717s] Level 1:colcon.colcon_core.package_identification:_identify(src/roboticarm_moveit_config) by extensions ['colcon_meta']
[0.717s] Level 1:colcon.colcon_core.package_identification:_identify(src/roboticarm_moveit_config) by extension 'colcon_meta'
[0.717s] Level 1:colcon.colcon_core.package_identification:_identify(src/roboticarm_moveit_config) by extensions ['ros']
[0.717s] Level 1:colcon.colcon_core.package_identification:_identify(src/roboticarm_moveit_config) by extension 'ros'
[0.720s] DEBUG:colcon.colcon_core.package_identification:Package 'src/roboticarm_moveit_config' with type 'ros.ament_cmake' and name 'roboticarm_moveit_config'
[0.721s] Level 1:colcon.colcon_core.package_discovery:discover_packages(recursive) using defaults
[0.721s] Level 1:colcon.colcon_core.package_discovery:discover_packages(ignore) discover
[0.721s] Level 1:colcon.colcon_core.package_discovery:discover_packages(ignore) using defaults
[0.721s] Level 1:colcon.colcon_core.package_discovery:discover_packages(path) discover
[0.721s] Level 1:colcon.colcon_core.package_discovery:discover_packages(path) using defaults
[0.791s] Level 1:colcon.colcon_core.package_discovery:discover_packages(prefix_path) check parameters
[0.791s] Level 1:colcon.colcon_core.package_discovery:discover_packages(prefix_path) discover
[0.799s] DEBUG:colcon.colcon_installed_package_information.package_discovery:Found 3 installed packages in /home/kv3/ROBOARM/ManualPhase1/Ros/install
[0.808s] DEBUG:colcon.colcon_installed_package_information.package_discovery:Found 258 installed packages in /opt/ros/jazzy
[0.812s] Level 1:colcon.colcon_core.package_discovery:discover_packages(prefix_path) using defaults
[0.976s] Level 5:colcon.colcon_core.verb:set package 'arduino_bridge' build argument 'cmake_args' from command line to 'None'
[0.976s] Level 5:colcon.colcon_core.verb:set package 'arduino_bridge' build argument 'cmake_target' from command line to 'None'
[0.976s] Level 5:colcon.colcon_core.verb:set package 'arduino_bridge' build argument 'cmake_target_skip_unavailable' from command line to 'False'
[0.976s] Level 5:colcon.colcon_core.verb:set package 'arduino_bridge' build argument 'cmake_clean_cache' from command line to 'False'
[0.976s] Level 5:colcon.colcon_core.verb:set package 'arduino_bridge' build argument 'cmake_clean_first' from command line to 'False'
[0.976s] Level 5:colcon.colcon_core.verb:set package 'arduino_bridge' build argument 'cmake_force_configure' from command line to 'False'
[0.976s] Level 5:colcon.colcon_core.verb:set package 'arduino_bridge' build argument 'ament_cmake_args' from command line to 'None'
[0.976s] Level 5:colcon.colcon_core.verb:set package 'arduino_bridge' build argument 'catkin_cmake_args' from command line to 'None'
[0.977s] Level 5:colcon.colcon_core.verb:set package 'arduino_bridge' build argument 'catkin_skip_building_tests' from command line to 'False'
[0.977s] DEBUG:colcon.colcon_core.verb:Building package 'arduino_bridge' with the following arguments: {'ament_cmake_args': None, 'build_base': '/home/kv3/ROBOARM/ManualPhase1/Ros/build/arduino_bridge', 'catkin_cmake_args': None, 'catkin_skip_building_tests': False, 'cmake_args': None, 'cmake_clean_cache': False, 'cmake_clean_first': False, 'cmake_force_configure': False, 'cmake_target': None, 'cmake_target_skip_unavailable': False, 'install_base': '/home/kv3/ROBOARM/ManualPhase1/Ros/install/arduino_bridge', 'merge_install': False, 'path': '/home/kv3/ROBOARM/ManualPhase1/Ros/src/arduino_bridge', 'symlink_install': False, 'test_result_base': None}
[0.978s] Level 5:colcon.colcon_core.verb:set package 'roboticarm_description' build argument 'cmake_args' from command line to 'None'
[0.978s] Level 5:colcon.colcon_core.verb:set package 'roboticarm_description' build argument 'cmake_target' from command line to 'None'
[0.978s] Level 5:colcon.colcon_core.verb:set package 'roboticarm_description' build argument 'cmake_target_skip_unavailable' from command line to 'False'
[0.978s] Level 5:colcon.colcon_core.verb:set package 'roboticarm_description' build argument 'cmake_clean_cache' from command line to 'False'
[0.978s] Level 5:colcon.colcon_core.verb:set package 'roboticarm_description' build argument 'cmake_clean_first' from command line to 'False'
[0.978s] Level 5:colcon.colcon_core.verb:set package 'roboticarm_description' build argument 'cmake_force_configure' from command line to 'False'
[0.979s] Level 5:colcon.colcon_core.verb:set package 'roboticarm_description' build argument 'ament_cmake_args' from command line to 'None'
[0.979s] Level 5:colcon.colcon_core.verb:set package 'roboticarm_description' build argument 'catkin_cmake_args' from command line to 'None'
[0.979s] Level 5:colcon.colcon_core.verb:set package 'roboticarm_description' build argument 'catkin_skip_building_tests' from command line to 'False'
[0.979s] DEBUG:colcon.colcon_core.verb:Building package 'roboticarm_description' with the following arguments: {'ament_cmake_args': None, 'build_base': '/home/kv3/ROBOARM/ManualPhase1/Ros/build/roboticarm_description', 'catkin_cmake_args': None, 'catkin_skip_building_tests': False, 'cmake_args': None, 'cmake_clean_cache': False, 'cmake_clean_first': False, 'cmake_force_configure': False, 'cmake_target': None, 'cmake_target_skip_unavailable': False, 'install_base': '/home/kv3/ROBOARM/ManualPhase1/Ros/install/roboticarm_description', 'merge_install': False, 'path': '/home/kv3/ROBOARM/ManualPhase1/Ros/src/roboticarm_description', 'symlink_install': False, 'test_result_base': None}
[0.980s] Level 5:colcon.colcon_core.verb:set package 'roboticarm_moveit_config' build argument 'cmake_args' from command line to 'None'
[0.980s] Level 5:colcon.colcon_core.verb:set package 'roboticarm_moveit_config' build argument 'cmake_target' from command line to 'None'
[0.980s] Level 5:colcon.colcon_core.verb:set package 'roboticarm_moveit_config' build argument 'cmake_target_skip_unavailable' from command line to 'False'
[0.980s] Level 5:colcon.colcon_core.verb:set package 'roboticarm_moveit_config' build argument 'cmake_clean_cache' from command line to 'False'
[0.980s] Level 5:colcon.colcon_core.verb:set package 'roboticarm_moveit_config' build argument 'cmake_clean_first' from command line to 'False'
[0.981s] Level 5:colcon.colcon_core.verb:set package 'roboticarm_moveit_config' build argument 'cmake_force_configure' from command line to 'False'
[0.981s] Level 5:colcon.colcon_core.verb:set package 'roboticarm_moveit_config' build argument 'ament_cmake_args' from command line to 'None'
[0.981s] Level 5:colcon.colcon_core.verb:set package 'roboticarm_moveit_config' build argument 'catkin_cmake_args' from command line to 'None'
[0.981s] Level 5:colcon.colcon_core.verb:set package 'roboticarm_moveit_config' build argument 'catkin_skip_building_tests' from command line to 'False'
[0.981s] DEBUG:colcon.colcon_core.verb:Building package 'roboticarm_moveit_config' with the following arguments: {'ament_cmake_args': None, 'build_base': '/home/kv3/ROBOARM/ManualPhase1/Ros/build/roboticarm_moveit_config', 'catkin_cmake_args': None, 'catkin_skip_building_tests': False, 'cmake_args': None, 'cmake_clean_cache': False, 'cmake_clean_first': False, 'cmake_force_configure': False, 'cmake_target': None, 'cmake_target_skip_unavailable': False, 'install_base': '/home/kv3/ROBOARM/ManualPhase1/Ros/install/roboticarm_moveit_config', 'merge_install': False, 'path': '/home/kv3/ROBOARM/ManualPhase1/Ros/src/roboticarm_moveit_config', 'symlink_install': False, 'test_result_base': None}
[0.981s] INFO:colcon.colcon_core.executor:Executing jobs using 'parallel' executor
[0.984s] DEBUG:colcon.colcon_parallel_executor.executor.parallel:run_until_complete
[0.985s] INFO:colcon.colcon_ros.task.ament_python.build:Building ROS package in '/home/kv3/ROBOARM/ManualPhase1/Ros/src/roboticarm_description' with build type 'ament_python'
[0.986s] Level 1:colcon.colcon_core.shell:create_environment_hook('roboticarm_description', 'ament_prefix_path')
[0.995s] INFO:colcon.colcon_core.plugin_system:Skipping extension 'colcon_core.shell.bat': Not used on non-Windows systems
[0.996s] INFO:colcon.colcon_core.shell:Creating environment hook '/home/kv3/ROBOARM/ManualPhase1/Ros/install/roboticarm_description/share/roboticarm_description/hook/ament_prefix_path.ps1'
[0.999s] INFO:colcon.colcon_core.shell:Creating environment descriptor '/home/kv3/ROBOARM/ManualPhase1/Ros/install/roboticarm_description/share/roboticarm_description/hook/ament_prefix_path.dsv'
[1.001s] INFO:colcon.colcon_core.shell:Creating environment hook '/home/kv3/ROBOARM/ManualPhase1/Ros/install/roboticarm_description/share/roboticarm_description/hook/ament_prefix_path.sh'
[1.004s] INFO:colcon.colcon_core.shell:Skip shell extension 'powershell' for command environment: Not usable outside of PowerShell
[1.005s] DEBUG:colcon.colcon_core.shell:Skip shell extension 'dsv' for command environment
[1.022s] INFO:colcon.colcon_ros.task.ament_python.build:Building ROS package in '/home/kv3/ROBOARM/ManualPhase1/Ros/src/arduino_bridge' with build type 'ament_python'
[1.023s] Level 1:colcon.colcon_core.shell:create_environment_hook('arduino_bridge', 'ament_prefix_path')
[1.024s] INFO:colcon.colcon_core.shell:Creating environment hook '/home/kv3/ROBOARM/ManualPhase1/Ros/install/arduino_bridge/share/arduino_bridge/hook/ament_prefix_path.ps1'
[1.026s] INFO:colcon.colcon_core.shell:Creating environment descriptor '/home/kv3/ROBOARM/ManualPhase1/Ros/install/arduino_bridge/share/arduino_bridge/hook/ament_prefix_path.dsv'
[1.028s] INFO:colcon.colcon_core.shell:Creating environment hook '/home/kv3/ROBOARM/ManualPhase1/Ros/install/arduino_bridge/share/arduino_bridge/hook/ament_prefix_path.sh'
[1.030s] INFO:colcon.colcon_core.shell:Skip shell extension 'powershell' for command environment: Not usable outside of PowerShell
[1.031s] DEBUG:colcon.colcon_core.shell:Skip shell extension 'dsv' for command environment
[1.906s] INFO:colcon.colcon_core.task.python.build:Building Python package in '/home/kv3/ROBOARM/ManualPhase1/Ros/src/roboticarm_description'
[1.907s] INFO:colcon.colcon_core.shell:Skip shell extension 'powershell' for command environment: Not usable outside of PowerShell
[1.907s] DEBUG:colcon.colcon_core.shell:Skip shell extension 'dsv' for command environment
[2.761s] INFO:colcon.colcon_core.task.python.build:Building Python package in '/home/kv3/ROBOARM/ManualPhase1/Ros/src/arduino_bridge'
[2.762s] INFO:colcon.colcon_core.shell:Skip shell extension 'powershell' for command environment: Not usable outside of PowerShell
[2.762s] DEBUG:colcon.colcon_core.shell:Skip shell extension 'dsv' for command environment
[5.336s] DEBUG:colcon.colcon_core.event_handler.log_command:Invoking command in '/home/kv3/ROBOARM/ManualPhase1/Ros/src/arduino_bridge': PYTHONPATH=/home/kv3/ROBOARM/ManualPhase1/Ros/build/arduino_bridge/prefix_override:/usr/lib/python3/dist-packages/colcon_core/task/python/colcon_distutils_commands:/home/kv3/ROBOARM/ManualPhase1/Ros/install/arduino_bridge/lib/python3.12/site-packages:${PYTHONPATH} /usr/bin/python3 -W ignore:setup.py install is deprecated -W ignore:easy_install command is deprecated setup.py egg_info --egg-base ../../build/arduino_bridge build --build-base /home/kv3/ROBOARM/ManualPhase1/Ros/build/arduino_bridge/build install --record /home/kv3/ROBOARM/ManualPhase1/Ros/build/arduino_bridge/install.log --single-version-externally-managed install_data
[5.348s] DEBUG:colcon.colcon_core.event_handler.log_command:Invoking command in '/home/kv3/ROBOARM/ManualPhase1/Ros/src/roboticarm_description': PYTHONPATH=/home/kv3/ROBOARM/ManualPhase1/Ros/build/roboticarm_description/prefix_override:/usr/lib/python3/dist-packages/colcon_core/task/python/colcon_distutils_commands:/home/kv3/ROBOARM/ManualPhase1/Ros/install/roboticarm_description/lib/python3.12/site-packages:${PYTHONPATH} /usr/bin/python3 -W ignore:setup.py install is deprecated -W ignore:easy_install command is deprecated setup.py egg_info --egg-base ../../build/roboticarm_description build --build-base /home/kv3/ROBOARM/ManualPhase1/Ros/build/roboticarm_description/build install --record /home/kv3/ROBOARM/ManualPhase1/Ros/build/roboticarm_description/install.log --install-scripts $base/lib/roboticarm_description --single-version-externally-managed install_data
[7.722s] DEBUG:colcon.colcon_core.event_handler.log_command:Invoked command in '/home/kv3/ROBOARM/ManualPhase1/Ros/src/roboticarm_description' returned '0': PYTHONPATH=/home/kv3/ROBOARM/ManualPhase1/Ros/build/roboticarm_description/prefix_override:/usr/lib/python3/dist-packages/colcon_core/task/python/colcon_distutils_commands:/home/kv3/ROBOARM/ManualPhase1/Ros/install/roboticarm_description/lib/python3.12/site-packages:${PYTHONPATH} /usr/bin/python3 -W ignore:setup.py install is deprecated -W ignore:easy_install command is deprecated setup.py egg_info --egg-base ../../build/roboticarm_description build --build-base /home/kv3/ROBOARM/ManualPhase1/Ros/build/roboticarm_description/build install --record /home/kv3/ROBOARM/ManualPhase1/Ros/build/roboticarm_description/install.log --install-scripts $base/lib/roboticarm_description --single-version-externally-managed install_data
[7.733s] Level 1:colcon.colcon_core.environment:checking '/home/kv3/ROBOARM/ManualPhase1/Ros/install/roboticarm_description' for CMake module files
[7.737s] Level 1:colcon.colcon_core.environment:checking '/home/kv3/ROBOARM/ManualPhase1/Ros/install/roboticarm_description' for CMake config files
[7.742s] Level 1:colcon.colcon_core.environment:checking '/home/kv3/ROBOARM/ManualPhase1/Ros/install/roboticarm_description/lib'
[7.744s] Level 1:colcon.colcon_core.environment:checking '/home/kv3/ROBOARM/ManualPhase1/Ros/install/roboticarm_description/bin'
[7.744s] Level 1:colcon.colcon_core.environment:checking '/home/kv3/ROBOARM/ManualPhase1/Ros/install/roboticarm_description/lib/pkgconfig/roboticarm_description.pc'
[7.745s] Level 1:colcon.colcon_core.environment:checking '/home/kv3/ROBOARM/ManualPhase1/Ros/install/roboticarm_description/lib/python3.12/site-packages'
[7.745s] Level 1:colcon.colcon_core.shell:create_environment_hook('roboticarm_description', 'pythonpath')
[7.746s] INFO:colcon.colcon_core.shell:Creating environment hook '/home/kv3/ROBOARM/ManualPhase1/Ros/install/roboticarm_description/share/roboticarm_description/hook/pythonpath.ps1'
[7.748s] INFO:colcon.colcon_core.shell:Creating environment descriptor '/home/kv3/ROBOARM/ManualPhase1/Ros/install/roboticarm_description/share/roboticarm_description/hook/pythonpath.dsv'
[7.749s] INFO:colcon.colcon_core.shell:Creating environment hook '/home/kv3/ROBOARM/ManualPhase1/Ros/install/roboticarm_description/share/roboticarm_description/hook/pythonpath.sh'
[7.752s] Level 1:colcon.colcon_core.environment:checking '/home/kv3/ROBOARM/ManualPhase1/Ros/install/roboticarm_description/bin'
[7.753s] Level 1:colcon.colcon_core.environment:create_environment_scripts_only(roboticarm_description)
[7.753s] INFO:colcon.colcon_core.shell:Creating package script '/home/kv3/ROBOARM/ManualPhase1/Ros/install/roboticarm_description/share/roboticarm_description/package.ps1'
[7.756s] INFO:colcon.colcon_core.shell:Creating package descriptor '/home/kv3/ROBOARM/ManualPhase1/Ros/install/roboticarm_description/share/roboticarm_description/package.dsv'
[7.759s] INFO:colcon.colcon_core.shell:Creating package script '/home/kv3/ROBOARM/ManualPhase1/Ros/install/roboticarm_description/share/roboticarm_description/package.sh'
[7.761s] INFO:colcon.colcon_core.shell:Creating package script '/home/kv3/ROBOARM/ManualPhase1/Ros/install/roboticarm_description/share/roboticarm_description/package.bash'
[7.764s] INFO:colcon.colcon_core.shell:Creating package script '/home/kv3/ROBOARM/ManualPhase1/Ros/install/roboticarm_description/share/roboticarm_description/package.zsh'
[7.766s] Level 1:colcon.colcon_core.environment:create_file_with_runtime_dependencies(/home/kv3/ROBOARM/ManualPhase1/Ros/install/roboticarm_description/share/colcon-core/packages/roboticarm_description)
[7.768s] Level 1:colcon.colcon_core.environment:checking '/home/kv3/ROBOARM/ManualPhase1/Ros/install/arduino_bridge' for CMake module files
[7.772s] Level 1:colcon.colcon_core.environment:checking '/home/kv3/ROBOARM/ManualPhase1/Ros/install/arduino_bridge' for CMake config files
[7.774s] DEBUG:colcon.colcon_core.event_handler.log_command:Invoked command in '/home/kv3/ROBOARM/ManualPhase1/Ros/src/arduino_bridge' returned '0': PYTHONPATH=/home/kv3/ROBOARM/ManualPhase1/Ros/build/arduino_bridge/prefix_override:/usr/lib/python3/dist-packages/colcon_core/task/python/colcon_distutils_commands:/home/kv3/ROBOARM/ManualPhase1/Ros/install/arduino_bridge/lib/python3.12/site-packages:${PYTHONPATH} /usr/bin/python3 -W ignore:setup.py install is deprecated -W ignore:easy_install command is deprecated setup.py egg_info --egg-base ../../build/arduino_bridge build --build-base /home/kv3/ROBOARM/ManualPhase1/Ros/build/arduino_bridge/build install --record /home/kv3/ROBOARM/ManualPhase1/Ros/build/arduino_bridge/install.log --single-version-externally-managed install_data
[7.777s] Level 1:colcon.colcon_core.environment:checking '/home/kv3/ROBOARM/ManualPhase1/Ros/install/arduino_bridge/lib'
[7.777s] Level 1:colcon.colcon_core.environment:checking '/home/kv3/ROBOARM/ManualPhase1/Ros/install/arduino_bridge/bin'
[7.777s] Level 1:colcon.colcon_core.environment:checking '/home/kv3/ROBOARM/ManualPhase1/Ros/install/arduino_bridge/lib/pkgconfig/arduino_bridge.pc'
[7.778s] Level 1:colcon.colcon_core.environment:checking '/home/kv3/ROBOARM/ManualPhase1/Ros/install/arduino_bridge/lib/python3.12/site-packages'
[7.779s] Level 1:colcon.colcon_core.shell:create_environment_hook('arduino_bridge', 'pythonpath')
[7.779s] INFO:colcon.colcon_core.shell:Creating environment hook '/home/kv3/ROBOARM/ManualPhase1/Ros/install/arduino_bridge/share/arduino_bridge/hook/pythonpath.ps1'
[7.781s] INFO:colcon.colcon_core.shell:Creating environment descriptor '/home/kv3/ROBOARM/ManualPhase1/Ros/install/arduino_bridge/share/arduino_bridge/hook/pythonpath.dsv'
[7.783s] INFO:colcon.colcon_core.shell:Creating environment hook '/home/kv3/ROBOARM/ManualPhase1/Ros/install/arduino_bridge/share/arduino_bridge/hook/pythonpath.sh'
[7.786s] Level 1:colcon.colcon_core.environment:checking '/home/kv3/ROBOARM/ManualPhase1/Ros/install/arduino_bridge/bin'
[7.786s] Level 1:colcon.colcon_core.environment:create_environment_scripts_only(arduino_bridge)
[7.787s] INFO:colcon.colcon_core.shell:Creating package script '/home/kv3/ROBOARM/ManualPhase1/Ros/install/arduino_bridge/share/arduino_bridge/package.ps1'
[7.789s] INFO:colcon.colcon_core.shell:Creating package descriptor '/home/kv3/ROBOARM/ManualPhase1/Ros/install/arduino_bridge/share/arduino_bridge/package.dsv'
[7.791s] INFO:colcon.colcon_core.shell:Creating package script '/home/kv3/ROBOARM/ManualPhase1/Ros/install/arduino_bridge/share/arduino_bridge/package.sh'
[7.793s] INFO:colcon.colcon_core.shell:Creating package script '/home/kv3/ROBOARM/ManualPhase1/Ros/install/arduino_bridge/share/arduino_bridge/package.bash'
[7.795s] INFO:colcon.colcon_core.shell:Creating package script '/home/kv3/ROBOARM/ManualPhase1/Ros/install/arduino_bridge/share/arduino_bridge/package.zsh'
[7.796s] Level 1:colcon.colcon_core.environment:create_file_with_runtime_dependencies(/home/kv3/ROBOARM/ManualPhase1/Ros/install/arduino_bridge/share/colcon-core/packages/arduino_bridge)
[7.798s] INFO:colcon.colcon_ros.task.ament_cmake.build:Building ROS package in '/home/kv3/ROBOARM/ManualPhase1/Ros/src/roboticarm_moveit_config' with build type 'ament_cmake'
[7.799s] INFO:colcon.colcon_cmake.task.cmake.build:Building CMake package in '/home/kv3/ROBOARM/ManualPhase1/Ros/src/roboticarm_moveit_config'
[7.800s] INFO:colcon.colcon_core.shell:Skip shell extension 'powershell' for command environment: Not usable outside of PowerShell
[7.800s] DEBUG:colcon.colcon_core.shell:Skip shell extension 'dsv' for command environment
[7.845s] DEBUG:colcon.colcon_core.event_handler.log_command:Invoking command in '/home/kv3/ROBOARM/ManualPhase1/Ros/build/roboticarm_moveit_config': AMENT_PREFIX_PATH=/home/kv3/ROBOARM/ManualPhase1/Ros/install/roboticarm_description:/home/kv3/ROBOARM/ManualPhase1/Ros/install/roboticarm_moveit_config:/home/kv3/ROBOARM/ManualPhase1/Ros/install/arduino_bridge:/opt/ros/jazzy CMAKE_PREFIX_PATH=${CMAKE_PREFIX_PATH}:/home/kv3/ROBOARM/ManualPhase1/Ros/install/roboticarm_description:/home/kv3/ROBOARM/ManualPhase1/Ros/install/arduino_bridge:/opt/ros/jazzy /usr/bin/cmake --build /home/kv3/ROBOARM/ManualPhase1/Ros/build/roboticarm_moveit_config -- -j4 -l4
[8.031s] DEBUG:colcon.colcon_core.event_handler.log_command:Invoked command in '/home/kv3/ROBOARM/ManualPhase1/Ros/build/roboticarm_moveit_config' returned '0': AMENT_PREFIX_PATH=/home/kv3/ROBOARM/ManualPhase1/Ros/install/roboticarm_description:/home/kv3/ROBOARM/ManualPhase1/Ros/install/roboticarm_moveit_config:/home/kv3/ROBOARM/ManualPhase1/Ros/install/arduino_bridge:/opt/ros/jazzy CMAKE_PREFIX_PATH=${CMAKE_PREFIX_PATH}:/home/kv3/ROBOARM/ManualPhase1/Ros/install/roboticarm_description:/home/kv3/ROBOARM/ManualPhase1/Ros/install/arduino_bridge:/opt/ros/jazzy /usr/bin/cmake --build /home/kv3/ROBOARM/ManualPhase1/Ros/build/roboticarm_moveit_config -- -j4 -l4
[8.081s] DEBUG:colcon.colcon_core.event_handler.log_command:Invoking command in '/home/kv3/ROBOARM/ManualPhase1/Ros/build/roboticarm_moveit_config': AMENT_PREFIX_PATH=/home/kv3/ROBOARM/ManualPhase1/Ros/install/roboticarm_description:/home/kv3/ROBOARM/ManualPhase1/Ros/install/roboticarm_moveit_config:/home/kv3/ROBOARM/ManualPhase1/Ros/install/arduino_bridge:/opt/ros/jazzy CMAKE_PREFIX_PATH=${CMAKE_PREFIX_PATH}:/home/kv3/ROBOARM/ManualPhase1/Ros/install/roboticarm_description:/home/kv3/ROBOARM/ManualPhase1/Ros/install/arduino_bridge:/opt/ros/jazzy /usr/bin/cmake --install /home/kv3/ROBOARM/ManualPhase1/Ros/build/roboticarm_moveit_config
[8.138s] Level 1:colcon.colcon_core.environment:create_environment_scripts_only(roboticarm_moveit_config)
[8.139s] Level 1:colcon.colcon_core.environment:checking '/home/kv3/ROBOARM/ManualPhase1/Ros/install/roboticarm_moveit_config' for CMake module files
[8.140s] DEBUG:colcon.colcon_core.event_handler.log_command:Invoked command in '/home/kv3/ROBOARM/ManualPhase1/Ros/build/roboticarm_moveit_config' returned '0': AMENT_PREFIX_PATH=/home/kv3/ROBOARM/ManualPhase1/Ros/install/roboticarm_description:/home/kv3/ROBOARM/ManualPhase1/Ros/install/roboticarm_moveit_config:/home/kv3/ROBOARM/ManualPhase1/Ros/install/arduino_bridge:/opt/ros/jazzy CMAKE_PREFIX_PATH=${CMAKE_PREFIX_PATH}:/home/kv3/ROBOARM/ManualPhase1/Ros/install/roboticarm_description:/home/kv3/ROBOARM/ManualPhase1/Ros/install/arduino_bridge:/opt/ros/jazzy /usr/bin/cmake --install /home/kv3/ROBOARM/ManualPhase1/Ros/build/roboticarm_moveit_config
[8.143s] Level 1:colcon.colcon_core.environment:checking '/home/kv3/ROBOARM/ManualPhase1/Ros/install/roboticarm_moveit_config' for CMake config files
[8.145s] Level 1:colcon.colcon_core.shell:create_environment_hook('roboticarm_moveit_config', 'cmake_prefix_path')
[8.146s] INFO:colcon.colcon_core.shell:Creating environment hook '/home/kv3/ROBOARM/ManualPhase1/Ros/install/roboticarm_moveit_config/share/roboticarm_moveit_config/hook/cmake_prefix_path.ps1'
[8.148s] INFO:colcon.colcon_core.shell:Creating environment descriptor '/home/kv3/ROBOARM/ManualPhase1/Ros/install/roboticarm_moveit_config/share/roboticarm_moveit_config/hook/cmake_prefix_path.dsv'
[8.150s] INFO:colcon.colcon_core.shell:Creating environment hook '/home/kv3/ROBOARM/ManualPhase1/Ros/install/roboticarm_moveit_config/share/roboticarm_moveit_config/hook/cmake_prefix_path.sh'
[8.153s] Level 1:colcon.colcon_core.environment:checking '/home/kv3/ROBOARM/ManualPhase1/Ros/install/roboticarm_moveit_config/bin'
[8.154s] Level 1:colcon.colcon_core.environment:checking '/home/kv3/ROBOARM/ManualPhase1/Ros/install/roboticarm_moveit_config/lib/pkgconfig/roboticarm_moveit_config.pc'
[8.155s] Level 1:colcon.colcon_core.environment:checking '/home/kv3/ROBOARM/ManualPhase1/Ros/install/roboticarm_moveit_config/lib/python3.12/site-packages'
[8.156s] Level 1:colcon.colcon_core.environment:checking '/home/kv3/ROBOARM/ManualPhase1/Ros/install/roboticarm_moveit_config/bin'
[8.157s] INFO:colcon.colcon_core.shell:Creating package script '/home/kv3/ROBOARM/ManualPhase1/Ros/install/roboticarm_moveit_config/share/roboticarm_moveit_config/package.ps1'
[8.159s] INFO:colcon.colcon_core.shell:Creating package descriptor '/home/kv3/ROBOARM/ManualPhase1/Ros/install/roboticarm_moveit_config/share/roboticarm_moveit_config/package.dsv'
[8.161s] INFO:colcon.colcon_core.shell:Creating package script '/home/kv3/ROBOARM/ManualPhase1/Ros/install/roboticarm_moveit_config/share/roboticarm_moveit_config/package.sh'
[8.163s] INFO:colcon.colcon_core.shell:Creating package script '/home/kv3/ROBOARM/ManualPhase1/Ros/install/roboticarm_moveit_config/share/roboticarm_moveit_config/package.bash'
[8.166s] INFO:colcon.colcon_core.shell:Creating package script '/home/kv3/ROBOARM/ManualPhase1/Ros/install/roboticarm_moveit_config/share/roboticarm_moveit_config/package.zsh'
[8.167s] Level 1:colcon.colcon_core.environment:create_file_with_runtime_dependencies(/home/kv3/ROBOARM/ManualPhase1/Ros/install/roboticarm_moveit_config/share/colcon-core/packages/roboticarm_moveit_config)
[8.169s] Level 1:colcon.colcon_core.environment:create_environment_scripts_only(roboticarm_moveit_config)
[8.170s] Level 1:colcon.colcon_core.environment:checking '/home/kv3/ROBOARM/ManualPhase1/Ros/install/roboticarm_moveit_config' for CMake module files
[8.173s] Level 1:colcon.colcon_core.environment:checking '/home/kv3/ROBOARM/ManualPhase1/Ros/install/roboticarm_moveit_config' for CMake config files
[8.175s] Level 1:colcon.colcon_core.shell:create_environment_hook('roboticarm_moveit_config', 'cmake_prefix_path')
[8.176s] INFO:colcon.colcon_core.shell:Creating environment hook '/home/kv3/ROBOARM/ManualPhase1/Ros/install/roboticarm_moveit_config/share/roboticarm_moveit_config/hook/cmake_prefix_path.ps1'
[8.178s] INFO:colcon.colcon_core.shell:Creating environment descriptor '/home/kv3/ROBOARM/ManualPhase1/Ros/install/roboticarm_moveit_config/share/roboticarm_moveit_config/hook/cmake_prefix_path.dsv'
[8.179s] INFO:colcon.colcon_core.shell:Creating environment hook '/home/kv3/ROBOARM/ManualPhase1/Ros/install/roboticarm_moveit_config/share/roboticarm_moveit_config/hook/cmake_prefix_path.sh'
[8.182s] Level 1:colcon.colcon_core.environment:checking '/home/kv3/ROBOARM/ManualPhase1/Ros/install/roboticarm_moveit_config/bin'
[8.183s] Level 1:colcon.colcon_core.environment:checking '/home/kv3/ROBOARM/ManualPhase1/Ros/install/roboticarm_moveit_config/lib/pkgconfig/roboticarm_moveit_config.pc'
[8.184s] Level 1:colcon.colcon_core.environment:checking '/home/kv3/ROBOARM/ManualPhase1/Ros/install/roboticarm_moveit_config/lib/python3.12/site-packages'
[8.185s] Level 1:colcon.colcon_core.environment:checking '/home/kv3/ROBOARM/ManualPhase1/Ros/install/roboticarm_moveit_config/bin'
[8.186s] INFO:colcon.colcon_core.shell:Creating package script '/home/kv3/ROBOARM/ManualPhase1/Ros/install/roboticarm_moveit_config/share/roboticarm_moveit_config/package.ps1'
[8.188s] INFO:colcon.colcon_core.shell:Creating package descriptor '/home/kv3/ROBOARM/ManualPhase1/Ros/install/roboticarm_moveit_config/share/roboticarm_moveit_config/package.dsv'
[8.190s] INFO:colcon.colcon_core.shell:Creating package script '/home/kv3/ROBOARM/ManualPhase1/Ros/install/roboticarm_moveit_config/share/roboticarm_moveit_config/package.sh'
[8.192s] INFO:colcon.colcon_core.shell:Creating package script '/home/kv3/ROBOARM/ManualPhase1/Ros/install/roboticarm_moveit_config/share/roboticarm_moveit_config/package.bash'
[8.194s] INFO:colcon.colcon_core.shell:Creating package script '/home/kv3/ROBOARM/ManualPhase1/Ros/install/roboticarm_moveit_config/share/roboticarm_moveit_config/package.zsh'
[8.197s] Level 1:colcon.colcon_core.environment:create_file_with_runtime_dependencies(/home/kv3/ROBOARM/ManualPhase1/Ros/install/roboticarm_moveit_config/share/colcon-core/packages/roboticarm_moveit_config)
[8.198s] DEBUG:colcon.colcon_parallel_executor.executor.parallel:closing loop
[8.199s] DEBUG:colcon.colcon_parallel_executor.executor.parallel:loop closed
[8.200s] DEBUG:colcon.colcon_parallel_executor.executor.parallel:run_until_complete finished with '0'
[8.200s] DEBUG:colcon.colcon_core.event_reactor:joining thread
[8.224s] INFO:colcon.colcon_core.plugin_system:Skipping extension 'colcon_notification.desktop_notification.notify_send': Could not find 'notify-send'
[8.225s] INFO:colcon.colcon_core.plugin_system:Skipping extension 'colcon_notification.desktop_notification.terminal_notifier': Not used on non-Darwin systems
[8.225s] INFO:colcon.colcon_core.plugin_system:Skipping extension 'colcon_notification.desktop_notification.win32': Not used on non-Windows systems
[8.225s] INFO:colcon.colcon_notification.desktop_notification:Sending desktop notification using 'notify2'
[8.228s] DEBUG:colcon.colcon_notification.desktop_notification.notify2:Failed to initialize notify2: org.freedesktop.DBus.Error.ServiceUnknown: The name org.freedesktop.Notifications was not provided by any .service files
[8.228s] DEBUG:colcon.colcon_core.event_reactor:joined thread
[8.229s] INFO:colcon.colcon_core.shell:Creating prefix script '/home/kv3/ROBOARM/ManualPhase1/Ros/install/local_setup.ps1'
[8.232s] INFO:colcon.colcon_core.shell:Creating prefix util module '/home/kv3/ROBOARM/ManualPhase1/Ros/install/_local_setup_util_ps1.py'
[8.237s] INFO:colcon.colcon_core.shell:Creating prefix chain script '/home/kv3/ROBOARM/ManualPhase1/Ros/install/setup.ps1'
[8.241s] INFO:colcon.colcon_core.shell:Creating prefix script '/home/kv3/ROBOARM/ManualPhase1/Ros/install/local_setup.sh'
[8.243s] INFO:colcon.colcon_core.shell:Creating prefix util module '/home/kv3/ROBOARM/ManualPhase1/Ros/install/_local_setup_util_sh.py'
[8.246s] INFO:colcon.colcon_core.shell:Creating prefix chain script '/home/kv3/ROBOARM/ManualPhase1/Ros/install/setup.sh'
[8.251s] INFO:colcon.colcon_core.shell:Creating prefix script '/home/kv3/ROBOARM/ManualPhase1/Ros/install/local_setup.bash'
[8.253s] INFO:colcon.colcon_core.shell:Creating prefix chain script '/home/kv3/ROBOARM/ManualPhase1/Ros/install/setup.bash'
[8.257s] INFO:colcon.colcon_core.shell:Creating prefix script '/home/kv3/ROBOARM/ManualPhase1/Ros/install/local_setup.zsh'
[8.259s] INFO:colcon.colcon_core.shell:Creating prefix chain script '/home/kv3/ROBOARM/ManualPhase1/Ros/install/setup.zsh'
