[0.052s] Invoking command in '/home/kv3/ROBOARM/ManualPhase1/ROBO_ws/build/roboticarm_moveit2': AMENT_PREFIX_PATH=/home/kv3/ROBOARM/ManualPhase1/ROBO_ws/install/roboticarm_description:${AMENT_PREFIX_PATH} CMAKE_PREFIX_PATH=${CMAKE_PREFIX_PATH}:/opt/ros/jazzy PYTHONPATH=/home/kv3/ROBOARM/ManualPhase1/ROBO_ws/install/roboticarm_description/lib/python3.12/site-packages:${PYTHONPATH} /usr/bin/cmake /home/kv3/ROBOARM/ManualPhase1/ROBO_ws/src/roboticarm_moveit2 -DCMAKE_INSTALL_PREFIX=/home/kv3/ROBOARM/ManualPhase1/ROBO_ws/install/roboticarm_moveit2
[1.279s] -- The C compiler identification is GNU 13.3.0
[2.114s] -- The CXX compiler identification is GNU 13.3.0
[2.227s] -- Detecting C compiler ABI info
[2.759s] -- Detecting C compiler ABI info - done
[2.796s] -- Check for working C compiler: /usr/bin/cc - skipped
[2.798s] -- Detecting C compile features
[2.800s] -- Detecting C compile features - done
[2.856s] -- Detecting CXX compiler ABI info
[3.362s] -- Detecting CXX compiler ABI info - done
[3.399s] -- Check for working CXX compiler: /usr/bin/c++ - skipped
[3.400s] -- Detecting CXX compile features
[3.402s] -- Detecting CXX compile features - done
[3.446s] -- Found ament_cmake: 2.5.5 (/opt/ros/jazzy/share/ament_cmake/cmake)
[4.170s] -- Found Python3: /usr/bin/python3 (found version "3.12.3") found components: Interpreter 
[5.293s] -- Configuring done (5.0s)
[5.314s] -- Generating done (0.0s)
[5.322s] -- Build files have been written to: /home/kv3/ROBOARM/ManualPhase1/ROBO_ws/build/roboticarm_moveit2
[5.340s] Invoked command in '/home/kv3/ROBOARM/ManualPhase1/ROBO_ws/build/roboticarm_moveit2' returned '0': AMENT_PREFIX_PATH=/home/kv3/ROBOARM/ManualPhase1/ROBO_ws/install/roboticarm_description:${AMENT_PREFIX_PATH} CMAKE_PREFIX_PATH=${CMAKE_PREFIX_PATH}:/opt/ros/jazzy PYTHONPATH=/home/kv3/ROBOARM/ManualPhase1/ROBO_ws/install/roboticarm_description/lib/python3.12/site-packages:${PYTHONPATH} /usr/bin/cmake /home/kv3/ROBOARM/ManualPhase1/ROBO_ws/src/roboticarm_moveit2 -DCMAKE_INSTALL_PREFIX=/home/kv3/ROBOARM/ManualPhase1/ROBO_ws/install/roboticarm_moveit2
[5.347s] Invoking command in '/home/kv3/ROBOARM/ManualPhase1/ROBO_ws/build/roboticarm_moveit2': AMENT_PREFIX_PATH=/home/kv3/ROBOARM/ManualPhase1/ROBO_ws/install/roboticarm_description:${AMENT_PREFIX_PATH} CMAKE_PREFIX_PATH=${CMAKE_PREFIX_PATH}:/opt/ros/jazzy PYTHONPATH=/home/kv3/ROBOARM/ManualPhase1/ROBO_ws/install/roboticarm_description/lib/python3.12/site-packages:${PYTHONPATH} /usr/bin/cmake --build /home/kv3/ROBOARM/ManualPhase1/ROBO_ws/build/roboticarm_moveit2 -- -j4 -l4
[5.538s] Invoked command in '/home/kv3/ROBOARM/ManualPhase1/ROBO_ws/build/roboticarm_moveit2' returned '0': AMENT_PREFIX_PATH=/home/kv3/ROBOARM/ManualPhase1/ROBO_ws/install/roboticarm_description:${AMENT_PREFIX_PATH} CMAKE_PREFIX_PATH=${CMAKE_PREFIX_PATH}:/opt/ros/jazzy PYTHONPATH=/home/kv3/ROBOARM/ManualPhase1/ROBO_ws/install/roboticarm_description/lib/python3.12/site-packages:${PYTHONPATH} /usr/bin/cmake --build /home/kv3/ROBOARM/ManualPhase1/ROBO_ws/build/roboticarm_moveit2 -- -j4 -l4
[5.585s] Invoking command in '/home/kv3/ROBOARM/ManualPhase1/ROBO_ws/build/roboticarm_moveit2': AMENT_PREFIX_PATH=/home/kv3/ROBOARM/ManualPhase1/ROBO_ws/install/roboticarm_description:${AMENT_PREFIX_PATH} CMAKE_PREFIX_PATH=${CMAKE_PREFIX_PATH}:/opt/ros/jazzy PYTHONPATH=/home/kv3/ROBOARM/ManualPhase1/ROBO_ws/install/roboticarm_description/lib/python3.12/site-packages:${PYTHONPATH} /usr/bin/cmake --install /home/kv3/ROBOARM/ManualPhase1/ROBO_ws/build/roboticarm_moveit2
[5.622s] -- Install configuration: ""
[5.623s] -- Installing: /home/kv3/ROBOARM/ManualPhase1/ROBO_ws/install/roboticarm_moveit2/share/ament_index/resource_index/package_run_dependencies/roboticarm_moveit2
[5.625s] -- Installing: /home/kv3/ROBOARM/ManualPhase1/ROBO_ws/install/roboticarm_moveit2/share/ament_index/resource_index/parent_prefix_path/roboticarm_moveit2
[5.627s] -- Installing: /home/kv3/ROBOARM/ManualPhase1/ROBO_ws/install/roboticarm_moveit2/share/roboticarm_moveit2/environment/ament_prefix_path.sh
[5.628s] -- Installing: /home/kv3/ROBOARM/ManualPhase1/ROBO_ws/install/roboticarm_moveit2/share/roboticarm_moveit2/environment/ament_prefix_path.dsv
[5.629s] -- Installing: /home/kv3/ROBOARM/ManualPhase1/ROBO_ws/install/roboticarm_moveit2/share/roboticarm_moveit2/environment/path.sh
[5.631s] -- Installing: /home/kv3/ROBOARM/ManualPhase1/ROBO_ws/install/roboticarm_moveit2/share/roboticarm_moveit2/environment/path.dsv
[5.632s] -- Installing: /home/kv3/ROBOARM/ManualPhase1/ROBO_ws/install/roboticarm_moveit2/share/roboticarm_moveit2/local_setup.bash
[5.633s] -- Installing: /home/kv3/ROBOARM/ManualPhase1/ROBO_ws/install/roboticarm_moveit2/share/roboticarm_moveit2/local_setup.sh
[5.634s] -- Installing: /home/kv3/ROBOARM/ManualPhase1/ROBO_ws/install/roboticarm_moveit2/share/roboticarm_moveit2/local_setup.zsh
[5.635s] -- Installing: /home/kv3/ROBOARM/ManualPhase1/ROBO_ws/install/roboticarm_moveit2/share/roboticarm_moveit2/local_setup.dsv
[5.637s] -- Installing: /home/kv3/ROBOARM/ManualPhase1/ROBO_ws/install/roboticarm_moveit2/share/roboticarm_moveit2/package.dsv
[5.638s] -- Installing: /home/kv3/ROBOARM/ManualPhase1/ROBO_ws/install/roboticarm_moveit2/share/ament_index/resource_index/packages/roboticarm_moveit2
[5.640s] -- Installing: /home/kv3/ROBOARM/ManualPhase1/ROBO_ws/install/roboticarm_moveit2/share/roboticarm_moveit2/cmake/roboticarm_moveit2Config.cmake
[5.641s] -- Installing: /home/kv3/ROBOARM/ManualPhase1/ROBO_ws/install/roboticarm_moveit2/share/roboticarm_moveit2/cmake/roboticarm_moveit2Config-version.cmake
[5.642s] -- Installing: /home/kv3/ROBOARM/ManualPhase1/ROBO_ws/install/roboticarm_moveit2/share/roboticarm_moveit2/package.xml
[5.643s] -- Installing: /home/kv3/ROBOARM/ManualPhase1/ROBO_ws/install/roboticarm_moveit2/share/roboticarm_moveit2/launch
[5.644s] -- Installing: /home/kv3/ROBOARM/ManualPhase1/ROBO_ws/install/roboticarm_moveit2/share/roboticarm_moveit2/launch/move_group.launch.py
[5.646s] -- Installing: /home/kv3/ROBOARM/ManualPhase1/ROBO_ws/install/roboticarm_moveit2/share/roboticarm_moveit2/launch/spawn_controllers.launch.py
[5.647s] -- Installing: /home/kv3/ROBOARM/ManualPhase1/ROBO_ws/install/roboticarm_moveit2/share/roboticarm_moveit2/launch/static_virtual_joint_tfs.launch.py
[5.649s] -- Installing: /home/kv3/ROBOARM/ManualPhase1/ROBO_ws/install/roboticarm_moveit2/share/roboticarm_moveit2/launch/demo.launch.py
[5.650s] -- Installing: /home/kv3/ROBOARM/ManualPhase1/ROBO_ws/install/roboticarm_moveit2/share/roboticarm_moveit2/launch/setup_assistant.launch.py
[5.652s] -- Installing: /home/kv3/ROBOARM/ManualPhase1/ROBO_ws/install/roboticarm_moveit2/share/roboticarm_moveit2/launch/rsp.launch.py
[5.653s] -- Installing: /home/kv3/ROBOARM/ManualPhase1/ROBO_ws/install/roboticarm_moveit2/share/roboticarm_moveit2/launch/warehouse_db.launch.py
[5.655s] -- Installing: /home/kv3/ROBOARM/ManualPhase1/ROBO_ws/install/roboticarm_moveit2/share/roboticarm_moveit2/launch/moveit_rviz.launch.py
[5.657s] -- Installing: /home/kv3/ROBOARM/ManualPhase1/ROBO_ws/install/roboticarm_moveit2/share/roboticarm_moveit2/config
[5.657s] -- Installing: /home/kv3/ROBOARM/ManualPhase1/ROBO_ws/install/roboticarm_moveit2/share/roboticarm_moveit2/config/roboticarm.ros2_control.xacro
[5.659s] -- Installing: /home/kv3/ROBOARM/ManualPhase1/ROBO_ws/install/roboticarm_moveit2/share/roboticarm_moveit2/config/joint_limits.yaml
[5.661s] -- Installing: /home/kv3/ROBOARM/ManualPhase1/ROBO_ws/install/roboticarm_moveit2/share/roboticarm_moveit2/config/initial_positions.yaml
[5.663s] -- Installing: /home/kv3/ROBOARM/ManualPhase1/ROBO_ws/install/roboticarm_moveit2/share/roboticarm_moveit2/config/ros2_controllers.yaml
[5.664s] -- Installing: /home/kv3/ROBOARM/ManualPhase1/ROBO_ws/install/roboticarm_moveit2/share/roboticarm_moveit2/config/moveit_controllers.yaml
[5.666s] -- Installing: /home/kv3/ROBOARM/ManualPhase1/ROBO_ws/install/roboticarm_moveit2/share/roboticarm_moveit2/config/roboticarm.urdf.xacro
[5.668s] -- Installing: /home/kv3/ROBOARM/ManualPhase1/ROBO_ws/install/roboticarm_moveit2/share/roboticarm_moveit2/config/pilz_cartesian_limits.yaml
[5.669s] -- Installing: /home/kv3/ROBOARM/ManualPhase1/ROBO_ws/install/roboticarm_moveit2/share/roboticarm_moveit2/config/moveit.rviz
[5.671s] -- Installing: /home/kv3/ROBOARM/ManualPhase1/ROBO_ws/install/roboticarm_moveit2/share/roboticarm_moveit2/config/roboticarm.srdf
[5.672s] -- Installing: /home/kv3/ROBOARM/ManualPhase1/ROBO_ws/install/roboticarm_moveit2/share/roboticarm_moveit2/config/kinematics.yaml
[5.674s] -- Installing: /home/kv3/ROBOARM/ManualPhase1/ROBO_ws/install/roboticarm_moveit2/share/roboticarm_moveit2/.setup_assistant
[5.683s] Invoked command in '/home/kv3/ROBOARM/ManualPhase1/ROBO_ws/build/roboticarm_moveit2' returned '0': AMENT_PREFIX_PATH=/home/kv3/ROBOARM/ManualPhase1/ROBO_ws/install/roboticarm_description:${AMENT_PREFIX_PATH} CMAKE_PREFIX_PATH=${CMAKE_PREFIX_PATH}:/opt/ros/jazzy PYTHONPATH=/home/kv3/ROBOARM/ManualPhase1/ROBO_ws/install/roboticarm_description/lib/python3.12/site-packages:${PYTHONPATH} /usr/bin/cmake --install /home/kv3/ROBOARM/ManualPhase1/ROBO_ws/build/roboticarm_moveit2
