[4.416s] Invoking command in '/home/kv3/ROBOARM/ManualPhase1/Ros/build/roboticarm_description': PYTHONPATH=/home/kv3/ROBOARM/ManualPhase1/Ros/build/roboticarm_description/prefix_override:/usr/lib/python3/dist-packages/colcon_core/task/python/colcon_distutils_commands:/home/kv3/ROBOARM/ManualPhase1/Ros/install/roboticarm_description/lib/python3.12/site-packages:${PYTHONPATH} /usr/bin/python3 -W ignore:setup.py install is deprecated -W ignore:easy_install command is deprecated setup.py develop --editable --build-directory /home/kv3/ROBOARM/ManualPhase1/Ros/build/roboticarm_description/build --no-deps symlink_data --force
[5.000s] /usr/lib/python3/dist-packages/setuptools/dist.py:744: SetuptoolsDeprecationWarning: Invalid dash-separated options
[5.001s] !!
[5.001s] 
[5.002s]         ********************************************************************************
[5.002s]         Usage of dash-separated 'script-dir' will not be supported in future
[5.002s]         versions. Please use the underscore name 'script_dir' instead.
[5.003s] 
[5.003s]         This deprecation is overdue, please update your project and remove deprecated
[5.004s]         calls to avoid build errors in the future.
[5.004s] 
[5.005s]         See https://setuptools.pypa.io/en/latest/userguide/declarative_config.html for details.
[5.005s]         ********************************************************************************
[5.005s] 
[5.006s] !!
[5.006s]   opt = self.warn_dash_deprecation(opt, section)
[5.834s] running develop
[6.677s] running egg_info
[6.754s] writing roboticarm_description.egg-info/PKG-INFO
[6.755s] writing dependency_links to roboticarm_description.egg-info/dependency_links.txt
[6.756s] writing requirements to roboticarm_description.egg-info/requires.txt
[6.757s] writing top-level names to roboticarm_description.egg-info/top_level.txt
[6.918s] reading manifest file 'roboticarm_description.egg-info/SOURCES.txt'
[6.922s] writing manifest file 'roboticarm_description.egg-info/SOURCES.txt'
[7.023s] running build_ext
[7.024s] Creating /home/kv3/ROBOARM/ManualPhase1/Ros/install/roboticarm_description/lib/python3.12/site-packages/roboticarm-description.egg-link (link to .)
[7.030s] 
[7.031s] Installed /home/kv3/ROBOARM/ManualPhase1/Ros/build/roboticarm_description
[7.033s] running symlink_data
[7.034s] symbolically linking /home/kv3/ROBOARM/ManualPhase1/Ros/build/roboticarm_description/resource/roboticarm_description -> /home/kv3/ROBOARM/ManualPhase1/Ros/install/roboticarm_description/share/ament_index/resource_index/packages
[7.035s] symbolically linking /home/kv3/ROBOARM/ManualPhase1/Ros/build/roboticarm_description/package.xml -> /home/kv3/ROBOARM/ManualPhase1/Ros/install/roboticarm_description/share/roboticarm_description
[7.036s] symbolically linking /home/kv3/ROBOARM/ManualPhase1/Ros/build/roboticarm_description/launch/display.launch.py -> /home/kv3/ROBOARM/ManualPhase1/Ros/install/roboticarm_description/share/roboticarm_description/launch
[7.038s] symbolically linking /home/kv3/ROBOARM/ManualPhase1/Ros/build/roboticarm_description/launch/gazebo.launch.py -> /home/kv3/ROBOARM/ManualPhase1/Ros/install/roboticarm_description/share/roboticarm_description/launch
[7.039s] symbolically linking /home/kv3/ROBOARM/ManualPhase1/Ros/build/roboticarm_description/urdf/roboticarm.xacro -> /home/kv3/ROBOARM/ManualPhase1/Ros/install/roboticarm_description/share/roboticarm_description/urdf
[7.042s] symbolically linking /home/kv3/ROBOARM/ManualPhase1/Ros/build/roboticarm_description/urdf/roboticarm.trans -> /home/kv3/ROBOARM/ManualPhase1/Ros/install/roboticarm_description/share/roboticarm_description/urdf
[7.043s] symbolically linking /home/kv3/ROBOARM/ManualPhase1/Ros/build/roboticarm_description/urdf/roboticarm.gazebo -> /home/kv3/ROBOARM/ManualPhase1/Ros/install/roboticarm_description/share/roboticarm_description/urdf
[7.045s] symbolically linking /home/kv3/ROBOARM/ManualPhase1/Ros/build/roboticarm_description/urdf/materials.xacro -> /home/kv3/ROBOARM/ManualPhase1/Ros/install/roboticarm_description/share/roboticarm_description/urdf
[7.046s] symbolically linking /home/kv3/ROBOARM/ManualPhase1/Ros/build/roboticarm_description/meshes/w_b_1.stl -> /home/kv3/ROBOARM/ManualPhase1/Ros/install/roboticarm_description/share/roboticarm_description/meshes
[7.048s] symbolically linking /home/kv3/ROBOARM/ManualPhase1/Ros/build/roboticarm_description/meshes/w_c_1.stl -> /home/kv3/ROBOARM/ManualPhase1/Ros/install/roboticarm_description/share/roboticarm_description/meshes
[7.050s] symbolically linking /home/kv3/ROBOARM/ManualPhase1/Ros/build/roboticarm_description/meshes/waist_1.stl -> /home/kv3/ROBOARM/ManualPhase1/Ros/install/roboticarm_description/share/roboticarm_description/meshes
[7.052s] symbolically linking /home/kv3/ROBOARM/ManualPhase1/Ros/build/roboticarm_description/meshes/base_link.stl -> /home/kv3/ROBOARM/ManualPhase1/Ros/install/roboticarm_description/share/roboticarm_description/meshes
[7.054s] symbolically linking /home/kv3/ROBOARM/ManualPhase1/Ros/build/roboticarm_description/meshes/shoulder_1.stl -> /home/kv3/ROBOARM/ManualPhase1/Ros/install/roboticarm_description/share/roboticarm_description/meshes
[7.055s] symbolically linking /home/kv3/ROBOARM/ManualPhase1/Ros/build/roboticarm_description/meshes/elbow_1.stl -> /home/kv3/ROBOARM/ManualPhase1/Ros/install/roboticarm_description/share/roboticarm_description/meshes
[7.057s] symbolically linking /home/kv3/ROBOARM/ManualPhase1/Ros/build/roboticarm_description/meshes/w_a_1.stl -> /home/kv3/ROBOARM/ManualPhase1/Ros/install/roboticarm_description/share/roboticarm_description/meshes
[7.059s] symbolically linking /home/kv3/ROBOARM/ManualPhase1/Ros/build/roboticarm_description/meshes/gripper_1.stl -> /home/kv3/ROBOARM/ManualPhase1/Ros/install/roboticarm_description/share/roboticarm_description/meshes
[7.061s] symbolically linking /home/kv3/ROBOARM/ManualPhase1/Ros/build/roboticarm_description/config/display.rviz -> /home/kv3/ROBOARM/ManualPhase1/Ros/install/roboticarm_description/share/roboticarm_description/config
[7.274s] Invoked command in '/home/kv3/ROBOARM/ManualPhase1/Ros/build/roboticarm_description' returned '0': PYTHONPATH=/home/kv3/ROBOARM/ManualPhase1/Ros/build/roboticarm_description/prefix_override:/usr/lib/python3/dist-packages/colcon_core/task/python/colcon_distutils_commands:/home/kv3/ROBOARM/ManualPhase1/Ros/install/roboticarm_description/lib/python3.12/site-packages:${PYTHONPATH} /usr/bin/python3 -W ignore:setup.py install is deprecated -W ignore:easy_install command is deprecated setup.py develop --editable --build-directory /home/kv3/ROBOARM/ManualPhase1/Ros/build/roboticarm_description/build --no-deps symlink_data --force
