[0.425s] DEBUG:colcon:Command line arguments: ['/usr/bin/colcon', 'build']
[0.425s] DEBUG:colcon:Parsed command line arguments: Namespace(log_base=None, log_level=None, verb_name='build', build_base='build', install_base='install', merge_install=False, symlink_install=False, test_result_base=None, continue_on_error=False, executor='parallel', parallel_workers=4, event_handlers=None, ignore_user_meta=False, metas=['./colcon.meta'], base_paths=['.'], packages_ignore=None, packages_ignore_regex=None, paths=None, packages_up_to=None, packages_up_to_regex=None, packages_above=None, packages_above_and_dependencies=None, packages_above_depth=None, packages_select_by_dep=None, packages_skip_by_dep=None, packages_skip_up_to=None, packages_select_build_failed=False, packages_skip_build_finished=False, packages_select_test_failures=False, packages_skip_test_passed=False, packages_select=None, packages_skip=None, packages_select_regex=None, packages_skip_regex=None, packages_start=None, packages_end=None, allow_overriding=[], cmake_args=None, cmake_target=None, cmake_target_skip_unavailable=False, cmake_clean_cache=False, cmake_clean_first=False, cmake_force_configure=False, ament_cmake_args=None, catkin_cmake_args=None, catkin_skip_building_tests=False, verb_parser=<colcon_defaults.argument_parser.defaults.DefaultArgumentsDecorator object at 0xffffb2df5760>, verb_extension=<colcon_core.verb.build.BuildVerb object at 0xffffb2fae3c0>, main=<bound method BuildVerb.main of <colcon_core.verb.build.BuildVerb object at 0xffffb2fae3c0>>)
[0.594s] Level 1:colcon.colcon_core.package_discovery:discover_packages(colcon_meta) check parameters
[0.595s] Level 1:colcon.colcon_core.package_discovery:discover_packages(recursive) check parameters
[0.595s] Level 1:colcon.colcon_core.package_discovery:discover_packages(ignore) check parameters
[0.595s] Level 1:colcon.colcon_core.package_discovery:discover_packages(path) check parameters
[0.595s] Level 1:colcon.colcon_core.package_discovery:discover_packages(colcon_meta) discover
[0.596s] Level 1:colcon.colcon_core.package_discovery:discover_packages(recursive) discover
[0.596s] INFO:colcon.colcon_core.package_discovery:Crawling recursively for packages in '/home/kv3/ROBOARM/ManualPhase1/Ros'
[0.596s] Level 1:colcon.colcon_core.package_identification:_identify(.) by extensions ['ignore', 'ignore_ament_install']
[0.596s] Level 1:colcon.colcon_core.package_identification:_identify(.) by extension 'ignore'
[0.597s] Level 1:colcon.colcon_core.package_identification:_identify(.) by extension 'ignore_ament_install'
[0.597s] Level 1:colcon.colcon_core.package_identification:_identify(.) by extensions ['colcon_pkg']
[0.597s] Level 1:colcon.colcon_core.package_identification:_identify(.) by extension 'colcon_pkg'
[0.597s] Level 1:colcon.colcon_core.package_identification:_identify(.) by extensions ['colcon_meta']
[0.597s] Level 1:colcon.colcon_core.package_identification:_identify(.) by extension 'colcon_meta'
[0.597s] Level 1:colcon.colcon_core.package_identification:_identify(.) by extensions ['ros']
[0.597s] Level 1:colcon.colcon_core.package_identification:_identify(.) by extension 'ros'
[0.698s] Level 1:colcon.colcon_core.package_identification:_identify(.) by extensions ['cmake', 'python']
[0.699s] Level 1:colcon.colcon_core.package_identification:_identify(.) by extension 'cmake'
[0.699s] Level 1:colcon.colcon_core.package_identification:_identify(.) by extension 'python'
[0.699s] Level 1:colcon.colcon_core.package_identification:_identify(.) by extensions ['python_setup_py']
[0.699s] Level 1:colcon.colcon_core.package_identification:_identify(.) by extension 'python_setup_py'
[0.700s] Level 1:colcon.colcon_core.package_identification:_identify(build) by extensions ['ignore', 'ignore_ament_install']
[0.700s] Level 1:colcon.colcon_core.package_identification:_identify(build) by extension 'ignore'
[0.700s] Level 1:colcon.colcon_core.package_identification:_identify(build) ignored
[0.701s] Level 1:colcon.colcon_core.package_identification:_identify(install) by extensions ['ignore', 'ignore_ament_install']
[0.701s] Level 1:colcon.colcon_core.package_identification:_identify(install) by extension 'ignore'
[0.701s] Level 1:colcon.colcon_core.package_identification:_identify(install) ignored
[0.702s] Level 1:colcon.colcon_core.package_identification:_identify(log) by extensions ['ignore', 'ignore_ament_install']
[0.702s] Level 1:colcon.colcon_core.package_identification:_identify(log) by extension 'ignore'
[0.702s] Level 1:colcon.colcon_core.package_identification:_identify(log) ignored
[0.702s] Level 1:colcon.colcon_core.package_identification:_identify(src) by extensions ['ignore', 'ignore_ament_install']
[0.703s] Level 1:colcon.colcon_core.package_identification:_identify(src) by extension 'ignore'
[0.703s] Level 1:colcon.colcon_core.package_identification:_identify(src) by extension 'ignore_ament_install'
[0.703s] Level 1:colcon.colcon_core.package_identification:_identify(src) by extensions ['colcon_pkg']
[0.703s] Level 1:colcon.colcon_core.package_identification:_identify(src) by extension 'colcon_pkg'
[0.703s] Level 1:colcon.colcon_core.package_identification:_identify(src) by extensions ['colcon_meta']
[0.703s] Level 1:colcon.colcon_core.package_identification:_identify(src) by extension 'colcon_meta'
[0.704s] Level 1:colcon.colcon_core.package_identification:_identify(src) by extensions ['ros']
[0.704s] Level 1:colcon.colcon_core.package_identification:_identify(src) by extension 'ros'
[0.704s] Level 1:colcon.colcon_core.package_identification:_identify(src) by extensions ['cmake', 'python']
[0.704s] Level 1:colcon.colcon_core.package_identification:_identify(src) by extension 'cmake'
[0.704s] Level 1:colcon.colcon_core.package_identification:_identify(src) by extension 'python'
[0.704s] Level 1:colcon.colcon_core.package_identification:_identify(src) by extensions ['python_setup_py']
[0.705s] Level 1:colcon.colcon_core.package_identification:_identify(src) by extension 'python_setup_py'
[0.705s] Level 1:colcon.colcon_core.package_identification:_identify(src/arduino_bridge) by extensions ['ignore', 'ignore_ament_install']
[0.705s] Level 1:colcon.colcon_core.package_identification:_identify(src/arduino_bridge) by extension 'ignore'
[0.705s] Level 1:colcon.colcon_core.package_identification:_identify(src/arduino_bridge) by extension 'ignore_ament_install'
[0.706s] Level 1:colcon.colcon_core.package_identification:_identify(src/arduino_bridge) by extensions ['colcon_pkg']
[0.706s] Level 1:colcon.colcon_core.package_identification:_identify(src/arduino_bridge) by extension 'colcon_pkg'
[0.706s] Level 1:colcon.colcon_core.package_identification:_identify(src/arduino_bridge) by extensions ['colcon_meta']
[0.706s] Level 1:colcon.colcon_core.package_identification:_identify(src/arduino_bridge) by extension 'colcon_meta'
[0.706s] Level 1:colcon.colcon_core.package_identification:_identify(src/arduino_bridge) by extensions ['ros']
[0.706s] Level 1:colcon.colcon_core.package_identification:_identify(src/arduino_bridge) by extension 'ros'
[0.719s] DEBUG:colcon.colcon_core.package_identification:Package 'src/arduino_bridge' with type 'ros.ament_python' and name 'arduino_bridge'
[0.719s] Level 1:colcon.colcon_core.package_identification:_identify(src/roboticarm_description) by extensions ['ignore', 'ignore_ament_install']
[0.720s] Level 1:colcon.colcon_core.package_identification:_identify(src/roboticarm_description) by extension 'ignore'
[0.720s] Level 1:colcon.colcon_core.package_identification:_identify(src/roboticarm_description) by extension 'ignore_ament_install'
[0.720s] Level 1:colcon.colcon_core.package_identification:_identify(src/roboticarm_description) by extensions ['colcon_pkg']
[0.720s] Level 1:colcon.colcon_core.package_identification:_identify(src/roboticarm_description) by extension 'colcon_pkg'
[0.721s] Level 1:colcon.colcon_core.package_identification:_identify(src/roboticarm_description) by extensions ['colcon_meta']
[0.721s] Level 1:colcon.colcon_core.package_identification:_identify(src/roboticarm_description) by extension 'colcon_meta'
[0.721s] Level 1:colcon.colcon_core.package_identification:_identify(src/roboticarm_description) by extensions ['ros']
[0.721s] Level 1:colcon.colcon_core.package_identification:_identify(src/roboticarm_description) by extension 'ros'
[0.724s] DEBUG:colcon.colcon_core.package_identification:Package 'src/roboticarm_description' with type 'ros.ament_python' and name 'roboticarm_description'
[0.724s] Level 1:colcon.colcon_core.package_identification:_identify(src/roboticarm_moveit_config) by extensions ['ignore', 'ignore_ament_install']
[0.725s] Level 1:colcon.colcon_core.package_identification:_identify(src/roboticarm_moveit_config) by extension 'ignore'
[0.725s] Level 1:colcon.colcon_core.package_identification:_identify(src/roboticarm_moveit_config) by extension 'ignore_ament_install'
[0.725s] Level 1:colcon.colcon_core.package_identification:_identify(src/roboticarm_moveit_config) by extensions ['colcon_pkg']
[0.725s] Level 1:colcon.colcon_core.package_identification:_identify(src/roboticarm_moveit_config) by extension 'colcon_pkg'
[0.725s] Level 1:colcon.colcon_core.package_identification:_identify(src/roboticarm_moveit_config) by extensions ['colcon_meta']
[0.725s] Level 1:colcon.colcon_core.package_identification:_identify(src/roboticarm_moveit_config) by extension 'colcon_meta'
[0.726s] Level 1:colcon.colcon_core.package_identification:_identify(src/roboticarm_moveit_config) by extensions ['ros']
[0.726s] Level 1:colcon.colcon_core.package_identification:_identify(src/roboticarm_moveit_config) by extension 'ros'
[0.729s] DEBUG:colcon.colcon_core.package_identification:Package 'src/roboticarm_moveit_config' with type 'ros.ament_cmake' and name 'roboticarm_moveit_config'
[0.729s] Level 1:colcon.colcon_core.package_discovery:discover_packages(recursive) using defaults
[0.729s] Level 1:colcon.colcon_core.package_discovery:discover_packages(ignore) discover
[0.729s] Level 1:colcon.colcon_core.package_discovery:discover_packages(ignore) using defaults
[0.729s] Level 1:colcon.colcon_core.package_discovery:discover_packages(path) discover
[0.729s] Level 1:colcon.colcon_core.package_discovery:discover_packages(path) using defaults
[0.801s] Level 1:colcon.colcon_core.package_discovery:discover_packages(prefix_path) check parameters
[0.801s] Level 1:colcon.colcon_core.package_discovery:discover_packages(prefix_path) discover
[0.809s] DEBUG:colcon.colcon_installed_package_information.package_discovery:Found 3 installed packages in /home/kv3/ROBOARM/ManualPhase1/Ros/install
[0.818s] DEBUG:colcon.colcon_installed_package_information.package_discovery:Found 258 installed packages in /opt/ros/jazzy
[0.822s] Level 1:colcon.colcon_core.package_discovery:discover_packages(prefix_path) using defaults
[0.986s] Level 5:colcon.colcon_core.verb:set package 'arduino_bridge' build argument 'cmake_args' from command line to 'None'
[0.986s] Level 5:colcon.colcon_core.verb:set package 'arduino_bridge' build argument 'cmake_target' from command line to 'None'
[0.986s] Level 5:colcon.colcon_core.verb:set package 'arduino_bridge' build argument 'cmake_target_skip_unavailable' from command line to 'False'
[0.986s] Level 5:colcon.colcon_core.verb:set package 'arduino_bridge' build argument 'cmake_clean_cache' from command line to 'False'
[0.987s] Level 5:colcon.colcon_core.verb:set package 'arduino_bridge' build argument 'cmake_clean_first' from command line to 'False'
[0.987s] Level 5:colcon.colcon_core.verb:set package 'arduino_bridge' build argument 'cmake_force_configure' from command line to 'False'
[0.987s] Level 5:colcon.colcon_core.verb:set package 'arduino_bridge' build argument 'ament_cmake_args' from command line to 'None'
[0.987s] Level 5:colcon.colcon_core.verb:set package 'arduino_bridge' build argument 'catkin_cmake_args' from command line to 'None'
[0.987s] Level 5:colcon.colcon_core.verb:set package 'arduino_bridge' build argument 'catkin_skip_building_tests' from command line to 'False'
[0.987s] DEBUG:colcon.colcon_core.verb:Building package 'arduino_bridge' with the following arguments: {'ament_cmake_args': None, 'build_base': '/home/kv3/ROBOARM/ManualPhase1/Ros/build/arduino_bridge', 'catkin_cmake_args': None, 'catkin_skip_building_tests': False, 'cmake_args': None, 'cmake_clean_cache': False, 'cmake_clean_first': False, 'cmake_force_configure': False, 'cmake_target': None, 'cmake_target_skip_unavailable': False, 'install_base': '/home/kv3/ROBOARM/ManualPhase1/Ros/install/arduino_bridge', 'merge_install': False, 'path': '/home/kv3/ROBOARM/ManualPhase1/Ros/src/arduino_bridge', 'symlink_install': False, 'test_result_base': None}
[0.988s] Level 5:colcon.colcon_core.verb:set package 'roboticarm_description' build argument 'cmake_args' from command line to 'None'
[0.988s] Level 5:colcon.colcon_core.verb:set package 'roboticarm_description' build argument 'cmake_target' from command line to 'None'
[0.989s] Level 5:colcon.colcon_core.verb:set package 'roboticarm_description' build argument 'cmake_target_skip_unavailable' from command line to 'False'
[0.989s] Level 5:colcon.colcon_core.verb:set package 'roboticarm_description' build argument 'cmake_clean_cache' from command line to 'False'
[0.989s] Level 5:colcon.colcon_core.verb:set package 'roboticarm_description' build argument 'cmake_clean_first' from command line to 'False'
[0.989s] Level 5:colcon.colcon_core.verb:set package 'roboticarm_description' build argument 'cmake_force_configure' from command line to 'False'
[0.989s] Level 5:colcon.colcon_core.verb:set package 'roboticarm_description' build argument 'ament_cmake_args' from command line to 'None'
[0.989s] Level 5:colcon.colcon_core.verb:set package 'roboticarm_description' build argument 'catkin_cmake_args' from command line to 'None'
[0.989s] Level 5:colcon.colcon_core.verb:set package 'roboticarm_description' build argument 'catkin_skip_building_tests' from command line to 'False'
[0.989s] DEBUG:colcon.colcon_core.verb:Building package 'roboticarm_description' with the following arguments: {'ament_cmake_args': None, 'build_base': '/home/kv3/ROBOARM/ManualPhase1/Ros/build/roboticarm_description', 'catkin_cmake_args': None, 'catkin_skip_building_tests': False, 'cmake_args': None, 'cmake_clean_cache': False, 'cmake_clean_first': False, 'cmake_force_configure': False, 'cmake_target': None, 'cmake_target_skip_unavailable': False, 'install_base': '/home/kv3/ROBOARM/ManualPhase1/Ros/install/roboticarm_description', 'merge_install': False, 'path': '/home/kv3/ROBOARM/ManualPhase1/Ros/src/roboticarm_description', 'symlink_install': False, 'test_result_base': None}
[0.990s] Level 5:colcon.colcon_core.verb:set package 'roboticarm_moveit_config' build argument 'cmake_args' from command line to 'None'
[0.990s] Level 5:colcon.colcon_core.verb:set package 'roboticarm_moveit_config' build argument 'cmake_target' from command line to 'None'
[0.991s] Level 5:colcon.colcon_core.verb:set package 'roboticarm_moveit_config' build argument 'cmake_target_skip_unavailable' from command line to 'False'
[0.991s] Level 5:colcon.colcon_core.verb:set package 'roboticarm_moveit_config' build argument 'cmake_clean_cache' from command line to 'False'
[0.991s] Level 5:colcon.colcon_core.verb:set package 'roboticarm_moveit_config' build argument 'cmake_clean_first' from command line to 'False'
[0.991s] Level 5:colcon.colcon_core.verb:set package 'roboticarm_moveit_config' build argument 'cmake_force_configure' from command line to 'False'
[0.991s] Level 5:colcon.colcon_core.verb:set package 'roboticarm_moveit_config' build argument 'ament_cmake_args' from command line to 'None'
[0.991s] Level 5:colcon.colcon_core.verb:set package 'roboticarm_moveit_config' build argument 'catkin_cmake_args' from command line to 'None'
[0.991s] Level 5:colcon.colcon_core.verb:set package 'roboticarm_moveit_config' build argument 'catkin_skip_building_tests' from command line to 'False'
[0.991s] DEBUG:colcon.colcon_core.verb:Building package 'roboticarm_moveit_config' with the following arguments: {'ament_cmake_args': None, 'build_base': '/home/kv3/ROBOARM/ManualPhase1/Ros/build/roboticarm_moveit_config', 'catkin_cmake_args': None, 'catkin_skip_building_tests': False, 'cmake_args': None, 'cmake_clean_cache': False, 'cmake_clean_first': False, 'cmake_force_configure': False, 'cmake_target': None, 'cmake_target_skip_unavailable': False, 'install_base': '/home/kv3/ROBOARM/ManualPhase1/Ros/install/roboticarm_moveit_config', 'merge_install': False, 'path': '/home/kv3/ROBOARM/ManualPhase1/Ros/src/roboticarm_moveit_config', 'symlink_install': False, 'test_result_base': None}
[0.992s] INFO:colcon.colcon_core.executor:Executing jobs using 'parallel' executor
[0.994s] DEBUG:colcon.colcon_parallel_executor.executor.parallel:run_until_complete
[0.995s] INFO:colcon.colcon_ros.task.ament_python.build:Building ROS package in '/home/kv3/ROBOARM/ManualPhase1/Ros/src/roboticarm_description' with build type 'ament_python'
[0.996s] Level 1:colcon.colcon_core.shell:create_environment_hook('roboticarm_description', 'ament_prefix_path')
[1.004s] INFO:colcon.colcon_core.plugin_system:Skipping extension 'colcon_core.shell.bat': Not used on non-Windows systems
[1.005s] INFO:colcon.colcon_core.shell:Creating environment hook '/home/kv3/ROBOARM/ManualPhase1/Ros/install/roboticarm_description/share/roboticarm_description/hook/ament_prefix_path.ps1'
[1.007s] INFO:colcon.colcon_core.shell:Creating environment descriptor '/home/kv3/ROBOARM/ManualPhase1/Ros/install/roboticarm_description/share/roboticarm_description/hook/ament_prefix_path.dsv'
[1.010s] INFO:colcon.colcon_core.shell:Creating environment hook '/home/kv3/ROBOARM/ManualPhase1/Ros/install/roboticarm_description/share/roboticarm_description/hook/ament_prefix_path.sh'
[1.013s] INFO:colcon.colcon_core.shell:Skip shell extension 'powershell' for command environment: Not usable outside of PowerShell
[1.013s] DEBUG:colcon.colcon_core.shell:Skip shell extension 'dsv' for command environment
[1.031s] INFO:colcon.colcon_ros.task.ament_python.build:Building ROS package in '/home/kv3/ROBOARM/ManualPhase1/Ros/src/arduino_bridge' with build type 'ament_python'
[1.032s] Level 1:colcon.colcon_core.shell:create_environment_hook('arduino_bridge', 'ament_prefix_path')
[1.033s] INFO:colcon.colcon_core.shell:Creating environment hook '/home/kv3/ROBOARM/ManualPhase1/Ros/install/arduino_bridge/share/arduino_bridge/hook/ament_prefix_path.ps1'
[1.035s] INFO:colcon.colcon_core.shell:Creating environment descriptor '/home/kv3/ROBOARM/ManualPhase1/Ros/install/arduino_bridge/share/arduino_bridge/hook/ament_prefix_path.dsv'
[1.037s] INFO:colcon.colcon_core.shell:Creating environment hook '/home/kv3/ROBOARM/ManualPhase1/Ros/install/arduino_bridge/share/arduino_bridge/hook/ament_prefix_path.sh'
[1.040s] INFO:colcon.colcon_core.shell:Skip shell extension 'powershell' for command environment: Not usable outside of PowerShell
[1.040s] DEBUG:colcon.colcon_core.shell:Skip shell extension 'dsv' for command environment
[1.901s] INFO:colcon.colcon_core.task.python.build:Building Python package in '/home/kv3/ROBOARM/ManualPhase1/Ros/src/roboticarm_description'
[1.902s] INFO:colcon.colcon_core.shell:Skip shell extension 'powershell' for command environment: Not usable outside of PowerShell
[1.902s] DEBUG:colcon.colcon_core.shell:Skip shell extension 'dsv' for command environment
[2.771s] INFO:colcon.colcon_core.task.python.build:Building Python package in '/home/kv3/ROBOARM/ManualPhase1/Ros/src/arduino_bridge'
[2.772s] INFO:colcon.colcon_core.shell:Skip shell extension 'powershell' for command environment: Not usable outside of PowerShell
[2.772s] DEBUG:colcon.colcon_core.shell:Skip shell extension 'dsv' for command environment
[5.321s] DEBUG:colcon.colcon_core.event_handler.log_command:Invoking command in '/home/kv3/ROBOARM/ManualPhase1/Ros/src/roboticarm_description': PYTHONPATH=/home/kv3/ROBOARM/ManualPhase1/Ros/build/roboticarm_description/prefix_override:/usr/lib/python3/dist-packages/colcon_core/task/python/colcon_distutils_commands:/home/kv3/ROBOARM/ManualPhase1/Ros/install/roboticarm_description/lib/python3.12/site-packages:${PYTHONPATH} /usr/bin/python3 -W ignore:setup.py install is deprecated -W ignore:easy_install command is deprecated setup.py egg_info --egg-base ../../build/roboticarm_description build --build-base /home/kv3/ROBOARM/ManualPhase1/Ros/build/roboticarm_description/build install --record /home/kv3/ROBOARM/ManualPhase1/Ros/build/roboticarm_description/install.log --install-scripts $base/lib/roboticarm_description --single-version-externally-managed install_data
[5.350s] DEBUG:colcon.colcon_core.event_handler.log_command:Invoking command in '/home/kv3/ROBOARM/ManualPhase1/Ros/src/arduino_bridge': PYTHONPATH=/home/kv3/ROBOARM/ManualPhase1/Ros/build/arduino_bridge/prefix_override:/usr/lib/python3/dist-packages/colcon_core/task/python/colcon_distutils_commands:/home/kv3/ROBOARM/ManualPhase1/Ros/install/arduino_bridge/lib/python3.12/site-packages:${PYTHONPATH} /usr/bin/python3 -W ignore:setup.py install is deprecated -W ignore:easy_install command is deprecated setup.py egg_info --egg-base ../../build/arduino_bridge build --build-base /home/kv3/ROBOARM/ManualPhase1/Ros/build/arduino_bridge/build install --record /home/kv3/ROBOARM/ManualPhase1/Ros/build/arduino_bridge/install.log --single-version-externally-managed install_data
[7.712s] DEBUG:colcon.colcon_core.event_handler.log_command:Invoked command in '/home/kv3/ROBOARM/ManualPhase1/Ros/src/roboticarm_description' returned '0': PYTHONPATH=/home/kv3/ROBOARM/ManualPhase1/Ros/build/roboticarm_description/prefix_override:/usr/lib/python3/dist-packages/colcon_core/task/python/colcon_distutils_commands:/home/kv3/ROBOARM/ManualPhase1/Ros/install/roboticarm_description/lib/python3.12/site-packages:${PYTHONPATH} /usr/bin/python3 -W ignore:setup.py install is deprecated -W ignore:easy_install command is deprecated setup.py egg_info --egg-base ../../build/roboticarm_description build --build-base /home/kv3/ROBOARM/ManualPhase1/Ros/build/roboticarm_description/build install --record /home/kv3/ROBOARM/ManualPhase1/Ros/build/roboticarm_description/install.log --install-scripts $base/lib/roboticarm_description --single-version-externally-managed install_data
[7.728s] Level 1:colcon.colcon_core.environment:checking '/home/kv3/ROBOARM/ManualPhase1/Ros/install/roboticarm_description' for CMake module files
[7.732s] Level 1:colcon.colcon_core.environment:checking '/home/kv3/ROBOARM/ManualPhase1/Ros/install/roboticarm_description' for CMake config files
[7.738s] Level 1:colcon.colcon_core.environment:checking '/home/kv3/ROBOARM/ManualPhase1/Ros/install/roboticarm_description/lib'
[7.739s] Level 1:colcon.colcon_core.environment:checking '/home/kv3/ROBOARM/ManualPhase1/Ros/install/roboticarm_description/bin'
[7.739s] Level 1:colcon.colcon_core.environment:checking '/home/kv3/ROBOARM/ManualPhase1/Ros/install/roboticarm_description/lib/pkgconfig/roboticarm_description.pc'
[7.740s] Level 1:colcon.colcon_core.environment:checking '/home/kv3/ROBOARM/ManualPhase1/Ros/install/roboticarm_description/lib/python3.12/site-packages'
[7.741s] Level 1:colcon.colcon_core.shell:create_environment_hook('roboticarm_description', 'pythonpath')
[7.741s] INFO:colcon.colcon_core.shell:Creating environment hook '/home/kv3/ROBOARM/ManualPhase1/Ros/install/roboticarm_description/share/roboticarm_description/hook/pythonpath.ps1'
[7.743s] INFO:colcon.colcon_core.shell:Creating environment descriptor '/home/kv3/ROBOARM/ManualPhase1/Ros/install/roboticarm_description/share/roboticarm_description/hook/pythonpath.dsv'
[7.745s] INFO:colcon.colcon_core.shell:Creating environment hook '/home/kv3/ROBOARM/ManualPhase1/Ros/install/roboticarm_description/share/roboticarm_description/hook/pythonpath.sh'
[7.748s] Level 1:colcon.colcon_core.environment:checking '/home/kv3/ROBOARM/ManualPhase1/Ros/install/roboticarm_description/bin'
[7.748s] Level 1:colcon.colcon_core.environment:create_environment_scripts_only(roboticarm_description)
[7.749s] INFO:colcon.colcon_core.shell:Creating package script '/home/kv3/ROBOARM/ManualPhase1/Ros/install/roboticarm_description/share/roboticarm_description/package.ps1'
[7.752s] INFO:colcon.colcon_core.shell:Creating package descriptor '/home/kv3/ROBOARM/ManualPhase1/Ros/install/roboticarm_description/share/roboticarm_description/package.dsv'
[7.754s] INFO:colcon.colcon_core.shell:Creating package script '/home/kv3/ROBOARM/ManualPhase1/Ros/install/roboticarm_description/share/roboticarm_description/package.sh'
[7.757s] INFO:colcon.colcon_core.shell:Creating package script '/home/kv3/ROBOARM/ManualPhase1/Ros/install/roboticarm_description/share/roboticarm_description/package.bash'
[7.759s] INFO:colcon.colcon_core.shell:Creating package script '/home/kv3/ROBOARM/ManualPhase1/Ros/install/roboticarm_description/share/roboticarm_description/package.zsh'
[7.761s] Level 1:colcon.colcon_core.environment:create_file_with_runtime_dependencies(/home/kv3/ROBOARM/ManualPhase1/Ros/install/roboticarm_description/share/colcon-core/packages/roboticarm_description)
[7.764s] INFO:colcon.colcon_ros.task.ament_cmake.build:Building ROS package in '/home/kv3/ROBOARM/ManualPhase1/Ros/src/roboticarm_moveit_config' with build type 'ament_cmake'
[7.765s] INFO:colcon.colcon_cmake.task.cmake.build:Building CMake package in '/home/kv3/ROBOARM/ManualPhase1/Ros/src/roboticarm_moveit_config'
[7.766s] INFO:colcon.colcon_core.shell:Skip shell extension 'powershell' for command environment: Not usable outside of PowerShell
[7.766s] DEBUG:colcon.colcon_core.shell:Skip shell extension 'dsv' for command environment
[7.787s] Level 1:colcon.colcon_core.environment:checking '/home/kv3/ROBOARM/ManualPhase1/Ros/install/arduino_bridge' for CMake module files
[7.789s] DEBUG:colcon.colcon_core.event_handler.log_command:Invoked command in '/home/kv3/ROBOARM/ManualPhase1/Ros/src/arduino_bridge' returned '0': PYTHONPATH=/home/kv3/ROBOARM/ManualPhase1/Ros/build/arduino_bridge/prefix_override:/usr/lib/python3/dist-packages/colcon_core/task/python/colcon_distutils_commands:/home/kv3/ROBOARM/ManualPhase1/Ros/install/arduino_bridge/lib/python3.12/site-packages:${PYTHONPATH} /usr/bin/python3 -W ignore:setup.py install is deprecated -W ignore:easy_install command is deprecated setup.py egg_info --egg-base ../../build/arduino_bridge build --build-base /home/kv3/ROBOARM/ManualPhase1/Ros/build/arduino_bridge/build install --record /home/kv3/ROBOARM/ManualPhase1/Ros/build/arduino_bridge/install.log --single-version-externally-managed install_data
[7.791s] Level 1:colcon.colcon_core.environment:checking '/home/kv3/ROBOARM/ManualPhase1/Ros/install/arduino_bridge' for CMake config files
[7.795s] Level 1:colcon.colcon_core.environment:checking '/home/kv3/ROBOARM/ManualPhase1/Ros/install/arduino_bridge/lib'
[7.796s] Level 1:colcon.colcon_core.environment:checking '/home/kv3/ROBOARM/ManualPhase1/Ros/install/arduino_bridge/bin'
[7.796s] Level 1:colcon.colcon_core.environment:checking '/home/kv3/ROBOARM/ManualPhase1/Ros/install/arduino_bridge/lib/pkgconfig/arduino_bridge.pc'
[7.797s] Level 1:colcon.colcon_core.environment:checking '/home/kv3/ROBOARM/ManualPhase1/Ros/install/arduino_bridge/lib/python3.12/site-packages'
[7.798s] Level 1:colcon.colcon_core.shell:create_environment_hook('arduino_bridge', 'pythonpath')
[7.799s] INFO:colcon.colcon_core.shell:Creating environment hook '/home/kv3/ROBOARM/ManualPhase1/Ros/install/arduino_bridge/share/arduino_bridge/hook/pythonpath.ps1'
[7.801s] INFO:colcon.colcon_core.shell:Creating environment descriptor '/home/kv3/ROBOARM/ManualPhase1/Ros/install/arduino_bridge/share/arduino_bridge/hook/pythonpath.dsv'
[7.802s] INFO:colcon.colcon_core.shell:Creating environment hook '/home/kv3/ROBOARM/ManualPhase1/Ros/install/arduino_bridge/share/arduino_bridge/hook/pythonpath.sh'
[7.805s] Level 1:colcon.colcon_core.environment:checking '/home/kv3/ROBOARM/ManualPhase1/Ros/install/arduino_bridge/bin'
[7.805s] Level 1:colcon.colcon_core.environment:create_environment_scripts_only(arduino_bridge)
[7.806s] INFO:colcon.colcon_core.shell:Creating package script '/home/kv3/ROBOARM/ManualPhase1/Ros/install/arduino_bridge/share/arduino_bridge/package.ps1'
[7.808s] INFO:colcon.colcon_core.shell:Creating package descriptor '/home/kv3/ROBOARM/ManualPhase1/Ros/install/arduino_bridge/share/arduino_bridge/package.dsv'
[7.811s] INFO:colcon.colcon_core.shell:Creating package script '/home/kv3/ROBOARM/ManualPhase1/Ros/install/arduino_bridge/share/arduino_bridge/package.sh'
[7.813s] INFO:colcon.colcon_core.shell:Creating package script '/home/kv3/ROBOARM/ManualPhase1/Ros/install/arduino_bridge/share/arduino_bridge/package.bash'
[7.815s] INFO:colcon.colcon_core.shell:Creating package script '/home/kv3/ROBOARM/ManualPhase1/Ros/install/arduino_bridge/share/arduino_bridge/package.zsh'
[7.816s] Level 1:colcon.colcon_core.environment:create_file_with_runtime_dependencies(/home/kv3/ROBOARM/ManualPhase1/Ros/install/arduino_bridge/share/colcon-core/packages/arduino_bridge)
[7.829s] DEBUG:colcon.colcon_core.event_handler.log_command:Invoking command in '/home/kv3/ROBOARM/ManualPhase1/Ros/build/roboticarm_moveit_config': AMENT_PREFIX_PATH=/home/kv3/ROBOARM/ManualPhase1/Ros/install/roboticarm_description:/home/kv3/ROBOARM/ManualPhase1/Ros/install/roboticarm_moveit_config:/home/kv3/ROBOARM/ManualPhase1/Ros/install/arduino_bridge:/opt/ros/jazzy CMAKE_PREFIX_PATH=${CMAKE_PREFIX_PATH}:/home/kv3/ROBOARM/ManualPhase1/Ros/install/roboticarm_description:/home/kv3/ROBOARM/ManualPhase1/Ros/install/arduino_bridge:/opt/ros/jazzy /usr/bin/cmake --build /home/kv3/ROBOARM/ManualPhase1/Ros/build/roboticarm_moveit_config -- -j4 -l4
[8.016s] DEBUG:colcon.colcon_core.event_handler.log_command:Invoked command in '/home/kv3/ROBOARM/ManualPhase1/Ros/build/roboticarm_moveit_config' returned '0': AMENT_PREFIX_PATH=/home/kv3/ROBOARM/ManualPhase1/Ros/install/roboticarm_description:/home/kv3/ROBOARM/ManualPhase1/Ros/install/roboticarm_moveit_config:/home/kv3/ROBOARM/ManualPhase1/Ros/install/arduino_bridge:/opt/ros/jazzy CMAKE_PREFIX_PATH=${CMAKE_PREFIX_PATH}:/home/kv3/ROBOARM/ManualPhase1/Ros/install/roboticarm_description:/home/kv3/ROBOARM/ManualPhase1/Ros/install/arduino_bridge:/opt/ros/jazzy /usr/bin/cmake --build /home/kv3/ROBOARM/ManualPhase1/Ros/build/roboticarm_moveit_config -- -j4 -l4
[8.065s] DEBUG:colcon.colcon_core.event_handler.log_command:Invoking command in '/home/kv3/ROBOARM/ManualPhase1/Ros/build/roboticarm_moveit_config': AMENT_PREFIX_PATH=/home/kv3/ROBOARM/ManualPhase1/Ros/install/roboticarm_description:/home/kv3/ROBOARM/ManualPhase1/Ros/install/roboticarm_moveit_config:/home/kv3/ROBOARM/ManualPhase1/Ros/install/arduino_bridge:/opt/ros/jazzy CMAKE_PREFIX_PATH=${CMAKE_PREFIX_PATH}:/home/kv3/ROBOARM/ManualPhase1/Ros/install/roboticarm_description:/home/kv3/ROBOARM/ManualPhase1/Ros/install/arduino_bridge:/opt/ros/jazzy /usr/bin/cmake --install /home/kv3/ROBOARM/ManualPhase1/Ros/build/roboticarm_moveit_config
[8.123s] Level 1:colcon.colcon_core.environment:create_environment_scripts_only(roboticarm_moveit_config)
[8.124s] Level 1:colcon.colcon_core.environment:checking '/home/kv3/ROBOARM/ManualPhase1/Ros/install/roboticarm_moveit_config' for CMake module files
[8.125s] DEBUG:colcon.colcon_core.event_handler.log_command:Invoked command in '/home/kv3/ROBOARM/ManualPhase1/Ros/build/roboticarm_moveit_config' returned '0': AMENT_PREFIX_PATH=/home/kv3/ROBOARM/ManualPhase1/Ros/install/roboticarm_description:/home/kv3/ROBOARM/ManualPhase1/Ros/install/roboticarm_moveit_config:/home/kv3/ROBOARM/ManualPhase1/Ros/install/arduino_bridge:/opt/ros/jazzy CMAKE_PREFIX_PATH=${CMAKE_PREFIX_PATH}:/home/kv3/ROBOARM/ManualPhase1/Ros/install/roboticarm_description:/home/kv3/ROBOARM/ManualPhase1/Ros/install/arduino_bridge:/opt/ros/jazzy /usr/bin/cmake --install /home/kv3/ROBOARM/ManualPhase1/Ros/build/roboticarm_moveit_config
[8.128s] Level 1:colcon.colcon_core.environment:checking '/home/kv3/ROBOARM/ManualPhase1/Ros/install/roboticarm_moveit_config' for CMake config files
[8.130s] Level 1:colcon.colcon_core.shell:create_environment_hook('roboticarm_moveit_config', 'cmake_prefix_path')
[8.130s] INFO:colcon.colcon_core.shell:Creating environment hook '/home/kv3/ROBOARM/ManualPhase1/Ros/install/roboticarm_moveit_config/share/roboticarm_moveit_config/hook/cmake_prefix_path.ps1'
[8.132s] INFO:colcon.colcon_core.shell:Creating environment descriptor '/home/kv3/ROBOARM/ManualPhase1/Ros/install/roboticarm_moveit_config/share/roboticarm_moveit_config/hook/cmake_prefix_path.dsv'
[8.134s] INFO:colcon.colcon_core.shell:Creating environment hook '/home/kv3/ROBOARM/ManualPhase1/Ros/install/roboticarm_moveit_config/share/roboticarm_moveit_config/hook/cmake_prefix_path.sh'
[8.136s] Level 1:colcon.colcon_core.environment:checking '/home/kv3/ROBOARM/ManualPhase1/Ros/install/roboticarm_moveit_config/bin'
[8.137s] Level 1:colcon.colcon_core.environment:checking '/home/kv3/ROBOARM/ManualPhase1/Ros/install/roboticarm_moveit_config/lib/pkgconfig/roboticarm_moveit_config.pc'
[8.138s] Level 1:colcon.colcon_core.environment:checking '/home/kv3/ROBOARM/ManualPhase1/Ros/install/roboticarm_moveit_config/lib/python3.12/site-packages'
[8.140s] Level 1:colcon.colcon_core.environment:checking '/home/kv3/ROBOARM/ManualPhase1/Ros/install/roboticarm_moveit_config/bin'
[8.141s] INFO:colcon.colcon_core.shell:Creating package script '/home/kv3/ROBOARM/ManualPhase1/Ros/install/roboticarm_moveit_config/share/roboticarm_moveit_config/package.ps1'
[8.143s] INFO:colcon.colcon_core.shell:Creating package descriptor '/home/kv3/ROBOARM/ManualPhase1/Ros/install/roboticarm_moveit_config/share/roboticarm_moveit_config/package.dsv'
[8.145s] INFO:colcon.colcon_core.shell:Creating package script '/home/kv3/ROBOARM/ManualPhase1/Ros/install/roboticarm_moveit_config/share/roboticarm_moveit_config/package.sh'
[8.147s] INFO:colcon.colcon_core.shell:Creating package script '/home/kv3/ROBOARM/ManualPhase1/Ros/install/roboticarm_moveit_config/share/roboticarm_moveit_config/package.bash'
[8.148s] INFO:colcon.colcon_core.shell:Creating package script '/home/kv3/ROBOARM/ManualPhase1/Ros/install/roboticarm_moveit_config/share/roboticarm_moveit_config/package.zsh'
[8.150s] Level 1:colcon.colcon_core.environment:create_file_with_runtime_dependencies(/home/kv3/ROBOARM/ManualPhase1/Ros/install/roboticarm_moveit_config/share/colcon-core/packages/roboticarm_moveit_config)
[8.152s] Level 1:colcon.colcon_core.environment:create_environment_scripts_only(roboticarm_moveit_config)
[8.153s] Level 1:colcon.colcon_core.environment:checking '/home/kv3/ROBOARM/ManualPhase1/Ros/install/roboticarm_moveit_config' for CMake module files
[8.156s] Level 1:colcon.colcon_core.environment:checking '/home/kv3/ROBOARM/ManualPhase1/Ros/install/roboticarm_moveit_config' for CMake config files
[8.158s] Level 1:colcon.colcon_core.shell:create_environment_hook('roboticarm_moveit_config', 'cmake_prefix_path')
[8.158s] INFO:colcon.colcon_core.shell:Creating environment hook '/home/kv3/ROBOARM/ManualPhase1/Ros/install/roboticarm_moveit_config/share/roboticarm_moveit_config/hook/cmake_prefix_path.ps1'
[8.160s] INFO:colcon.colcon_core.shell:Creating environment descriptor '/home/kv3/ROBOARM/ManualPhase1/Ros/install/roboticarm_moveit_config/share/roboticarm_moveit_config/hook/cmake_prefix_path.dsv'
[8.161s] INFO:colcon.colcon_core.shell:Creating environment hook '/home/kv3/ROBOARM/ManualPhase1/Ros/install/roboticarm_moveit_config/share/roboticarm_moveit_config/hook/cmake_prefix_path.sh'
[8.164s] Level 1:colcon.colcon_core.environment:checking '/home/kv3/ROBOARM/ManualPhase1/Ros/install/roboticarm_moveit_config/bin'
[8.164s] Level 1:colcon.colcon_core.environment:checking '/home/kv3/ROBOARM/ManualPhase1/Ros/install/roboticarm_moveit_config/lib/pkgconfig/roboticarm_moveit_config.pc'
[8.165s] Level 1:colcon.colcon_core.environment:checking '/home/kv3/ROBOARM/ManualPhase1/Ros/install/roboticarm_moveit_config/lib/python3.12/site-packages'
[8.166s] Level 1:colcon.colcon_core.environment:checking '/home/kv3/ROBOARM/ManualPhase1/Ros/install/roboticarm_moveit_config/bin'
[8.167s] INFO:colcon.colcon_core.shell:Creating package script '/home/kv3/ROBOARM/ManualPhase1/Ros/install/roboticarm_moveit_config/share/roboticarm_moveit_config/package.ps1'
[8.169s] INFO:colcon.colcon_core.shell:Creating package descriptor '/home/kv3/ROBOARM/ManualPhase1/Ros/install/roboticarm_moveit_config/share/roboticarm_moveit_config/package.dsv'
[8.171s] INFO:colcon.colcon_core.shell:Creating package script '/home/kv3/ROBOARM/ManualPhase1/Ros/install/roboticarm_moveit_config/share/roboticarm_moveit_config/package.sh'
[8.173s] INFO:colcon.colcon_core.shell:Creating package script '/home/kv3/ROBOARM/ManualPhase1/Ros/install/roboticarm_moveit_config/share/roboticarm_moveit_config/package.bash'
[8.175s] INFO:colcon.colcon_core.shell:Creating package script '/home/kv3/ROBOARM/ManualPhase1/Ros/install/roboticarm_moveit_config/share/roboticarm_moveit_config/package.zsh'
[8.177s] Level 1:colcon.colcon_core.environment:create_file_with_runtime_dependencies(/home/kv3/ROBOARM/ManualPhase1/Ros/install/roboticarm_moveit_config/share/colcon-core/packages/roboticarm_moveit_config)
[8.178s] DEBUG:colcon.colcon_parallel_executor.executor.parallel:closing loop
[8.179s] DEBUG:colcon.colcon_parallel_executor.executor.parallel:loop closed
[8.180s] DEBUG:colcon.colcon_parallel_executor.executor.parallel:run_until_complete finished with '0'
[8.180s] DEBUG:colcon.colcon_core.event_reactor:joining thread
[8.204s] INFO:colcon.colcon_core.plugin_system:Skipping extension 'colcon_notification.desktop_notification.notify_send': Could not find 'notify-send'
[8.205s] INFO:colcon.colcon_core.plugin_system:Skipping extension 'colcon_notification.desktop_notification.terminal_notifier': Not used on non-Darwin systems
[8.205s] INFO:colcon.colcon_core.plugin_system:Skipping extension 'colcon_notification.desktop_notification.win32': Not used on non-Windows systems
[8.205s] INFO:colcon.colcon_notification.desktop_notification:Sending desktop notification using 'notify2'
[8.208s] DEBUG:colcon.colcon_notification.desktop_notification.notify2:Failed to initialize notify2: org.freedesktop.DBus.Error.ServiceUnknown: The name org.freedesktop.Notifications was not provided by any .service files
[8.208s] DEBUG:colcon.colcon_core.event_reactor:joined thread
[8.209s] INFO:colcon.colcon_core.shell:Creating prefix script '/home/kv3/ROBOARM/ManualPhase1/Ros/install/local_setup.ps1'
[8.212s] INFO:colcon.colcon_core.shell:Creating prefix util module '/home/kv3/ROBOARM/ManualPhase1/Ros/install/_local_setup_util_ps1.py'
[8.217s] INFO:colcon.colcon_core.shell:Creating prefix chain script '/home/kv3/ROBOARM/ManualPhase1/Ros/install/setup.ps1'
[8.221s] INFO:colcon.colcon_core.shell:Creating prefix script '/home/kv3/ROBOARM/ManualPhase1/Ros/install/local_setup.sh'
[8.224s] INFO:colcon.colcon_core.shell:Creating prefix util module '/home/kv3/ROBOARM/ManualPhase1/Ros/install/_local_setup_util_sh.py'
[8.227s] INFO:colcon.colcon_core.shell:Creating prefix chain script '/home/kv3/ROBOARM/ManualPhase1/Ros/install/setup.sh'
[8.232s] INFO:colcon.colcon_core.shell:Creating prefix script '/home/kv3/ROBOARM/ManualPhase1/Ros/install/local_setup.bash'
[8.233s] INFO:colcon.colcon_core.shell:Creating prefix chain script '/home/kv3/ROBOARM/ManualPhase1/Ros/install/setup.bash'
[8.237s] INFO:colcon.colcon_core.shell:Creating prefix script '/home/kv3/ROBOARM/ManualPhase1/Ros/install/local_setup.zsh'
[8.239s] INFO:colcon.colcon_core.shell:Creating prefix chain script '/home/kv3/ROBOARM/ManualPhase1/Ros/install/setup.zsh'
