[4.276s] Invoking command in '/home/kv3/ROBOARM/ManualPhase1/Ros/src/roboticarm_description': PYTHONPATH=/home/kv3/ROBOARM/ManualPhase1/Ros/build/roboticarm_description/prefix_override:/usr/lib/python3/dist-packages/colcon_core/task/python/colcon_distutils_commands:/home/kv3/ROBOARM/ManualPhase1/Ros/install/roboticarm_description/lib/python3.12/site-packages:${PYTHONPATH} /usr/bin/python3 -W ignore:setup.py install is deprecated -W ignore:easy_install command is deprecated setup.py egg_info --egg-base ../../build/roboticarm_description build --build-base /home/kv3/ROBOARM/ManualPhase1/Ros/build/roboticarm_description/build install --record /home/kv3/ROBOARM/ManualPhase1/Ros/build/roboticarm_description/install.log --install-scripts $base/lib/roboticarm_description --single-version-externally-managed install_data
[4.857s] /usr/lib/python3/dist-packages/setuptools/dist.py:744: SetuptoolsDeprecationWarning: Invalid dash-separated options
[4.858s] !!
[4.858s] 
[4.859s]         ********************************************************************************
[4.859s]         Usage of dash-separated 'script-dir' will not be supported in future
[4.860s]         versions. Please use the underscore name 'script_dir' instead.
[4.860s] 
[4.860s]         This deprecation is overdue, please update your project and remove deprecated
[4.861s]         calls to avoid build errors in the future.
[4.861s] 
[4.862s]         See https://setuptools.pypa.io/en/latest/userguide/declarative_config.html for details.
[4.862s]         ********************************************************************************
[4.862s] 
[4.863s] !!
[4.863s]   opt = self.warn_dash_deprecation(opt, section)
[5.413s] running egg_info
[5.489s] writing ../../build/roboticarm_description/roboticarm_description.egg-info/PKG-INFO
[5.490s] writing dependency_links to ../../build/roboticarm_description/roboticarm_description.egg-info/dependency_links.txt
[5.491s] writing requirements to ../../build/roboticarm_description/roboticarm_description.egg-info/requires.txt
[5.492s] writing top-level names to ../../build/roboticarm_description/roboticarm_description.egg-info/top_level.txt
[5.650s] reading manifest file '../../build/roboticarm_description/roboticarm_description.egg-info/SOURCES.txt'
[5.655s] writing manifest file '../../build/roboticarm_description/roboticarm_description.egg-info/SOURCES.txt'
[5.656s] running build
[5.656s] running build_py
[5.657s] running install
[5.684s] running install_lib
[5.764s] running install_data
[5.767s] running install_egg_info
[5.850s] removing '/home/kv3/ROBOARM/ManualPhase1/Ros/install/roboticarm_description/lib/python3.12/site-packages/roboticarm_description-0.0.0-py3.12.egg-info' (and everything under it)
[5.852s] Copying ../../build/roboticarm_description/roboticarm_description.egg-info to /home/kv3/ROBOARM/ManualPhase1/Ros/install/roboticarm_description/lib/python3.12/site-packages/roboticarm_description-0.0.0-py3.12.egg-info
[5.858s] running install_scripts
[6.439s] writing list of installed files to '/home/kv3/ROBOARM/ManualPhase1/Ros/build/roboticarm_description/install.log'
[6.642s] Invoked command in '/home/kv3/ROBOARM/ManualPhase1/Ros/src/roboticarm_description' returned '0': PYTHONPATH=/home/kv3/ROBOARM/ManualPhase1/Ros/build/roboticarm_description/prefix_override:/usr/lib/python3/dist-packages/colcon_core/task/python/colcon_distutils_commands:/home/kv3/ROBOARM/ManualPhase1/Ros/install/roboticarm_description/lib/python3.12/site-packages:${PYTHONPATH} /usr/bin/python3 -W ignore:setup.py install is deprecated -W ignore:easy_install command is deprecated setup.py egg_info --egg-base ../../build/roboticarm_description build --build-base /home/kv3/ROBOARM/ManualPhase1/Ros/build/roboticarm_description/build install --record /home/kv3/ROBOARM/ManualPhase1/Ros/build/roboticarm_description/install.log --install-scripts $base/lib/roboticarm_description --single-version-externally-managed install_data
