/home/kv3/ROBOARM/ManualPhase1/ROBO_ws/install/roboticarm_control/lib/python3.12/site-packages/roboticarm_control/__init__.py
/home/kv3/ROBOARM/ManualPhase1/ROBO_ws/install/roboticarm_control/lib/python3.12/site-packages/roboticarm_control/object_detector.py
/home/kv3/ROBOARM/ManualPhase1/ROBO_ws/install/roboticarm_control/lib/python3.12/site-packages/roboticarm_control/object_follower.py
/home/kv3/ROBOARM/ManualPhase1/ROBO_ws/install/roboticarm_control/lib/python3.12/site-packages/roboticarm_control/move_robot.py
/home/kv3/ROBOARM/ManualPhase1/ROBO_ws/install/roboticarm_control/lib/python3.12/site-packages/roboticarm_control/__pycache__/__init__.cpython-312.pyc
/home/kv3/ROBOARM/ManualPhase1/ROBO_ws/install/roboticarm_control/lib/python3.12/site-packages/roboticarm_control/__pycache__/object_detector.cpython-312.pyc
/home/kv3/ROBOARM/ManualPhase1/ROBO_ws/install/roboticarm_control/lib/python3.12/site-packages/roboticarm_control/__pycache__/object_follower.cpython-312.pyc
/home/kv3/ROBOARM/ManualPhase1/ROBO_ws/install/roboticarm_control/lib/python3.12/site-packages/roboticarm_control/__pycache__/move_robot.cpython-312.pyc
/home/kv3/ROBOARM/ManualPhase1/ROBO_ws/install/roboticarm_control/share/ament_index/resource_index/packages/roboticarm_control
/home/kv3/ROBOARM/ManualPhase1/ROBO_ws/install/roboticarm_control/share/roboticarm_control/package.xml
/home/kv3/ROBOARM/ManualPhase1/ROBO_ws/install/roboticarm_control/lib/python3.12/site-packages/roboticarm_control-0.0.0-py3.12.egg-info/dependency_links.txt
/home/kv3/ROBOARM/ManualPhase1/ROBO_ws/install/roboticarm_control/lib/python3.12/site-packages/roboticarm_control-0.0.0-py3.12.egg-info/entry_points.txt
/home/kv3/ROBOARM/ManualPhase1/ROBO_ws/install/roboticarm_control/lib/python3.12/site-packages/roboticarm_control-0.0.0-py3.12.egg-info/SOURCES.txt
/home/kv3/ROBOARM/ManualPhase1/ROBO_ws/install/roboticarm_control/lib/python3.12/site-packages/roboticarm_control-0.0.0-py3.12.egg-info/zip-safe
/home/kv3/ROBOARM/ManualPhase1/ROBO_ws/install/roboticarm_control/lib/python3.12/site-packages/roboticarm_control-0.0.0-py3.12.egg-info/top_level.txt
/home/kv3/ROBOARM/ManualPhase1/ROBO_ws/install/roboticarm_control/lib/python3.12/site-packages/roboticarm_control-0.0.0-py3.12.egg-info/PKG-INFO
/home/kv3/ROBOARM/ManualPhase1/ROBO_ws/install/roboticarm_control/lib/python3.12/site-packages/roboticarm_control-0.0.0-py3.12.egg-info/requires.txt
/home/kv3/ROBOARM/ManualPhase1/ROBO_ws/install/roboticarm_control/lib/roboticarm_control/move_robot
/home/kv3/ROBOARM/ManualPhase1/ROBO_ws/install/roboticarm_control/lib/roboticarm_control/object_detector
/home/kv3/ROBOARM/ManualPhase1/ROBO_ws/install/roboticarm_control/lib/roboticarm_control/object_follower
