[0.038s] Invoking command in '/home/kirat/Desktop/ROBOARM/ManualPhase1/Ros/build/roboticarm_moveit_config': AMENT_PREFIX_PATH=/home/kirat/Desktop/ROBOARM/ManualPhase1/Ros/install/roboticarm_description:${AMENT_PREFIX_PATH} CMAKE_PREFIX_PATH=${CMAKE_PREFIX_PATH}:/opt/ros/jazzy DEBUGINFOD_URLS=https://debuginfod.ubuntu.com PYTHONPATH=/home/kirat/Desktop/ROBOARM/ManualPhase1/Ros/install/roboticarm_description/lib/python3.12/site-packages:${PYTHONPATH} /usr/bin/cmake --build /home/kirat/Desktop/ROBOARM/ManualPhase1/Ros/build/roboticarm_moveit_config -- -j12 -l12
[0.210s] Invoked command in '/home/kirat/Desktop/ROBOARM/ManualPhase1/Ros/build/roboticarm_moveit_config' returned '0': AMENT_PREFIX_PATH=/home/kirat/Desktop/ROBOARM/ManualPhase1/Ros/install/roboticarm_description:${AMENT_PREFIX_PATH} CMAKE_PREFIX_PATH=${CMAKE_PREFIX_PATH}:/opt/ros/jazzy DEBUGINFOD_URLS=https://debuginfod.ubuntu.com PYTHONPATH=/home/kirat/Desktop/ROBOARM/ManualPhase1/Ros/install/roboticarm_description/lib/python3.12/site-packages:${PYTHONPATH} /usr/bin/cmake --build /home/kirat/Desktop/ROBOARM/ManualPhase1/Ros/build/roboticarm_moveit_config -- -j12 -l12
[0.239s] Invoking command in '/home/kirat/Desktop/ROBOARM/ManualPhase1/Ros/build/roboticarm_moveit_config': AMENT_PREFIX_PATH=/home/kirat/Desktop/ROBOARM/ManualPhase1/Ros/install/roboticarm_description:${AMENT_PREFIX_PATH} CMAKE_PREFIX_PATH=${CMAKE_PREFIX_PATH}:/opt/ros/jazzy DEBUGINFOD_URLS=https://debuginfod.ubuntu.com PYTHONPATH=/home/kirat/Desktop/ROBOARM/ManualPhase1/Ros/install/roboticarm_description/lib/python3.12/site-packages:${PYTHONPATH} /usr/bin/cmake --install /home/kirat/Desktop/ROBOARM/ManualPhase1/Ros/build/roboticarm_moveit_config
[0.265s] -- Install configuration: ""
[0.267s] -- Up-to-date: /home/kirat/Desktop/ROBOARM/ManualPhase1/Ros/install/roboticarm_moveit_config/share/ament_index/resource_index/package_run_dependencies/roboticarm_moveit_config
[0.267s] -- Up-to-date: /home/kirat/Desktop/ROBOARM/ManualPhase1/Ros/install/roboticarm_moveit_config/share/ament_index/resource_index/parent_prefix_path/roboticarm_moveit_config
[0.268s] -- Up-to-date: /home/kirat/Desktop/ROBOARM/ManualPhase1/Ros/install/roboticarm_moveit_config/share/roboticarm_moveit_config/environment/ament_prefix_path.sh
[0.268s] -- Up-to-date: /home/kirat/Desktop/ROBOARM/ManualPhase1/Ros/install/roboticarm_moveit_config/share/roboticarm_moveit_config/environment/ament_prefix_path.dsv
[0.268s] -- Up-to-date: /home/kirat/Desktop/ROBOARM/ManualPhase1/Ros/install/roboticarm_moveit_config/share/roboticarm_moveit_config/environment/path.sh
[0.268s] -- Up-to-date: /home/kirat/Desktop/ROBOARM/ManualPhase1/Ros/install/roboticarm_moveit_config/share/roboticarm_moveit_config/environment/path.dsv
[0.269s] -- Up-to-date: /home/kirat/Desktop/ROBOARM/ManualPhase1/Ros/install/roboticarm_moveit_config/share/roboticarm_moveit_config/local_setup.bash
[0.269s] -- Up-to-date: /home/kirat/Desktop/ROBOARM/ManualPhase1/Ros/install/roboticarm_moveit_config/share/roboticarm_moveit_config/local_setup.sh
[0.269s] -- Up-to-date: /home/kirat/Desktop/ROBOARM/ManualPhase1/Ros/install/roboticarm_moveit_config/share/roboticarm_moveit_config/local_setup.zsh
[0.269s] -- Up-to-date: /home/kirat/Desktop/ROBOARM/ManualPhase1/Ros/install/roboticarm_moveit_config/share/roboticarm_moveit_config/local_setup.dsv
[0.269s] -- Installing: /home/kirat/Desktop/ROBOARM/ManualPhase1/Ros/install/roboticarm_moveit_config/share/roboticarm_moveit_config/package.dsv
[0.270s] -- Up-to-date: /home/kirat/Desktop/ROBOARM/ManualPhase1/Ros/install/roboticarm_moveit_config/share/ament_index/resource_index/packages/roboticarm_moveit_config
[0.270s] -- Up-to-date: /home/kirat/Desktop/ROBOARM/ManualPhase1/Ros/install/roboticarm_moveit_config/share/roboticarm_moveit_config/cmake/roboticarm_moveit_configConfig.cmake
[0.270s] -- Up-to-date: /home/kirat/Desktop/ROBOARM/ManualPhase1/Ros/install/roboticarm_moveit_config/share/roboticarm_moveit_config/cmake/roboticarm_moveit_configConfig-version.cmake
[0.270s] -- Up-to-date: /home/kirat/Desktop/ROBOARM/ManualPhase1/Ros/install/roboticarm_moveit_config/share/roboticarm_moveit_config/package.xml
[0.271s] -- Up-to-date: /home/kirat/Desktop/ROBOARM/ManualPhase1/Ros/install/roboticarm_moveit_config/share/roboticarm_moveit_config/launch
[0.271s] -- Up-to-date: /home/kirat/Desktop/ROBOARM/ManualPhase1/Ros/install/roboticarm_moveit_config/share/roboticarm_moveit_config/launch/moveit_rviz.launch.py
[0.271s] -- Up-to-date: /home/kirat/Desktop/ROBOARM/ManualPhase1/Ros/install/roboticarm_moveit_config/share/roboticarm_moveit_config/launch/rsp.launch.py
[0.271s] -- Up-to-date: /home/kirat/Desktop/ROBOARM/ManualPhase1/Ros/install/roboticarm_moveit_config/share/roboticarm_moveit_config/launch/demo.launch.py
[0.271s] -- Up-to-date: /home/kirat/Desktop/ROBOARM/ManualPhase1/Ros/install/roboticarm_moveit_config/share/roboticarm_moveit_config/launch/setup_assistant.launch.py
[0.272s] -- Up-to-date: /home/kirat/Desktop/ROBOARM/ManualPhase1/Ros/install/roboticarm_moveit_config/share/roboticarm_moveit_config/launch/spawn_controllers.launch.py
[0.272s] -- Up-to-date: /home/kirat/Desktop/ROBOARM/ManualPhase1/Ros/install/roboticarm_moveit_config/share/roboticarm_moveit_config/launch/move_group.launch.py
[0.272s] -- Up-to-date: /home/kirat/Desktop/ROBOARM/ManualPhase1/Ros/install/roboticarm_moveit_config/share/roboticarm_moveit_config/launch/static_virtual_joint_tfs.launch.py
[0.272s] -- Up-to-date: /home/kirat/Desktop/ROBOARM/ManualPhase1/Ros/install/roboticarm_moveit_config/share/roboticarm_moveit_config/launch/warehouse_db.launch.py
[0.272s] -- Up-to-date: /home/kirat/Desktop/ROBOARM/ManualPhase1/Ros/install/roboticarm_moveit_config/share/roboticarm_moveit_config/config
[0.272s] -- Up-to-date: /home/kirat/Desktop/ROBOARM/ManualPhase1/Ros/install/roboticarm_moveit_config/share/roboticarm_moveit_config/config/kinematics.yaml
[0.273s] -- Up-to-date: /home/kirat/Desktop/ROBOARM/ManualPhase1/Ros/install/roboticarm_moveit_config/share/roboticarm_moveit_config/config/joint_limits.yaml
[0.273s] -- Up-to-date: /home/kirat/Desktop/ROBOARM/ManualPhase1/Ros/install/roboticarm_moveit_config/share/roboticarm_moveit_config/config/roboticarm.srdf
[0.273s] -- Up-to-date: /home/kirat/Desktop/ROBOARM/ManualPhase1/Ros/install/roboticarm_moveit_config/share/roboticarm_moveit_config/config/moveit.rviz
[0.273s] -- Up-to-date: /home/kirat/Desktop/ROBOARM/ManualPhase1/Ros/install/roboticarm_moveit_config/share/roboticarm_moveit_config/config/initial_positions.yaml
[0.273s] -- Up-to-date: /home/kirat/Desktop/ROBOARM/ManualPhase1/Ros/install/roboticarm_moveit_config/share/roboticarm_moveit_config/config/roboticarm.ros2_control.xacro
[0.274s] -- Up-to-date: /home/kirat/Desktop/ROBOARM/ManualPhase1/Ros/install/roboticarm_moveit_config/share/roboticarm_moveit_config/config/ros2_controllers.yaml
[0.274s] -- Up-to-date: /home/kirat/Desktop/ROBOARM/ManualPhase1/Ros/install/roboticarm_moveit_config/share/roboticarm_moveit_config/config/roboticarm.urdf.xacro
[0.274s] -- Up-to-date: /home/kirat/Desktop/ROBOARM/ManualPhase1/Ros/install/roboticarm_moveit_config/share/roboticarm_moveit_config/config/pilz_cartesian_limits.yaml
[0.274s] -- Up-to-date: /home/kirat/Desktop/ROBOARM/ManualPhase1/Ros/install/roboticarm_moveit_config/share/roboticarm_moveit_config/config/moveit_controllers.yaml
[0.274s] -- Up-to-date: /home/kirat/Desktop/ROBOARM/ManualPhase1/Ros/install/roboticarm_moveit_config/share/roboticarm_moveit_config/.setup_assistant
[0.277s] Invoked command in '/home/kirat/Desktop/ROBOARM/ManualPhase1/Ros/build/roboticarm_moveit_config' returned '0': AMENT_PREFIX_PATH=/home/kirat/Desktop/ROBOARM/ManualPhase1/Ros/install/roboticarm_description:${AMENT_PREFIX_PATH} CMAKE_PREFIX_PATH=${CMAKE_PREFIX_PATH}:/opt/ros/jazzy DEBUGINFOD_URLS=https://debuginfod.ubuntu.com PYTHONPATH=/home/kirat/Desktop/ROBOARM/ManualPhase1/Ros/install/roboticarm_description/lib/python3.12/site-packages:${PYTHONPATH} /usr/bin/cmake --install /home/kirat/Desktop/ROBOARM/ManualPhase1/Ros/build/roboticarm_moveit_config
