[0.043s] Invoking command in '/home/kv3/ROBOARM/ManualPhase1/Ros/build/roboticarm_moveit_config': AMENT_PREFIX_PATH=/home/kv3/ROBOARM/ManualPhase1/Ros/install/roboticarm_description:/home/kv3/ROBOARM/ManualPhase1/Ros/install/roboticarm_moveit_config:/home/kv3/ROBOARM/ManualPhase1/Ros/install/arduino_bridge:/opt/ros/jazzy CMAKE_PREFIX_PATH=${CMAKE_PREFIX_PATH}:/home/kv3/ROBOARM/ManualPhase1/Ros/install/roboticarm_description:/home/kv3/ROBOARM/ManualPhase1/Ros/install/arduino_bridge:/opt/ros/jazzy /usr/bin/cmake --build /home/kv3/ROBOARM/ManualPhase1/Ros/build/roboticarm_moveit_config -- -j4 -l4
[0.229s] Invoked command in '/home/kv3/ROBOARM/ManualPhase1/Ros/build/roboticarm_moveit_config' returned '0': AMENT_PREFIX_PATH=/home/kv3/ROBOARM/ManualPhase1/Ros/install/roboticarm_description:/home/kv3/ROBOARM/ManualPhase1/Ros/install/roboticarm_moveit_config:/home/kv3/ROBOARM/ManualPhase1/Ros/install/arduino_bridge:/opt/ros/jazzy CMAKE_PREFIX_PATH=${CMAKE_PREFIX_PATH}:/home/kv3/ROBOARM/ManualPhase1/Ros/install/roboticarm_description:/home/kv3/ROBOARM/ManualPhase1/Ros/install/arduino_bridge:/opt/ros/jazzy /usr/bin/cmake --build /home/kv3/ROBOARM/ManualPhase1/Ros/build/roboticarm_moveit_config -- -j4 -l4
[0.279s] Invoking command in '/home/kv3/ROBOARM/ManualPhase1/Ros/build/roboticarm_moveit_config': AMENT_PREFIX_PATH=/home/kv3/ROBOARM/ManualPhase1/Ros/install/roboticarm_description:/home/kv3/ROBOARM/ManualPhase1/Ros/install/roboticarm_moveit_config:/home/kv3/ROBOARM/ManualPhase1/Ros/install/arduino_bridge:/opt/ros/jazzy CMAKE_PREFIX_PATH=${CMAKE_PREFIX_PATH}:/home/kv3/ROBOARM/ManualPhase1/Ros/install/roboticarm_description:/home/kv3/ROBOARM/ManualPhase1/Ros/install/arduino_bridge:/opt/ros/jazzy /usr/bin/cmake --install /home/kv3/ROBOARM/ManualPhase1/Ros/build/roboticarm_moveit_config
[0.318s] -- Install configuration: ""
[0.319s] -- Up-to-date: /home/kv3/ROBOARM/ManualPhase1/Ros/install/roboticarm_moveit_config/share/ament_index/resource_index/package_run_dependencies/roboticarm_moveit_config
[0.319s] -- Up-to-date: /home/kv3/ROBOARM/ManualPhase1/Ros/install/roboticarm_moveit_config/share/ament_index/resource_index/parent_prefix_path/roboticarm_moveit_config
[0.320s] -- Up-to-date: /home/kv3/ROBOARM/ManualPhase1/Ros/install/roboticarm_moveit_config/share/roboticarm_moveit_config/environment/ament_prefix_path.sh
[0.320s] -- Up-to-date: /home/kv3/ROBOARM/ManualPhase1/Ros/install/roboticarm_moveit_config/share/roboticarm_moveit_config/environment/ament_prefix_path.dsv
[0.320s] -- Up-to-date: /home/kv3/ROBOARM/ManualPhase1/Ros/install/roboticarm_moveit_config/share/roboticarm_moveit_config/environment/path.sh
[0.321s] -- Up-to-date: /home/kv3/ROBOARM/ManualPhase1/Ros/install/roboticarm_moveit_config/share/roboticarm_moveit_config/environment/path.dsv
[0.321s] -- Up-to-date: /home/kv3/ROBOARM/ManualPhase1/Ros/install/roboticarm_moveit_config/share/roboticarm_moveit_config/local_setup.bash
[0.322s] -- Up-to-date: /home/kv3/ROBOARM/ManualPhase1/Ros/install/roboticarm_moveit_config/share/roboticarm_moveit_config/local_setup.sh
[0.322s] -- Up-to-date: /home/kv3/ROBOARM/ManualPhase1/Ros/install/roboticarm_moveit_config/share/roboticarm_moveit_config/local_setup.zsh
[0.323s] -- Up-to-date: /home/kv3/ROBOARM/ManualPhase1/Ros/install/roboticarm_moveit_config/share/roboticarm_moveit_config/local_setup.dsv
[0.323s] -- Installing: /home/kv3/ROBOARM/ManualPhase1/Ros/install/roboticarm_moveit_config/share/roboticarm_moveit_config/package.dsv
[0.324s] -- Up-to-date: /home/kv3/ROBOARM/ManualPhase1/Ros/install/roboticarm_moveit_config/share/ament_index/resource_index/packages/roboticarm_moveit_config
[0.324s] -- Up-to-date: /home/kv3/ROBOARM/ManualPhase1/Ros/install/roboticarm_moveit_config/share/roboticarm_moveit_config/cmake/roboticarm_moveit_configConfig.cmake
[0.325s] -- Up-to-date: /home/kv3/ROBOARM/ManualPhase1/Ros/install/roboticarm_moveit_config/share/roboticarm_moveit_config/cmake/roboticarm_moveit_configConfig-version.cmake
[0.326s] -- Up-to-date: /home/kv3/ROBOARM/ManualPhase1/Ros/install/roboticarm_moveit_config/share/roboticarm_moveit_config/package.xml
[0.326s] -- Up-to-date: /home/kv3/ROBOARM/ManualPhase1/Ros/install/roboticarm_moveit_config/share/roboticarm_moveit_config/launch
[0.327s] -- Up-to-date: /home/kv3/ROBOARM/ManualPhase1/Ros/install/roboticarm_moveit_config/share/roboticarm_moveit_config/launch/move_group.launch.py
[0.328s] -- Up-to-date: /home/kv3/ROBOARM/ManualPhase1/Ros/install/roboticarm_moveit_config/share/roboticarm_moveit_config/launch/spawn_controllers.launch.py
[0.328s] -- Up-to-date: /home/kv3/ROBOARM/ManualPhase1/Ros/install/roboticarm_moveit_config/share/roboticarm_moveit_config/launch/static_virtual_joint_tfs.launch.py
[0.328s] -- Up-to-date: /home/kv3/ROBOARM/ManualPhase1/Ros/install/roboticarm_moveit_config/share/roboticarm_moveit_config/launch/demo.launch.py
[0.329s] -- Up-to-date: /home/kv3/ROBOARM/ManualPhase1/Ros/install/roboticarm_moveit_config/share/roboticarm_moveit_config/launch/setup_assistant.launch.py
[0.329s] -- Up-to-date: /home/kv3/ROBOARM/ManualPhase1/Ros/install/roboticarm_moveit_config/share/roboticarm_moveit_config/launch/rsp.launch.py
[0.330s] -- Up-to-date: /home/kv3/ROBOARM/ManualPhase1/Ros/install/roboticarm_moveit_config/share/roboticarm_moveit_config/launch/warehouse_db.launch.py
[0.330s] -- Up-to-date: /home/kv3/ROBOARM/ManualPhase1/Ros/install/roboticarm_moveit_config/share/roboticarm_moveit_config/launch/moveit_rviz.launch.py
[0.330s] -- Up-to-date: /home/kv3/ROBOARM/ManualPhase1/Ros/install/roboticarm_moveit_config/share/roboticarm_moveit_config/config
[0.331s] -- Up-to-date: /home/kv3/ROBOARM/ManualPhase1/Ros/install/roboticarm_moveit_config/share/roboticarm_moveit_config/config/roboticarm.ros2_control.xacro
[0.331s] -- Up-to-date: /home/kv3/ROBOARM/ManualPhase1/Ros/install/roboticarm_moveit_config/share/roboticarm_moveit_config/config/joint_limits.yaml
[0.332s] -- Up-to-date: /home/kv3/ROBOARM/ManualPhase1/Ros/install/roboticarm_moveit_config/share/roboticarm_moveit_config/config/initial_positions.yaml
[0.332s] -- Up-to-date: /home/kv3/ROBOARM/ManualPhase1/Ros/install/roboticarm_moveit_config/share/roboticarm_moveit_config/config/ros2_controllers.yaml
[0.333s] -- Up-to-date: /home/kv3/ROBOARM/ManualPhase1/Ros/install/roboticarm_moveit_config/share/roboticarm_moveit_config/config/moveit_controllers.yaml
[0.333s] -- Up-to-date: /home/kv3/ROBOARM/ManualPhase1/Ros/install/roboticarm_moveit_config/share/roboticarm_moveit_config/config/roboticarm.urdf.xacro
[0.334s] -- Up-to-date: /home/kv3/ROBOARM/ManualPhase1/Ros/install/roboticarm_moveit_config/share/roboticarm_moveit_config/config/pilz_cartesian_limits.yaml
[0.334s] -- Up-to-date: /home/kv3/ROBOARM/ManualPhase1/Ros/install/roboticarm_moveit_config/share/roboticarm_moveit_config/config/moveit.rviz
[0.334s] -- Up-to-date: /home/kv3/ROBOARM/ManualPhase1/Ros/install/roboticarm_moveit_config/share/roboticarm_moveit_config/config/roboticarm.srdf
[0.335s] -- Up-to-date: /home/kv3/ROBOARM/ManualPhase1/Ros/install/roboticarm_moveit_config/share/roboticarm_moveit_config/config/kinematics.yaml
[0.335s] -- Up-to-date: /home/kv3/ROBOARM/ManualPhase1/Ros/install/roboticarm_moveit_config/share/roboticarm_moveit_config/.setup_assistant
[0.339s] Invoked command in '/home/kv3/ROBOARM/ManualPhase1/Ros/build/roboticarm_moveit_config' returned '0': AMENT_PREFIX_PATH=/home/kv3/ROBOARM/ManualPhase1/Ros/install/roboticarm_description:/home/kv3/ROBOARM/ManualPhase1/Ros/install/roboticarm_moveit_config:/home/kv3/ROBOARM/ManualPhase1/Ros/install/arduino_bridge:/opt/ros/jazzy CMAKE_PREFIX_PATH=${CMAKE_PREFIX_PATH}:/home/kv3/ROBOARM/ManualPhase1/Ros/install/roboticarm_description:/home/kv3/ROBOARM/ManualPhase1/Ros/install/arduino_bridge:/opt/ros/jazzy /usr/bin/cmake --install /home/kv3/ROBOARM/ManualPhase1/Ros/build/roboticarm_moveit_config
