[0.175s] DEBUG:colcon:Command line arguments: ['/usr/bin/colcon', 'build']
[0.175s] DEBUG:colcon:Parsed command line arguments: Namespace(log_base=None, log_level=None, verb_name='build', build_base='build', install_base='install', merge_install=False, symlink_install=False, test_result_base=None, continue_on_error=False, executor='parallel', parallel_workers=12, event_handlers=None, ignore_user_meta=False, metas=['./colcon.meta'], base_paths=['.'], packages_ignore=None, packages_ignore_regex=None, paths=None, packages_up_to=None, packages_up_to_regex=None, packages_above=None, packages_above_and_dependencies=None, packages_above_depth=None, packages_select_by_dep=None, packages_skip_by_dep=None, packages_skip_up_to=None, packages_select_build_failed=False, packages_skip_build_finished=False, packages_select_test_failures=False, packages_skip_test_passed=False, packages_select=None, packages_skip=None, packages_select_regex=None, packages_skip_regex=None, packages_start=None, packages_end=None, allow_overriding=[], cmake_args=None, cmake_target=None, cmake_target_skip_unavailable=False, cmake_clean_cache=False, cmake_clean_first=False, cmake_force_configure=False, ament_cmake_args=None, catkin_cmake_args=None, catkin_skip_building_tests=False, mixin_files=None, mixin=None, verb_parser=<colcon_mixin.mixin.mixin_argument.MixinArgumentDecorator object at 0x78b862d1bc50>, verb_extension=<colcon_core.verb.build.BuildVerb object at 0x78b862d1b530>, main=<bound method BuildVerb.main of <colcon_core.verb.build.BuildVerb object at 0x78b862d1b530>>, mixin_verb=('build',))
[0.240s] Level 1:colcon.colcon_core.package_discovery:discover_packages(colcon_meta) check parameters
[0.240s] Level 1:colcon.colcon_core.package_discovery:discover_packages(recursive) check parameters
[0.240s] Level 1:colcon.colcon_core.package_discovery:discover_packages(ignore) check parameters
[0.240s] Level 1:colcon.colcon_core.package_discovery:discover_packages(path) check parameters
[0.240s] Level 1:colcon.colcon_core.package_discovery:discover_packages(colcon_meta) discover
[0.240s] Level 1:colcon.colcon_core.package_discovery:discover_packages(recursive) discover
[0.240s] INFO:colcon.colcon_core.package_discovery:Crawling recursively for packages in '/home/kirat/Desktop/ROBOARM/ManualPhase1/Moveit'
[0.240s] Level 1:colcon.colcon_core.package_identification:_identify(.) by extensions ['ignore', 'ignore_ament_install']
[0.241s] Level 1:colcon.colcon_core.package_identification:_identify(.) by extension 'ignore'
[0.241s] Level 1:colcon.colcon_core.package_identification:_identify(.) by extension 'ignore_ament_install'
[0.241s] Level 1:colcon.colcon_core.package_identification:_identify(.) by extensions ['colcon_pkg']
[0.241s] Level 1:colcon.colcon_core.package_identification:_identify(.) by extension 'colcon_pkg'
[0.241s] Level 1:colcon.colcon_core.package_identification:_identify(.) by extensions ['colcon_meta']
[0.241s] Level 1:colcon.colcon_core.package_identification:_identify(.) by extension 'colcon_meta'
[0.241s] Level 1:colcon.colcon_core.package_identification:_identify(.) by extensions ['ros']
[0.241s] Level 1:colcon.colcon_core.package_identification:_identify(.) by extension 'ros'
[0.282s] Level 1:colcon.colcon_core.package_identification:_identify(.) by extensions ['cmake', 'python']
[0.282s] Level 1:colcon.colcon_core.package_identification:_identify(.) by extension 'cmake'
[0.282s] Level 1:colcon.colcon_core.package_identification:_identify(.) by extension 'python'
[0.282s] Level 1:colcon.colcon_core.package_identification:_identify(.) by extensions ['python_setup_py']
[0.282s] Level 1:colcon.colcon_core.package_identification:_identify(.) by extension 'python_setup_py'
[0.282s] Level 1:colcon.colcon_core.package_identification:_identify(build) by extensions ['ignore', 'ignore_ament_install']
[0.282s] Level 1:colcon.colcon_core.package_identification:_identify(build) by extension 'ignore'
[0.283s] Level 1:colcon.colcon_core.package_identification:_identify(build) ignored
[0.283s] Level 1:colcon.colcon_core.package_identification:_identify(install) by extensions ['ignore', 'ignore_ament_install']
[0.283s] Level 1:colcon.colcon_core.package_identification:_identify(install) by extension 'ignore'
[0.283s] Level 1:colcon.colcon_core.package_identification:_identify(install) ignored
[0.283s] Level 1:colcon.colcon_core.package_identification:_identify(log) by extensions ['ignore', 'ignore_ament_install']
[0.283s] Level 1:colcon.colcon_core.package_identification:_identify(log) by extension 'ignore'
[0.283s] Level 1:colcon.colcon_core.package_identification:_identify(log) ignored
[0.283s] Level 1:colcon.colcon_core.package_identification:_identify(src) by extensions ['ignore', 'ignore_ament_install']
[0.284s] Level 1:colcon.colcon_core.package_identification:_identify(src) by extension 'ignore'
[0.284s] Level 1:colcon.colcon_core.package_identification:_identify(src) by extension 'ignore_ament_install'
[0.284s] Level 1:colcon.colcon_core.package_identification:_identify(src) by extensions ['colcon_pkg']
[0.284s] Level 1:colcon.colcon_core.package_identification:_identify(src) by extension 'colcon_pkg'
[0.284s] Level 1:colcon.colcon_core.package_identification:_identify(src) by extensions ['colcon_meta']
[0.284s] Level 1:colcon.colcon_core.package_identification:_identify(src) by extension 'colcon_meta'
[0.284s] Level 1:colcon.colcon_core.package_identification:_identify(src) by extensions ['ros']
[0.284s] Level 1:colcon.colcon_core.package_identification:_identify(src) by extension 'ros'
[0.284s] Level 1:colcon.colcon_core.package_identification:_identify(src) by extensions ['cmake', 'python']
[0.284s] Level 1:colcon.colcon_core.package_identification:_identify(src) by extension 'cmake'
[0.284s] Level 1:colcon.colcon_core.package_identification:_identify(src) by extension 'python'
[0.284s] Level 1:colcon.colcon_core.package_identification:_identify(src) by extensions ['python_setup_py']
[0.284s] Level 1:colcon.colcon_core.package_identification:_identify(src) by extension 'python_setup_py'
[0.285s] Level 1:colcon.colcon_core.package_identification:_identify(src/roboticarm_moveit_config) by extensions ['ignore', 'ignore_ament_install']
[0.285s] Level 1:colcon.colcon_core.package_identification:_identify(src/roboticarm_moveit_config) by extension 'ignore'
[0.285s] Level 1:colcon.colcon_core.package_identification:_identify(src/roboticarm_moveit_config) by extension 'ignore_ament_install'
[0.285s] Level 1:colcon.colcon_core.package_identification:_identify(src/roboticarm_moveit_config) by extensions ['colcon_pkg']
[0.285s] Level 1:colcon.colcon_core.package_identification:_identify(src/roboticarm_moveit_config) by extension 'colcon_pkg'
[0.285s] Level 1:colcon.colcon_core.package_identification:_identify(src/roboticarm_moveit_config) by extensions ['colcon_meta']
[0.285s] Level 1:colcon.colcon_core.package_identification:_identify(src/roboticarm_moveit_config) by extension 'colcon_meta'
[0.285s] Level 1:colcon.colcon_core.package_identification:_identify(src/roboticarm_moveit_config) by extensions ['ros']
[0.285s] Level 1:colcon.colcon_core.package_identification:_identify(src/roboticarm_moveit_config) by extension 'ros'
[0.290s] DEBUG:colcon.colcon_core.package_identification:Package 'src/roboticarm_moveit_config' with type 'ros.ament_cmake' and name 'roboticarm_moveit_config'
[0.290s] Level 1:colcon.colcon_core.package_discovery:discover_packages(recursive) using defaults
[0.290s] Level 1:colcon.colcon_core.package_discovery:discover_packages(ignore) discover
[0.290s] Level 1:colcon.colcon_core.package_discovery:discover_packages(ignore) using defaults
[0.290s] Level 1:colcon.colcon_core.package_discovery:discover_packages(path) discover
[0.290s] Level 1:colcon.colcon_core.package_discovery:discover_packages(path) using defaults
[0.319s] Level 1:colcon.colcon_core.package_discovery:discover_packages(prefix_path) check parameters
[0.319s] Level 1:colcon.colcon_core.package_discovery:discover_packages(prefix_path) discover
[0.324s] DEBUG:colcon.colcon_installed_package_information.package_discovery:Found 366 installed packages in /opt/ros/jazzy
[0.327s] Level 1:colcon.colcon_core.package_discovery:discover_packages(prefix_path) using defaults
[0.410s] Level 5:colcon.colcon_core.verb:set package 'roboticarm_moveit_config' build argument 'cmake_args' from command line to 'None'
[0.410s] Level 5:colcon.colcon_core.verb:set package 'roboticarm_moveit_config' build argument 'cmake_target' from command line to 'None'
[0.410s] Level 5:colcon.colcon_core.verb:set package 'roboticarm_moveit_config' build argument 'cmake_target_skip_unavailable' from command line to 'False'
[0.410s] Level 5:colcon.colcon_core.verb:set package 'roboticarm_moveit_config' build argument 'cmake_clean_cache' from command line to 'False'
[0.410s] Level 5:colcon.colcon_core.verb:set package 'roboticarm_moveit_config' build argument 'cmake_clean_first' from command line to 'False'
[0.410s] Level 5:colcon.colcon_core.verb:set package 'roboticarm_moveit_config' build argument 'cmake_force_configure' from command line to 'False'
[0.410s] Level 5:colcon.colcon_core.verb:set package 'roboticarm_moveit_config' build argument 'ament_cmake_args' from command line to 'None'
[0.410s] Level 5:colcon.colcon_core.verb:set package 'roboticarm_moveit_config' build argument 'catkin_cmake_args' from command line to 'None'
[0.410s] Level 5:colcon.colcon_core.verb:set package 'roboticarm_moveit_config' build argument 'catkin_skip_building_tests' from command line to 'False'
[0.410s] DEBUG:colcon.colcon_core.verb:Building package 'roboticarm_moveit_config' with the following arguments: {'ament_cmake_args': None, 'build_base': '/home/kirat/Desktop/ROBOARM/ManualPhase1/Moveit/build/roboticarm_moveit_config', 'catkin_cmake_args': None, 'catkin_skip_building_tests': False, 'cmake_args': None, 'cmake_clean_cache': False, 'cmake_clean_first': False, 'cmake_force_configure': False, 'cmake_target': None, 'cmake_target_skip_unavailable': False, 'install_base': '/home/kirat/Desktop/ROBOARM/ManualPhase1/Moveit/install/roboticarm_moveit_config', 'merge_install': False, 'path': '/home/kirat/Desktop/ROBOARM/ManualPhase1/Moveit/src/roboticarm_moveit_config', 'symlink_install': False, 'test_result_base': None}
[0.410s] INFO:colcon.colcon_core.executor:Executing jobs using 'parallel' executor
[0.412s] DEBUG:colcon.colcon_parallel_executor.executor.parallel:run_until_complete
[0.412s] INFO:colcon.colcon_ros.task.ament_cmake.build:Building ROS package in '/home/kirat/Desktop/ROBOARM/ManualPhase1/Moveit/src/roboticarm_moveit_config' with build type 'ament_cmake'
[0.412s] INFO:colcon.colcon_cmake.task.cmake.build:Building CMake package in '/home/kirat/Desktop/ROBOARM/ManualPhase1/Moveit/src/roboticarm_moveit_config'
[0.416s] INFO:colcon.colcon_core.plugin_system:Skipping extension 'colcon_core.shell.bat': Not used on non-Windows systems
[0.416s] INFO:colcon.colcon_core.shell:Skip shell extension 'powershell' for command environment: Not usable outside of PowerShell
[0.416s] DEBUG:colcon.colcon_core.shell:Skip shell extension 'dsv' for command environment
[0.430s] DEBUG:colcon.colcon_core.event_handler.log_command:Invoking command in '/home/kirat/Desktop/ROBOARM/ManualPhase1/Moveit/build/roboticarm_moveit_config': CMAKE_PREFIX_PATH=${CMAKE_PREFIX_PATH}:/opt/ros/jazzy DEBUGINFOD_URLS=https://debuginfod.ubuntu.com /usr/bin/cmake /home/kirat/Desktop/ROBOARM/ManualPhase1/Moveit/src/roboticarm_moveit_config -DCMAKE_INSTALL_PREFIX=/home/kirat/Desktop/ROBOARM/ManualPhase1/Moveit/install/roboticarm_moveit_config
[1.710s] DEBUG:colcon.colcon_core.event_handler.log_command:Invoked command in '/home/kirat/Desktop/ROBOARM/ManualPhase1/Moveit/build/roboticarm_moveit_config' returned '0': CMAKE_PREFIX_PATH=${CMAKE_PREFIX_PATH}:/opt/ros/jazzy DEBUGINFOD_URLS=https://debuginfod.ubuntu.com /usr/bin/cmake /home/kirat/Desktop/ROBOARM/ManualPhase1/Moveit/src/roboticarm_moveit_config -DCMAKE_INSTALL_PREFIX=/home/kirat/Desktop/ROBOARM/ManualPhase1/Moveit/install/roboticarm_moveit_config
[1.712s] DEBUG:colcon.colcon_core.event_handler.log_command:Invoking command in '/home/kirat/Desktop/ROBOARM/ManualPhase1/Moveit/build/roboticarm_moveit_config': CMAKE_PREFIX_PATH=${CMAKE_PREFIX_PATH}:/opt/ros/jazzy DEBUGINFOD_URLS=https://debuginfod.ubuntu.com /usr/bin/cmake --build /home/kirat/Desktop/ROBOARM/ManualPhase1/Moveit/build/roboticarm_moveit_config -- -j12 -l12
[1.786s] DEBUG:colcon.colcon_core.event_handler.log_command:Invoked command in '/home/kirat/Desktop/ROBOARM/ManualPhase1/Moveit/build/roboticarm_moveit_config' returned '0': CMAKE_PREFIX_PATH=${CMAKE_PREFIX_PATH}:/opt/ros/jazzy DEBUGINFOD_URLS=https://debuginfod.ubuntu.com /usr/bin/cmake --build /home/kirat/Desktop/ROBOARM/ManualPhase1/Moveit/build/roboticarm_moveit_config -- -j12 -l12
[1.804s] DEBUG:colcon.colcon_core.event_handler.log_command:Invoking command in '/home/kirat/Desktop/ROBOARM/ManualPhase1/Moveit/build/roboticarm_moveit_config': CMAKE_PREFIX_PATH=${CMAKE_PREFIX_PATH}:/opt/ros/jazzy DEBUGINFOD_URLS=https://debuginfod.ubuntu.com /usr/bin/cmake --install /home/kirat/Desktop/ROBOARM/ManualPhase1/Moveit/build/roboticarm_moveit_config
[1.833s] Level 1:colcon.colcon_core.environment:create_environment_scripts_only(roboticarm_moveit_config)
[1.833s] DEBUG:colcon.colcon_core.event_handler.log_command:Invoked command in '/home/kirat/Desktop/ROBOARM/ManualPhase1/Moveit/build/roboticarm_moveit_config' returned '0': CMAKE_PREFIX_PATH=${CMAKE_PREFIX_PATH}:/opt/ros/jazzy DEBUGINFOD_URLS=https://debuginfod.ubuntu.com /usr/bin/cmake --install /home/kirat/Desktop/ROBOARM/ManualPhase1/Moveit/build/roboticarm_moveit_config
[1.837s] Level 1:colcon.colcon_core.environment:checking '/home/kirat/Desktop/ROBOARM/ManualPhase1/Moveit/install/roboticarm_moveit_config' for CMake module files
[1.837s] Level 1:colcon.colcon_core.environment:checking '/home/kirat/Desktop/ROBOARM/ManualPhase1/Moveit/install/roboticarm_moveit_config' for CMake config files
[1.838s] Level 1:colcon.colcon_core.shell:create_environment_hook('roboticarm_moveit_config', 'cmake_prefix_path')
[1.838s] INFO:colcon.colcon_core.shell:Creating environment hook '/home/kirat/Desktop/ROBOARM/ManualPhase1/Moveit/install/roboticarm_moveit_config/share/roboticarm_moveit_config/hook/cmake_prefix_path.ps1'
[1.839s] INFO:colcon.colcon_core.shell:Creating environment descriptor '/home/kirat/Desktop/ROBOARM/ManualPhase1/Moveit/install/roboticarm_moveit_config/share/roboticarm_moveit_config/hook/cmake_prefix_path.dsv'
[1.839s] INFO:colcon.colcon_core.shell:Creating environment hook '/home/kirat/Desktop/ROBOARM/ManualPhase1/Moveit/install/roboticarm_moveit_config/share/roboticarm_moveit_config/hook/cmake_prefix_path.sh'
[1.841s] Level 1:colcon.colcon_core.environment:checking '/home/kirat/Desktop/ROBOARM/ManualPhase1/Moveit/install/roboticarm_moveit_config/bin'
[1.841s] Level 1:colcon.colcon_core.environment:checking '/home/kirat/Desktop/ROBOARM/ManualPhase1/Moveit/install/roboticarm_moveit_config/lib/pkgconfig/roboticarm_moveit_config.pc'
[1.841s] Level 1:colcon.colcon_core.environment:checking '/home/kirat/Desktop/ROBOARM/ManualPhase1/Moveit/install/roboticarm_moveit_config/lib/python3.12/site-packages'
[1.842s] Level 1:colcon.colcon_core.environment:checking '/home/kirat/Desktop/ROBOARM/ManualPhase1/Moveit/install/roboticarm_moveit_config/bin'
[1.842s] INFO:colcon.colcon_core.shell:Creating package script '/home/kirat/Desktop/ROBOARM/ManualPhase1/Moveit/install/roboticarm_moveit_config/share/roboticarm_moveit_config/package.ps1'
[1.843s] INFO:colcon.colcon_core.shell:Creating package descriptor '/home/kirat/Desktop/ROBOARM/ManualPhase1/Moveit/install/roboticarm_moveit_config/share/roboticarm_moveit_config/package.dsv'
[1.844s] INFO:colcon.colcon_core.shell:Creating package script '/home/kirat/Desktop/ROBOARM/ManualPhase1/Moveit/install/roboticarm_moveit_config/share/roboticarm_moveit_config/package.sh'
[1.845s] INFO:colcon.colcon_core.shell:Creating package script '/home/kirat/Desktop/ROBOARM/ManualPhase1/Moveit/install/roboticarm_moveit_config/share/roboticarm_moveit_config/package.bash'
[1.846s] INFO:colcon.colcon_core.shell:Creating package script '/home/kirat/Desktop/ROBOARM/ManualPhase1/Moveit/install/roboticarm_moveit_config/share/roboticarm_moveit_config/package.zsh'
[1.847s] Level 1:colcon.colcon_core.environment:create_file_with_runtime_dependencies(/home/kirat/Desktop/ROBOARM/ManualPhase1/Moveit/install/roboticarm_moveit_config/share/colcon-core/packages/roboticarm_moveit_config)
[1.848s] Level 1:colcon.colcon_core.environment:create_environment_scripts_only(roboticarm_moveit_config)
[1.848s] Level 1:colcon.colcon_core.environment:checking '/home/kirat/Desktop/ROBOARM/ManualPhase1/Moveit/install/roboticarm_moveit_config' for CMake module files
[1.849s] Level 1:colcon.colcon_core.environment:checking '/home/kirat/Desktop/ROBOARM/ManualPhase1/Moveit/install/roboticarm_moveit_config' for CMake config files
[1.849s] Level 1:colcon.colcon_core.shell:create_environment_hook('roboticarm_moveit_config', 'cmake_prefix_path')
[1.849s] INFO:colcon.colcon_core.shell:Creating environment hook '/home/kirat/Desktop/ROBOARM/ManualPhase1/Moveit/install/roboticarm_moveit_config/share/roboticarm_moveit_config/hook/cmake_prefix_path.ps1'
[1.850s] INFO:colcon.colcon_core.shell:Creating environment descriptor '/home/kirat/Desktop/ROBOARM/ManualPhase1/Moveit/install/roboticarm_moveit_config/share/roboticarm_moveit_config/hook/cmake_prefix_path.dsv'
[1.850s] INFO:colcon.colcon_core.shell:Creating environment hook '/home/kirat/Desktop/ROBOARM/ManualPhase1/Moveit/install/roboticarm_moveit_config/share/roboticarm_moveit_config/hook/cmake_prefix_path.sh'
[1.851s] Level 1:colcon.colcon_core.environment:checking '/home/kirat/Desktop/ROBOARM/ManualPhase1/Moveit/install/roboticarm_moveit_config/bin'
[1.851s] Level 1:colcon.colcon_core.environment:checking '/home/kirat/Desktop/ROBOARM/ManualPhase1/Moveit/install/roboticarm_moveit_config/lib/pkgconfig/roboticarm_moveit_config.pc'
[1.852s] Level 1:colcon.colcon_core.environment:checking '/home/kirat/Desktop/ROBOARM/ManualPhase1/Moveit/install/roboticarm_moveit_config/lib/python3.12/site-packages'
[1.852s] Level 1:colcon.colcon_core.environment:checking '/home/kirat/Desktop/ROBOARM/ManualPhase1/Moveit/install/roboticarm_moveit_config/bin'
[1.852s] INFO:colcon.colcon_core.shell:Creating package script '/home/kirat/Desktop/ROBOARM/ManualPhase1/Moveit/install/roboticarm_moveit_config/share/roboticarm_moveit_config/package.ps1'
[1.853s] INFO:colcon.colcon_core.shell:Creating package descriptor '/home/kirat/Desktop/ROBOARM/ManualPhase1/Moveit/install/roboticarm_moveit_config/share/roboticarm_moveit_config/package.dsv'
[1.854s] INFO:colcon.colcon_core.shell:Creating package script '/home/kirat/Desktop/ROBOARM/ManualPhase1/Moveit/install/roboticarm_moveit_config/share/roboticarm_moveit_config/package.sh'
[1.854s] INFO:colcon.colcon_core.shell:Creating package script '/home/kirat/Desktop/ROBOARM/ManualPhase1/Moveit/install/roboticarm_moveit_config/share/roboticarm_moveit_config/package.bash'
[1.855s] INFO:colcon.colcon_core.shell:Creating package script '/home/kirat/Desktop/ROBOARM/ManualPhase1/Moveit/install/roboticarm_moveit_config/share/roboticarm_moveit_config/package.zsh'
[1.856s] Level 1:colcon.colcon_core.environment:create_file_with_runtime_dependencies(/home/kirat/Desktop/ROBOARM/ManualPhase1/Moveit/install/roboticarm_moveit_config/share/colcon-core/packages/roboticarm_moveit_config)
[1.856s] DEBUG:colcon.colcon_parallel_executor.executor.parallel:closing loop
[1.857s] DEBUG:colcon.colcon_parallel_executor.executor.parallel:loop closed
[1.857s] DEBUG:colcon.colcon_parallel_executor.executor.parallel:run_until_complete finished with '0'
[1.857s] DEBUG:colcon.colcon_core.event_reactor:joining thread
[1.866s] INFO:colcon.colcon_core.plugin_system:Skipping extension 'colcon_notification.desktop_notification.terminal_notifier': Not used on non-Darwin systems
[1.867s] INFO:colcon.colcon_core.plugin_system:Skipping extension 'colcon_notification.desktop_notification.win32': Not used on non-Windows systems
[1.867s] INFO:colcon.colcon_notification.desktop_notification:Sending desktop notification using 'notify2'
[1.894s] DEBUG:colcon.colcon_core.event_reactor:joined thread
[1.895s] INFO:colcon.colcon_core.shell:Creating prefix script '/home/kirat/Desktop/ROBOARM/ManualPhase1/Moveit/install/local_setup.ps1'
[1.896s] INFO:colcon.colcon_core.shell:Creating prefix util module '/home/kirat/Desktop/ROBOARM/ManualPhase1/Moveit/install/_local_setup_util_ps1.py'
[1.898s] INFO:colcon.colcon_core.shell:Creating prefix chain script '/home/kirat/Desktop/ROBOARM/ManualPhase1/Moveit/install/setup.ps1'
[1.899s] INFO:colcon.colcon_core.shell:Creating prefix script '/home/kirat/Desktop/ROBOARM/ManualPhase1/Moveit/install/local_setup.sh'
[1.900s] INFO:colcon.colcon_core.shell:Creating prefix util module '/home/kirat/Desktop/ROBOARM/ManualPhase1/Moveit/install/_local_setup_util_sh.py'
[1.901s] INFO:colcon.colcon_core.shell:Creating prefix chain script '/home/kirat/Desktop/ROBOARM/ManualPhase1/Moveit/install/setup.sh'
[1.902s] INFO:colcon.colcon_core.shell:Creating prefix script '/home/kirat/Desktop/ROBOARM/ManualPhase1/Moveit/install/local_setup.bash'
[1.903s] INFO:colcon.colcon_core.shell:Creating prefix chain script '/home/kirat/Desktop/ROBOARM/ManualPhase1/Moveit/install/setup.bash'
[1.904s] INFO:colcon.colcon_core.shell:Creating prefix script '/home/kirat/Desktop/ROBOARM/ManualPhase1/Moveit/install/local_setup.zsh'
[1.905s] INFO:colcon.colcon_core.shell:Creating prefix chain script '/home/kirat/Desktop/ROBOARM/ManualPhase1/Moveit/install/setup.zsh'
