[0.017s] Invoking command in '/home/kirat/Desktop/ROBOARM/ManualPhase1/Moveit/build/roboticarm_moveit_config': CMAKE_PREFIX_PATH=${CMAKE_PREFIX_PATH}:/opt/ros/jazzy DEBUGINFOD_URLS=https://debuginfod.ubuntu.com /usr/bin/cmake /home/kirat/Desktop/ROBOARM/ManualPhase1/Moveit/src/roboticarm_moveit_config -DCMAKE_INSTALL_PREFIX=/home/kirat/Desktop/ROBOARM/ManualPhase1/Moveit/install/roboticarm_moveit_config
[0.143s] -- The C compiler identification is GNU 13.3.0
[0.240s] -- The CXX compiler identification is GNU 13.3.0
[0.271s] -- Detecting C compiler ABI info
[0.438s] -- Detecting C compiler ABI info - done
[0.453s] -- Check for working C compiler: /usr/bin/cc - skipped
[0.454s] -- Detecting C compile features
[0.454s] -- Detecting C compile features - done
[0.472s] -- Detecting CXX compiler ABI info
[0.651s] -- Detecting CXX compiler ABI info - done
[0.666s] -- Check for working CXX compiler: /usr/bin/c++ - skipped
[0.667s] -- Detecting CXX compile features
[0.668s] -- Detecting CXX compile features - done
[0.676s] -- Found ament_cmake: 2.5.5 (/opt/ros/jazzy/share/ament_cmake/cmake)
[0.933s] -- Found Python3: /usr/bin/python3 (found version "3.12.3") found components: Interpreter 
[1.280s] -- Configuring done (1.2s)
[1.286s] -- Generating done (0.0s)
[1.289s] -- Build files have been written to: /home/kirat/Desktop/ROBOARM/ManualPhase1/Moveit/build/roboticarm_moveit_config
[1.297s] Invoked command in '/home/kirat/Desktop/ROBOARM/ManualPhase1/Moveit/build/roboticarm_moveit_config' returned '0': CMAKE_PREFIX_PATH=${CMAKE_PREFIX_PATH}:/opt/ros/jazzy DEBUGINFOD_URLS=https://debuginfod.ubuntu.com /usr/bin/cmake /home/kirat/Desktop/ROBOARM/ManualPhase1/Moveit/src/roboticarm_moveit_config -DCMAKE_INSTALL_PREFIX=/home/kirat/Desktop/ROBOARM/ManualPhase1/Moveit/install/roboticarm_moveit_config
[1.299s] Invoking command in '/home/kirat/Desktop/ROBOARM/ManualPhase1/Moveit/build/roboticarm_moveit_config': CMAKE_PREFIX_PATH=${CMAKE_PREFIX_PATH}:/opt/ros/jazzy DEBUGINFOD_URLS=https://debuginfod.ubuntu.com /usr/bin/cmake --build /home/kirat/Desktop/ROBOARM/ManualPhase1/Moveit/build/roboticarm_moveit_config -- -j12 -l12
[1.373s] Invoked command in '/home/kirat/Desktop/ROBOARM/ManualPhase1/Moveit/build/roboticarm_moveit_config' returned '0': CMAKE_PREFIX_PATH=${CMAKE_PREFIX_PATH}:/opt/ros/jazzy DEBUGINFOD_URLS=https://debuginfod.ubuntu.com /usr/bin/cmake --build /home/kirat/Desktop/ROBOARM/ManualPhase1/Moveit/build/roboticarm_moveit_config -- -j12 -l12
[1.391s] Invoking command in '/home/kirat/Desktop/ROBOARM/ManualPhase1/Moveit/build/roboticarm_moveit_config': CMAKE_PREFIX_PATH=${CMAKE_PREFIX_PATH}:/opt/ros/jazzy DEBUGINFOD_URLS=https://debuginfod.ubuntu.com /usr/bin/cmake --install /home/kirat/Desktop/ROBOARM/ManualPhase1/Moveit/build/roboticarm_moveit_config
[1.407s] -- Install configuration: ""
[1.407s] -- Installing: /home/kirat/Desktop/ROBOARM/ManualPhase1/Moveit/install/roboticarm_moveit_config/share/ament_index/resource_index/package_run_dependencies/roboticarm_moveit_config
[1.407s] -- Installing: /home/kirat/Desktop/ROBOARM/ManualPhase1/Moveit/install/roboticarm_moveit_config/share/ament_index/resource_index/parent_prefix_path/roboticarm_moveit_config
[1.408s] -- Installing: /home/kirat/Desktop/ROBOARM/ManualPhase1/Moveit/install/roboticarm_moveit_config/share/roboticarm_moveit_config/environment/ament_prefix_path.sh
[1.408s] -- Installing: /home/kirat/Desktop/ROBOARM/ManualPhase1/Moveit/install/roboticarm_moveit_config/share/roboticarm_moveit_config/environment/ament_prefix_path.dsv
[1.408s] -- Installing: /home/kirat/Desktop/ROBOARM/ManualPhase1/Moveit/install/roboticarm_moveit_config/share/roboticarm_moveit_config/environment/path.sh
[1.409s] -- Installing: /home/kirat/Desktop/ROBOARM/ManualPhase1/Moveit/install/roboticarm_moveit_config/share/roboticarm_moveit_config/environment/path.dsv
[1.409s] -- Installing: /home/kirat/Desktop/ROBOARM/ManualPhase1/Moveit/install/roboticarm_moveit_config/share/roboticarm_moveit_config/local_setup.bash
[1.409s] -- Installing: /home/kirat/Desktop/ROBOARM/ManualPhase1/Moveit/install/roboticarm_moveit_config/share/roboticarm_moveit_config/local_setup.sh
[1.410s] -- Installing: /home/kirat/Desktop/ROBOARM/ManualPhase1/Moveit/install/roboticarm_moveit_config/share/roboticarm_moveit_config/local_setup.zsh
[1.410s] -- Installing: /home/kirat/Desktop/ROBOARM/ManualPhase1/Moveit/install/roboticarm_moveit_config/share/roboticarm_moveit_config/local_setup.dsv
[1.410s] -- Installing: /home/kirat/Desktop/ROBOARM/ManualPhase1/Moveit/install/roboticarm_moveit_config/share/roboticarm_moveit_config/package.dsv
[1.411s] -- Installing: /home/kirat/Desktop/ROBOARM/ManualPhase1/Moveit/install/roboticarm_moveit_config/share/ament_index/resource_index/packages/roboticarm_moveit_config
[1.411s] -- Installing: /home/kirat/Desktop/ROBOARM/ManualPhase1/Moveit/install/roboticarm_moveit_config/share/roboticarm_moveit_config/cmake/roboticarm_moveit_configConfig.cmake
[1.411s] -- Installing: /home/kirat/Desktop/ROBOARM/ManualPhase1/Moveit/install/roboticarm_moveit_config/share/roboticarm_moveit_config/cmake/roboticarm_moveit_configConfig-version.cmake
[1.412s] -- Installing: /home/kirat/Desktop/ROBOARM/ManualPhase1/Moveit/install/roboticarm_moveit_config/share/roboticarm_moveit_config/package.xml
[1.412s] -- Installing: /home/kirat/Desktop/ROBOARM/ManualPhase1/Moveit/install/roboticarm_moveit_config/share/roboticarm_moveit_config/launch
[1.412s] -- Installing: /home/kirat/Desktop/ROBOARM/ManualPhase1/Moveit/install/roboticarm_moveit_config/share/roboticarm_moveit_config/launch/moveit_rviz.launch.py
[1.413s] -- Installing: /home/kirat/Desktop/ROBOARM/ManualPhase1/Moveit/install/roboticarm_moveit_config/share/roboticarm_moveit_config/launch/rsp.launch.py
[1.413s] -- Installing: /home/kirat/Desktop/ROBOARM/ManualPhase1/Moveit/install/roboticarm_moveit_config/share/roboticarm_moveit_config/launch/demo.launch.py
[1.413s] -- Installing: /home/kirat/Desktop/ROBOARM/ManualPhase1/Moveit/install/roboticarm_moveit_config/share/roboticarm_moveit_config/launch/setup_assistant.launch.py
[1.413s] -- Installing: /home/kirat/Desktop/ROBOARM/ManualPhase1/Moveit/install/roboticarm_moveit_config/share/roboticarm_moveit_config/launch/spawn_controllers.launch.py
[1.414s] -- Installing: /home/kirat/Desktop/ROBOARM/ManualPhase1/Moveit/install/roboticarm_moveit_config/share/roboticarm_moveit_config/launch/move_group.launch.py
[1.414s] -- Installing: /home/kirat/Desktop/ROBOARM/ManualPhase1/Moveit/install/roboticarm_moveit_config/share/roboticarm_moveit_config/launch/static_virtual_joint_tfs.launch.py
[1.414s] -- Installing: /home/kirat/Desktop/ROBOARM/ManualPhase1/Moveit/install/roboticarm_moveit_config/share/roboticarm_moveit_config/launch/warehouse_db.launch.py
[1.414s] -- Installing: /home/kirat/Desktop/ROBOARM/ManualPhase1/Moveit/install/roboticarm_moveit_config/share/roboticarm_moveit_config/config
[1.414s] -- Installing: /home/kirat/Desktop/ROBOARM/ManualPhase1/Moveit/install/roboticarm_moveit_config/share/roboticarm_moveit_config/config/kinematics.yaml
[1.415s] -- Installing: /home/kirat/Desktop/ROBOARM/ManualPhase1/Moveit/install/roboticarm_moveit_config/share/roboticarm_moveit_config/config/joint_limits.yaml
[1.415s] -- Installing: /home/kirat/Desktop/ROBOARM/ManualPhase1/Moveit/install/roboticarm_moveit_config/share/roboticarm_moveit_config/config/roboticarm.srdf
[1.415s] -- Installing: /home/kirat/Desktop/ROBOARM/ManualPhase1/Moveit/install/roboticarm_moveit_config/share/roboticarm_moveit_config/config/moveit.rviz
[1.415s] -- Installing: /home/kirat/Desktop/ROBOARM/ManualPhase1/Moveit/install/roboticarm_moveit_config/share/roboticarm_moveit_config/config/initial_positions.yaml
[1.416s] -- Installing: /home/kirat/Desktop/ROBOARM/ManualPhase1/Moveit/install/roboticarm_moveit_config/share/roboticarm_moveit_config/config/roboticarm.ros2_control.xacro
[1.416s] -- Installing: /home/kirat/Desktop/ROBOARM/ManualPhase1/Moveit/install/roboticarm_moveit_config/share/roboticarm_moveit_config/config/ros2_controllers.yaml
[1.416s] -- Installing: /home/kirat/Desktop/ROBOARM/ManualPhase1/Moveit/install/roboticarm_moveit_config/share/roboticarm_moveit_config/config/roboticarm.urdf.xacro
[1.416s] -- Installing: /home/kirat/Desktop/ROBOARM/ManualPhase1/Moveit/install/roboticarm_moveit_config/share/roboticarm_moveit_config/config/pilz_cartesian_limits.yaml
[1.417s] -- Installing: /home/kirat/Desktop/ROBOARM/ManualPhase1/Moveit/install/roboticarm_moveit_config/share/roboticarm_moveit_config/config/moveit_controllers.yaml
[1.417s] -- Installing: /home/kirat/Desktop/ROBOARM/ManualPhase1/Moveit/install/roboticarm_moveit_config/share/roboticarm_moveit_config/.setup_assistant
[1.420s] Invoked command in '/home/kirat/Desktop/ROBOARM/ManualPhase1/Moveit/build/roboticarm_moveit_config' returned '0': CMAKE_PREFIX_PATH=${CMAKE_PREFIX_PATH}:/opt/ros/jazzy DEBUGINFOD_URLS=https://debuginfod.ubuntu.com /usr/bin/cmake --install /home/kirat/Desktop/ROBOARM/ManualPhase1/Moveit/build/roboticarm_moveit_config
