[4.269s] Invoking command in '/home/kv3/ROBOARM/ManualPhase1/Ros/src/arduino_bridge': PYTHONPATH=/home/kv3/ROBOARM/ManualPhase1/Ros/build/arduino_bridge/prefix_override:/usr/lib/python3/dist-packages/colcon_core/task/python/colcon_distutils_commands:/home/kv3/ROBOARM/ManualPhase1/Ros/install/arduino_bridge/lib/python3.12/site-packages:${PYTHONPATH} /usr/bin/python3 -W ignore:setup.py install is deprecated -W ignore:easy_install command is deprecated setup.py egg_info --egg-base ../../build/arduino_bridge build --build-base /home/kv3/ROBOARM/ManualPhase1/Ros/build/arduino_bridge/build install --record /home/kv3/ROBOARM/ManualPhase1/Ros/build/arduino_bridge/install.log --single-version-externally-managed install_data
[5.395s] running egg_info
[5.472s] writing ../../build/arduino_bridge/arduino_bridge.egg-info/PKG-INFO
[5.473s] writing dependency_links to ../../build/arduino_bridge/arduino_bridge.egg-info/dependency_links.txt
[5.474s] writing entry points to ../../build/arduino_bridge/arduino_bridge.egg-info/entry_points.txt
[5.475s] writing requirements to ../../build/arduino_bridge/arduino_bridge.egg-info/requires.txt
[5.476s] writing top-level names to ../../build/arduino_bridge/arduino_bridge.egg-info/top_level.txt
[5.632s] reading manifest file '../../build/arduino_bridge/arduino_bridge.egg-info/SOURCES.txt'
[5.636s] writing manifest file '../../build/arduino_bridge/arduino_bridge.egg-info/SOURCES.txt'
[5.637s] running build
[5.637s] running build_py
[5.638s] copying arduino_bridge/bridge_node.py -> /home/kv3/ROBOARM/ManualPhase1/Ros/build/arduino_bridge/build/lib/arduino_bridge
[5.640s] running install
[5.666s] running install_lib
[5.743s] copying /home/kv3/ROBOARM/ManualPhase1/Ros/build/arduino_bridge/build/lib/arduino_bridge/bridge_node.py -> /home/kv3/ROBOARM/ManualPhase1/Ros/install/arduino_bridge/lib/python3.12/site-packages/arduino_bridge
[5.746s] byte-compiling /home/kv3/ROBOARM/ManualPhase1/Ros/install/arduino_bridge/lib/python3.12/site-packages/arduino_bridge/bridge_node.py to bridge_node.cpython-312.pyc
[5.749s] running install_data
[5.750s] running install_egg_info
[5.832s] removing '/home/kv3/ROBOARM/ManualPhase1/Ros/install/arduino_bridge/lib/python3.12/site-packages/arduino_bridge-0.0.0-py3.12.egg-info' (and everything under it)
[5.834s] Copying ../../build/arduino_bridge/arduino_bridge.egg-info to /home/kv3/ROBOARM/ManualPhase1/Ros/install/arduino_bridge/lib/python3.12/site-packages/arduino_bridge-0.0.0-py3.12.egg-info
[5.841s] running install_scripts
[6.415s] Installing bridge_node script to /home/kv3/ROBOARM/ManualPhase1/Ros/install/arduino_bridge/lib/arduino_bridge
[6.418s] writing list of installed files to '/home/kv3/ROBOARM/ManualPhase1/Ros/build/arduino_bridge/install.log'
[6.674s] Invoked command in '/home/kv3/ROBOARM/ManualPhase1/Ros/src/arduino_bridge' returned '0': PYTHONPATH=/home/kv3/ROBOARM/ManualPhase1/Ros/build/arduino_bridge/prefix_override:/usr/lib/python3/dist-packages/colcon_core/task/python/colcon_distutils_commands:/home/kv3/ROBOARM/ManualPhase1/Ros/install/arduino_bridge/lib/python3.12/site-packages:${PYTHONPATH} /usr/bin/python3 -W ignore:setup.py install is deprecated -W ignore:easy_install command is deprecated setup.py egg_info --egg-base ../../build/arduino_bridge build --build-base /home/kv3/ROBOARM/ManualPhase1/Ros/build/arduino_bridge/build install --record /home/kv3/ROBOARM/ManualPhase1/Ros/build/arduino_bridge/install.log --single-version-externally-managed install_data
