running egg_info
writing ../../build/arduino_bridge/arduino_bridge.egg-info/PKG-INFO
writing dependency_links to ../../build/arduino_bridge/arduino_bridge.egg-info/dependency_links.txt
writing entry points to ../../build/arduino_bridge/arduino_bridge.egg-info/entry_points.txt
writing requirements to ../../build/arduino_bridge/arduino_bridge.egg-info/requires.txt
writing top-level names to ../../build/arduino_bridge/arduino_bridge.egg-info/top_level.txt
reading manifest file '../../build/arduino_bridge/arduino_bridge.egg-info/SOURCES.txt'
writing manifest file '../../build/arduino_bridge/arduino_bridge.egg-info/SOURCES.txt'
running build
running build_py
copying arduino_bridge/bridge_node.py -> /home/kirat/Desktop/ROBOARM/ManualPhase1/Ros/build/arduino_bridge/build/lib/arduino_bridge
running install
running install_lib
copying /home/kirat/Desktop/ROBOARM/ManualPhase1/Ros/build/arduino_bridge/build/lib/arduino_bridge/bridge_node.py -> /home/kirat/Desktop/ROBOARM/ManualPhase1/Ros/install/arduino_bridge/lib/python3.12/site-packages/arduino_bridge
byte-compiling /home/kirat/Desktop/ROBOARM/ManualPhase1/Ros/install/arduino_bridge/lib/python3.12/site-packages/arduino_bridge/bridge_node.py to bridge_node.cpython-312.pyc
running install_data
running install_egg_info
removing '/home/kirat/Desktop/ROBOARM/ManualPhase1/Ros/install/arduino_bridge/lib/python3.12/site-packages/arduino_bridge-0.0.0-py3.12.egg-info' (and everything under it)
Copying ../../build/arduino_bridge/arduino_bridge.egg-info to /home/kirat/Desktop/ROBOARM/ManualPhase1/Ros/install/arduino_bridge/lib/python3.12/site-packages/arduino_bridge-0.0.0-py3.12.egg-info
running install_scripts
Installing bridge_node script to /home/kirat/Desktop/ROBOARM/ManualPhase1/Ros/install/arduino_bridge/lib/arduino_bridge
writing list of installed files to '/home/kirat/Desktop/ROBOARM/ManualPhase1/Ros/build/arduino_bridge/install.log'
