[2.523s] Invoking command in '/home/kirat/Desktop/ROBOARM/ManualPhase1/Ros/src/arduino_bridge': DEBUGINFOD_URLS=https://debuginfod.ubuntu.com PYTHONPATH=/home/kirat/Desktop/ROBOARM/ManualPhase1/Ros/build/arduino_bridge/prefix_override:/usr/lib/python3/dist-packages/colcon_core/task/python/colcon_distutils_commands:/home/kirat/Desktop/ROBOARM/ManualPhase1/Ros/install/arduino_bridge/lib/python3.12/site-packages:${PYTHONPATH} /usr/bin/python3 -W ignore:setup.py install is deprecated -W ignore:easy_install command is deprecated setup.py egg_info --egg-base ../../build/arduino_bridge build --build-base /home/kirat/Desktop/ROBOARM/ManualPhase1/Ros/build/arduino_bridge/build install --record /home/kirat/Desktop/ROBOARM/ManualPhase1/Ros/build/arduino_bridge/install.log --single-version-externally-managed install_data
[3.199s] running egg_info
[3.252s] writing ../../build/arduino_bridge/arduino_bridge.egg-info/PKG-INFO
[3.253s] writing dependency_links to ../../build/arduino_bridge/arduino_bridge.egg-info/dependency_links.txt
[3.253s] writing entry points to ../../build/arduino_bridge/arduino_bridge.egg-info/entry_points.txt
[3.254s] writing requirements to ../../build/arduino_bridge/arduino_bridge.egg-info/requires.txt
[3.254s] writing top-level names to ../../build/arduino_bridge/arduino_bridge.egg-info/top_level.txt
[3.362s] reading manifest file '../../build/arduino_bridge/arduino_bridge.egg-info/SOURCES.txt'
[3.363s] writing manifest file '../../build/arduino_bridge/arduino_bridge.egg-info/SOURCES.txt'
[3.364s] running build
[3.364s] running build_py
[3.364s] copying arduino_bridge/bridge_node.py -> /home/kirat/Desktop/ROBOARM/ManualPhase1/Ros/build/arduino_bridge/build/lib/arduino_bridge
[3.365s] running install
[3.379s] running install_lib
[3.436s] copying /home/kirat/Desktop/ROBOARM/ManualPhase1/Ros/build/arduino_bridge/build/lib/arduino_bridge/bridge_node.py -> /home/kirat/Desktop/ROBOARM/ManualPhase1/Ros/install/arduino_bridge/lib/python3.12/site-packages/arduino_bridge
[3.437s] byte-compiling /home/kirat/Desktop/ROBOARM/ManualPhase1/Ros/install/arduino_bridge/lib/python3.12/site-packages/arduino_bridge/bridge_node.py to bridge_node.cpython-312.pyc
[3.439s] running install_data
[3.439s] running install_egg_info
[3.497s] removing '/home/kirat/Desktop/ROBOARM/ManualPhase1/Ros/install/arduino_bridge/lib/python3.12/site-packages/arduino_bridge-0.0.0-py3.12.egg-info' (and everything under it)
[3.498s] Copying ../../build/arduino_bridge/arduino_bridge.egg-info to /home/kirat/Desktop/ROBOARM/ManualPhase1/Ros/install/arduino_bridge/lib/python3.12/site-packages/arduino_bridge-0.0.0-py3.12.egg-info
[3.500s] running install_scripts
[3.851s] Installing bridge_node script to /home/kirat/Desktop/ROBOARM/ManualPhase1/Ros/install/arduino_bridge/lib/arduino_bridge
[3.852s] writing list of installed files to '/home/kirat/Desktop/ROBOARM/ManualPhase1/Ros/build/arduino_bridge/install.log'
[3.923s] Invoked command in '/home/kirat/Desktop/ROBOARM/ManualPhase1/Ros/src/arduino_bridge' returned '0': DEBUGINFOD_URLS=https://debuginfod.ubuntu.com PYTHONPATH=/home/kirat/Desktop/ROBOARM/ManualPhase1/Ros/build/arduino_bridge/prefix_override:/usr/lib/python3/dist-packages/colcon_core/task/python/colcon_distutils_commands:/home/kirat/Desktop/ROBOARM/ManualPhase1/Ros/install/arduino_bridge/lib/python3.12/site-packages:${PYTHONPATH} /usr/bin/python3 -W ignore:setup.py install is deprecated -W ignore:easy_install command is deprecated setup.py egg_info --egg-base ../../build/arduino_bridge build --build-base /home/kirat/Desktop/ROBOARM/ManualPhase1/Ros/build/arduino_bridge/build install --record /home/kirat/Desktop/ROBOARM/ManualPhase1/Ros/build/arduino_bridge/install.log --single-version-externally-managed install_data
