[1.475s] Invoking command in '/home/kirat/Desktop/ROBOARM/ManualPhase1/Ros/roboticarm_description': DEBUGINFOD_URLS=https://debuginfod.ubuntu.com PYTHONPATH=/home/kirat/Desktop/ROBOARM/ManualPhase1/Ros/build/roboticarm_description/prefix_override:/usr/lib/python3/dist-packages/colcon_core/task/python/colcon_distutils_commands:/home/kirat/Desktop/ROBOARM/ManualPhase1/Ros/install/roboticarm_description/lib/python3.12/site-packages:${PYTHONPATH} /usr/bin/python3 -W ignore:setup.py install is deprecated -W ignore:easy_install command is deprecated setup.py egg_info --egg-base ../build/roboticarm_description build --build-base /home/kirat/Desktop/ROBOARM/ManualPhase1/Ros/build/roboticarm_description/build install --record /home/kirat/Desktop/ROBOARM/ManualPhase1/Ros/build/roboticarm_description/install.log --install-scripts $base/lib/roboticarm_description --single-version-externally-managed install_data
[1.674s] /usr/lib/python3/dist-packages/setuptools/dist.py:744: SetuptoolsDeprecationWarning: Invalid dash-separated options
[1.674s] !!
[1.674s] 
[1.675s]         ********************************************************************************
[1.675s]         Usage of dash-separated 'script-dir' will not be supported in future
[1.675s]         versions. Please use the underscore name 'script_dir' instead.
[1.675s] 
[1.675s]         This deprecation is overdue, please update your project and remove deprecated
[1.675s]         calls to avoid build errors in the future.
[1.675s] 
[1.675s]         See https://setuptools.pypa.io/en/latest/userguide/declarative_config.html for details.
[1.675s]         ********************************************************************************
[1.676s] 
[1.676s] !!
[1.676s]   opt = self.warn_dash_deprecation(opt, section)
[1.913s] running egg_info
[1.946s] writing ../build/roboticarm_description/roboticarm_description.egg-info/PKG-INFO
[1.946s] writing dependency_links to ../build/roboticarm_description/roboticarm_description.egg-info/dependency_links.txt
[1.947s] writing requirements to ../build/roboticarm_description/roboticarm_description.egg-info/requires.txt
[1.947s] writing top-level names to ../build/roboticarm_description/roboticarm_description.egg-info/top_level.txt
[2.013s] reading manifest file '../build/roboticarm_description/roboticarm_description.egg-info/SOURCES.txt'
[2.015s] writing manifest file '../build/roboticarm_description/roboticarm_description.egg-info/SOURCES.txt'
[2.015s] running build
[2.016s] running build_py
[2.017s] copying roboticarm_description/__init__.py -> /home/kirat/Desktop/ROBOARM/ManualPhase1/Ros/build/roboticarm_description/build/lib/roboticarm_description
[2.017s] running install
[2.026s] running install_lib
[2.060s] copying /home/kirat/Desktop/ROBOARM/ManualPhase1/Ros/build/roboticarm_description/build/lib/roboticarm_description/__init__.py -> /home/kirat/Desktop/ROBOARM/ManualPhase1/Ros/install/roboticarm_description/lib/python3.12/site-packages/roboticarm_description
[2.061s] byte-compiling /home/kirat/Desktop/ROBOARM/ManualPhase1/Ros/install/roboticarm_description/lib/python3.12/site-packages/roboticarm_description/__init__.py to __init__.cpython-312.pyc
[2.062s] running install_data
[2.062s] copying resource/roboticarm_description -> /home/kirat/Desktop/ROBOARM/ManualPhase1/Ros/install/roboticarm_description/share/ament_index/resource_index/packages
[2.062s] copying package.xml -> /home/kirat/Desktop/ROBOARM/ManualPhase1/Ros/install/roboticarm_description/share/roboticarm_description
[2.063s] copying launch/gazebo.launch.py -> /home/kirat/Desktop/ROBOARM/ManualPhase1/Ros/install/roboticarm_description/share/roboticarm_description/launch
[2.063s] copying launch/display.launch.py -> /home/kirat/Desktop/ROBOARM/ManualPhase1/Ros/install/roboticarm_description/share/roboticarm_description/launch
[2.064s] copying urdf/roboticarm.xacro -> /home/kirat/Desktop/ROBOARM/ManualPhase1/Ros/install/roboticarm_description/share/roboticarm_description/urdf
[2.064s] copying urdf/roboticarm.trans -> /home/kirat/Desktop/ROBOARM/ManualPhase1/Ros/install/roboticarm_description/share/roboticarm_description/urdf
[2.064s] copying urdf/materials.xacro -> /home/kirat/Desktop/ROBOARM/ManualPhase1/Ros/install/roboticarm_description/share/roboticarm_description/urdf
[2.065s] copying urdf/roboticarm.gazebo -> /home/kirat/Desktop/ROBOARM/ManualPhase1/Ros/install/roboticarm_description/share/roboticarm_description/urdf
[2.065s] copying meshes/w_b_1.stl -> /home/kirat/Desktop/ROBOARM/ManualPhase1/Ros/install/roboticarm_description/share/roboticarm_description/meshes
[2.066s] copying meshes/base_link.stl -> /home/kirat/Desktop/ROBOARM/ManualPhase1/Ros/install/roboticarm_description/share/roboticarm_description/meshes
[2.066s] copying meshes/w_a_1.stl -> /home/kirat/Desktop/ROBOARM/ManualPhase1/Ros/install/roboticarm_description/share/roboticarm_description/meshes
[2.067s] copying meshes/waist_1.stl -> /home/kirat/Desktop/ROBOARM/ManualPhase1/Ros/install/roboticarm_description/share/roboticarm_description/meshes
[2.067s] copying meshes/elbow_1.stl -> /home/kirat/Desktop/ROBOARM/ManualPhase1/Ros/install/roboticarm_description/share/roboticarm_description/meshes
[2.067s] copying meshes/shoulder_1.stl -> /home/kirat/Desktop/ROBOARM/ManualPhase1/Ros/install/roboticarm_description/share/roboticarm_description/meshes
[2.068s] copying meshes/w_c_1.stl -> /home/kirat/Desktop/ROBOARM/ManualPhase1/Ros/install/roboticarm_description/share/roboticarm_description/meshes
[2.068s] copying meshes/gripper_1.stl -> /home/kirat/Desktop/ROBOARM/ManualPhase1/Ros/install/roboticarm_description/share/roboticarm_description/meshes
[2.069s] running install_egg_info
[2.105s] removing '/home/kirat/Desktop/ROBOARM/ManualPhase1/Ros/install/roboticarm_description/lib/python3.12/site-packages/roboticarm_description-0.0.0-py3.12.egg-info' (and everything under it)
[2.105s] Copying ../build/roboticarm_description/roboticarm_description.egg-info to /home/kirat/Desktop/ROBOARM/ManualPhase1/Ros/install/roboticarm_description/lib/python3.12/site-packages/roboticarm_description-0.0.0-py3.12.egg-info
[2.107s] running install_scripts
[2.328s] writing list of installed files to '/home/kirat/Desktop/ROBOARM/ManualPhase1/Ros/build/roboticarm_description/install.log'
[2.366s] Invoked command in '/home/kirat/Desktop/ROBOARM/ManualPhase1/Ros/roboticarm_description' returned '0': DEBUGINFOD_URLS=https://debuginfod.ubuntu.com PYTHONPATH=/home/kirat/Desktop/ROBOARM/ManualPhase1/Ros/build/roboticarm_description/prefix_override:/usr/lib/python3/dist-packages/colcon_core/task/python/colcon_distutils_commands:/home/kirat/Desktop/ROBOARM/ManualPhase1/Ros/install/roboticarm_description/lib/python3.12/site-packages:${PYTHONPATH} /usr/bin/python3 -W ignore:setup.py install is deprecated -W ignore:easy_install command is deprecated setup.py egg_info --egg-base ../build/roboticarm_description build --build-base /home/kirat/Desktop/ROBOARM/ManualPhase1/Ros/build/roboticarm_description/build install --record /home/kirat/Desktop/ROBOARM/ManualPhase1/Ros/build/roboticarm_description/install.log --install-scripts $base/lib/roboticarm_description --single-version-externally-managed install_data
