[3.135s] Invoking command in '/home/kirat/Desktop/ROBOARM/ManualPhase1/Ros/arduino_bridge': DEBUGINFOD_URLS=https://debuginfod.ubuntu.com PYTHONPATH=/home/kirat/Desktop/ROBOARM/ManualPhase1/Ros/build/arduino_bridge/prefix_override:/usr/lib/python3/dist-packages/colcon_core/task/python/colcon_distutils_commands:/home/kirat/Desktop/ROBOARM/ManualPhase1/Ros/install/arduino_bridge/lib/python3.12/site-packages:${PYTHONPATH} /usr/bin/python3 -W ignore:setup.py install is deprecated -W ignore:easy_install command is deprecated setup.py egg_info --egg-base ../build/arduino_bridge build --build-base /home/kirat/Desktop/ROBOARM/ManualPhase1/Ros/build/arduino_bridge/build install --record /home/kirat/Desktop/ROBOARM/ManualPhase1/Ros/build/arduino_bridge/install.log --single-version-externally-managed install_data
[3.898s] running egg_info
[3.898s] creating ../build/arduino_bridge/arduino_bridge.egg-info
[3.962s] writing ../build/arduino_bridge/arduino_bridge.egg-info/PKG-INFO
[3.962s] writing dependency_links to ../build/arduino_bridge/arduino_bridge.egg-info/dependency_links.txt
[3.963s] writing entry points to ../build/arduino_bridge/arduino_bridge.egg-info/entry_points.txt
[3.963s] writing requirements to ../build/arduino_bridge/arduino_bridge.egg-info/requires.txt
[3.963s] writing top-level names to ../build/arduino_bridge/arduino_bridge.egg-info/top_level.txt
[3.964s] writing manifest file '../build/arduino_bridge/arduino_bridge.egg-info/SOURCES.txt'
[4.097s] reading manifest file '../build/arduino_bridge/arduino_bridge.egg-info/SOURCES.txt'
[4.099s] writing manifest file '../build/arduino_bridge/arduino_bridge.egg-info/SOURCES.txt'
[4.099s] running build
[4.100s] running build_py
[4.100s] creating /home/kirat/Desktop/ROBOARM/ManualPhase1/Ros/build/arduino_bridge/build
[4.100s] creating /home/kirat/Desktop/ROBOARM/ManualPhase1/Ros/build/arduino_bridge/build/lib
[4.101s] creating /home/kirat/Desktop/ROBOARM/ManualPhase1/Ros/build/arduino_bridge/build/lib/arduino_bridge
[4.101s] copying arduino_bridge/bridge_node.py -> /home/kirat/Desktop/ROBOARM/ManualPhase1/Ros/build/arduino_bridge/build/lib/arduino_bridge
[4.101s] copying arduino_bridge/__init__.py -> /home/kirat/Desktop/ROBOARM/ManualPhase1/Ros/build/arduino_bridge/build/lib/arduino_bridge
[4.102s] running install
[4.118s] running install_lib
[4.184s] creating /home/kirat/Desktop/ROBOARM/ManualPhase1/Ros/install/arduino_bridge/lib/python3.12/site-packages/arduino_bridge
[4.184s] copying /home/kirat/Desktop/ROBOARM/ManualPhase1/Ros/build/arduino_bridge/build/lib/arduino_bridge/bridge_node.py -> /home/kirat/Desktop/ROBOARM/ManualPhase1/Ros/install/arduino_bridge/lib/python3.12/site-packages/arduino_bridge
[4.185s] copying /home/kirat/Desktop/ROBOARM/ManualPhase1/Ros/build/arduino_bridge/build/lib/arduino_bridge/__init__.py -> /home/kirat/Desktop/ROBOARM/ManualPhase1/Ros/install/arduino_bridge/lib/python3.12/site-packages/arduino_bridge
[4.186s] byte-compiling /home/kirat/Desktop/ROBOARM/ManualPhase1/Ros/install/arduino_bridge/lib/python3.12/site-packages/arduino_bridge/bridge_node.py to bridge_node.cpython-312.pyc
[4.188s] byte-compiling /home/kirat/Desktop/ROBOARM/ManualPhase1/Ros/install/arduino_bridge/lib/python3.12/site-packages/arduino_bridge/__init__.py to __init__.cpython-312.pyc
[4.188s] running install_data
[4.189s] creating /home/kirat/Desktop/ROBOARM/ManualPhase1/Ros/install/arduino_bridge/share/ament_index
[4.189s] creating /home/kirat/Desktop/ROBOARM/ManualPhase1/Ros/install/arduino_bridge/share/ament_index/resource_index
[4.189s] creating /home/kirat/Desktop/ROBOARM/ManualPhase1/Ros/install/arduino_bridge/share/ament_index/resource_index/packages
[4.190s] copying resource/arduino_bridge -> /home/kirat/Desktop/ROBOARM/ManualPhase1/Ros/install/arduino_bridge/share/ament_index/resource_index/packages
[4.190s] copying package.xml -> /home/kirat/Desktop/ROBOARM/ManualPhase1/Ros/install/arduino_bridge/share/arduino_bridge
[4.190s] running install_egg_info
[4.258s] Copying ../build/arduino_bridge/arduino_bridge.egg-info to /home/kirat/Desktop/ROBOARM/ManualPhase1/Ros/install/arduino_bridge/lib/python3.12/site-packages/arduino_bridge-0.0.0-py3.12.egg-info
[4.261s] running install_scripts
[4.663s] Installing bridge_node script to /home/kirat/Desktop/ROBOARM/ManualPhase1/Ros/install/arduino_bridge/lib/arduino_bridge
[4.664s] writing list of installed files to '/home/kirat/Desktop/ROBOARM/ManualPhase1/Ros/build/arduino_bridge/install.log'
[4.738s] Invoked command in '/home/kirat/Desktop/ROBOARM/ManualPhase1/Ros/arduino_bridge' returned '0': DEBUGINFOD_URLS=https://debuginfod.ubuntu.com PYTHONPATH=/home/kirat/Desktop/ROBOARM/ManualPhase1/Ros/build/arduino_bridge/prefix_override:/usr/lib/python3/dist-packages/colcon_core/task/python/colcon_distutils_commands:/home/kirat/Desktop/ROBOARM/ManualPhase1/Ros/install/arduino_bridge/lib/python3.12/site-packages:${PYTHONPATH} /usr/bin/python3 -W ignore:setup.py install is deprecated -W ignore:easy_install command is deprecated setup.py egg_info --egg-base ../build/arduino_bridge build --build-base /home/kirat/Desktop/ROBOARM/ManualPhase1/Ros/build/arduino_bridge/build install --record /home/kirat/Desktop/ROBOARM/ManualPhase1/Ros/build/arduino_bridge/install.log --single-version-externally-managed install_data
