[5.133s] Invoking command in '/home/kv3/ROBOARM/ManualPhase1/Ros/src/roboticarm_description': PYTHONPATH=/home/kv3/ROBOARM/ManualPhase1/Ros/build/roboticarm_description/prefix_override:/usr/lib/python3/dist-packages/colcon_core/task/python/colcon_distutils_commands:/home/kv3/ROBOARM/ManualPhase1/Ros/install/roboticarm_description/lib/python3.12/site-packages:${PYTHONPATH} /usr/bin/python3 -W ignore:setup.py install is deprecated -W ignore:easy_install command is deprecated setup.py egg_info --egg-base ../../build/roboticarm_description build --build-base /home/kv3/ROBOARM/ManualPhase1/Ros/build/roboticarm_description/build install --record /home/kv3/ROBOARM/ManualPhase1/Ros/build/roboticarm_description/install.log --install-scripts $base/lib/roboticarm_description --single-version-externally-managed install_data
[5.705s] /usr/lib/python3/dist-packages/setuptools/dist.py:744: SetuptoolsDeprecationWarning: Invalid dash-separated options
[5.706s] !!
[5.706s] 
[5.707s]         ********************************************************************************
[5.707s]         Usage of dash-separated 'script-dir' will not be supported in future
[5.708s]         versions. Please use the underscore name 'script_dir' instead.
[5.708s] 
[5.708s]         This deprecation is overdue, please update your project and remove deprecated
[5.709s]         calls to avoid build errors in the future.
[5.709s] 
[5.710s]         See https://setuptools.pypa.io/en/latest/userguide/declarative_config.html for details.
[5.710s]         ********************************************************************************
[5.711s] 
[5.711s] !!
[5.711s]   opt = self.warn_dash_deprecation(opt, section)
[6.258s] running egg_info
[6.259s] creating ../../build/roboticarm_description/roboticarm_description.egg-info
[6.334s] writing ../../build/roboticarm_description/roboticarm_description.egg-info/PKG-INFO
[6.336s] writing dependency_links to ../../build/roboticarm_description/roboticarm_description.egg-info/dependency_links.txt
[6.338s] writing requirements to ../../build/roboticarm_description/roboticarm_description.egg-info/requires.txt
[6.339s] writing top-level names to ../../build/roboticarm_description/roboticarm_description.egg-info/top_level.txt
[6.340s] writing manifest file '../../build/roboticarm_description/roboticarm_description.egg-info/SOURCES.txt'
[6.496s] reading manifest file '../../build/roboticarm_description/roboticarm_description.egg-info/SOURCES.txt'
[6.500s] writing manifest file '../../build/roboticarm_description/roboticarm_description.egg-info/SOURCES.txt'
[6.503s] running build
[6.503s] running build_py
[6.504s] creating /home/kv3/ROBOARM/ManualPhase1/Ros/build/roboticarm_description/build
[6.504s] creating /home/kv3/ROBOARM/ManualPhase1/Ros/build/roboticarm_description/build/lib
[6.507s] creating /home/kv3/ROBOARM/ManualPhase1/Ros/build/roboticarm_description/build/lib/roboticarm_description
[6.507s] copying roboticarm_description/__init__.py -> /home/kv3/ROBOARM/ManualPhase1/Ros/build/roboticarm_description/build/lib/roboticarm_description
[6.508s] running install
[6.531s] running install_lib
[6.610s] creating /home/kv3/ROBOARM/ManualPhase1/Ros/install/roboticarm_description/lib/python3.12/site-packages/roboticarm_description
[6.611s] copying /home/kv3/ROBOARM/ManualPhase1/Ros/build/roboticarm_description/build/lib/roboticarm_description/__init__.py -> /home/kv3/ROBOARM/ManualPhase1/Ros/install/roboticarm_description/lib/python3.12/site-packages/roboticarm_description
[6.612s] byte-compiling /home/kv3/ROBOARM/ManualPhase1/Ros/install/roboticarm_description/lib/python3.12/site-packages/roboticarm_description/__init__.py to __init__.cpython-312.pyc
[6.614s] running install_data
[6.615s] creating /home/kv3/ROBOARM/ManualPhase1/Ros/install/roboticarm_description/share/ament_index
[6.616s] creating /home/kv3/ROBOARM/ManualPhase1/Ros/install/roboticarm_description/share/ament_index/resource_index
[6.617s] creating /home/kv3/ROBOARM/ManualPhase1/Ros/install/roboticarm_description/share/ament_index/resource_index/packages
[6.618s] copying resource/roboticarm_description -> /home/kv3/ROBOARM/ManualPhase1/Ros/install/roboticarm_description/share/ament_index/resource_index/packages
[6.619s] copying package.xml -> /home/kv3/ROBOARM/ManualPhase1/Ros/install/roboticarm_description/share/roboticarm_description
[6.619s] creating /home/kv3/ROBOARM/ManualPhase1/Ros/install/roboticarm_description/share/roboticarm_description/launch
[6.620s] copying launch/display.launch.py -> /home/kv3/ROBOARM/ManualPhase1/Ros/install/roboticarm_description/share/roboticarm_description/launch
[6.624s] copying launch/gazebo.launch.py -> /home/kv3/ROBOARM/ManualPhase1/Ros/install/roboticarm_description/share/roboticarm_description/launch
[6.625s] creating /home/kv3/ROBOARM/ManualPhase1/Ros/install/roboticarm_description/share/roboticarm_description/urdf
[6.625s] copying urdf/roboticarm.xacro -> /home/kv3/ROBOARM/ManualPhase1/Ros/install/roboticarm_description/share/roboticarm_description/urdf
[6.627s] copying urdf/roboticarm.trans -> /home/kv3/ROBOARM/ManualPhase1/Ros/install/roboticarm_description/share/roboticarm_description/urdf
[6.628s] copying urdf/roboticarm.gazebo -> /home/kv3/ROBOARM/ManualPhase1/Ros/install/roboticarm_description/share/roboticarm_description/urdf
[6.630s] copying urdf/materials.xacro -> /home/kv3/ROBOARM/ManualPhase1/Ros/install/roboticarm_description/share/roboticarm_description/urdf
[6.631s] creating /home/kv3/ROBOARM/ManualPhase1/Ros/install/roboticarm_description/share/roboticarm_description/meshes
[6.632s] copying meshes/w_b_1.stl -> /home/kv3/ROBOARM/ManualPhase1/Ros/install/roboticarm_description/share/roboticarm_description/meshes
[6.636s] copying meshes/w_c_1.stl -> /home/kv3/ROBOARM/ManualPhase1/Ros/install/roboticarm_description/share/roboticarm_description/meshes
[6.646s] copying meshes/waist_1.stl -> /home/kv3/ROBOARM/ManualPhase1/Ros/install/roboticarm_description/share/roboticarm_description/meshes
[6.649s] copying meshes/base_link.stl -> /home/kv3/ROBOARM/ManualPhase1/Ros/install/roboticarm_description/share/roboticarm_description/meshes
[6.656s] copying meshes/shoulder_1.stl -> /home/kv3/ROBOARM/ManualPhase1/Ros/install/roboticarm_description/share/roboticarm_description/meshes
[6.659s] copying meshes/elbow_1.stl -> /home/kv3/ROBOARM/ManualPhase1/Ros/install/roboticarm_description/share/roboticarm_description/meshes
[6.660s] copying meshes/w_a_1.stl -> /home/kv3/ROBOARM/ManualPhase1/Ros/install/roboticarm_description/share/roboticarm_description/meshes
[6.664s] copying meshes/gripper_1.stl -> /home/kv3/ROBOARM/ManualPhase1/Ros/install/roboticarm_description/share/roboticarm_description/meshes
[6.680s] creating /home/kv3/ROBOARM/ManualPhase1/Ros/install/roboticarm_description/share/roboticarm_description/config
[6.681s] copying config/display.rviz -> /home/kv3/ROBOARM/ManualPhase1/Ros/install/roboticarm_description/share/roboticarm_description/config
[6.682s] running install_egg_info
[6.767s] Copying ../../build/roboticarm_description/roboticarm_description.egg-info to /home/kv3/ROBOARM/ManualPhase1/Ros/install/roboticarm_description/lib/python3.12/site-packages/roboticarm_description-0.0.0-py3.12.egg-info
[6.772s] running install_scripts
[7.447s] writing list of installed files to '/home/kv3/ROBOARM/ManualPhase1/Ros/build/roboticarm_description/install.log'
[7.600s] Invoked command in '/home/kv3/ROBOARM/ManualPhase1/Ros/src/roboticarm_description' returned '0': PYTHONPATH=/home/kv3/ROBOARM/ManualPhase1/Ros/build/roboticarm_description/prefix_override:/usr/lib/python3/dist-packages/colcon_core/task/python/colcon_distutils_commands:/home/kv3/ROBOARM/ManualPhase1/Ros/install/roboticarm_description/lib/python3.12/site-packages:${PYTHONPATH} /usr/bin/python3 -W ignore:setup.py install is deprecated -W ignore:easy_install command is deprecated setup.py egg_info --egg-base ../../build/roboticarm_description build --build-base /home/kv3/ROBOARM/ManualPhase1/Ros/build/roboticarm_description/build install --record /home/kv3/ROBOARM/ManualPhase1/Ros/build/roboticarm_description/install.log --install-scripts $base/lib/roboticarm_description --single-version-externally-managed install_data
