-- Found ament_cmake: 2.5.5 (/opt/ros/jazzy/share/ament_cmake/cmake)
-- Override CMake install command with custom implementation using symlinks instead of copying resources
-- Configuring done (1.4s)
-- Generating done (0.0s)
-- Build files have been written to: /home/kv3/ROBOARM/ManualPhase1/Ros/build/roboticarm_moveit_config
-- Install configuration: ""
-- Execute custom install script
-- Symlinking: /home/kv3/ROBOARM/ManualPhase1/Ros/install/roboticarm_moveit_config/share/ament_index/resource_index/package_run_dependencies/roboticarm_moveit_config
-- Symlinking: /home/kv3/ROBOARM/ManualPhase1/Ros/install/roboticarm_moveit_config/share/ament_index/resource_index/parent_prefix_path/roboticarm_moveit_config
-- Symlinking: /home/kv3/ROBOARM/ManualPhase1/Ros/install/roboticarm_moveit_config/share/roboticarm_moveit_config/environment/ament_prefix_path.sh
-- Symlinking: /home/kv3/ROBOARM/ManualPhase1/Ros/install/roboticarm_moveit_config/share/roboticarm_moveit_config/environment/ament_prefix_path.dsv
-- Symlinking: /home/kv3/ROBOARM/ManualPhase1/Ros/install/roboticarm_moveit_config/share/roboticarm_moveit_config/environment/path.sh
-- Symlinking: /home/kv3/ROBOARM/ManualPhase1/Ros/install/roboticarm_moveit_config/share/roboticarm_moveit_config/environment/path.dsv
-- Symlinking: /home/kv3/ROBOARM/ManualPhase1/Ros/install/roboticarm_moveit_config/share/roboticarm_moveit_config/local_setup.bash
-- Symlinking: /home/kv3/ROBOARM/ManualPhase1/Ros/install/roboticarm_moveit_config/share/roboticarm_moveit_config/local_setup.sh
-- Symlinking: /home/kv3/ROBOARM/ManualPhase1/Ros/install/roboticarm_moveit_config/share/roboticarm_moveit_config/local_setup.zsh
-- Symlinking: /home/kv3/ROBOARM/ManualPhase1/Ros/install/roboticarm_moveit_config/share/roboticarm_moveit_config/local_setup.dsv
-- Symlinking: /home/kv3/ROBOARM/ManualPhase1/Ros/install/roboticarm_moveit_config/share/roboticarm_moveit_config/package.dsv
-- Symlinking: /home/kv3/ROBOARM/ManualPhase1/Ros/install/roboticarm_moveit_config/share/ament_index/resource_index/packages/roboticarm_moveit_config
-- Symlinking: /home/kv3/ROBOARM/ManualPhase1/Ros/install/roboticarm_moveit_config/share/roboticarm_moveit_config/cmake/roboticarm_moveit_configConfig.cmake
-- Symlinking: /home/kv3/ROBOARM/ManualPhase1/Ros/install/roboticarm_moveit_config/share/roboticarm_moveit_config/cmake/roboticarm_moveit_configConfig-version.cmake
-- Symlinking: /home/kv3/ROBOARM/ManualPhase1/Ros/install/roboticarm_moveit_config/share/roboticarm_moveit_config/package.xml
-- Symlinking: /home/kv3/ROBOARM/ManualPhase1/Ros/install/roboticarm_moveit_config/share/roboticarm_moveit_config/launch/demo.launch.py
-- Symlinking: /home/kv3/ROBOARM/ManualPhase1/Ros/install/roboticarm_moveit_config/share/roboticarm_moveit_config/launch/move_group.launch.py
-- Symlinking: /home/kv3/ROBOARM/ManualPhase1/Ros/install/roboticarm_moveit_config/share/roboticarm_moveit_config/launch/moveit_rviz.launch.py
-- Symlinking: /home/kv3/ROBOARM/ManualPhase1/Ros/install/roboticarm_moveit_config/share/roboticarm_moveit_config/launch/rsp.launch.py
-- Symlinking: /home/kv3/ROBOARM/ManualPhase1/Ros/install/roboticarm_moveit_config/share/roboticarm_moveit_config/launch/setup_assistant.launch.py
-- Symlinking: /home/kv3/ROBOARM/ManualPhase1/Ros/install/roboticarm_moveit_config/share/roboticarm_moveit_config/launch/spawn_controllers.launch.py
-- Symlinking: /home/kv3/ROBOARM/ManualPhase1/Ros/install/roboticarm_moveit_config/share/roboticarm_moveit_config/launch/static_virtual_joint_tfs.launch.py
-- Symlinking: /home/kv3/ROBOARM/ManualPhase1/Ros/install/roboticarm_moveit_config/share/roboticarm_moveit_config/launch/warehouse_db.launch.py
-- Symlinking: /home/kv3/ROBOARM/ManualPhase1/Ros/install/roboticarm_moveit_config/share/roboticarm_moveit_config/config/initial_positions.yaml
-- Symlinking: /home/kv3/ROBOARM/ManualPhase1/Ros/install/roboticarm_moveit_config/share/roboticarm_moveit_config/config/joint_limits.yaml
-- Symlinking: /home/kv3/ROBOARM/ManualPhase1/Ros/install/roboticarm_moveit_config/share/roboticarm_moveit_config/config/kinematics.yaml
-- Symlinking: /home/kv3/ROBOARM/ManualPhase1/Ros/install/roboticarm_moveit_config/share/roboticarm_moveit_config/config/moveit.rviz
-- Symlinking: /home/kv3/ROBOARM/ManualPhase1/Ros/install/roboticarm_moveit_config/share/roboticarm_moveit_config/config/moveit_controllers.yaml
-- Symlinking: /home/kv3/ROBOARM/ManualPhase1/Ros/install/roboticarm_moveit_config/share/roboticarm_moveit_config/config/pilz_cartesian_limits.yaml
-- Symlinking: /home/kv3/ROBOARM/ManualPhase1/Ros/install/roboticarm_moveit_config/share/roboticarm_moveit_config/config/roboticarm.ros2_control.xacro
-- Symlinking: /home/kv3/ROBOARM/ManualPhase1/Ros/install/roboticarm_moveit_config/share/roboticarm_moveit_config/config/roboticarm.srdf
-- Symlinking: /home/kv3/ROBOARM/ManualPhase1/Ros/install/roboticarm_moveit_config/share/roboticarm_moveit_config/config/roboticarm.urdf.xacro
-- Symlinking: /home/kv3/ROBOARM/ManualPhase1/Ros/install/roboticarm_moveit_config/share/roboticarm_moveit_config/config/ros2_controllers.yaml
-- Symlinking: /home/kv3/ROBOARM/ManualPhase1/Ros/install/roboticarm_moveit_config/share/roboticarm_moveit_config/.setup_assistant
