running egg_info
writing ../../build/roboticarm_control/roboticarm_control.egg-info/PKG-INFO
writing dependency_links to ../../build/roboticarm_control/roboticarm_control.egg-info/dependency_links.txt
writing entry points to ../../build/roboticarm_control/roboticarm_control.egg-info/entry_points.txt
writing requirements to ../../build/roboticarm_control/roboticarm_control.egg-info/requires.txt
writing top-level names to ../../build/roboticarm_control/roboticarm_control.egg-info/top_level.txt
reading manifest file '../../build/roboticarm_control/roboticarm_control.egg-info/SOURCES.txt'
writing manifest file '../../build/roboticarm_control/roboticarm_control.egg-info/SOURCES.txt'
running build
running build_py
running install
running install_lib
running install_data
running install_egg_info
removing '/home/kv3/ROBOARM/ManualPhase1/ROBO_ws/install/roboticarm_control/lib/python3.12/site-packages/roboticarm_control-0.0.0-py3.12.egg-info' (and everything under it)
Copying ../../build/roboticarm_control/roboticarm_control.egg-info to /home/kv3/ROBOARM/ManualPhase1/ROBO_ws/install/roboticarm_control/lib/python3.12/site-packages/roboticarm_control-0.0.0-py3.12.egg-info
running install_scripts
Installing move_robot script to /home/kv3/ROBOARM/ManualPhase1/ROBO_ws/install/roboticarm_control/lib/roboticarm_control
Installing object_detector script to /home/kv3/ROBOARM/ManualPhase1/ROBO_ws/install/roboticarm_control/lib/roboticarm_control
Installing object_follower script to /home/kv3/ROBOARM/ManualPhase1/ROBO_ws/install/roboticarm_control/lib/roboticarm_control
writing list of installed files to '/home/kv3/ROBOARM/ManualPhase1/ROBO_ws/build/roboticarm_control/install.log'
