[6.541s] Invoking command in '/home/kv3/ROBOARM/ManualPhase1/ROBO_ws/src/roboticarm_control': PYTHONPATH=/home/kv3/ROBOARM/ManualPhase1/ROBO_ws/build/roboticarm_control/prefix_override:/usr/lib/python3/dist-packages/colcon_core/task/python/colcon_distutils_commands:/home/kv3/ROBOARM/ManualPhase1/ROBO_ws/install/roboticarm_control/lib/python3.12/site-packages:${PYTHONPATH} /usr/bin/python3 -W ignore:setup.py install is deprecated -W ignore:easy_install command is deprecated setup.py egg_info --egg-base ../../build/roboticarm_control build --build-base /home/kv3/ROBOARM/ManualPhase1/ROBO_ws/build/roboticarm_control/build install --record /home/kv3/ROBOARM/ManualPhase1/ROBO_ws/build/roboticarm_control/install.log --single-version-externally-managed install_data
[7.890s] running egg_info
[7.982s] writing ../../build/roboticarm_control/roboticarm_control.egg-info/PKG-INFO
[7.984s] writing dependency_links to ../../build/roboticarm_control/roboticarm_control.egg-info/dependency_links.txt
[7.987s] writing entry points to ../../build/roboticarm_control/roboticarm_control.egg-info/entry_points.txt
[7.988s] writing requirements to ../../build/roboticarm_control/roboticarm_control.egg-info/requires.txt
[7.990s] writing top-level names to ../../build/roboticarm_control/roboticarm_control.egg-info/top_level.txt
[8.182s] reading manifest file '../../build/roboticarm_control/roboticarm_control.egg-info/SOURCES.txt'
[8.188s] writing manifest file '../../build/roboticarm_control/roboticarm_control.egg-info/SOURCES.txt'
[8.189s] running build
[8.189s] running build_py
[8.195s] running install
[8.222s] running install_lib
[8.323s] running install_data
[8.324s] running install_egg_info
[8.424s] removing '/home/kv3/ROBOARM/ManualPhase1/ROBO_ws/install/roboticarm_control/lib/python3.12/site-packages/roboticarm_control-0.0.0-py3.12.egg-info' (and everything under it)
[8.427s] Copying ../../build/roboticarm_control/roboticarm_control.egg-info to /home/kv3/ROBOARM/ManualPhase1/ROBO_ws/install/roboticarm_control/lib/python3.12/site-packages/roboticarm_control-0.0.0-py3.12.egg-info
[8.435s] running install_scripts
[9.116s] Installing move_robot script to /home/kv3/ROBOARM/ManualPhase1/ROBO_ws/install/roboticarm_control/lib/roboticarm_control
[9.119s] Installing object_detector script to /home/kv3/ROBOARM/ManualPhase1/ROBO_ws/install/roboticarm_control/lib/roboticarm_control
[9.120s] Installing object_follower script to /home/kv3/ROBOARM/ManualPhase1/ROBO_ws/install/roboticarm_control/lib/roboticarm_control
[9.122s] writing list of installed files to '/home/kv3/ROBOARM/ManualPhase1/ROBO_ws/build/roboticarm_control/install.log'
[9.388s] Invoked command in '/home/kv3/ROBOARM/ManualPhase1/ROBO_ws/src/roboticarm_control' returned '0': PYTHONPATH=/home/kv3/ROBOARM/ManualPhase1/ROBO_ws/build/roboticarm_control/prefix_override:/usr/lib/python3/dist-packages/colcon_core/task/python/colcon_distutils_commands:/home/kv3/ROBOARM/ManualPhase1/ROBO_ws/install/roboticarm_control/lib/python3.12/site-packages:${PYTHONPATH} /usr/bin/python3 -W ignore:setup.py install is deprecated -W ignore:easy_install command is deprecated setup.py egg_info --egg-base ../../build/roboticarm_control build --build-base /home/kv3/ROBOARM/ManualPhase1/ROBO_ws/build/roboticarm_control/build install --record /home/kv3/ROBOARM/ManualPhase1/ROBO_ws/build/roboticarm_control/install.log --single-version-externally-managed install_data
