[2.042s] Invoking command in '/home/kirat/Desktop/ROBOARM/ManualPhase1/Ros/src/roboticarm_description': DEBUGINFOD_URLS=https://debuginfod.ubuntu.com PYTHONPATH=/home/kirat/Desktop/ROBOARM/ManualPhase1/Ros/build/roboticarm_description/prefix_override:/usr/lib/python3/dist-packages/colcon_core/task/python/colcon_distutils_commands:/home/kirat/Desktop/ROBOARM/ManualPhase1/Ros/install/roboticarm_description/lib/python3.12/site-packages:${PYTHONPATH} /usr/bin/python3 -W ignore:setup.py install is deprecated -W ignore:easy_install command is deprecated setup.py egg_info --egg-base ../../build/roboticarm_description build --build-base /home/kirat/Desktop/ROBOARM/ManualPhase1/Ros/build/roboticarm_description/build install --record /home/kirat/Desktop/ROBOARM/ManualPhase1/Ros/build/roboticarm_description/install.log --install-scripts $base/lib/roboticarm_description --single-version-externally-managed install_data
[2.243s] /usr/lib/python3/dist-packages/setuptools/dist.py:744: SetuptoolsDeprecationWarning: Invalid dash-separated options
[2.243s] !!
[2.243s] 
[2.243s]         ********************************************************************************
[2.244s]         Usage of dash-separated 'script-dir' will not be supported in future
[2.244s]         versions. Please use the underscore name 'script_dir' instead.
[2.244s] 
[2.244s]         This deprecation is overdue, please update your project and remove deprecated
[2.244s]         calls to avoid build errors in the future.
[2.244s] 
[2.244s]         See https://setuptools.pypa.io/en/latest/userguide/declarative_config.html for details.
[2.244s]         ********************************************************************************
[2.244s] 
[2.245s] !!
[2.245s]   opt = self.warn_dash_deprecation(opt, section)
[2.488s] running egg_info
[2.523s] writing ../../build/roboticarm_description/roboticarm_description.egg-info/PKG-INFO
[2.523s] writing dependency_links to ../../build/roboticarm_description/roboticarm_description.egg-info/dependency_links.txt
[2.524s] writing requirements to ../../build/roboticarm_description/roboticarm_description.egg-info/requires.txt
[2.524s] writing top-level names to ../../build/roboticarm_description/roboticarm_description.egg-info/top_level.txt
[2.594s] reading manifest file '../../build/roboticarm_description/roboticarm_description.egg-info/SOURCES.txt'
[2.596s] writing manifest file '../../build/roboticarm_description/roboticarm_description.egg-info/SOURCES.txt'
[2.596s] running build
[2.596s] running build_py
[2.597s] running install
[2.607s] running install_lib
[2.642s] running install_data
[2.643s] running install_egg_info
[2.678s] removing '/home/kirat/Desktop/ROBOARM/ManualPhase1/Ros/install/roboticarm_description/lib/python3.12/site-packages/roboticarm_description-0.0.0-py3.12.egg-info' (and everything under it)
[2.678s] Copying ../../build/roboticarm_description/roboticarm_description.egg-info to /home/kirat/Desktop/ROBOARM/ManualPhase1/Ros/install/roboticarm_description/lib/python3.12/site-packages/roboticarm_description-0.0.0-py3.12.egg-info
[2.680s] running install_scripts
[2.912s] writing list of installed files to '/home/kirat/Desktop/ROBOARM/ManualPhase1/Ros/build/roboticarm_description/install.log'
[2.954s] Invoked command in '/home/kirat/Desktop/ROBOARM/ManualPhase1/Ros/src/roboticarm_description' returned '0': DEBUGINFOD_URLS=https://debuginfod.ubuntu.com PYTHONPATH=/home/kirat/Desktop/ROBOARM/ManualPhase1/Ros/build/roboticarm_description/prefix_override:/usr/lib/python3/dist-packages/colcon_core/task/python/colcon_distutils_commands:/home/kirat/Desktop/ROBOARM/ManualPhase1/Ros/install/roboticarm_description/lib/python3.12/site-packages:${PYTHONPATH} /usr/bin/python3 -W ignore:setup.py install is deprecated -W ignore:easy_install command is deprecated setup.py egg_info --egg-base ../../build/roboticarm_description build --build-base /home/kirat/Desktop/ROBOARM/ManualPhase1/Ros/build/roboticarm_description/build install --record /home/kirat/Desktop/ROBOARM/ManualPhase1/Ros/build/roboticarm_description/install.log --install-scripts $base/lib/roboticarm_description --single-version-externally-managed install_data
