[4.313s] Invoking command in '/home/kv3/ROBOARM/ManualPhase1/Ros/src/arduino_bridge': PYTHONPATH=/home/kv3/ROBOARM/ManualPhase1/Ros/build/arduino_bridge/prefix_override:/usr/lib/python3/dist-packages/colcon_core/task/python/colcon_distutils_commands:/home/kv3/ROBOARM/ManualPhase1/Ros/install/arduino_bridge/lib/python3.12/site-packages:${PYTHONPATH} /usr/bin/python3 -W ignore:setup.py install is deprecated -W ignore:easy_install command is deprecated setup.py egg_info --egg-base ../../build/arduino_bridge build --build-base /home/kv3/ROBOARM/ManualPhase1/Ros/build/arduino_bridge/build install --record /home/kv3/ROBOARM/ManualPhase1/Ros/build/arduino_bridge/install.log --single-version-externally-managed install_data
[5.449s] running egg_info
[5.529s] writing ../../build/arduino_bridge/arduino_bridge.egg-info/PKG-INFO
[5.530s] writing dependency_links to ../../build/arduino_bridge/arduino_bridge.egg-info/dependency_links.txt
[5.532s] writing entry points to ../../build/arduino_bridge/arduino_bridge.egg-info/entry_points.txt
[5.534s] writing requirements to ../../build/arduino_bridge/arduino_bridge.egg-info/requires.txt
[5.535s] writing top-level names to ../../build/arduino_bridge/arduino_bridge.egg-info/top_level.txt
[5.692s] reading manifest file '../../build/arduino_bridge/arduino_bridge.egg-info/SOURCES.txt'
[5.696s] writing manifest file '../../build/arduino_bridge/arduino_bridge.egg-info/SOURCES.txt'
[5.697s] running build
[5.697s] running build_py
[5.698s] copying arduino_bridge/bridge_node.py -> /home/kv3/ROBOARM/ManualPhase1/Ros/build/arduino_bridge/build/lib/arduino_bridge
[5.700s] running install
[5.726s] running install_lib
[5.804s] copying /home/kv3/ROBOARM/ManualPhase1/Ros/build/arduino_bridge/build/lib/arduino_bridge/bridge_node.py -> /home/kv3/ROBOARM/ManualPhase1/Ros/install/arduino_bridge/lib/python3.12/site-packages/arduino_bridge
[5.808s] byte-compiling /home/kv3/ROBOARM/ManualPhase1/Ros/install/arduino_bridge/lib/python3.12/site-packages/arduino_bridge/bridge_node.py to bridge_node.cpython-312.pyc
[5.812s] running install_data
[5.812s] running install_egg_info
[5.896s] removing '/home/kv3/ROBOARM/ManualPhase1/Ros/install/arduino_bridge/lib/python3.12/site-packages/arduino_bridge-0.0.0-py3.12.egg-info' (and everything under it)
[5.898s] Copying ../../build/arduino_bridge/arduino_bridge.egg-info to /home/kv3/ROBOARM/ManualPhase1/Ros/install/arduino_bridge/lib/python3.12/site-packages/arduino_bridge-0.0.0-py3.12.egg-info
[5.904s] running install_scripts
[6.494s] Installing bridge_node script to /home/kv3/ROBOARM/ManualPhase1/Ros/install/arduino_bridge/lib/arduino_bridge
[6.497s] writing list of installed files to '/home/kv3/ROBOARM/ManualPhase1/Ros/build/arduino_bridge/install.log'
[6.742s] Invoked command in '/home/kv3/ROBOARM/ManualPhase1/Ros/src/arduino_bridge' returned '0': PYTHONPATH=/home/kv3/ROBOARM/ManualPhase1/Ros/build/arduino_bridge/prefix_override:/usr/lib/python3/dist-packages/colcon_core/task/python/colcon_distutils_commands:/home/kv3/ROBOARM/ManualPhase1/Ros/install/arduino_bridge/lib/python3.12/site-packages:${PYTHONPATH} /usr/bin/python3 -W ignore:setup.py install is deprecated -W ignore:easy_install command is deprecated setup.py egg_info --egg-base ../../build/arduino_bridge build --build-base /home/kv3/ROBOARM/ManualPhase1/Ros/build/arduino_bridge/build install --record /home/kv3/ROBOARM/ManualPhase1/Ros/build/arduino_bridge/install.log --single-version-externally-managed install_data
