[5.008s] Invoking command in '/home/kv3/ROBOARM/ManualPhase1/Ros/src/roboticarm_description': PYTHONPATH=/home/kv3/ROBOARM/ManualPhase1/Ros/build/roboticarm_description/prefix_override:/usr/lib/python3/dist-packages/colcon_core/task/python/colcon_distutils_commands:/home/kv3/ROBOARM/ManualPhase1/Ros/install/roboticarm_description/lib/python3.12/site-packages:${PYTHONPATH} /usr/bin/python3 -W ignore:setup.py install is deprecated -W ignore:easy_install command is deprecated setup.py egg_info --egg-base ../../build/roboticarm_description build --build-base /home/kv3/ROBOARM/ManualPhase1/Ros/build/roboticarm_description/build install --record /home/kv3/ROBOARM/ManualPhase1/Ros/build/roboticarm_description/install.log --install-scripts $base/lib/roboticarm_description --single-version-externally-managed install_data
[5.586s] /usr/lib/python3/dist-packages/setuptools/dist.py:744: SetuptoolsDeprecationWarning: Invalid dash-separated options
[5.587s] !!
[5.587s] 
[5.588s]         ********************************************************************************
[5.588s]         Usage of dash-separated 'script-dir' will not be supported in future
[5.588s]         versions. Please use the underscore name 'script_dir' instead.
[5.589s] 
[5.589s]         This deprecation is overdue, please update your project and remove deprecated
[5.590s]         calls to avoid build errors in the future.
[5.590s] 
[5.590s]         See https://setuptools.pypa.io/en/latest/userguide/declarative_config.html for details.
[5.591s]         ********************************************************************************
[5.591s] 
[5.592s] !!
[5.592s]   opt = self.warn_dash_deprecation(opt, section)
[6.137s] running egg_info
[6.139s] creating ../../build/roboticarm_description/roboticarm_description.egg-info
[6.213s] writing ../../build/roboticarm_description/roboticarm_description.egg-info/PKG-INFO
[6.214s] writing dependency_links to ../../build/roboticarm_description/roboticarm_description.egg-info/dependency_links.txt
[6.215s] writing requirements to ../../build/roboticarm_description/roboticarm_description.egg-info/requires.txt
[6.216s] writing top-level names to ../../build/roboticarm_description/roboticarm_description.egg-info/top_level.txt
[6.217s] writing manifest file '../../build/roboticarm_description/roboticarm_description.egg-info/SOURCES.txt'
[6.376s] reading manifest file '../../build/roboticarm_description/roboticarm_description.egg-info/SOURCES.txt'
[6.380s] writing manifest file '../../build/roboticarm_description/roboticarm_description.egg-info/SOURCES.txt'
[6.381s] running build
[6.381s] running build_py
[6.382s] creating /home/kv3/ROBOARM/ManualPhase1/Ros/build/roboticarm_description/build
[6.382s] creating /home/kv3/ROBOARM/ManualPhase1/Ros/build/roboticarm_description/build/lib
[6.383s] creating /home/kv3/ROBOARM/ManualPhase1/Ros/build/roboticarm_description/build/lib/roboticarm_description
[6.383s] copying roboticarm_description/__init__.py -> /home/kv3/ROBOARM/ManualPhase1/Ros/build/roboticarm_description/build/lib/roboticarm_description
[6.384s] running install
[6.411s] running install_lib
[6.487s] creating /home/kv3/ROBOARM/ManualPhase1/Ros/install/roboticarm_description/lib/python3.12/site-packages/roboticarm_description
[6.488s] copying /home/kv3/ROBOARM/ManualPhase1/Ros/build/roboticarm_description/build/lib/roboticarm_description/__init__.py -> /home/kv3/ROBOARM/ManualPhase1/Ros/install/roboticarm_description/lib/python3.12/site-packages/roboticarm_description
[6.491s] byte-compiling /home/kv3/ROBOARM/ManualPhase1/Ros/install/roboticarm_description/lib/python3.12/site-packages/roboticarm_description/__init__.py to __init__.cpython-312.pyc
[6.492s] running install_data
[6.493s] creating /home/kv3/ROBOARM/ManualPhase1/Ros/install/roboticarm_description/share/ament_index
[6.493s] creating /home/kv3/ROBOARM/ManualPhase1/Ros/install/roboticarm_description/share/ament_index/resource_index
[6.494s] creating /home/kv3/ROBOARM/ManualPhase1/Ros/install/roboticarm_description/share/ament_index/resource_index/packages
[6.495s] copying resource/roboticarm_description -> /home/kv3/ROBOARM/ManualPhase1/Ros/install/roboticarm_description/share/ament_index/resource_index/packages
[6.495s] copying package.xml -> /home/kv3/ROBOARM/ManualPhase1/Ros/install/roboticarm_description/share/roboticarm_description
[6.496s] creating /home/kv3/ROBOARM/ManualPhase1/Ros/install/roboticarm_description/share/roboticarm_description/launch
[6.496s] copying launch/display.launch.py -> /home/kv3/ROBOARM/ManualPhase1/Ros/install/roboticarm_description/share/roboticarm_description/launch
[6.498s] copying launch/gazebo.launch.py -> /home/kv3/ROBOARM/ManualPhase1/Ros/install/roboticarm_description/share/roboticarm_description/launch
[6.500s] creating /home/kv3/ROBOARM/ManualPhase1/Ros/install/roboticarm_description/share/roboticarm_description/urdf
[6.501s] copying urdf/roboticarm.xacro -> /home/kv3/ROBOARM/ManualPhase1/Ros/install/roboticarm_description/share/roboticarm_description/urdf
[6.503s] copying urdf/roboticarm.trans -> /home/kv3/ROBOARM/ManualPhase1/Ros/install/roboticarm_description/share/roboticarm_description/urdf
[6.504s] copying urdf/roboticarm.gazebo -> /home/kv3/ROBOARM/ManualPhase1/Ros/install/roboticarm_description/share/roboticarm_description/urdf
[6.506s] copying urdf/materials.xacro -> /home/kv3/ROBOARM/ManualPhase1/Ros/install/roboticarm_description/share/roboticarm_description/urdf
[6.507s] creating /home/kv3/ROBOARM/ManualPhase1/Ros/install/roboticarm_description/share/roboticarm_description/meshes
[6.509s] copying meshes/w_b_1.stl -> /home/kv3/ROBOARM/ManualPhase1/Ros/install/roboticarm_description/share/roboticarm_description/meshes
[6.513s] copying meshes/w_c_1.stl -> /home/kv3/ROBOARM/ManualPhase1/Ros/install/roboticarm_description/share/roboticarm_description/meshes
[6.522s] copying meshes/waist_1.stl -> /home/kv3/ROBOARM/ManualPhase1/Ros/install/roboticarm_description/share/roboticarm_description/meshes
[6.525s] copying meshes/base_link.stl -> /home/kv3/ROBOARM/ManualPhase1/Ros/install/roboticarm_description/share/roboticarm_description/meshes
[6.532s] copying meshes/shoulder_1.stl -> /home/kv3/ROBOARM/ManualPhase1/Ros/install/roboticarm_description/share/roboticarm_description/meshes
[6.534s] copying meshes/elbow_1.stl -> /home/kv3/ROBOARM/ManualPhase1/Ros/install/roboticarm_description/share/roboticarm_description/meshes
[6.536s] copying meshes/w_a_1.stl -> /home/kv3/ROBOARM/ManualPhase1/Ros/install/roboticarm_description/share/roboticarm_description/meshes
[6.539s] copying meshes/gripper_1.stl -> /home/kv3/ROBOARM/ManualPhase1/Ros/install/roboticarm_description/share/roboticarm_description/meshes
[6.556s] creating /home/kv3/ROBOARM/ManualPhase1/Ros/install/roboticarm_description/share/roboticarm_description/config
[6.556s] copying config/display.rviz -> /home/kv3/ROBOARM/ManualPhase1/Ros/install/roboticarm_description/share/roboticarm_description/config
[6.558s] running install_egg_info
[6.640s] Copying ../../build/roboticarm_description/roboticarm_description.egg-info to /home/kv3/ROBOARM/ManualPhase1/Ros/install/roboticarm_description/lib/python3.12/site-packages/roboticarm_description-0.0.0-py3.12.egg-info
[6.646s] running install_scripts
[7.284s] writing list of installed files to '/home/kv3/ROBOARM/ManualPhase1/Ros/build/roboticarm_description/install.log'
[7.458s] Invoked command in '/home/kv3/ROBOARM/ManualPhase1/Ros/src/roboticarm_description' returned '0': PYTHONPATH=/home/kv3/ROBOARM/ManualPhase1/Ros/build/roboticarm_description/prefix_override:/usr/lib/python3/dist-packages/colcon_core/task/python/colcon_distutils_commands:/home/kv3/ROBOARM/ManualPhase1/Ros/install/roboticarm_description/lib/python3.12/site-packages:${PYTHONPATH} /usr/bin/python3 -W ignore:setup.py install is deprecated -W ignore:easy_install command is deprecated setup.py egg_info --egg-base ../../build/roboticarm_description build --build-base /home/kv3/ROBOARM/ManualPhase1/Ros/build/roboticarm_description/build install --record /home/kv3/ROBOARM/ManualPhase1/Ros/build/roboticarm_description/install.log --install-scripts $base/lib/roboticarm_description --single-version-externally-managed install_data
