running egg_info
creating ../../build/roboticarm_control/roboticarm_control.egg-info
writing ../../build/roboticarm_control/roboticarm_control.egg-info/PKG-INFO
writing dependency_links to ../../build/roboticarm_control/roboticarm_control.egg-info/dependency_links.txt
writing entry points to ../../build/roboticarm_control/roboticarm_control.egg-info/entry_points.txt
writing requirements to ../../build/roboticarm_control/roboticarm_control.egg-info/requires.txt
writing top-level names to ../../build/roboticarm_control/roboticarm_control.egg-info/top_level.txt
writing manifest file '../../build/roboticarm_control/roboticarm_control.egg-info/SOURCES.txt'
reading manifest file '../../build/roboticarm_control/roboticarm_control.egg-info/SOURCES.txt'
writing manifest file '../../build/roboticarm_control/roboticarm_control.egg-info/SOURCES.txt'
running build
running build_py
creating /home/kv3/ROBOARM/ManualPhase1/ROBO_ws/build/roboticarm_control/build
creating /home/kv3/ROBOARM/ManualPhase1/ROBO_ws/build/roboticarm_control/build/lib
creating /home/kv3/ROBOARM/ManualPhase1/ROBO_ws/build/roboticarm_control/build/lib/roboticarm_control
copying roboticarm_control/__init__.py -> /home/kv3/ROBOARM/ManualPhase1/ROBO_ws/build/roboticarm_control/build/lib/roboticarm_control
copying roboticarm_control/object_detector.py -> /home/kv3/ROBOARM/ManualPhase1/ROBO_ws/build/roboticarm_control/build/lib/roboticarm_control
copying roboticarm_control/object_follower.py -> /home/kv3/ROBOARM/ManualPhase1/ROBO_ws/build/roboticarm_control/build/lib/roboticarm_control
copying roboticarm_control/move_robot.py -> /home/kv3/ROBOARM/ManualPhase1/ROBO_ws/build/roboticarm_control/build/lib/roboticarm_control
running install
running install_lib
creating /home/kv3/ROBOARM/ManualPhase1/ROBO_ws/install/roboticarm_control/lib/python3.12/site-packages/roboticarm_control
copying /home/kv3/ROBOARM/ManualPhase1/ROBO_ws/build/roboticarm_control/build/lib/roboticarm_control/__init__.py -> /home/kv3/ROBOARM/ManualPhase1/ROBO_ws/install/roboticarm_control/lib/python3.12/site-packages/roboticarm_control
copying /home/kv3/ROBOARM/ManualPhase1/ROBO_ws/build/roboticarm_control/build/lib/roboticarm_control/object_detector.py -> /home/kv3/ROBOARM/ManualPhase1/ROBO_ws/install/roboticarm_control/lib/python3.12/site-packages/roboticarm_control
copying /home/kv3/ROBOARM/ManualPhase1/ROBO_ws/build/roboticarm_control/build/lib/roboticarm_control/object_follower.py -> /home/kv3/ROBOARM/ManualPhase1/ROBO_ws/install/roboticarm_control/lib/python3.12/site-packages/roboticarm_control
copying /home/kv3/ROBOARM/ManualPhase1/ROBO_ws/build/roboticarm_control/build/lib/roboticarm_control/move_robot.py -> /home/kv3/ROBOARM/ManualPhase1/ROBO_ws/install/roboticarm_control/lib/python3.12/site-packages/roboticarm_control
byte-compiling /home/kv3/ROBOARM/ManualPhase1/ROBO_ws/install/roboticarm_control/lib/python3.12/site-packages/roboticarm_control/__init__.py to __init__.cpython-312.pyc
byte-compiling /home/kv3/ROBOARM/ManualPhase1/ROBO_ws/install/roboticarm_control/lib/python3.12/site-packages/roboticarm_control/object_detector.py to object_detector.cpython-312.pyc
byte-compiling /home/kv3/ROBOARM/ManualPhase1/ROBO_ws/install/roboticarm_control/lib/python3.12/site-packages/roboticarm_control/object_follower.py to object_follower.cpython-312.pyc
byte-compiling /home/kv3/ROBOARM/ManualPhase1/ROBO_ws/install/roboticarm_control/lib/python3.12/site-packages/roboticarm_control/move_robot.py to move_robot.cpython-312.pyc
running install_data
creating /home/kv3/ROBOARM/ManualPhase1/ROBO_ws/install/roboticarm_control/share/ament_index
creating /home/kv3/ROBOARM/ManualPhase1/ROBO_ws/install/roboticarm_control/share/ament_index/resource_index
creating /home/kv3/ROBOARM/ManualPhase1/ROBO_ws/install/roboticarm_control/share/ament_index/resource_index/packages
copying resource/roboticarm_control -> /home/kv3/ROBOARM/ManualPhase1/ROBO_ws/install/roboticarm_control/share/ament_index/resource_index/packages
copying package.xml -> /home/kv3/ROBOARM/ManualPhase1/ROBO_ws/install/roboticarm_control/share/roboticarm_control
running install_egg_info
Copying ../../build/roboticarm_control/roboticarm_control.egg-info to /home/kv3/ROBOARM/ManualPhase1/ROBO_ws/install/roboticarm_control/lib/python3.12/site-packages/roboticarm_control-0.0.0-py3.12.egg-info
running install_scripts
Installing move_robot script to /home/kv3/ROBOARM/ManualPhase1/ROBO_ws/install/roboticarm_control/lib/roboticarm_control
Installing object_detector script to /home/kv3/ROBOARM/ManualPhase1/ROBO_ws/install/roboticarm_control/lib/roboticarm_control
Installing object_follower script to /home/kv3/ROBOARM/ManualPhase1/ROBO_ws/install/roboticarm_control/lib/roboticarm_control
writing list of installed files to '/home/kv3/ROBOARM/ManualPhase1/ROBO_ws/build/roboticarm_control/install.log'
