[6.347s] Invoking command in '/home/kv3/ROBOARM/ManualPhase1/ROBO_ws/src/roboticarm_control': PYTHONPATH=/home/kv3/ROBOARM/ManualPhase1/ROBO_ws/build/roboticarm_control/prefix_override:/usr/lib/python3/dist-packages/colcon_core/task/python/colcon_distutils_commands:/home/kv3/ROBOARM/ManualPhase1/ROBO_ws/install/roboticarm_control/lib/python3.12/site-packages:${PYTHONPATH} /usr/bin/python3 -W ignore:setup.py install is deprecated -W ignore:easy_install command is deprecated setup.py egg_info --egg-base ../../build/roboticarm_control build --build-base /home/kv3/ROBOARM/ManualPhase1/ROBO_ws/build/roboticarm_control/build install --record /home/kv3/ROBOARM/ManualPhase1/ROBO_ws/build/roboticarm_control/install.log --single-version-externally-managed install_data
[7.689s] running egg_info
[7.690s] creating ../../build/roboticarm_control/roboticarm_control.egg-info
[7.783s] writing ../../build/roboticarm_control/roboticarm_control.egg-info/PKG-INFO
[7.785s] writing dependency_links to ../../build/roboticarm_control/roboticarm_control.egg-info/dependency_links.txt
[7.786s] writing entry points to ../../build/roboticarm_control/roboticarm_control.egg-info/entry_points.txt
[7.788s] writing requirements to ../../build/roboticarm_control/roboticarm_control.egg-info/requires.txt
[7.790s] writing top-level names to ../../build/roboticarm_control/roboticarm_control.egg-info/top_level.txt
[7.790s] writing manifest file '../../build/roboticarm_control/roboticarm_control.egg-info/SOURCES.txt'
[7.977s] reading manifest file '../../build/roboticarm_control/roboticarm_control.egg-info/SOURCES.txt'
[7.980s] writing manifest file '../../build/roboticarm_control/roboticarm_control.egg-info/SOURCES.txt'
[7.982s] running build
[7.983s] running build_py
[7.985s] creating /home/kv3/ROBOARM/ManualPhase1/ROBO_ws/build/roboticarm_control/build
[7.986s] creating /home/kv3/ROBOARM/ManualPhase1/ROBO_ws/build/roboticarm_control/build/lib
[7.989s] creating /home/kv3/ROBOARM/ManualPhase1/ROBO_ws/build/roboticarm_control/build/lib/roboticarm_control
[7.989s] copying roboticarm_control/__init__.py -> /home/kv3/ROBOARM/ManualPhase1/ROBO_ws/build/roboticarm_control/build/lib/roboticarm_control
[7.990s] copying roboticarm_control/object_detector.py -> /home/kv3/ROBOARM/ManualPhase1/ROBO_ws/build/roboticarm_control/build/lib/roboticarm_control
[7.994s] copying roboticarm_control/object_follower.py -> /home/kv3/ROBOARM/ManualPhase1/ROBO_ws/build/roboticarm_control/build/lib/roboticarm_control
[7.995s] copying roboticarm_control/move_robot.py -> /home/kv3/ROBOARM/ManualPhase1/ROBO_ws/build/roboticarm_control/build/lib/roboticarm_control
[7.996s] running install
[8.017s] running install_lib
[8.113s] creating /home/kv3/ROBOARM/ManualPhase1/ROBO_ws/install/roboticarm_control/lib/python3.12/site-packages/roboticarm_control
[8.114s] copying /home/kv3/ROBOARM/ManualPhase1/ROBO_ws/build/roboticarm_control/build/lib/roboticarm_control/__init__.py -> /home/kv3/ROBOARM/ManualPhase1/ROBO_ws/install/roboticarm_control/lib/python3.12/site-packages/roboticarm_control
[8.115s] copying /home/kv3/ROBOARM/ManualPhase1/ROBO_ws/build/roboticarm_control/build/lib/roboticarm_control/object_detector.py -> /home/kv3/ROBOARM/ManualPhase1/ROBO_ws/install/roboticarm_control/lib/python3.12/site-packages/roboticarm_control
[8.117s] copying /home/kv3/ROBOARM/ManualPhase1/ROBO_ws/build/roboticarm_control/build/lib/roboticarm_control/object_follower.py -> /home/kv3/ROBOARM/ManualPhase1/ROBO_ws/install/roboticarm_control/lib/python3.12/site-packages/roboticarm_control
[8.118s] copying /home/kv3/ROBOARM/ManualPhase1/ROBO_ws/build/roboticarm_control/build/lib/roboticarm_control/move_robot.py -> /home/kv3/ROBOARM/ManualPhase1/ROBO_ws/install/roboticarm_control/lib/python3.12/site-packages/roboticarm_control
[8.124s] byte-compiling /home/kv3/ROBOARM/ManualPhase1/ROBO_ws/install/roboticarm_control/lib/python3.12/site-packages/roboticarm_control/__init__.py to __init__.cpython-312.pyc
[8.125s] byte-compiling /home/kv3/ROBOARM/ManualPhase1/ROBO_ws/install/roboticarm_control/lib/python3.12/site-packages/roboticarm_control/object_detector.py to object_detector.cpython-312.pyc
[8.128s] byte-compiling /home/kv3/ROBOARM/ManualPhase1/ROBO_ws/install/roboticarm_control/lib/python3.12/site-packages/roboticarm_control/object_follower.py to object_follower.cpython-312.pyc
[8.130s] byte-compiling /home/kv3/ROBOARM/ManualPhase1/ROBO_ws/install/roboticarm_control/lib/python3.12/site-packages/roboticarm_control/move_robot.py to move_robot.cpython-312.pyc
[8.134s] running install_data
[8.135s] creating /home/kv3/ROBOARM/ManualPhase1/ROBO_ws/install/roboticarm_control/share/ament_index
[8.136s] creating /home/kv3/ROBOARM/ManualPhase1/ROBO_ws/install/roboticarm_control/share/ament_index/resource_index
[8.137s] creating /home/kv3/ROBOARM/ManualPhase1/ROBO_ws/install/roboticarm_control/share/ament_index/resource_index/packages
[8.139s] copying resource/roboticarm_control -> /home/kv3/ROBOARM/ManualPhase1/ROBO_ws/install/roboticarm_control/share/ament_index/resource_index/packages
[8.140s] copying package.xml -> /home/kv3/ROBOARM/ManualPhase1/ROBO_ws/install/roboticarm_control/share/roboticarm_control
[8.140s] running install_egg_info
[8.245s] Copying ../../build/roboticarm_control/roboticarm_control.egg-info to /home/kv3/ROBOARM/ManualPhase1/ROBO_ws/install/roboticarm_control/lib/python3.12/site-packages/roboticarm_control-0.0.0-py3.12.egg-info
[8.252s] running install_scripts
[8.940s] Installing move_robot script to /home/kv3/ROBOARM/ManualPhase1/ROBO_ws/install/roboticarm_control/lib/roboticarm_control
[8.941s] Installing object_detector script to /home/kv3/ROBOARM/ManualPhase1/ROBO_ws/install/roboticarm_control/lib/roboticarm_control
[8.942s] Installing object_follower script to /home/kv3/ROBOARM/ManualPhase1/ROBO_ws/install/roboticarm_control/lib/roboticarm_control
[8.944s] writing list of installed files to '/home/kv3/ROBOARM/ManualPhase1/ROBO_ws/build/roboticarm_control/install.log'
[9.195s] Invoked command in '/home/kv3/ROBOARM/ManualPhase1/ROBO_ws/src/roboticarm_control' returned '0': PYTHONPATH=/home/kv3/ROBOARM/ManualPhase1/ROBO_ws/build/roboticarm_control/prefix_override:/usr/lib/python3/dist-packages/colcon_core/task/python/colcon_distutils_commands:/home/kv3/ROBOARM/ManualPhase1/ROBO_ws/install/roboticarm_control/lib/python3.12/site-packages:${PYTHONPATH} /usr/bin/python3 -W ignore:setup.py install is deprecated -W ignore:easy_install command is deprecated setup.py egg_info --egg-base ../../build/roboticarm_control build --build-base /home/kv3/ROBOARM/ManualPhase1/ROBO_ws/build/roboticarm_control/build install --record /home/kv3/ROBOARM/ManualPhase1/ROBO_ws/build/roboticarm_control/install.log --single-version-externally-managed install_data
