[4.309s] Invoking command in '/home/kv3/ROBOARM/ManualPhase1/Ros/src/arduino_bridge': PYTHONPATH=/home/kv3/ROBOARM/ManualPhase1/Ros/build/arduino_bridge/prefix_override:/usr/lib/python3/dist-packages/colcon_core/task/python/colcon_distutils_commands:/home/kv3/ROBOARM/ManualPhase1/Ros/install/arduino_bridge/lib/python3.12/site-packages:${PYTHONPATH} /usr/bin/python3 -W ignore:setup.py install is deprecated -W ignore:easy_install command is deprecated setup.py egg_info --egg-base ../../build/arduino_bridge build --build-base /home/kv3/ROBOARM/ManualPhase1/Ros/build/arduino_bridge/build install --record /home/kv3/ROBOARM/ManualPhase1/Ros/build/arduino_bridge/install.log --single-version-externally-managed install_data
[5.454s] running egg_info
[5.530s] writing ../../build/arduino_bridge/arduino_bridge.egg-info/PKG-INFO
[5.531s] writing dependency_links to ../../build/arduino_bridge/arduino_bridge.egg-info/dependency_links.txt
[5.532s] writing entry points to ../../build/arduino_bridge/arduino_bridge.egg-info/entry_points.txt
[5.534s] writing requirements to ../../build/arduino_bridge/arduino_bridge.egg-info/requires.txt
[5.535s] writing top-level names to ../../build/arduino_bridge/arduino_bridge.egg-info/top_level.txt
[5.690s] reading manifest file '../../build/arduino_bridge/arduino_bridge.egg-info/SOURCES.txt'
[5.693s] writing manifest file '../../build/arduino_bridge/arduino_bridge.egg-info/SOURCES.txt'
[5.694s] running build
[5.695s] running build_py
[5.695s] copying arduino_bridge/bridge_node.py -> /home/kv3/ROBOARM/ManualPhase1/Ros/build/arduino_bridge/build/lib/arduino_bridge
[5.700s] running install
[5.722s] running install_lib
[5.800s] copying /home/kv3/ROBOARM/ManualPhase1/Ros/build/arduino_bridge/build/lib/arduino_bridge/bridge_node.py -> /home/kv3/ROBOARM/ManualPhase1/Ros/install/arduino_bridge/lib/python3.12/site-packages/arduino_bridge
[5.802s] byte-compiling /home/kv3/ROBOARM/ManualPhase1/Ros/install/arduino_bridge/lib/python3.12/site-packages/arduino_bridge/bridge_node.py to bridge_node.cpython-312.pyc
[5.806s] running install_data
[5.808s] running install_egg_info
[5.890s] removing '/home/kv3/ROBOARM/ManualPhase1/Ros/install/arduino_bridge/lib/python3.12/site-packages/arduino_bridge-0.0.0-py3.12.egg-info' (and everything under it)
[5.892s] Copying ../../build/arduino_bridge/arduino_bridge.egg-info to /home/kv3/ROBOARM/ManualPhase1/Ros/install/arduino_bridge/lib/python3.12/site-packages/arduino_bridge-0.0.0-py3.12.egg-info
[5.898s] running install_scripts
[6.479s] Installing bridge_node script to /home/kv3/ROBOARM/ManualPhase1/Ros/install/arduino_bridge/lib/arduino_bridge
[6.480s] writing list of installed files to '/home/kv3/ROBOARM/ManualPhase1/Ros/build/arduino_bridge/install.log'
[6.754s] Invoked command in '/home/kv3/ROBOARM/ManualPhase1/Ros/src/arduino_bridge' returned '0': PYTHONPATH=/home/kv3/ROBOARM/ManualPhase1/Ros/build/arduino_bridge/prefix_override:/usr/lib/python3/dist-packages/colcon_core/task/python/colcon_distutils_commands:/home/kv3/ROBOARM/ManualPhase1/Ros/install/arduino_bridge/lib/python3.12/site-packages:${PYTHONPATH} /usr/bin/python3 -W ignore:setup.py install is deprecated -W ignore:easy_install command is deprecated setup.py egg_info --egg-base ../../build/arduino_bridge build --build-base /home/kv3/ROBOARM/ManualPhase1/Ros/build/arduino_bridge/build install --record /home/kv3/ROBOARM/ManualPhase1/Ros/build/arduino_bridge/install.log --single-version-externally-managed install_data
