[6.350s] Invoking command in '/home/kv3/ROBOARM/ManualPhase1/ROBO_ws/src/arduino_bridge': PYTHONPATH=/home/kv3/ROBOARM/ManualPhase1/ROBO_ws/build/arduino_bridge/prefix_override:/usr/lib/python3/dist-packages/colcon_core/task/python/colcon_distutils_commands:/home/kv3/ROBOARM/ManualPhase1/ROBO_ws/install/arduino_bridge/lib/python3.12/site-packages:${PYTHONPATH} /usr/bin/python3 -W ignore:setup.py install is deprecated -W ignore:easy_install command is deprecated setup.py egg_info --egg-base ../../build/arduino_bridge build --build-base /home/kv3/ROBOARM/ManualPhase1/ROBO_ws/build/arduino_bridge/build install --record /home/kv3/ROBOARM/ManualPhase1/ROBO_ws/build/arduino_bridge/install.log --single-version-externally-managed install_data
[7.726s] running egg_info
[7.727s] creating ../../build/arduino_bridge/arduino_bridge.egg-info
[7.824s] writing ../../build/arduino_bridge/arduino_bridge.egg-info/PKG-INFO
[7.826s] writing dependency_links to ../../build/arduino_bridge/arduino_bridge.egg-info/dependency_links.txt
[7.827s] writing entry points to ../../build/arduino_bridge/arduino_bridge.egg-info/entry_points.txt
[7.828s] writing requirements to ../../build/arduino_bridge/arduino_bridge.egg-info/requires.txt
[7.829s] writing top-level names to ../../build/arduino_bridge/arduino_bridge.egg-info/top_level.txt
[7.831s] writing manifest file '../../build/arduino_bridge/arduino_bridge.egg-info/SOURCES.txt'
[8.026s] reading manifest file '../../build/arduino_bridge/arduino_bridge.egg-info/SOURCES.txt'
[8.031s] writing manifest file '../../build/arduino_bridge/arduino_bridge.egg-info/SOURCES.txt'
[8.032s] running build
[8.032s] running build_py
[8.033s] creating /home/kv3/ROBOARM/ManualPhase1/ROBO_ws/build/arduino_bridge/build
[8.033s] creating /home/kv3/ROBOARM/ManualPhase1/ROBO_ws/build/arduino_bridge/build/lib
[8.034s] creating /home/kv3/ROBOARM/ManualPhase1/ROBO_ws/build/arduino_bridge/build/lib/arduino_bridge
[8.035s] copying arduino_bridge/__init__.py -> /home/kv3/ROBOARM/ManualPhase1/ROBO_ws/build/arduino_bridge/build/lib/arduino_bridge
[8.035s] copying arduino_bridge/bridge_node.py -> /home/kv3/ROBOARM/ManualPhase1/ROBO_ws/build/arduino_bridge/build/lib/arduino_bridge
[8.040s] running install
[8.067s] running install_lib
[8.170s] creating /home/kv3/ROBOARM/ManualPhase1/ROBO_ws/install/arduino_bridge/lib/python3.12/site-packages/arduino_bridge
[8.171s] copying /home/kv3/ROBOARM/ManualPhase1/ROBO_ws/build/arduino_bridge/build/lib/arduino_bridge/__init__.py -> /home/kv3/ROBOARM/ManualPhase1/ROBO_ws/install/arduino_bridge/lib/python3.12/site-packages/arduino_bridge
[8.172s] copying /home/kv3/ROBOARM/ManualPhase1/ROBO_ws/build/arduino_bridge/build/lib/arduino_bridge/bridge_node.py -> /home/kv3/ROBOARM/ManualPhase1/ROBO_ws/install/arduino_bridge/lib/python3.12/site-packages/arduino_bridge
[8.182s] byte-compiling /home/kv3/ROBOARM/ManualPhase1/ROBO_ws/install/arduino_bridge/lib/python3.12/site-packages/arduino_bridge/__init__.py to __init__.cpython-312.pyc
[8.183s] byte-compiling /home/kv3/ROBOARM/ManualPhase1/ROBO_ws/install/arduino_bridge/lib/python3.12/site-packages/arduino_bridge/bridge_node.py to bridge_node.cpython-312.pyc
[8.188s] running install_data
[8.189s] creating /home/kv3/ROBOARM/ManualPhase1/ROBO_ws/install/arduino_bridge/share/ament_index
[8.190s] creating /home/kv3/ROBOARM/ManualPhase1/ROBO_ws/install/arduino_bridge/share/ament_index/resource_index
[8.190s] creating /home/kv3/ROBOARM/ManualPhase1/ROBO_ws/install/arduino_bridge/share/ament_index/resource_index/packages
[8.191s] copying resource/arduino_bridge -> /home/kv3/ROBOARM/ManualPhase1/ROBO_ws/install/arduino_bridge/share/ament_index/resource_index/packages
[8.192s] copying package.xml -> /home/kv3/ROBOARM/ManualPhase1/ROBO_ws/install/arduino_bridge/share/arduino_bridge
[8.193s] running install_egg_info
[8.300s] Copying ../../build/arduino_bridge/arduino_bridge.egg-info to /home/kv3/ROBOARM/ManualPhase1/ROBO_ws/install/arduino_bridge/lib/python3.12/site-packages/arduino_bridge-0.0.0-py3.12.egg-info
[8.308s] running install_scripts
[9.016s] Installing bridge_node script to /home/kv3/ROBOARM/ManualPhase1/ROBO_ws/install/arduino_bridge/lib/arduino_bridge
[9.019s] writing list of installed files to '/home/kv3/ROBOARM/ManualPhase1/ROBO_ws/build/arduino_bridge/install.log'
[9.377s] Invoked command in '/home/kv3/ROBOARM/ManualPhase1/ROBO_ws/src/arduino_bridge' returned '0': PYTHONPATH=/home/kv3/ROBOARM/ManualPhase1/ROBO_ws/build/arduino_bridge/prefix_override:/usr/lib/python3/dist-packages/colcon_core/task/python/colcon_distutils_commands:/home/kv3/ROBOARM/ManualPhase1/ROBO_ws/install/arduino_bridge/lib/python3.12/site-packages:${PYTHONPATH} /usr/bin/python3 -W ignore:setup.py install is deprecated -W ignore:easy_install command is deprecated setup.py egg_info --egg-base ../../build/arduino_bridge build --build-base /home/kv3/ROBOARM/ManualPhase1/ROBO_ws/build/arduino_bridge/build install --record /home/kv3/ROBOARM/ManualPhase1/ROBO_ws/build/arduino_bridge/install.log --single-version-externally-managed install_data
