[0.664s] Invoking command in '/home/kirat/Desktop/ROBOARM/ManualPhase1/Ros/roboticarm_description': DEBUGINFOD_URLS=https://debuginfod.ubuntu.com PYTHONPATH=/home/kirat/Desktop/ROBOARM/ManualPhase1/Ros/build/roboticarm_description/prefix_override:/usr/lib/python3/dist-packages/colcon_core/task/python/colcon_distutils_commands:/home/kirat/Desktop/ROBOARM/ManualPhase1/Ros/install/roboticarm_description/lib/python3.12/site-packages:${PYTHONPATH} /usr/bin/python3 -W ignore:setup.py install is deprecated -W ignore:easy_install command is deprecated setup.py egg_info --egg-base ../build/roboticarm_description build --build-base /home/kirat/Desktop/ROBOARM/ManualPhase1/Ros/build/roboticarm_description/build install --record /home/kirat/Desktop/ROBOARM/ManualPhase1/Ros/build/roboticarm_description/install.log --install-scripts $base/lib/roboticarm_description --single-version-externally-managed install_data
[0.765s] /usr/lib/python3/dist-packages/setuptools/dist.py:744: SetuptoolsDeprecationWarning: Invalid dash-separated options
[0.765s] !!
[0.765s] 
[0.765s]         ********************************************************************************
[0.765s]         Usage of dash-separated 'script-dir' will not be supported in future
[0.765s]         versions. Please use the underscore name 'script_dir' instead.
[0.765s] 
[0.765s]         This deprecation is overdue, please update your project and remove deprecated
[0.765s]         calls to avoid build errors in the future.
[0.765s] 
[0.766s]         See https://setuptools.pypa.io/en/latest/userguide/declarative_config.html for details.
[0.766s]         ********************************************************************************
[0.766s] 
[0.766s] !!
[0.766s]   opt = self.warn_dash_deprecation(opt, section)
[0.884s] running egg_info
[0.901s] writing ../build/roboticarm_description/roboticarm_description.egg-info/PKG-INFO
[0.901s] writing dependency_links to ../build/roboticarm_description/roboticarm_description.egg-info/dependency_links.txt
[0.901s] writing requirements to ../build/roboticarm_description/roboticarm_description.egg-info/requires.txt
[0.901s] writing top-level names to ../build/roboticarm_description/roboticarm_description.egg-info/top_level.txt
[0.936s] reading manifest file '../build/roboticarm_description/roboticarm_description.egg-info/SOURCES.txt'
[0.937s] writing manifest file '../build/roboticarm_description/roboticarm_description.egg-info/SOURCES.txt'
[0.937s] running build
[0.937s] running build_py
[0.938s] running install
[0.943s] running install_lib
[0.961s] running install_data
[0.961s] copying launch/gz_sim.launch.py -> /home/kirat/Desktop/ROBOARM/ManualPhase1/Ros/install/roboticarm_description/share/roboticarm_description/launch
[0.961s] running install_egg_info
[0.980s] removing '/home/kirat/Desktop/ROBOARM/ManualPhase1/Ros/install/roboticarm_description/lib/python3.12/site-packages/roboticarm_description-0.0.0-py3.12.egg-info' (and everything under it)
[0.980s] Copying ../build/roboticarm_description/roboticarm_description.egg-info to /home/kirat/Desktop/ROBOARM/ManualPhase1/Ros/install/roboticarm_description/lib/python3.12/site-packages/roboticarm_description-0.0.0-py3.12.egg-info
[0.980s] running install_scripts
[1.093s] writing list of installed files to '/home/kirat/Desktop/ROBOARM/ManualPhase1/Ros/build/roboticarm_description/install.log'
[1.116s] Invoked command in '/home/kirat/Desktop/ROBOARM/ManualPhase1/Ros/roboticarm_description' returned '0': DEBUGINFOD_URLS=https://debuginfod.ubuntu.com PYTHONPATH=/home/kirat/Desktop/ROBOARM/ManualPhase1/Ros/build/roboticarm_description/prefix_override:/usr/lib/python3/dist-packages/colcon_core/task/python/colcon_distutils_commands:/home/kirat/Desktop/ROBOARM/ManualPhase1/Ros/install/roboticarm_description/lib/python3.12/site-packages:${PYTHONPATH} /usr/bin/python3 -W ignore:setup.py install is deprecated -W ignore:easy_install command is deprecated setup.py egg_info --egg-base ../build/roboticarm_description build --build-base /home/kirat/Desktop/ROBOARM/ManualPhase1/Ros/build/roboticarm_description/build install --record /home/kirat/Desktop/ROBOARM/ManualPhase1/Ros/build/roboticarm_description/install.log --install-scripts $base/lib/roboticarm_description --single-version-externally-managed install_data
