[1.009s] Invoking command in '/home/kirat/Desktop/ROBOARM/ManualPhase1/Ros/src/arduino_bridge': DEBUGINFOD_URLS=https://debuginfod.ubuntu.com PYTHONPATH=/home/kirat/Desktop/ROBOARM/ManualPhase1/Ros/build/arduino_bridge/prefix_override:/usr/lib/python3/dist-packages/colcon_core/task/python/colcon_distutils_commands:/home/kirat/Desktop/ROBOARM/ManualPhase1/Ros/install/arduino_bridge/lib/python3.12/site-packages:${PYTHONPATH} /usr/bin/python3 -W ignore:setup.py install is deprecated -W ignore:easy_install command is deprecated setup.py egg_info --egg-base ../../build/arduino_bridge build --build-base /home/kirat/Desktop/ROBOARM/ManualPhase1/Ros/build/arduino_bridge/build install --record /home/kirat/Desktop/ROBOARM/ManualPhase1/Ros/build/arduino_bridge/install.log --single-version-externally-managed install_data
[1.235s] running egg_info
[1.236s] creating ../../build/arduino_bridge/arduino_bridge.egg-info
[1.253s] writing ../../build/arduino_bridge/arduino_bridge.egg-info/PKG-INFO
[1.253s] writing dependency_links to ../../build/arduino_bridge/arduino_bridge.egg-info/dependency_links.txt
[1.253s] writing entry points to ../../build/arduino_bridge/arduino_bridge.egg-info/entry_points.txt
[1.253s] writing requirements to ../../build/arduino_bridge/arduino_bridge.egg-info/requires.txt
[1.253s] writing top-level names to ../../build/arduino_bridge/arduino_bridge.egg-info/top_level.txt
[1.253s] writing manifest file '../../build/arduino_bridge/arduino_bridge.egg-info/SOURCES.txt'
[1.288s] reading manifest file '../../build/arduino_bridge/arduino_bridge.egg-info/SOURCES.txt'
[1.289s] writing manifest file '../../build/arduino_bridge/arduino_bridge.egg-info/SOURCES.txt'
[1.289s] running build
[1.289s] running build_py
[1.289s] creating /home/kirat/Desktop/ROBOARM/ManualPhase1/Ros/build/arduino_bridge/build
[1.289s] creating /home/kirat/Desktop/ROBOARM/ManualPhase1/Ros/build/arduino_bridge/build/lib
[1.290s] creating /home/kirat/Desktop/ROBOARM/ManualPhase1/Ros/build/arduino_bridge/build/lib/arduino_bridge
[1.290s] copying arduino_bridge/bridge_node.py -> /home/kirat/Desktop/ROBOARM/ManualPhase1/Ros/build/arduino_bridge/build/lib/arduino_bridge
[1.290s] copying arduino_bridge/__init__.py -> /home/kirat/Desktop/ROBOARM/ManualPhase1/Ros/build/arduino_bridge/build/lib/arduino_bridge
[1.290s] running install
[1.295s] running install_lib
[1.313s] creating /home/kirat/Desktop/ROBOARM/ManualPhase1/Ros/install/arduino_bridge/lib/python3.12/site-packages/arduino_bridge
[1.313s] copying /home/kirat/Desktop/ROBOARM/ManualPhase1/Ros/build/arduino_bridge/build/lib/arduino_bridge/bridge_node.py -> /home/kirat/Desktop/ROBOARM/ManualPhase1/Ros/install/arduino_bridge/lib/python3.12/site-packages/arduino_bridge
[1.313s] copying /home/kirat/Desktop/ROBOARM/ManualPhase1/Ros/build/arduino_bridge/build/lib/arduino_bridge/__init__.py -> /home/kirat/Desktop/ROBOARM/ManualPhase1/Ros/install/arduino_bridge/lib/python3.12/site-packages/arduino_bridge
[1.314s] byte-compiling /home/kirat/Desktop/ROBOARM/ManualPhase1/Ros/install/arduino_bridge/lib/python3.12/site-packages/arduino_bridge/bridge_node.py to bridge_node.cpython-312.pyc
[1.314s] byte-compiling /home/kirat/Desktop/ROBOARM/ManualPhase1/Ros/install/arduino_bridge/lib/python3.12/site-packages/arduino_bridge/__init__.py to __init__.cpython-312.pyc
[1.314s] running install_data
[1.314s] creating /home/kirat/Desktop/ROBOARM/ManualPhase1/Ros/install/arduino_bridge/share/ament_index
[1.314s] creating /home/kirat/Desktop/ROBOARM/ManualPhase1/Ros/install/arduino_bridge/share/ament_index/resource_index
[1.315s] creating /home/kirat/Desktop/ROBOARM/ManualPhase1/Ros/install/arduino_bridge/share/ament_index/resource_index/packages
[1.315s] copying resource/arduino_bridge -> /home/kirat/Desktop/ROBOARM/ManualPhase1/Ros/install/arduino_bridge/share/ament_index/resource_index/packages
[1.315s] copying package.xml -> /home/kirat/Desktop/ROBOARM/ManualPhase1/Ros/install/arduino_bridge/share/arduino_bridge
[1.315s] running install_egg_info
[1.333s] Copying ../../build/arduino_bridge/arduino_bridge.egg-info to /home/kirat/Desktop/ROBOARM/ManualPhase1/Ros/install/arduino_bridge/lib/python3.12/site-packages/arduino_bridge-0.0.0-py3.12.egg-info
[1.334s] running install_scripts
[1.453s] Installing bridge_node script to /home/kirat/Desktop/ROBOARM/ManualPhase1/Ros/install/arduino_bridge/lib/arduino_bridge
[1.453s] writing list of installed files to '/home/kirat/Desktop/ROBOARM/ManualPhase1/Ros/build/arduino_bridge/install.log'
[1.481s] Invoked command in '/home/kirat/Desktop/ROBOARM/ManualPhase1/Ros/src/arduino_bridge' returned '0': DEBUGINFOD_URLS=https://debuginfod.ubuntu.com PYTHONPATH=/home/kirat/Desktop/ROBOARM/ManualPhase1/Ros/build/arduino_bridge/prefix_override:/usr/lib/python3/dist-packages/colcon_core/task/python/colcon_distutils_commands:/home/kirat/Desktop/ROBOARM/ManualPhase1/Ros/install/arduino_bridge/lib/python3.12/site-packages:${PYTHONPATH} /usr/bin/python3 -W ignore:setup.py install is deprecated -W ignore:easy_install command is deprecated setup.py egg_info --egg-base ../../build/arduino_bridge build --build-base /home/kirat/Desktop/ROBOARM/ManualPhase1/Ros/build/arduino_bridge/build install --record /home/kirat/Desktop/ROBOARM/ManualPhase1/Ros/build/arduino_bridge/install.log --single-version-externally-managed install_data
