[1.606s] Invoking command in '/home/kirat/Desktop/ROBOARM/ManualPhase1/Ros/src/roboticarm_description': DEBUGINFOD_URLS=https://debuginfod.ubuntu.com PYTHONPATH=/home/kirat/Desktop/ROBOARM/ManualPhase1/Ros/build/roboticarm_description/prefix_override:/usr/lib/python3/dist-packages/colcon_core/task/python/colcon_distutils_commands:/home/kirat/Desktop/ROBOARM/ManualPhase1/Ros/install/roboticarm_description/lib/python3.12/site-packages:${PYTHONPATH} /usr/bin/python3 -W ignore:setup.py install is deprecated -W ignore:easy_install command is deprecated setup.py egg_info --egg-base ../../build/roboticarm_description build --build-base /home/kirat/Desktop/ROBOARM/ManualPhase1/Ros/build/roboticarm_description/build install --record /home/kirat/Desktop/ROBOARM/ManualPhase1/Ros/build/roboticarm_description/install.log --install-scripts $base/lib/roboticarm_description --single-version-externally-managed install_data
[1.808s] /usr/lib/python3/dist-packages/setuptools/dist.py:744: SetuptoolsDeprecationWarning: Invalid dash-separated options
[1.808s] !!
[1.808s] 
[1.808s]         ********************************************************************************
[1.808s]         Usage of dash-separated 'script-dir' will not be supported in future
[1.809s]         versions. Please use the underscore name 'script_dir' instead.
[1.809s] 
[1.809s]         This deprecation is overdue, please update your project and remove deprecated
[1.809s]         calls to avoid build errors in the future.
[1.809s] 
[1.809s]         See https://setuptools.pypa.io/en/latest/userguide/declarative_config.html for details.
[1.809s]         ********************************************************************************
[1.809s] 
[1.810s] !!
[1.810s]   opt = self.warn_dash_deprecation(opt, section)
[2.054s] running egg_info
[2.089s] writing ../../build/roboticarm_description/roboticarm_description.egg-info/PKG-INFO
[2.092s] writing dependency_links to ../../build/roboticarm_description/roboticarm_description.egg-info/dependency_links.txt
[2.092s] writing requirements to ../../build/roboticarm_description/roboticarm_description.egg-info/requires.txt
[2.093s] writing top-level names to ../../build/roboticarm_description/roboticarm_description.egg-info/top_level.txt
[2.162s] reading manifest file '../../build/roboticarm_description/roboticarm_description.egg-info/SOURCES.txt'
[2.164s] writing manifest file '../../build/roboticarm_description/roboticarm_description.egg-info/SOURCES.txt'
[2.164s] running build
[2.164s] running build_py
[2.165s] running install
[2.175s] running install_lib
[2.210s] running install_data
[2.211s] running install_egg_info
[2.248s] removing '/home/kirat/Desktop/ROBOARM/ManualPhase1/Ros/install/roboticarm_description/lib/python3.12/site-packages/roboticarm_description-0.0.0-py3.12.egg-info' (and everything under it)
[2.248s] Copying ../../build/roboticarm_description/roboticarm_description.egg-info to /home/kirat/Desktop/ROBOARM/ManualPhase1/Ros/install/roboticarm_description/lib/python3.12/site-packages/roboticarm_description-0.0.0-py3.12.egg-info
[2.250s] running install_scripts
[2.480s] writing list of installed files to '/home/kirat/Desktop/ROBOARM/ManualPhase1/Ros/build/roboticarm_description/install.log'
[2.517s] Invoked command in '/home/kirat/Desktop/ROBOARM/ManualPhase1/Ros/src/roboticarm_description' returned '0': DEBUGINFOD_URLS=https://debuginfod.ubuntu.com PYTHONPATH=/home/kirat/Desktop/ROBOARM/ManualPhase1/Ros/build/roboticarm_description/prefix_override:/usr/lib/python3/dist-packages/colcon_core/task/python/colcon_distutils_commands:/home/kirat/Desktop/ROBOARM/ManualPhase1/Ros/install/roboticarm_description/lib/python3.12/site-packages:${PYTHONPATH} /usr/bin/python3 -W ignore:setup.py install is deprecated -W ignore:easy_install command is deprecated setup.py egg_info --egg-base ../../build/roboticarm_description build --build-base /home/kirat/Desktop/ROBOARM/ManualPhase1/Ros/build/roboticarm_description/build install --record /home/kirat/Desktop/ROBOARM/ManualPhase1/Ros/build/roboticarm_description/install.log --install-scripts $base/lib/roboticarm_description --single-version-externally-managed install_data
