[0.274s] DEBUG:colcon:Command line arguments: ['/usr/bin/colcon', 'build']
[0.274s] DEBUG:colcon:Parsed command line arguments: Namespace(log_base=None, log_level=None, verb_name='build', build_base='build', install_base='install', merge_install=False, symlink_install=False, test_result_base=None, continue_on_error=False, executor='parallel', parallel_workers=12, event_handlers=None, ignore_user_meta=False, metas=['./colcon.meta'], base_paths=['.'], packages_ignore=None, packages_ignore_regex=None, paths=None, packages_up_to=None, packages_up_to_regex=None, packages_above=None, packages_above_and_dependencies=None, packages_above_depth=None, packages_select_by_dep=None, packages_skip_by_dep=None, packages_skip_up_to=None, packages_select_build_failed=False, packages_skip_build_finished=False, packages_select_test_failures=False, packages_skip_test_passed=False, packages_select=None, packages_skip=None, packages_select_regex=None, packages_skip_regex=None, packages_start=None, packages_end=None, allow_overriding=[], cmake_args=None, cmake_target=None, cmake_target_skip_unavailable=False, cmake_clean_cache=False, cmake_clean_first=False, cmake_force_configure=False, ament_cmake_args=None, catkin_cmake_args=None, catkin_skip_building_tests=False, mixin_files=None, mixin=None, verb_parser=<colcon_mixin.mixin.mixin_argument.MixinArgumentDecorator object at 0x79efe00344a0>, verb_extension=<colcon_core.verb.build.BuildVerb object at 0x79efe0017cb0>, main=<bound method BuildVerb.main of <colcon_core.verb.build.BuildVerb object at 0x79efe0017cb0>>, mixin_verb=('build',))
[0.324s] Level 1:colcon.colcon_core.package_discovery:discover_packages(colcon_meta) check parameters
[0.324s] Level 1:colcon.colcon_core.package_discovery:discover_packages(recursive) check parameters
[0.324s] Level 1:colcon.colcon_core.package_discovery:discover_packages(ignore) check parameters
[0.324s] Level 1:colcon.colcon_core.package_discovery:discover_packages(path) check parameters
[0.324s] Level 1:colcon.colcon_core.package_discovery:discover_packages(colcon_meta) discover
[0.324s] Level 1:colcon.colcon_core.package_discovery:discover_packages(recursive) discover
[0.324s] INFO:colcon.colcon_core.package_discovery:Crawling recursively for packages in '/home/kirat/Desktop/ROBOARM/ManualPhase1/Ros'
[0.324s] Level 1:colcon.colcon_core.package_identification:_identify(.) by extensions ['ignore', 'ignore_ament_install']
[0.324s] Level 1:colcon.colcon_core.package_identification:_identify(.) by extension 'ignore'
[0.324s] Level 1:colcon.colcon_core.package_identification:_identify(.) by extension 'ignore_ament_install'
[0.324s] Level 1:colcon.colcon_core.package_identification:_identify(.) by extensions ['colcon_pkg']
[0.324s] Level 1:colcon.colcon_core.package_identification:_identify(.) by extension 'colcon_pkg'
[0.324s] Level 1:colcon.colcon_core.package_identification:_identify(.) by extensions ['colcon_meta']
[0.324s] Level 1:colcon.colcon_core.package_identification:_identify(.) by extension 'colcon_meta'
[0.324s] Level 1:colcon.colcon_core.package_identification:_identify(.) by extensions ['ros']
[0.324s] Level 1:colcon.colcon_core.package_identification:_identify(.) by extension 'ros'
[0.347s] Level 1:colcon.colcon_core.package_identification:_identify(.) by extensions ['cmake', 'python']
[0.347s] Level 1:colcon.colcon_core.package_identification:_identify(.) by extension 'cmake'
[0.347s] Level 1:colcon.colcon_core.package_identification:_identify(.) by extension 'python'
[0.347s] Level 1:colcon.colcon_core.package_identification:_identify(.) by extensions ['python_setup_py']
[0.347s] Level 1:colcon.colcon_core.package_identification:_identify(.) by extension 'python_setup_py'
[0.348s] Level 1:colcon.colcon_core.package_identification:_identify(build) by extensions ['ignore', 'ignore_ament_install']
[0.348s] Level 1:colcon.colcon_core.package_identification:_identify(build) by extension 'ignore'
[0.348s] Level 1:colcon.colcon_core.package_identification:_identify(build) ignored
[0.348s] Level 1:colcon.colcon_core.package_identification:_identify(install) by extensions ['ignore', 'ignore_ament_install']
[0.348s] Level 1:colcon.colcon_core.package_identification:_identify(install) by extension 'ignore'
[0.348s] Level 1:colcon.colcon_core.package_identification:_identify(install) ignored
[0.348s] Level 1:colcon.colcon_core.package_identification:_identify(log) by extensions ['ignore', 'ignore_ament_install']
[0.348s] Level 1:colcon.colcon_core.package_identification:_identify(log) by extension 'ignore'
[0.348s] Level 1:colcon.colcon_core.package_identification:_identify(log) ignored
[0.348s] Level 1:colcon.colcon_core.package_identification:_identify(src) by extensions ['ignore', 'ignore_ament_install']
[0.348s] Level 1:colcon.colcon_core.package_identification:_identify(src) by extension 'ignore'
[0.348s] Level 1:colcon.colcon_core.package_identification:_identify(src) by extension 'ignore_ament_install'
[0.348s] Level 1:colcon.colcon_core.package_identification:_identify(src) by extensions ['colcon_pkg']
[0.348s] Level 1:colcon.colcon_core.package_identification:_identify(src) by extension 'colcon_pkg'
[0.348s] Level 1:colcon.colcon_core.package_identification:_identify(src) by extensions ['colcon_meta']
[0.348s] Level 1:colcon.colcon_core.package_identification:_identify(src) by extension 'colcon_meta'
[0.348s] Level 1:colcon.colcon_core.package_identification:_identify(src) by extensions ['ros']
[0.348s] Level 1:colcon.colcon_core.package_identification:_identify(src) by extension 'ros'
[0.348s] Level 1:colcon.colcon_core.package_identification:_identify(src) by extensions ['cmake', 'python']
[0.348s] Level 1:colcon.colcon_core.package_identification:_identify(src) by extension 'cmake'
[0.348s] Level 1:colcon.colcon_core.package_identification:_identify(src) by extension 'python'
[0.348s] Level 1:colcon.colcon_core.package_identification:_identify(src) by extensions ['python_setup_py']
[0.348s] Level 1:colcon.colcon_core.package_identification:_identify(src) by extension 'python_setup_py'
[0.349s] Level 1:colcon.colcon_core.package_identification:_identify(src/arduino_bridge) by extensions ['ignore', 'ignore_ament_install']
[0.349s] Level 1:colcon.colcon_core.package_identification:_identify(src/arduino_bridge) by extension 'ignore'
[0.349s] Level 1:colcon.colcon_core.package_identification:_identify(src/arduino_bridge) by extension 'ignore_ament_install'
[0.349s] Level 1:colcon.colcon_core.package_identification:_identify(src/arduino_bridge) by extensions ['colcon_pkg']
[0.349s] Level 1:colcon.colcon_core.package_identification:_identify(src/arduino_bridge) by extension 'colcon_pkg'
[0.349s] Level 1:colcon.colcon_core.package_identification:_identify(src/arduino_bridge) by extensions ['colcon_meta']
[0.349s] Level 1:colcon.colcon_core.package_identification:_identify(src/arduino_bridge) by extension 'colcon_meta'
[0.349s] Level 1:colcon.colcon_core.package_identification:_identify(src/arduino_bridge) by extensions ['ros']
[0.349s] Level 1:colcon.colcon_core.package_identification:_identify(src/arduino_bridge) by extension 'ros'
[0.351s] DEBUG:colcon.colcon_core.package_identification:Package 'src/arduino_bridge' with type 'ros.ament_python' and name 'arduino_bridge'
[0.351s] Level 1:colcon.colcon_core.package_identification:_identify(src/roboticarm_description) by extensions ['ignore', 'ignore_ament_install']
[0.351s] Level 1:colcon.colcon_core.package_identification:_identify(src/roboticarm_description) by extension 'ignore'
[0.351s] Level 1:colcon.colcon_core.package_identification:_identify(src/roboticarm_description) by extension 'ignore_ament_install'
[0.351s] Level 1:colcon.colcon_core.package_identification:_identify(src/roboticarm_description) by extensions ['colcon_pkg']
[0.351s] Level 1:colcon.colcon_core.package_identification:_identify(src/roboticarm_description) by extension 'colcon_pkg'
[0.352s] Level 1:colcon.colcon_core.package_identification:_identify(src/roboticarm_description) by extensions ['colcon_meta']
[0.352s] Level 1:colcon.colcon_core.package_identification:_identify(src/roboticarm_description) by extension 'colcon_meta'
[0.352s] Level 1:colcon.colcon_core.package_identification:_identify(src/roboticarm_description) by extensions ['ros']
[0.352s] Level 1:colcon.colcon_core.package_identification:_identify(src/roboticarm_description) by extension 'ros'
[0.352s] DEBUG:colcon.colcon_core.package_identification:Package 'src/roboticarm_description' with type 'ros.ament_python' and name 'roboticarm_description'
[0.352s] Level 1:colcon.colcon_core.package_identification:_identify(src/roboticarm_moveit_config) by extensions ['ignore', 'ignore_ament_install']
[0.352s] Level 1:colcon.colcon_core.package_identification:_identify(src/roboticarm_moveit_config) by extension 'ignore'
[0.352s] Level 1:colcon.colcon_core.package_identification:_identify(src/roboticarm_moveit_config) by extension 'ignore_ament_install'
[0.352s] Level 1:colcon.colcon_core.package_identification:_identify(src/roboticarm_moveit_config) by extensions ['colcon_pkg']
[0.352s] Level 1:colcon.colcon_core.package_identification:_identify(src/roboticarm_moveit_config) by extension 'colcon_pkg'
[0.353s] Level 1:colcon.colcon_core.package_identification:_identify(src/roboticarm_moveit_config) by extensions ['colcon_meta']
[0.353s] Level 1:colcon.colcon_core.package_identification:_identify(src/roboticarm_moveit_config) by extension 'colcon_meta'
[0.353s] Level 1:colcon.colcon_core.package_identification:_identify(src/roboticarm_moveit_config) by extensions ['ros']
[0.353s] Level 1:colcon.colcon_core.package_identification:_identify(src/roboticarm_moveit_config) by extension 'ros'
[0.353s] DEBUG:colcon.colcon_core.package_identification:Package 'src/roboticarm_moveit_config' with type 'ros.ament_cmake' and name 'roboticarm_moveit_config'
[0.353s] Level 1:colcon.colcon_core.package_discovery:discover_packages(recursive) using defaults
[0.353s] Level 1:colcon.colcon_core.package_discovery:discover_packages(ignore) discover
[0.353s] Level 1:colcon.colcon_core.package_discovery:discover_packages(ignore) using defaults
[0.353s] Level 1:colcon.colcon_core.package_discovery:discover_packages(path) discover
[0.353s] Level 1:colcon.colcon_core.package_discovery:discover_packages(path) using defaults
[0.373s] Level 1:colcon.colcon_core.package_discovery:discover_packages(prefix_path) check parameters
[0.374s] Level 1:colcon.colcon_core.package_discovery:discover_packages(prefix_path) discover
[0.377s] DEBUG:colcon.colcon_installed_package_information.package_discovery:Found 410 installed packages in /opt/ros/jazzy
[0.378s] Level 1:colcon.colcon_core.package_discovery:discover_packages(prefix_path) using defaults
[0.424s] Level 5:colcon.colcon_core.verb:set package 'arduino_bridge' build argument 'cmake_args' from command line to 'None'
[0.424s] Level 5:colcon.colcon_core.verb:set package 'arduino_bridge' build argument 'cmake_target' from command line to 'None'
[0.424s] Level 5:colcon.colcon_core.verb:set package 'arduino_bridge' build argument 'cmake_target_skip_unavailable' from command line to 'False'
[0.424s] Level 5:colcon.colcon_core.verb:set package 'arduino_bridge' build argument 'cmake_clean_cache' from command line to 'False'
[0.424s] Level 5:colcon.colcon_core.verb:set package 'arduino_bridge' build argument 'cmake_clean_first' from command line to 'False'
[0.424s] Level 5:colcon.colcon_core.verb:set package 'arduino_bridge' build argument 'cmake_force_configure' from command line to 'False'
[0.424s] Level 5:colcon.colcon_core.verb:set package 'arduino_bridge' build argument 'ament_cmake_args' from command line to 'None'
[0.424s] Level 5:colcon.colcon_core.verb:set package 'arduino_bridge' build argument 'catkin_cmake_args' from command line to 'None'
[0.424s] Level 5:colcon.colcon_core.verb:set package 'arduino_bridge' build argument 'catkin_skip_building_tests' from command line to 'False'
[0.424s] DEBUG:colcon.colcon_core.verb:Building package 'arduino_bridge' with the following arguments: {'ament_cmake_args': None, 'build_base': '/home/kirat/Desktop/ROBOARM/ManualPhase1/Ros/build/arduino_bridge', 'catkin_cmake_args': None, 'catkin_skip_building_tests': False, 'cmake_args': None, 'cmake_clean_cache': False, 'cmake_clean_first': False, 'cmake_force_configure': False, 'cmake_target': None, 'cmake_target_skip_unavailable': False, 'install_base': '/home/kirat/Desktop/ROBOARM/ManualPhase1/Ros/install/arduino_bridge', 'merge_install': False, 'path': '/home/kirat/Desktop/ROBOARM/ManualPhase1/Ros/src/arduino_bridge', 'symlink_install': False, 'test_result_base': None}
[0.424s] Level 5:colcon.colcon_core.verb:set package 'roboticarm_description' build argument 'cmake_args' from command line to 'None'
[0.424s] Level 5:colcon.colcon_core.verb:set package 'roboticarm_description' build argument 'cmake_target' from command line to 'None'
[0.424s] Level 5:colcon.colcon_core.verb:set package 'roboticarm_description' build argument 'cmake_target_skip_unavailable' from command line to 'False'
[0.424s] Level 5:colcon.colcon_core.verb:set package 'roboticarm_description' build argument 'cmake_clean_cache' from command line to 'False'
[0.424s] Level 5:colcon.colcon_core.verb:set package 'roboticarm_description' build argument 'cmake_clean_first' from command line to 'False'
[0.424s] Level 5:colcon.colcon_core.verb:set package 'roboticarm_description' build argument 'cmake_force_configure' from command line to 'False'
[0.424s] Level 5:colcon.colcon_core.verb:set package 'roboticarm_description' build argument 'ament_cmake_args' from command line to 'None'
[0.424s] Level 5:colcon.colcon_core.verb:set package 'roboticarm_description' build argument 'catkin_cmake_args' from command line to 'None'
[0.424s] Level 5:colcon.colcon_core.verb:set package 'roboticarm_description' build argument 'catkin_skip_building_tests' from command line to 'False'
[0.424s] DEBUG:colcon.colcon_core.verb:Building package 'roboticarm_description' with the following arguments: {'ament_cmake_args': None, 'build_base': '/home/kirat/Desktop/ROBOARM/ManualPhase1/Ros/build/roboticarm_description', 'catkin_cmake_args': None, 'catkin_skip_building_tests': False, 'cmake_args': None, 'cmake_clean_cache': False, 'cmake_clean_first': False, 'cmake_force_configure': False, 'cmake_target': None, 'cmake_target_skip_unavailable': False, 'install_base': '/home/kirat/Desktop/ROBOARM/ManualPhase1/Ros/install/roboticarm_description', 'merge_install': False, 'path': '/home/kirat/Desktop/ROBOARM/ManualPhase1/Ros/src/roboticarm_description', 'symlink_install': False, 'test_result_base': None}
[0.424s] Level 5:colcon.colcon_core.verb:set package 'roboticarm_moveit_config' build argument 'cmake_args' from command line to 'None'
[0.424s] Level 5:colcon.colcon_core.verb:set package 'roboticarm_moveit_config' build argument 'cmake_target' from command line to 'None'
[0.424s] Level 5:colcon.colcon_core.verb:set package 'roboticarm_moveit_config' build argument 'cmake_target_skip_unavailable' from command line to 'False'
[0.424s] Level 5:colcon.colcon_core.verb:set package 'roboticarm_moveit_config' build argument 'cmake_clean_cache' from command line to 'False'
[0.425s] Level 5:colcon.colcon_core.verb:set package 'roboticarm_moveit_config' build argument 'cmake_clean_first' from command line to 'False'
[0.425s] Level 5:colcon.colcon_core.verb:set package 'roboticarm_moveit_config' build argument 'cmake_force_configure' from command line to 'False'
[0.425s] Level 5:colcon.colcon_core.verb:set package 'roboticarm_moveit_config' build argument 'ament_cmake_args' from command line to 'None'
[0.425s] Level 5:colcon.colcon_core.verb:set package 'roboticarm_moveit_config' build argument 'catkin_cmake_args' from command line to 'None'
[0.425s] Level 5:colcon.colcon_core.verb:set package 'roboticarm_moveit_config' build argument 'catkin_skip_building_tests' from command line to 'False'
[0.425s] DEBUG:colcon.colcon_core.verb:Building package 'roboticarm_moveit_config' with the following arguments: {'ament_cmake_args': None, 'build_base': '/home/kirat/Desktop/ROBOARM/ManualPhase1/Ros/build/roboticarm_moveit_config', 'catkin_cmake_args': None, 'catkin_skip_building_tests': False, 'cmake_args': None, 'cmake_clean_cache': False, 'cmake_clean_first': False, 'cmake_force_configure': False, 'cmake_target': None, 'cmake_target_skip_unavailable': False, 'install_base': '/home/kirat/Desktop/ROBOARM/ManualPhase1/Ros/install/roboticarm_moveit_config', 'merge_install': False, 'path': '/home/kirat/Desktop/ROBOARM/ManualPhase1/Ros/src/roboticarm_moveit_config', 'symlink_install': False, 'test_result_base': None}
[0.425s] INFO:colcon.colcon_core.executor:Executing jobs using 'parallel' executor
[0.425s] DEBUG:colcon.colcon_parallel_executor.executor.parallel:run_until_complete
[0.425s] INFO:colcon.colcon_ros.task.ament_python.build:Building ROS package in '/home/kirat/Desktop/ROBOARM/ManualPhase1/Ros/src/roboticarm_description' with build type 'ament_python'
[0.426s] Level 1:colcon.colcon_core.shell:create_environment_hook('roboticarm_description', 'ament_prefix_path')
[0.432s] INFO:colcon.colcon_core.plugin_system:Skipping extension 'colcon_core.shell.bat': Not used on non-Windows systems
[0.433s] INFO:colcon.colcon_core.shell:Creating environment hook '/home/kirat/Desktop/ROBOARM/ManualPhase1/Ros/install/roboticarm_description/share/roboticarm_description/hook/ament_prefix_path.ps1'
[0.433s] INFO:colcon.colcon_core.shell:Creating environment descriptor '/home/kirat/Desktop/ROBOARM/ManualPhase1/Ros/install/roboticarm_description/share/roboticarm_description/hook/ament_prefix_path.dsv'
[0.434s] INFO:colcon.colcon_core.shell:Creating environment hook '/home/kirat/Desktop/ROBOARM/ManualPhase1/Ros/install/roboticarm_description/share/roboticarm_description/hook/ament_prefix_path.sh'
[0.435s] INFO:colcon.colcon_core.shell:Skip shell extension 'powershell' for command environment: Not usable outside of PowerShell
[0.435s] DEBUG:colcon.colcon_core.shell:Skip shell extension 'dsv' for command environment
[0.438s] INFO:colcon.colcon_ros.task.ament_python.build:Building ROS package in '/home/kirat/Desktop/ROBOARM/ManualPhase1/Ros/src/arduino_bridge' with build type 'ament_python'
[0.438s] Level 1:colcon.colcon_core.shell:create_environment_hook('arduino_bridge', 'ament_prefix_path')
[0.438s] INFO:colcon.colcon_core.shell:Creating environment hook '/home/kirat/Desktop/ROBOARM/ManualPhase1/Ros/install/arduino_bridge/share/arduino_bridge/hook/ament_prefix_path.ps1'
[0.438s] INFO:colcon.colcon_core.shell:Creating environment descriptor '/home/kirat/Desktop/ROBOARM/ManualPhase1/Ros/install/arduino_bridge/share/arduino_bridge/hook/ament_prefix_path.dsv'
[0.438s] INFO:colcon.colcon_core.shell:Creating environment hook '/home/kirat/Desktop/ROBOARM/ManualPhase1/Ros/install/arduino_bridge/share/arduino_bridge/hook/ament_prefix_path.sh'
[0.439s] INFO:colcon.colcon_core.shell:Skip shell extension 'powershell' for command environment: Not usable outside of PowerShell
[0.439s] DEBUG:colcon.colcon_core.shell:Skip shell extension 'dsv' for command environment
[0.611s] INFO:colcon.colcon_core.task.python.build:Building Python package in '/home/kirat/Desktop/ROBOARM/ManualPhase1/Ros/src/roboticarm_description'
[0.612s] INFO:colcon.colcon_core.shell:Skip shell extension 'powershell' for command environment: Not usable outside of PowerShell
[0.612s] DEBUG:colcon.colcon_core.shell:Skip shell extension 'dsv' for command environment
[0.783s] INFO:colcon.colcon_core.task.python.build:Building Python package in '/home/kirat/Desktop/ROBOARM/ManualPhase1/Ros/src/arduino_bridge'
[0.784s] INFO:colcon.colcon_core.shell:Skip shell extension 'powershell' for command environment: Not usable outside of PowerShell
[0.784s] DEBUG:colcon.colcon_core.shell:Skip shell extension 'dsv' for command environment
[1.438s] DEBUG:colcon.colcon_core.event_handler.log_command:Invoking command in '/home/kirat/Desktop/ROBOARM/ManualPhase1/Ros/src/roboticarm_description': DEBUGINFOD_URLS=https://debuginfod.ubuntu.com PYTHONPATH=/home/kirat/Desktop/ROBOARM/ManualPhase1/Ros/build/roboticarm_description/prefix_override:/usr/lib/python3/dist-packages/colcon_core/task/python/colcon_distutils_commands:/home/kirat/Desktop/ROBOARM/ManualPhase1/Ros/install/roboticarm_description/lib/python3.12/site-packages:${PYTHONPATH} /usr/bin/python3 -W ignore:setup.py install is deprecated -W ignore:easy_install command is deprecated setup.py egg_info --egg-base ../../build/roboticarm_description build --build-base /home/kirat/Desktop/ROBOARM/ManualPhase1/Ros/build/roboticarm_description/build install --record /home/kirat/Desktop/ROBOARM/ManualPhase1/Ros/build/roboticarm_description/install.log --install-scripts $base/lib/roboticarm_description --single-version-externally-managed install_data
[1.447s] DEBUG:colcon.colcon_core.event_handler.log_command:Invoking command in '/home/kirat/Desktop/ROBOARM/ManualPhase1/Ros/src/arduino_bridge': DEBUGINFOD_URLS=https://debuginfod.ubuntu.com PYTHONPATH=/home/kirat/Desktop/ROBOARM/ManualPhase1/Ros/build/arduino_bridge/prefix_override:/usr/lib/python3/dist-packages/colcon_core/task/python/colcon_distutils_commands:/home/kirat/Desktop/ROBOARM/ManualPhase1/Ros/install/arduino_bridge/lib/python3.12/site-packages:${PYTHONPATH} /usr/bin/python3 -W ignore:setup.py install is deprecated -W ignore:easy_install command is deprecated setup.py egg_info --egg-base ../../build/arduino_bridge build --build-base /home/kirat/Desktop/ROBOARM/ManualPhase1/Ros/build/arduino_bridge/build install --record /home/kirat/Desktop/ROBOARM/ManualPhase1/Ros/build/arduino_bridge/install.log --single-version-externally-managed install_data
[1.919s] DEBUG:colcon.colcon_core.event_handler.log_command:Invoked command in '/home/kirat/Desktop/ROBOARM/ManualPhase1/Ros/src/arduino_bridge' returned '0': DEBUGINFOD_URLS=https://debuginfod.ubuntu.com PYTHONPATH=/home/kirat/Desktop/ROBOARM/ManualPhase1/Ros/build/arduino_bridge/prefix_override:/usr/lib/python3/dist-packages/colcon_core/task/python/colcon_distutils_commands:/home/kirat/Desktop/ROBOARM/ManualPhase1/Ros/install/arduino_bridge/lib/python3.12/site-packages:${PYTHONPATH} /usr/bin/python3 -W ignore:setup.py install is deprecated -W ignore:easy_install command is deprecated setup.py egg_info --egg-base ../../build/arduino_bridge build --build-base /home/kirat/Desktop/ROBOARM/ManualPhase1/Ros/build/arduino_bridge/build install --record /home/kirat/Desktop/ROBOARM/ManualPhase1/Ros/build/arduino_bridge/install.log --single-version-externally-managed install_data
[1.925s] Level 1:colcon.colcon_core.environment:checking '/home/kirat/Desktop/ROBOARM/ManualPhase1/Ros/install/arduino_bridge' for CMake module files
[1.926s] Level 1:colcon.colcon_core.environment:checking '/home/kirat/Desktop/ROBOARM/ManualPhase1/Ros/install/arduino_bridge' for CMake config files
[1.926s] Level 1:colcon.colcon_core.environment:checking '/home/kirat/Desktop/ROBOARM/ManualPhase1/Ros/install/arduino_bridge/lib'
[1.926s] Level 1:colcon.colcon_core.environment:checking '/home/kirat/Desktop/ROBOARM/ManualPhase1/Ros/install/arduino_bridge/bin'
[1.926s] Level 1:colcon.colcon_core.environment:checking '/home/kirat/Desktop/ROBOARM/ManualPhase1/Ros/install/arduino_bridge/lib/pkgconfig/arduino_bridge.pc'
[1.926s] Level 1:colcon.colcon_core.environment:checking '/home/kirat/Desktop/ROBOARM/ManualPhase1/Ros/install/arduino_bridge/lib/python3.12/site-packages'
[1.927s] Level 1:colcon.colcon_core.shell:create_environment_hook('arduino_bridge', 'pythonpath')
[1.927s] INFO:colcon.colcon_core.shell:Creating environment hook '/home/kirat/Desktop/ROBOARM/ManualPhase1/Ros/install/arduino_bridge/share/arduino_bridge/hook/pythonpath.ps1'
[1.927s] INFO:colcon.colcon_core.shell:Creating environment descriptor '/home/kirat/Desktop/ROBOARM/ManualPhase1/Ros/install/arduino_bridge/share/arduino_bridge/hook/pythonpath.dsv'
[1.927s] INFO:colcon.colcon_core.shell:Creating environment hook '/home/kirat/Desktop/ROBOARM/ManualPhase1/Ros/install/arduino_bridge/share/arduino_bridge/hook/pythonpath.sh'
[1.928s] Level 1:colcon.colcon_core.environment:checking '/home/kirat/Desktop/ROBOARM/ManualPhase1/Ros/install/arduino_bridge/bin'
[1.928s] Level 1:colcon.colcon_core.environment:create_environment_scripts_only(arduino_bridge)
[1.928s] INFO:colcon.colcon_core.shell:Creating package script '/home/kirat/Desktop/ROBOARM/ManualPhase1/Ros/install/arduino_bridge/share/arduino_bridge/package.ps1'
[1.929s] INFO:colcon.colcon_core.shell:Creating package descriptor '/home/kirat/Desktop/ROBOARM/ManualPhase1/Ros/install/arduino_bridge/share/arduino_bridge/package.dsv'
[1.930s] INFO:colcon.colcon_core.shell:Creating package script '/home/kirat/Desktop/ROBOARM/ManualPhase1/Ros/install/arduino_bridge/share/arduino_bridge/package.sh'
[1.930s] INFO:colcon.colcon_core.shell:Creating package script '/home/kirat/Desktop/ROBOARM/ManualPhase1/Ros/install/arduino_bridge/share/arduino_bridge/package.bash'
[1.931s] INFO:colcon.colcon_core.shell:Creating package script '/home/kirat/Desktop/ROBOARM/ManualPhase1/Ros/install/arduino_bridge/share/arduino_bridge/package.zsh'
[1.932s] Level 1:colcon.colcon_core.environment:create_file_with_runtime_dependencies(/home/kirat/Desktop/ROBOARM/ManualPhase1/Ros/install/arduino_bridge/share/colcon-core/packages/arduino_bridge)
[1.933s] Level 1:colcon.colcon_core.environment:checking '/home/kirat/Desktop/ROBOARM/ManualPhase1/Ros/install/roboticarm_description' for CMake module files
[1.933s] DEBUG:colcon.colcon_core.event_handler.log_command:Invoked command in '/home/kirat/Desktop/ROBOARM/ManualPhase1/Ros/src/roboticarm_description' returned '0': DEBUGINFOD_URLS=https://debuginfod.ubuntu.com PYTHONPATH=/home/kirat/Desktop/ROBOARM/ManualPhase1/Ros/build/roboticarm_description/prefix_override:/usr/lib/python3/dist-packages/colcon_core/task/python/colcon_distutils_commands:/home/kirat/Desktop/ROBOARM/ManualPhase1/Ros/install/roboticarm_description/lib/python3.12/site-packages:${PYTHONPATH} /usr/bin/python3 -W ignore:setup.py install is deprecated -W ignore:easy_install command is deprecated setup.py egg_info --egg-base ../../build/roboticarm_description build --build-base /home/kirat/Desktop/ROBOARM/ManualPhase1/Ros/build/roboticarm_description/build install --record /home/kirat/Desktop/ROBOARM/ManualPhase1/Ros/build/roboticarm_description/install.log --install-scripts $base/lib/roboticarm_description --single-version-externally-managed install_data
[1.933s] Level 1:colcon.colcon_core.environment:checking '/home/kirat/Desktop/ROBOARM/ManualPhase1/Ros/install/roboticarm_description' for CMake config files
[1.934s] Level 1:colcon.colcon_core.environment:checking '/home/kirat/Desktop/ROBOARM/ManualPhase1/Ros/install/roboticarm_description/lib'
[1.934s] Level 1:colcon.colcon_core.environment:checking '/home/kirat/Desktop/ROBOARM/ManualPhase1/Ros/install/roboticarm_description/bin'
[1.934s] Level 1:colcon.colcon_core.environment:checking '/home/kirat/Desktop/ROBOARM/ManualPhase1/Ros/install/roboticarm_description/lib/pkgconfig/roboticarm_description.pc'
[1.934s] Level 1:colcon.colcon_core.environment:checking '/home/kirat/Desktop/ROBOARM/ManualPhase1/Ros/install/roboticarm_description/lib/python3.12/site-packages'
[1.934s] Level 1:colcon.colcon_core.shell:create_environment_hook('roboticarm_description', 'pythonpath')
[1.934s] INFO:colcon.colcon_core.shell:Creating environment hook '/home/kirat/Desktop/ROBOARM/ManualPhase1/Ros/install/roboticarm_description/share/roboticarm_description/hook/pythonpath.ps1'
[1.935s] INFO:colcon.colcon_core.shell:Creating environment descriptor '/home/kirat/Desktop/ROBOARM/ManualPhase1/Ros/install/roboticarm_description/share/roboticarm_description/hook/pythonpath.dsv'
[1.935s] INFO:colcon.colcon_core.shell:Creating environment hook '/home/kirat/Desktop/ROBOARM/ManualPhase1/Ros/install/roboticarm_description/share/roboticarm_description/hook/pythonpath.sh'
[1.935s] Level 1:colcon.colcon_core.environment:checking '/home/kirat/Desktop/ROBOARM/ManualPhase1/Ros/install/roboticarm_description/bin'
[1.935s] Level 1:colcon.colcon_core.environment:create_environment_scripts_only(roboticarm_description)
[1.936s] INFO:colcon.colcon_core.shell:Creating package script '/home/kirat/Desktop/ROBOARM/ManualPhase1/Ros/install/roboticarm_description/share/roboticarm_description/package.ps1'
[1.936s] INFO:colcon.colcon_core.shell:Creating package descriptor '/home/kirat/Desktop/ROBOARM/ManualPhase1/Ros/install/roboticarm_description/share/roboticarm_description/package.dsv'
[1.936s] INFO:colcon.colcon_core.shell:Creating package script '/home/kirat/Desktop/ROBOARM/ManualPhase1/Ros/install/roboticarm_description/share/roboticarm_description/package.sh'
[1.936s] INFO:colcon.colcon_core.shell:Creating package script '/home/kirat/Desktop/ROBOARM/ManualPhase1/Ros/install/roboticarm_description/share/roboticarm_description/package.bash'
[1.937s] INFO:colcon.colcon_core.shell:Creating package script '/home/kirat/Desktop/ROBOARM/ManualPhase1/Ros/install/roboticarm_description/share/roboticarm_description/package.zsh'
[1.937s] Level 1:colcon.colcon_core.environment:create_file_with_runtime_dependencies(/home/kirat/Desktop/ROBOARM/ManualPhase1/Ros/install/roboticarm_description/share/colcon-core/packages/roboticarm_description)
[1.937s] INFO:colcon.colcon_ros.task.ament_cmake.build:Building ROS package in '/home/kirat/Desktop/ROBOARM/ManualPhase1/Ros/src/roboticarm_moveit_config' with build type 'ament_cmake'
[1.938s] INFO:colcon.colcon_cmake.task.cmake.build:Building CMake package in '/home/kirat/Desktop/ROBOARM/ManualPhase1/Ros/src/roboticarm_moveit_config'
[1.938s] INFO:colcon.colcon_core.shell:Skip shell extension 'powershell' for command environment: Not usable outside of PowerShell
[1.938s] DEBUG:colcon.colcon_core.shell:Skip shell extension 'dsv' for command environment
[1.945s] DEBUG:colcon.colcon_core.event_handler.log_command:Invoking command in '/home/kirat/Desktop/ROBOARM/ManualPhase1/Ros/build/roboticarm_moveit_config': AMENT_PREFIX_PATH=/home/kirat/Desktop/ROBOARM/ManualPhase1/Ros/install/roboticarm_description:${AMENT_PREFIX_PATH} CMAKE_PREFIX_PATH=${CMAKE_PREFIX_PATH}:/opt/ros/jazzy DEBUGINFOD_URLS=https://debuginfod.ubuntu.com PYTHONPATH=/home/kirat/Desktop/ROBOARM/ManualPhase1/Ros/install/roboticarm_description/lib/python3.12/site-packages:${PYTHONPATH} /usr/bin/cmake /home/kirat/Desktop/ROBOARM/ManualPhase1/Ros/src/roboticarm_moveit_config -DCMAKE_INSTALL_PREFIX=/home/kirat/Desktop/ROBOARM/ManualPhase1/Ros/install/roboticarm_moveit_config
[2.813s] DEBUG:colcon.colcon_core.event_handler.log_command:Invoked command in '/home/kirat/Desktop/ROBOARM/ManualPhase1/Ros/build/roboticarm_moveit_config' returned '0': AMENT_PREFIX_PATH=/home/kirat/Desktop/ROBOARM/ManualPhase1/Ros/install/roboticarm_description:${AMENT_PREFIX_PATH} CMAKE_PREFIX_PATH=${CMAKE_PREFIX_PATH}:/opt/ros/jazzy DEBUGINFOD_URLS=https://debuginfod.ubuntu.com PYTHONPATH=/home/kirat/Desktop/ROBOARM/ManualPhase1/Ros/install/roboticarm_description/lib/python3.12/site-packages:${PYTHONPATH} /usr/bin/cmake /home/kirat/Desktop/ROBOARM/ManualPhase1/Ros/src/roboticarm_moveit_config -DCMAKE_INSTALL_PREFIX=/home/kirat/Desktop/ROBOARM/ManualPhase1/Ros/install/roboticarm_moveit_config
[2.814s] DEBUG:colcon.colcon_core.event_handler.log_command:Invoking command in '/home/kirat/Desktop/ROBOARM/ManualPhase1/Ros/build/roboticarm_moveit_config': AMENT_PREFIX_PATH=/home/kirat/Desktop/ROBOARM/ManualPhase1/Ros/install/roboticarm_description:${AMENT_PREFIX_PATH} CMAKE_PREFIX_PATH=${CMAKE_PREFIX_PATH}:/opt/ros/jazzy DEBUGINFOD_URLS=https://debuginfod.ubuntu.com PYTHONPATH=/home/kirat/Desktop/ROBOARM/ManualPhase1/Ros/install/roboticarm_description/lib/python3.12/site-packages:${PYTHONPATH} /usr/bin/cmake --build /home/kirat/Desktop/ROBOARM/ManualPhase1/Ros/build/roboticarm_moveit_config -- -j12 -l12
[2.853s] DEBUG:colcon.colcon_core.event_handler.log_command:Invoked command in '/home/kirat/Desktop/ROBOARM/ManualPhase1/Ros/build/roboticarm_moveit_config' returned '0': AMENT_PREFIX_PATH=/home/kirat/Desktop/ROBOARM/ManualPhase1/Ros/install/roboticarm_description:${AMENT_PREFIX_PATH} CMAKE_PREFIX_PATH=${CMAKE_PREFIX_PATH}:/opt/ros/jazzy DEBUGINFOD_URLS=https://debuginfod.ubuntu.com PYTHONPATH=/home/kirat/Desktop/ROBOARM/ManualPhase1/Ros/install/roboticarm_description/lib/python3.12/site-packages:${PYTHONPATH} /usr/bin/cmake --build /home/kirat/Desktop/ROBOARM/ManualPhase1/Ros/build/roboticarm_moveit_config -- -j12 -l12
[2.861s] DEBUG:colcon.colcon_core.event_handler.log_command:Invoking command in '/home/kirat/Desktop/ROBOARM/ManualPhase1/Ros/build/roboticarm_moveit_config': AMENT_PREFIX_PATH=/home/kirat/Desktop/ROBOARM/ManualPhase1/Ros/install/roboticarm_description:${AMENT_PREFIX_PATH} CMAKE_PREFIX_PATH=${CMAKE_PREFIX_PATH}:/opt/ros/jazzy DEBUGINFOD_URLS=https://debuginfod.ubuntu.com PYTHONPATH=/home/kirat/Desktop/ROBOARM/ManualPhase1/Ros/install/roboticarm_description/lib/python3.12/site-packages:${PYTHONPATH} /usr/bin/cmake --install /home/kirat/Desktop/ROBOARM/ManualPhase1/Ros/build/roboticarm_moveit_config
[2.877s] Level 1:colcon.colcon_core.environment:create_environment_scripts_only(roboticarm_moveit_config)
[2.877s] DEBUG:colcon.colcon_core.event_handler.log_command:Invoked command in '/home/kirat/Desktop/ROBOARM/ManualPhase1/Ros/build/roboticarm_moveit_config' returned '0': AMENT_PREFIX_PATH=/home/kirat/Desktop/ROBOARM/ManualPhase1/Ros/install/roboticarm_description:${AMENT_PREFIX_PATH} CMAKE_PREFIX_PATH=${CMAKE_PREFIX_PATH}:/opt/ros/jazzy DEBUGINFOD_URLS=https://debuginfod.ubuntu.com PYTHONPATH=/home/kirat/Desktop/ROBOARM/ManualPhase1/Ros/install/roboticarm_description/lib/python3.12/site-packages:${PYTHONPATH} /usr/bin/cmake --install /home/kirat/Desktop/ROBOARM/ManualPhase1/Ros/build/roboticarm_moveit_config
[2.877s] Level 1:colcon.colcon_core.environment:checking '/home/kirat/Desktop/ROBOARM/ManualPhase1/Ros/install/roboticarm_moveit_config' for CMake module files
[2.878s] Level 1:colcon.colcon_core.environment:checking '/home/kirat/Desktop/ROBOARM/ManualPhase1/Ros/install/roboticarm_moveit_config' for CMake config files
[2.878s] Level 1:colcon.colcon_core.shell:create_environment_hook('roboticarm_moveit_config', 'cmake_prefix_path')
[2.878s] INFO:colcon.colcon_core.shell:Creating environment hook '/home/kirat/Desktop/ROBOARM/ManualPhase1/Ros/install/roboticarm_moveit_config/share/roboticarm_moveit_config/hook/cmake_prefix_path.ps1'
[2.878s] INFO:colcon.colcon_core.shell:Creating environment descriptor '/home/kirat/Desktop/ROBOARM/ManualPhase1/Ros/install/roboticarm_moveit_config/share/roboticarm_moveit_config/hook/cmake_prefix_path.dsv'
[2.879s] INFO:colcon.colcon_core.shell:Creating environment hook '/home/kirat/Desktop/ROBOARM/ManualPhase1/Ros/install/roboticarm_moveit_config/share/roboticarm_moveit_config/hook/cmake_prefix_path.sh'
[2.879s] Level 1:colcon.colcon_core.environment:checking '/home/kirat/Desktop/ROBOARM/ManualPhase1/Ros/install/roboticarm_moveit_config/bin'
[2.879s] Level 1:colcon.colcon_core.environment:checking '/home/kirat/Desktop/ROBOARM/ManualPhase1/Ros/install/roboticarm_moveit_config/lib/pkgconfig/roboticarm_moveit_config.pc'
[2.879s] Level 1:colcon.colcon_core.environment:checking '/home/kirat/Desktop/ROBOARM/ManualPhase1/Ros/install/roboticarm_moveit_config/lib/python3.12/site-packages'
[2.879s] Level 1:colcon.colcon_core.environment:checking '/home/kirat/Desktop/ROBOARM/ManualPhase1/Ros/install/roboticarm_moveit_config/bin'
[2.880s] INFO:colcon.colcon_core.shell:Creating package script '/home/kirat/Desktop/ROBOARM/ManualPhase1/Ros/install/roboticarm_moveit_config/share/roboticarm_moveit_config/package.ps1'
[2.880s] INFO:colcon.colcon_core.shell:Creating package descriptor '/home/kirat/Desktop/ROBOARM/ManualPhase1/Ros/install/roboticarm_moveit_config/share/roboticarm_moveit_config/package.dsv'
[2.880s] INFO:colcon.colcon_core.shell:Creating package script '/home/kirat/Desktop/ROBOARM/ManualPhase1/Ros/install/roboticarm_moveit_config/share/roboticarm_moveit_config/package.sh'
[2.880s] INFO:colcon.colcon_core.shell:Creating package script '/home/kirat/Desktop/ROBOARM/ManualPhase1/Ros/install/roboticarm_moveit_config/share/roboticarm_moveit_config/package.bash'
[2.881s] INFO:colcon.colcon_core.shell:Creating package script '/home/kirat/Desktop/ROBOARM/ManualPhase1/Ros/install/roboticarm_moveit_config/share/roboticarm_moveit_config/package.zsh'
[2.881s] Level 1:colcon.colcon_core.environment:create_file_with_runtime_dependencies(/home/kirat/Desktop/ROBOARM/ManualPhase1/Ros/install/roboticarm_moveit_config/share/colcon-core/packages/roboticarm_moveit_config)
[2.881s] Level 1:colcon.colcon_core.environment:create_environment_scripts_only(roboticarm_moveit_config)
[2.881s] Level 1:colcon.colcon_core.environment:checking '/home/kirat/Desktop/ROBOARM/ManualPhase1/Ros/install/roboticarm_moveit_config' for CMake module files
[2.882s] Level 1:colcon.colcon_core.environment:checking '/home/kirat/Desktop/ROBOARM/ManualPhase1/Ros/install/roboticarm_moveit_config' for CMake config files
[2.882s] Level 1:colcon.colcon_core.shell:create_environment_hook('roboticarm_moveit_config', 'cmake_prefix_path')
[2.882s] INFO:colcon.colcon_core.shell:Creating environment hook '/home/kirat/Desktop/ROBOARM/ManualPhase1/Ros/install/roboticarm_moveit_config/share/roboticarm_moveit_config/hook/cmake_prefix_path.ps1'
[2.882s] INFO:colcon.colcon_core.shell:Creating environment descriptor '/home/kirat/Desktop/ROBOARM/ManualPhase1/Ros/install/roboticarm_moveit_config/share/roboticarm_moveit_config/hook/cmake_prefix_path.dsv'
[2.883s] INFO:colcon.colcon_core.shell:Creating environment hook '/home/kirat/Desktop/ROBOARM/ManualPhase1/Ros/install/roboticarm_moveit_config/share/roboticarm_moveit_config/hook/cmake_prefix_path.sh'
[2.883s] Level 1:colcon.colcon_core.environment:checking '/home/kirat/Desktop/ROBOARM/ManualPhase1/Ros/install/roboticarm_moveit_config/bin'
[2.883s] Level 1:colcon.colcon_core.environment:checking '/home/kirat/Desktop/ROBOARM/ManualPhase1/Ros/install/roboticarm_moveit_config/lib/pkgconfig/roboticarm_moveit_config.pc'
[2.883s] Level 1:colcon.colcon_core.environment:checking '/home/kirat/Desktop/ROBOARM/ManualPhase1/Ros/install/roboticarm_moveit_config/lib/python3.12/site-packages'
[2.883s] Level 1:colcon.colcon_core.environment:checking '/home/kirat/Desktop/ROBOARM/ManualPhase1/Ros/install/roboticarm_moveit_config/bin'
[2.884s] INFO:colcon.colcon_core.shell:Creating package script '/home/kirat/Desktop/ROBOARM/ManualPhase1/Ros/install/roboticarm_moveit_config/share/roboticarm_moveit_config/package.ps1'
[2.884s] INFO:colcon.colcon_core.shell:Creating package descriptor '/home/kirat/Desktop/ROBOARM/ManualPhase1/Ros/install/roboticarm_moveit_config/share/roboticarm_moveit_config/package.dsv'
[2.884s] INFO:colcon.colcon_core.shell:Creating package script '/home/kirat/Desktop/ROBOARM/ManualPhase1/Ros/install/roboticarm_moveit_config/share/roboticarm_moveit_config/package.sh'
[2.885s] INFO:colcon.colcon_core.shell:Creating package script '/home/kirat/Desktop/ROBOARM/ManualPhase1/Ros/install/roboticarm_moveit_config/share/roboticarm_moveit_config/package.bash'
[2.885s] INFO:colcon.colcon_core.shell:Creating package script '/home/kirat/Desktop/ROBOARM/ManualPhase1/Ros/install/roboticarm_moveit_config/share/roboticarm_moveit_config/package.zsh'
[2.885s] Level 1:colcon.colcon_core.environment:create_file_with_runtime_dependencies(/home/kirat/Desktop/ROBOARM/ManualPhase1/Ros/install/roboticarm_moveit_config/share/colcon-core/packages/roboticarm_moveit_config)
[2.885s] DEBUG:colcon.colcon_parallel_executor.executor.parallel:closing loop
[2.886s] DEBUG:colcon.colcon_parallel_executor.executor.parallel:loop closed
[2.886s] DEBUG:colcon.colcon_parallel_executor.executor.parallel:run_until_complete finished with '0'
[2.886s] DEBUG:colcon.colcon_core.event_reactor:joining thread
[2.892s] INFO:colcon.colcon_core.plugin_system:Skipping extension 'colcon_notification.desktop_notification.terminal_notifier': Not used on non-Darwin systems
[2.892s] INFO:colcon.colcon_core.plugin_system:Skipping extension 'colcon_notification.desktop_notification.win32': Not used on non-Windows systems
[2.892s] INFO:colcon.colcon_notification.desktop_notification:Sending desktop notification using 'notify2'
[2.904s] DEBUG:colcon.colcon_core.event_reactor:joined thread
[2.904s] INFO:colcon.colcon_core.shell:Creating prefix script '/home/kirat/Desktop/ROBOARM/ManualPhase1/Ros/install/local_setup.ps1'
[2.905s] INFO:colcon.colcon_core.shell:Creating prefix util module '/home/kirat/Desktop/ROBOARM/ManualPhase1/Ros/install/_local_setup_util_ps1.py'
[2.906s] INFO:colcon.colcon_core.shell:Creating prefix chain script '/home/kirat/Desktop/ROBOARM/ManualPhase1/Ros/install/setup.ps1'
[2.907s] INFO:colcon.colcon_core.shell:Creating prefix script '/home/kirat/Desktop/ROBOARM/ManualPhase1/Ros/install/local_setup.sh'
[2.907s] INFO:colcon.colcon_core.shell:Creating prefix util module '/home/kirat/Desktop/ROBOARM/ManualPhase1/Ros/install/_local_setup_util_sh.py'
[2.908s] INFO:colcon.colcon_core.shell:Creating prefix chain script '/home/kirat/Desktop/ROBOARM/ManualPhase1/Ros/install/setup.sh'
[2.909s] INFO:colcon.colcon_core.shell:Creating prefix script '/home/kirat/Desktop/ROBOARM/ManualPhase1/Ros/install/local_setup.bash'
[2.909s] INFO:colcon.colcon_core.shell:Creating prefix chain script '/home/kirat/Desktop/ROBOARM/ManualPhase1/Ros/install/setup.bash'
[2.910s] INFO:colcon.colcon_core.shell:Creating prefix script '/home/kirat/Desktop/ROBOARM/ManualPhase1/Ros/install/local_setup.zsh'
[2.910s] INFO:colcon.colcon_core.shell:Creating prefix chain script '/home/kirat/Desktop/ROBOARM/ManualPhase1/Ros/install/setup.zsh'
