/usr/lib/python3/dist-packages/setuptools/dist.py:744: SetuptoolsDeprecationWarning: Invalid dash-separated options
!!

        ********************************************************************************
        Usage of dash-separated 'script-dir' will not be supported in future
        versions. Please use the underscore name 'script_dir' instead.

        This deprecation is overdue, please update your project and remove deprecated
        calls to avoid build errors in the future.

        See https://setuptools.pypa.io/en/latest/userguide/declarative_config.html for details.
        ********************************************************************************

!!
  opt = self.warn_dash_deprecation(opt, section)
running egg_info
creating ../../build/roboticarm_description/roboticarm_description.egg-info
writing ../../build/roboticarm_description/roboticarm_description.egg-info/PKG-INFO
writing dependency_links to ../../build/roboticarm_description/roboticarm_description.egg-info/dependency_links.txt
writing requirements to ../../build/roboticarm_description/roboticarm_description.egg-info/requires.txt
writing top-level names to ../../build/roboticarm_description/roboticarm_description.egg-info/top_level.txt
writing manifest file '../../build/roboticarm_description/roboticarm_description.egg-info/SOURCES.txt'
reading manifest file '../../build/roboticarm_description/roboticarm_description.egg-info/SOURCES.txt'
writing manifest file '../../build/roboticarm_description/roboticarm_description.egg-info/SOURCES.txt'
running build
running build_py
creating /home/kirat/Desktop/ROBOARM/ManualPhase1/Ros/build/roboticarm_description/build
creating /home/kirat/Desktop/ROBOARM/ManualPhase1/Ros/build/roboticarm_description/build/lib
creating /home/kirat/Desktop/ROBOARM/ManualPhase1/Ros/build/roboticarm_description/build/lib/roboticarm_description
copying roboticarm_description/__init__.py -> /home/kirat/Desktop/ROBOARM/ManualPhase1/Ros/build/roboticarm_description/build/lib/roboticarm_description
running install
running install_lib
creating /home/kirat/Desktop/ROBOARM/ManualPhase1/Ros/install/roboticarm_description/lib/python3.12/site-packages/roboticarm_description
copying /home/kirat/Desktop/ROBOARM/ManualPhase1/Ros/build/roboticarm_description/build/lib/roboticarm_description/__init__.py -> /home/kirat/Desktop/ROBOARM/ManualPhase1/Ros/install/roboticarm_description/lib/python3.12/site-packages/roboticarm_description
byte-compiling /home/kirat/Desktop/ROBOARM/ManualPhase1/Ros/install/roboticarm_description/lib/python3.12/site-packages/roboticarm_description/__init__.py to __init__.cpython-312.pyc
running install_data
creating /home/kirat/Desktop/ROBOARM/ManualPhase1/Ros/install/roboticarm_description/share/ament_index
creating /home/kirat/Desktop/ROBOARM/ManualPhase1/Ros/install/roboticarm_description/share/ament_index/resource_index
creating /home/kirat/Desktop/ROBOARM/ManualPhase1/Ros/install/roboticarm_description/share/ament_index/resource_index/packages
copying resource/roboticarm_description -> /home/kirat/Desktop/ROBOARM/ManualPhase1/Ros/install/roboticarm_description/share/ament_index/resource_index/packages
copying package.xml -> /home/kirat/Desktop/ROBOARM/ManualPhase1/Ros/install/roboticarm_description/share/roboticarm_description
creating /home/kirat/Desktop/ROBOARM/ManualPhase1/Ros/install/roboticarm_description/share/roboticarm_description/launch
copying launch/gazebo.launch.py -> /home/kirat/Desktop/ROBOARM/ManualPhase1/Ros/install/roboticarm_description/share/roboticarm_description/launch
copying launch/display.launch.py -> /home/kirat/Desktop/ROBOARM/ManualPhase1/Ros/install/roboticarm_description/share/roboticarm_description/launch
creating /home/kirat/Desktop/ROBOARM/ManualPhase1/Ros/install/roboticarm_description/share/roboticarm_description/urdf
copying urdf/roboticarm.xacro -> /home/kirat/Desktop/ROBOARM/ManualPhase1/Ros/install/roboticarm_description/share/roboticarm_description/urdf
copying urdf/roboticarm.trans -> /home/kirat/Desktop/ROBOARM/ManualPhase1/Ros/install/roboticarm_description/share/roboticarm_description/urdf
copying urdf/materials.xacro -> /home/kirat/Desktop/ROBOARM/ManualPhase1/Ros/install/roboticarm_description/share/roboticarm_description/urdf
copying urdf/roboticarm.gazebo -> /home/kirat/Desktop/ROBOARM/ManualPhase1/Ros/install/roboticarm_description/share/roboticarm_description/urdf
creating /home/kirat/Desktop/ROBOARM/ManualPhase1/Ros/install/roboticarm_description/share/roboticarm_description/meshes
copying meshes/w_b_1.stl -> /home/kirat/Desktop/ROBOARM/ManualPhase1/Ros/install/roboticarm_description/share/roboticarm_description/meshes
copying meshes/base_link.stl -> /home/kirat/Desktop/ROBOARM/ManualPhase1/Ros/install/roboticarm_description/share/roboticarm_description/meshes
copying meshes/w_a_1.stl -> /home/kirat/Desktop/ROBOARM/ManualPhase1/Ros/install/roboticarm_description/share/roboticarm_description/meshes
copying meshes/waist_1.stl -> /home/kirat/Desktop/ROBOARM/ManualPhase1/Ros/install/roboticarm_description/share/roboticarm_description/meshes
copying meshes/elbow_1.stl -> /home/kirat/Desktop/ROBOARM/ManualPhase1/Ros/install/roboticarm_description/share/roboticarm_description/meshes
copying meshes/shoulder_1.stl -> /home/kirat/Desktop/ROBOARM/ManualPhase1/Ros/install/roboticarm_description/share/roboticarm_description/meshes
copying meshes/w_c_1.stl -> /home/kirat/Desktop/ROBOARM/ManualPhase1/Ros/install/roboticarm_description/share/roboticarm_description/meshes
copying meshes/gripper_1.stl -> /home/kirat/Desktop/ROBOARM/ManualPhase1/Ros/install/roboticarm_description/share/roboticarm_description/meshes
creating /home/kirat/Desktop/ROBOARM/ManualPhase1/Ros/install/roboticarm_description/share/roboticarm_description/config
copying config/display.rviz -> /home/kirat/Desktop/ROBOARM/ManualPhase1/Ros/install/roboticarm_description/share/roboticarm_description/config
running install_egg_info
Copying ../../build/roboticarm_description/roboticarm_description.egg-info to /home/kirat/Desktop/ROBOARM/ManualPhase1/Ros/install/roboticarm_description/lib/python3.12/site-packages/roboticarm_description-0.0.0-py3.12.egg-info
running install_scripts
writing list of installed files to '/home/kirat/Desktop/ROBOARM/ManualPhase1/Ros/build/roboticarm_description/install.log'
