[1.012s] Invoking command in '/home/kirat/Desktop/ROBOARM/ManualPhase1/Ros/src/roboticarm_description': DEBUGINFOD_URLS=https://debuginfod.ubuntu.com PYTHONPATH=/home/kirat/Desktop/ROBOARM/ManualPhase1/Ros/build/roboticarm_description/prefix_override:/usr/lib/python3/dist-packages/colcon_core/task/python/colcon_distutils_commands:/home/kirat/Desktop/ROBOARM/ManualPhase1/Ros/install/roboticarm_description/lib/python3.12/site-packages:${PYTHONPATH} /usr/bin/python3 -W ignore:setup.py install is deprecated -W ignore:easy_install command is deprecated setup.py egg_info --egg-base ../../build/roboticarm_description build --build-base /home/kirat/Desktop/ROBOARM/ManualPhase1/Ros/build/roboticarm_description/build install --record /home/kirat/Desktop/ROBOARM/ManualPhase1/Ros/build/roboticarm_description/install.log --install-scripts $base/lib/roboticarm_description --single-version-externally-managed install_data
[1.118s] /usr/lib/python3/dist-packages/setuptools/dist.py:744: SetuptoolsDeprecationWarning: Invalid dash-separated options
[1.118s] !!
[1.118s] 
[1.118s]         ********************************************************************************
[1.118s]         Usage of dash-separated 'script-dir' will not be supported in future
[1.119s]         versions. Please use the underscore name 'script_dir' instead.
[1.119s] 
[1.119s]         This deprecation is overdue, please update your project and remove deprecated
[1.119s]         calls to avoid build errors in the future.
[1.119s] 
[1.119s]         See https://setuptools.pypa.io/en/latest/userguide/declarative_config.html for details.
[1.119s]         ********************************************************************************
[1.119s] 
[1.119s] !!
[1.119s]   opt = self.warn_dash_deprecation(opt, section)
[1.243s] running egg_info
[1.245s] creating ../../build/roboticarm_description/roboticarm_description.egg-info
[1.261s] writing ../../build/roboticarm_description/roboticarm_description.egg-info/PKG-INFO
[1.261s] writing dependency_links to ../../build/roboticarm_description/roboticarm_description.egg-info/dependency_links.txt
[1.261s] writing requirements to ../../build/roboticarm_description/roboticarm_description.egg-info/requires.txt
[1.261s] writing top-level names to ../../build/roboticarm_description/roboticarm_description.egg-info/top_level.txt
[1.261s] writing manifest file '../../build/roboticarm_description/roboticarm_description.egg-info/SOURCES.txt'
[1.297s] reading manifest file '../../build/roboticarm_description/roboticarm_description.egg-info/SOURCES.txt'
[1.297s] writing manifest file '../../build/roboticarm_description/roboticarm_description.egg-info/SOURCES.txt'
[1.297s] running build
[1.298s] running build_py
[1.298s] creating /home/kirat/Desktop/ROBOARM/ManualPhase1/Ros/build/roboticarm_description/build
[1.298s] creating /home/kirat/Desktop/ROBOARM/ManualPhase1/Ros/build/roboticarm_description/build/lib
[1.298s] creating /home/kirat/Desktop/ROBOARM/ManualPhase1/Ros/build/roboticarm_description/build/lib/roboticarm_description
[1.298s] copying roboticarm_description/__init__.py -> /home/kirat/Desktop/ROBOARM/ManualPhase1/Ros/build/roboticarm_description/build/lib/roboticarm_description
[1.298s] running install
[1.303s] running install_lib
[1.321s] creating /home/kirat/Desktop/ROBOARM/ManualPhase1/Ros/install/roboticarm_description/lib/python3.12/site-packages/roboticarm_description
[1.321s] copying /home/kirat/Desktop/ROBOARM/ManualPhase1/Ros/build/roboticarm_description/build/lib/roboticarm_description/__init__.py -> /home/kirat/Desktop/ROBOARM/ManualPhase1/Ros/install/roboticarm_description/lib/python3.12/site-packages/roboticarm_description
[1.322s] byte-compiling /home/kirat/Desktop/ROBOARM/ManualPhase1/Ros/install/roboticarm_description/lib/python3.12/site-packages/roboticarm_description/__init__.py to __init__.cpython-312.pyc
[1.322s] running install_data
[1.322s] creating /home/kirat/Desktop/ROBOARM/ManualPhase1/Ros/install/roboticarm_description/share/ament_index
[1.322s] creating /home/kirat/Desktop/ROBOARM/ManualPhase1/Ros/install/roboticarm_description/share/ament_index/resource_index
[1.322s] creating /home/kirat/Desktop/ROBOARM/ManualPhase1/Ros/install/roboticarm_description/share/ament_index/resource_index/packages
[1.323s] copying resource/roboticarm_description -> /home/kirat/Desktop/ROBOARM/ManualPhase1/Ros/install/roboticarm_description/share/ament_index/resource_index/packages
[1.323s] copying package.xml -> /home/kirat/Desktop/ROBOARM/ManualPhase1/Ros/install/roboticarm_description/share/roboticarm_description
[1.323s] creating /home/kirat/Desktop/ROBOARM/ManualPhase1/Ros/install/roboticarm_description/share/roboticarm_description/launch
[1.323s] copying launch/gazebo.launch.py -> /home/kirat/Desktop/ROBOARM/ManualPhase1/Ros/install/roboticarm_description/share/roboticarm_description/launch
[1.323s] copying launch/display.launch.py -> /home/kirat/Desktop/ROBOARM/ManualPhase1/Ros/install/roboticarm_description/share/roboticarm_description/launch
[1.323s] creating /home/kirat/Desktop/ROBOARM/ManualPhase1/Ros/install/roboticarm_description/share/roboticarm_description/urdf
[1.323s] copying urdf/roboticarm.xacro -> /home/kirat/Desktop/ROBOARM/ManualPhase1/Ros/install/roboticarm_description/share/roboticarm_description/urdf
[1.324s] copying urdf/roboticarm.trans -> /home/kirat/Desktop/ROBOARM/ManualPhase1/Ros/install/roboticarm_description/share/roboticarm_description/urdf
[1.324s] copying urdf/materials.xacro -> /home/kirat/Desktop/ROBOARM/ManualPhase1/Ros/install/roboticarm_description/share/roboticarm_description/urdf
[1.324s] copying urdf/roboticarm.gazebo -> /home/kirat/Desktop/ROBOARM/ManualPhase1/Ros/install/roboticarm_description/share/roboticarm_description/urdf
[1.324s] creating /home/kirat/Desktop/ROBOARM/ManualPhase1/Ros/install/roboticarm_description/share/roboticarm_description/meshes
[1.324s] copying meshes/w_b_1.stl -> /home/kirat/Desktop/ROBOARM/ManualPhase1/Ros/install/roboticarm_description/share/roboticarm_description/meshes
[1.325s] copying meshes/base_link.stl -> /home/kirat/Desktop/ROBOARM/ManualPhase1/Ros/install/roboticarm_description/share/roboticarm_description/meshes
[1.325s] copying meshes/w_a_1.stl -> /home/kirat/Desktop/ROBOARM/ManualPhase1/Ros/install/roboticarm_description/share/roboticarm_description/meshes
[1.326s] copying meshes/waist_1.stl -> /home/kirat/Desktop/ROBOARM/ManualPhase1/Ros/install/roboticarm_description/share/roboticarm_description/meshes
[1.326s] copying meshes/elbow_1.stl -> /home/kirat/Desktop/ROBOARM/ManualPhase1/Ros/install/roboticarm_description/share/roboticarm_description/meshes
[1.327s] copying meshes/shoulder_1.stl -> /home/kirat/Desktop/ROBOARM/ManualPhase1/Ros/install/roboticarm_description/share/roboticarm_description/meshes
[1.327s] copying meshes/w_c_1.stl -> /home/kirat/Desktop/ROBOARM/ManualPhase1/Ros/install/roboticarm_description/share/roboticarm_description/meshes
[1.328s] copying meshes/gripper_1.stl -> /home/kirat/Desktop/ROBOARM/ManualPhase1/Ros/install/roboticarm_description/share/roboticarm_description/meshes
[1.329s] creating /home/kirat/Desktop/ROBOARM/ManualPhase1/Ros/install/roboticarm_description/share/roboticarm_description/config
[1.329s] copying config/display.rviz -> /home/kirat/Desktop/ROBOARM/ManualPhase1/Ros/install/roboticarm_description/share/roboticarm_description/config
[1.330s] running install_egg_info
[1.348s] Copying ../../build/roboticarm_description/roboticarm_description.egg-info to /home/kirat/Desktop/ROBOARM/ManualPhase1/Ros/install/roboticarm_description/lib/python3.12/site-packages/roboticarm_description-0.0.0-py3.12.egg-info
[1.349s] running install_scripts
[1.470s] writing list of installed files to '/home/kirat/Desktop/ROBOARM/ManualPhase1/Ros/build/roboticarm_description/install.log'
[1.507s] Invoked command in '/home/kirat/Desktop/ROBOARM/ManualPhase1/Ros/src/roboticarm_description' returned '0': DEBUGINFOD_URLS=https://debuginfod.ubuntu.com PYTHONPATH=/home/kirat/Desktop/ROBOARM/ManualPhase1/Ros/build/roboticarm_description/prefix_override:/usr/lib/python3/dist-packages/colcon_core/task/python/colcon_distutils_commands:/home/kirat/Desktop/ROBOARM/ManualPhase1/Ros/install/roboticarm_description/lib/python3.12/site-packages:${PYTHONPATH} /usr/bin/python3 -W ignore:setup.py install is deprecated -W ignore:easy_install command is deprecated setup.py egg_info --egg-base ../../build/roboticarm_description build --build-base /home/kirat/Desktop/ROBOARM/ManualPhase1/Ros/build/roboticarm_description/build install --record /home/kirat/Desktop/ROBOARM/ManualPhase1/Ros/build/roboticarm_description/install.log --install-scripts $base/lib/roboticarm_description --single-version-externally-managed install_data
