[0.007s] Invoking command in '/home/kirat/Desktop/ROBOARM/ManualPhase1/Ros/build/roboticarm_moveit_config': AMENT_PREFIX_PATH=/home/kirat/Desktop/ROBOARM/ManualPhase1/Ros/install/roboticarm_description:${AMENT_PREFIX_PATH} CMAKE_PREFIX_PATH=${CMAKE_PREFIX_PATH}:/opt/ros/jazzy DEBUGINFOD_URLS=https://debuginfod.ubuntu.com PYTHONPATH=/home/kirat/Desktop/ROBOARM/ManualPhase1/Ros/install/roboticarm_description/lib/python3.12/site-packages:${PYTHONPATH} /usr/bin/cmake /home/kirat/Desktop/ROBOARM/ManualPhase1/Ros/src/roboticarm_moveit_config -DCMAKE_INSTALL_PREFIX=/home/kirat/Desktop/ROBOARM/ManualPhase1/Ros/install/roboticarm_moveit_config
[0.191s] -- The C compiler identification is GNU 13.3.0
[0.301s] -- The CXX compiler identification is GNU 13.3.0
[0.319s] -- Detecting C compiler ABI info
[0.407s] -- Detecting C compiler ABI info - done
[0.415s] -- Check for working C compiler: /usr/bin/cc - skipped
[0.415s] -- Detecting C compile features
[0.416s] -- Detecting C compile features - done
[0.428s] -- Detecting CXX compiler ABI info
[0.518s] -- Detecting CXX compiler ABI info - done
[0.525s] -- Check for working CXX compiler: /usr/bin/c++ - skipped
[0.526s] -- Detecting CXX compile features
[0.526s] -- Detecting CXX compile features - done
[0.539s] -- Found ament_cmake: 2.5.5 (/opt/ros/jazzy/share/ament_cmake/cmake)
[0.670s] -- Found Python3: /usr/bin/python3 (found version "3.12.3") found components: Interpreter 
[0.865s] -- Configuring done (0.8s)
[0.868s] -- Generating done (0.0s)
[0.870s] -- Build files have been written to: /home/kirat/Desktop/ROBOARM/ManualPhase1/Ros/build/roboticarm_moveit_config
[0.875s] Invoked command in '/home/kirat/Desktop/ROBOARM/ManualPhase1/Ros/build/roboticarm_moveit_config' returned '0': AMENT_PREFIX_PATH=/home/kirat/Desktop/ROBOARM/ManualPhase1/Ros/install/roboticarm_description:${AMENT_PREFIX_PATH} CMAKE_PREFIX_PATH=${CMAKE_PREFIX_PATH}:/opt/ros/jazzy DEBUGINFOD_URLS=https://debuginfod.ubuntu.com PYTHONPATH=/home/kirat/Desktop/ROBOARM/ManualPhase1/Ros/install/roboticarm_description/lib/python3.12/site-packages:${PYTHONPATH} /usr/bin/cmake /home/kirat/Desktop/ROBOARM/ManualPhase1/Ros/src/roboticarm_moveit_config -DCMAKE_INSTALL_PREFIX=/home/kirat/Desktop/ROBOARM/ManualPhase1/Ros/install/roboticarm_moveit_config
[0.876s] Invoking command in '/home/kirat/Desktop/ROBOARM/ManualPhase1/Ros/build/roboticarm_moveit_config': AMENT_PREFIX_PATH=/home/kirat/Desktop/ROBOARM/ManualPhase1/Ros/install/roboticarm_description:${AMENT_PREFIX_PATH} CMAKE_PREFIX_PATH=${CMAKE_PREFIX_PATH}:/opt/ros/jazzy DEBUGINFOD_URLS=https://debuginfod.ubuntu.com PYTHONPATH=/home/kirat/Desktop/ROBOARM/ManualPhase1/Ros/install/roboticarm_description/lib/python3.12/site-packages:${PYTHONPATH} /usr/bin/cmake --build /home/kirat/Desktop/ROBOARM/ManualPhase1/Ros/build/roboticarm_moveit_config -- -j12 -l12
[0.915s] Invoked command in '/home/kirat/Desktop/ROBOARM/ManualPhase1/Ros/build/roboticarm_moveit_config' returned '0': AMENT_PREFIX_PATH=/home/kirat/Desktop/ROBOARM/ManualPhase1/Ros/install/roboticarm_description:${AMENT_PREFIX_PATH} CMAKE_PREFIX_PATH=${CMAKE_PREFIX_PATH}:/opt/ros/jazzy DEBUGINFOD_URLS=https://debuginfod.ubuntu.com PYTHONPATH=/home/kirat/Desktop/ROBOARM/ManualPhase1/Ros/install/roboticarm_description/lib/python3.12/site-packages:${PYTHONPATH} /usr/bin/cmake --build /home/kirat/Desktop/ROBOARM/ManualPhase1/Ros/build/roboticarm_moveit_config -- -j12 -l12
[0.923s] Invoking command in '/home/kirat/Desktop/ROBOARM/ManualPhase1/Ros/build/roboticarm_moveit_config': AMENT_PREFIX_PATH=/home/kirat/Desktop/ROBOARM/ManualPhase1/Ros/install/roboticarm_description:${AMENT_PREFIX_PATH} CMAKE_PREFIX_PATH=${CMAKE_PREFIX_PATH}:/opt/ros/jazzy DEBUGINFOD_URLS=https://debuginfod.ubuntu.com PYTHONPATH=/home/kirat/Desktop/ROBOARM/ManualPhase1/Ros/install/roboticarm_description/lib/python3.12/site-packages:${PYTHONPATH} /usr/bin/cmake --install /home/kirat/Desktop/ROBOARM/ManualPhase1/Ros/build/roboticarm_moveit_config
[0.930s] -- Install configuration: ""
[0.931s] -- Installing: /home/kirat/Desktop/ROBOARM/ManualPhase1/Ros/install/roboticarm_moveit_config/share/ament_index/resource_index/package_run_dependencies/roboticarm_moveit_config
[0.931s] -- Installing: /home/kirat/Desktop/ROBOARM/ManualPhase1/Ros/install/roboticarm_moveit_config/share/ament_index/resource_index/parent_prefix_path/roboticarm_moveit_config
[0.931s] -- Installing: /home/kirat/Desktop/ROBOARM/ManualPhase1/Ros/install/roboticarm_moveit_config/share/roboticarm_moveit_config/environment/ament_prefix_path.sh
[0.931s] -- Installing: /home/kirat/Desktop/ROBOARM/ManualPhase1/Ros/install/roboticarm_moveit_config/share/roboticarm_moveit_config/environment/ament_prefix_path.dsv
[0.931s] -- Installing: /home/kirat/Desktop/ROBOARM/ManualPhase1/Ros/install/roboticarm_moveit_config/share/roboticarm_moveit_config/environment/path.sh
[0.932s] -- Installing: /home/kirat/Desktop/ROBOARM/ManualPhase1/Ros/install/roboticarm_moveit_config/share/roboticarm_moveit_config/environment/path.dsv
[0.932s] -- Installing: /home/kirat/Desktop/ROBOARM/ManualPhase1/Ros/install/roboticarm_moveit_config/share/roboticarm_moveit_config/local_setup.bash
[0.932s] -- Installing: /home/kirat/Desktop/ROBOARM/ManualPhase1/Ros/install/roboticarm_moveit_config/share/roboticarm_moveit_config/local_setup.sh
[0.932s] -- Installing: /home/kirat/Desktop/ROBOARM/ManualPhase1/Ros/install/roboticarm_moveit_config/share/roboticarm_moveit_config/local_setup.zsh
[0.932s] -- Installing: /home/kirat/Desktop/ROBOARM/ManualPhase1/Ros/install/roboticarm_moveit_config/share/roboticarm_moveit_config/local_setup.dsv
[0.932s] -- Installing: /home/kirat/Desktop/ROBOARM/ManualPhase1/Ros/install/roboticarm_moveit_config/share/roboticarm_moveit_config/package.dsv
[0.932s] -- Installing: /home/kirat/Desktop/ROBOARM/ManualPhase1/Ros/install/roboticarm_moveit_config/share/ament_index/resource_index/packages/roboticarm_moveit_config
[0.933s] -- Installing: /home/kirat/Desktop/ROBOARM/ManualPhase1/Ros/install/roboticarm_moveit_config/share/roboticarm_moveit_config/cmake/roboticarm_moveit_configConfig.cmake
[0.933s] -- Installing: /home/kirat/Desktop/ROBOARM/ManualPhase1/Ros/install/roboticarm_moveit_config/share/roboticarm_moveit_config/cmake/roboticarm_moveit_configConfig-version.cmake
[0.933s] -- Installing: /home/kirat/Desktop/ROBOARM/ManualPhase1/Ros/install/roboticarm_moveit_config/share/roboticarm_moveit_config/package.xml
[0.933s] -- Installing: /home/kirat/Desktop/ROBOARM/ManualPhase1/Ros/install/roboticarm_moveit_config/share/roboticarm_moveit_config/launch
[0.933s] -- Installing: /home/kirat/Desktop/ROBOARM/ManualPhase1/Ros/install/roboticarm_moveit_config/share/roboticarm_moveit_config/launch/moveit_rviz.launch.py
[0.933s] -- Installing: /home/kirat/Desktop/ROBOARM/ManualPhase1/Ros/install/roboticarm_moveit_config/share/roboticarm_moveit_config/launch/rsp.launch.py
[0.934s] -- Installing: /home/kirat/Desktop/ROBOARM/ManualPhase1/Ros/install/roboticarm_moveit_config/share/roboticarm_moveit_config/launch/demo.launch.py
[0.934s] -- Installing: /home/kirat/Desktop/ROBOARM/ManualPhase1/Ros/install/roboticarm_moveit_config/share/roboticarm_moveit_config/launch/setup_assistant.launch.py
[0.934s] -- Installing: /home/kirat/Desktop/ROBOARM/ManualPhase1/Ros/install/roboticarm_moveit_config/share/roboticarm_moveit_config/launch/spawn_controllers.launch.py
[0.934s] -- Installing: /home/kirat/Desktop/ROBOARM/ManualPhase1/Ros/install/roboticarm_moveit_config/share/roboticarm_moveit_config/launch/move_group.launch.py
[0.935s] -- Installing: /home/kirat/Desktop/ROBOARM/ManualPhase1/Ros/install/roboticarm_moveit_config/share/roboticarm_moveit_config/launch/static_virtual_joint_tfs.launch.py
[0.935s] -- Installing: /home/kirat/Desktop/ROBOARM/ManualPhase1/Ros/install/roboticarm_moveit_config/share/roboticarm_moveit_config/launch/warehouse_db.launch.py
[0.935s] -- Installing: /home/kirat/Desktop/ROBOARM/ManualPhase1/Ros/install/roboticarm_moveit_config/share/roboticarm_moveit_config/config
[0.935s] -- Installing: /home/kirat/Desktop/ROBOARM/ManualPhase1/Ros/install/roboticarm_moveit_config/share/roboticarm_moveit_config/config/kinematics.yaml
[0.935s] -- Installing: /home/kirat/Desktop/ROBOARM/ManualPhase1/Ros/install/roboticarm_moveit_config/share/roboticarm_moveit_config/config/joint_limits.yaml
[0.935s] -- Installing: /home/kirat/Desktop/ROBOARM/ManualPhase1/Ros/install/roboticarm_moveit_config/share/roboticarm_moveit_config/config/roboticarm.srdf
[0.936s] -- Installing: /home/kirat/Desktop/ROBOARM/ManualPhase1/Ros/install/roboticarm_moveit_config/share/roboticarm_moveit_config/config/moveit.rviz
[0.936s] -- Installing: /home/kirat/Desktop/ROBOARM/ManualPhase1/Ros/install/roboticarm_moveit_config/share/roboticarm_moveit_config/config/initial_positions.yaml
[0.936s] -- Installing: /home/kirat/Desktop/ROBOARM/ManualPhase1/Ros/install/roboticarm_moveit_config/share/roboticarm_moveit_config/config/roboticarm.ros2_control.xacro
[0.936s] -- Installing: /home/kirat/Desktop/ROBOARM/ManualPhase1/Ros/install/roboticarm_moveit_config/share/roboticarm_moveit_config/config/ros2_controllers.yaml
[0.937s] -- Installing: /home/kirat/Desktop/ROBOARM/ManualPhase1/Ros/install/roboticarm_moveit_config/share/roboticarm_moveit_config/config/roboticarm.urdf.xacro
[0.937s] -- Installing: /home/kirat/Desktop/ROBOARM/ManualPhase1/Ros/install/roboticarm_moveit_config/share/roboticarm_moveit_config/config/pilz_cartesian_limits.yaml
[0.937s] -- Installing: /home/kirat/Desktop/ROBOARM/ManualPhase1/Ros/install/roboticarm_moveit_config/share/roboticarm_moveit_config/config/moveit_controllers.yaml
[0.937s] -- Installing: /home/kirat/Desktop/ROBOARM/ManualPhase1/Ros/install/roboticarm_moveit_config/share/roboticarm_moveit_config/.setup_assistant
[0.939s] Invoked command in '/home/kirat/Desktop/ROBOARM/ManualPhase1/Ros/build/roboticarm_moveit_config' returned '0': AMENT_PREFIX_PATH=/home/kirat/Desktop/ROBOARM/ManualPhase1/Ros/install/roboticarm_description:${AMENT_PREFIX_PATH} CMAKE_PREFIX_PATH=${CMAKE_PREFIX_PATH}:/opt/ros/jazzy DEBUGINFOD_URLS=https://debuginfod.ubuntu.com PYTHONPATH=/home/kirat/Desktop/ROBOARM/ManualPhase1/Ros/install/roboticarm_description/lib/python3.12/site-packages:${PYTHONPATH} /usr/bin/cmake --install /home/kirat/Desktop/ROBOARM/ManualPhase1/Ros/build/roboticarm_moveit_config
