[6.603s] Invoking command in '/home/kv3/ROBOARM/ManualPhase1/ROBO_ws/src/arduino_bridge': PYTHONPATH=/home/kv3/ROBOARM/ManualPhase1/ROBO_ws/build/arduino_bridge/prefix_override:/usr/lib/python3/dist-packages/colcon_core/task/python/colcon_distutils_commands:/home/kv3/ROBOARM/ManualPhase1/ROBO_ws/install/arduino_bridge/lib/python3.12/site-packages:${PYTHONPATH} /usr/bin/python3 -W ignore:setup.py install is deprecated -W ignore:easy_install command is deprecated setup.py egg_info --egg-base ../../build/arduino_bridge build --build-base /home/kv3/ROBOARM/ManualPhase1/ROBO_ws/build/arduino_bridge/build install --record /home/kv3/ROBOARM/ManualPhase1/ROBO_ws/build/arduino_bridge/install.log --single-version-externally-managed install_data
[7.949s] running egg_info
[8.044s] writing ../../build/arduino_bridge/arduino_bridge.egg-info/PKG-INFO
[8.046s] writing dependency_links to ../../build/arduino_bridge/arduino_bridge.egg-info/dependency_links.txt
[8.048s] writing entry points to ../../build/arduino_bridge/arduino_bridge.egg-info/entry_points.txt
[8.049s] writing requirements to ../../build/arduino_bridge/arduino_bridge.egg-info/requires.txt
[8.050s] writing top-level names to ../../build/arduino_bridge/arduino_bridge.egg-info/top_level.txt
[8.247s] reading manifest file '../../build/arduino_bridge/arduino_bridge.egg-info/SOURCES.txt'
[8.253s] writing manifest file '../../build/arduino_bridge/arduino_bridge.egg-info/SOURCES.txt'
[8.254s] running build
[8.254s] running build_py
[8.258s] copying arduino_bridge/bridge_node.py -> /home/kv3/ROBOARM/ManualPhase1/ROBO_ws/build/arduino_bridge/build/lib/arduino_bridge
[8.260s] running install
[8.288s] running install_lib
[8.385s] copying /home/kv3/ROBOARM/ManualPhase1/ROBO_ws/build/arduino_bridge/build/lib/arduino_bridge/bridge_node.py -> /home/kv3/ROBOARM/ManualPhase1/ROBO_ws/install/arduino_bridge/lib/python3.12/site-packages/arduino_bridge
[8.388s] byte-compiling /home/kv3/ROBOARM/ManualPhase1/ROBO_ws/install/arduino_bridge/lib/python3.12/site-packages/arduino_bridge/bridge_node.py to bridge_node.cpython-312.pyc
[8.390s] Sorry: TabError: inconsistent use of tabs and spaces in indentation (bridge_node.py, line 41)
[8.391s] running install_data
[8.392s] running install_egg_info
[8.496s] removing '/home/kv3/ROBOARM/ManualPhase1/ROBO_ws/install/arduino_bridge/lib/python3.12/site-packages/arduino_bridge-0.0.0-py3.12.egg-info' (and everything under it)
[8.499s] Copying ../../build/arduino_bridge/arduino_bridge.egg-info to /home/kv3/ROBOARM/ManualPhase1/ROBO_ws/install/arduino_bridge/lib/python3.12/site-packages/arduino_bridge-0.0.0-py3.12.egg-info
[8.507s] running install_scripts
[9.299s] Installing bridge_node script to /home/kv3/ROBOARM/ManualPhase1/ROBO_ws/install/arduino_bridge/lib/arduino_bridge
[9.303s] writing list of installed files to '/home/kv3/ROBOARM/ManualPhase1/ROBO_ws/build/arduino_bridge/install.log'
[9.548s] Invoked command in '/home/kv3/ROBOARM/ManualPhase1/ROBO_ws/src/arduino_bridge' returned '0': PYTHONPATH=/home/kv3/ROBOARM/ManualPhase1/ROBO_ws/build/arduino_bridge/prefix_override:/usr/lib/python3/dist-packages/colcon_core/task/python/colcon_distutils_commands:/home/kv3/ROBOARM/ManualPhase1/ROBO_ws/install/arduino_bridge/lib/python3.12/site-packages:${PYTHONPATH} /usr/bin/python3 -W ignore:setup.py install is deprecated -W ignore:easy_install command is deprecated setup.py egg_info --egg-base ../../build/arduino_bridge build --build-base /home/kv3/ROBOARM/ManualPhase1/ROBO_ws/build/arduino_bridge/build install --record /home/kv3/ROBOARM/ManualPhase1/ROBO_ws/build/arduino_bridge/install.log --single-version-externally-managed install_data
