[0.925s] DEBUG:colcon:Command line arguments: ['/usr/bin/colcon', 'build']
[0.926s] DEBUG:colcon:Parsed command line arguments: Namespace(log_base=None, log_level=None, verb_name='build', build_base='build', install_base='install', merge_install=False, symlink_install=False, test_result_base=None, continue_on_error=False, executor='parallel', parallel_workers=4, event_handlers=None, ignore_user_meta=False, metas=['./colcon.meta'], base_paths=['.'], packages_ignore=None, packages_ignore_regex=None, paths=None, packages_up_to=None, packages_up_to_regex=None, packages_above=None, packages_above_and_dependencies=None, packages_above_depth=None, packages_select_by_dep=None, packages_skip_by_dep=None, packages_skip_up_to=None, packages_select_build_failed=False, packages_skip_build_finished=False, packages_select_test_failures=False, packages_skip_test_passed=False, packages_select=None, packages_skip=None, packages_select_regex=None, packages_skip_regex=None, packages_start=None, packages_end=None, allow_overriding=[], cmake_args=None, cmake_target=None, cmake_target_skip_unavailable=False, cmake_clean_cache=False, cmake_clean_first=False, cmake_force_configure=False, ament_cmake_args=None, catkin_cmake_args=None, catkin_skip_building_tests=False, verb_parser=<colcon_defaults.argument_parser.defaults.DefaultArgumentsDecorator object at 0xffffa4a9d4f0>, verb_extension=<colcon_core.verb.build.BuildVerb object at 0xffffa4c55fd0>, main=<bound method BuildVerb.main of <colcon_core.verb.build.BuildVerb object at 0xffffa4c55fd0>>)
[1.208s] Level 1:colcon.colcon_core.package_discovery:discover_packages(colcon_meta) check parameters
[1.209s] Level 1:colcon.colcon_core.package_discovery:discover_packages(recursive) check parameters
[1.209s] Level 1:colcon.colcon_core.package_discovery:discover_packages(ignore) check parameters
[1.209s] Level 1:colcon.colcon_core.package_discovery:discover_packages(path) check parameters
[1.209s] Level 1:colcon.colcon_core.package_discovery:discover_packages(colcon_meta) discover
[1.209s] Level 1:colcon.colcon_core.package_discovery:discover_packages(recursive) discover
[1.210s] INFO:colcon.colcon_core.package_discovery:Crawling recursively for packages in '/home/kv3/ROBOARM/ManualPhase1/Ros'
[1.210s] Level 1:colcon.colcon_core.package_identification:_identify(.) by extensions ['ignore', 'ignore_ament_install']
[1.210s] Level 1:colcon.colcon_core.package_identification:_identify(.) by extension 'ignore'
[1.211s] Level 1:colcon.colcon_core.package_identification:_identify(.) by extension 'ignore_ament_install'
[1.211s] Level 1:colcon.colcon_core.package_identification:_identify(.) by extensions ['colcon_pkg']
[1.211s] Level 1:colcon.colcon_core.package_identification:_identify(.) by extension 'colcon_pkg'
[1.211s] Level 1:colcon.colcon_core.package_identification:_identify(.) by extensions ['colcon_meta']
[1.211s] Level 1:colcon.colcon_core.package_identification:_identify(.) by extension 'colcon_meta'
[1.212s] Level 1:colcon.colcon_core.package_identification:_identify(.) by extensions ['ros']
[1.212s] Level 1:colcon.colcon_core.package_identification:_identify(.) by extension 'ros'
[1.349s] Level 1:colcon.colcon_core.package_identification:_identify(.) by extensions ['cmake', 'python']
[1.349s] Level 1:colcon.colcon_core.package_identification:_identify(.) by extension 'cmake'
[1.349s] Level 1:colcon.colcon_core.package_identification:_identify(.) by extension 'python'
[1.350s] Level 1:colcon.colcon_core.package_identification:_identify(.) by extensions ['python_setup_py']
[1.350s] Level 1:colcon.colcon_core.package_identification:_identify(.) by extension 'python_setup_py'
[1.350s] Level 1:colcon.colcon_core.package_identification:_identify(build) by extensions ['ignore', 'ignore_ament_install']
[1.350s] Level 1:colcon.colcon_core.package_identification:_identify(build) by extension 'ignore'
[1.351s] Level 1:colcon.colcon_core.package_identification:_identify(build) ignored
[1.351s] Level 1:colcon.colcon_core.package_identification:_identify(install) by extensions ['ignore', 'ignore_ament_install']
[1.351s] Level 1:colcon.colcon_core.package_identification:_identify(install) by extension 'ignore'
[1.352s] Level 1:colcon.colcon_core.package_identification:_identify(install) ignored
[1.352s] Level 1:colcon.colcon_core.package_identification:_identify(log) by extensions ['ignore', 'ignore_ament_install']
[1.352s] Level 1:colcon.colcon_core.package_identification:_identify(log) by extension 'ignore'
[1.352s] Level 1:colcon.colcon_core.package_identification:_identify(log) ignored
[1.354s] Level 1:colcon.colcon_core.package_identification:_identify(src) by extensions ['ignore', 'ignore_ament_install']
[1.354s] Level 1:colcon.colcon_core.package_identification:_identify(src) by extension 'ignore'
[1.354s] Level 1:colcon.colcon_core.package_identification:_identify(src) by extension 'ignore_ament_install'
[1.354s] Level 1:colcon.colcon_core.package_identification:_identify(src) by extensions ['colcon_pkg']
[1.355s] Level 1:colcon.colcon_core.package_identification:_identify(src) by extension 'colcon_pkg'
[1.355s] Level 1:colcon.colcon_core.package_identification:_identify(src) by extensions ['colcon_meta']
[1.355s] Level 1:colcon.colcon_core.package_identification:_identify(src) by extension 'colcon_meta'
[1.355s] Level 1:colcon.colcon_core.package_identification:_identify(src) by extensions ['ros']
[1.355s] Level 1:colcon.colcon_core.package_identification:_identify(src) by extension 'ros'
[1.355s] Level 1:colcon.colcon_core.package_identification:_identify(src) by extensions ['cmake', 'python']
[1.356s] Level 1:colcon.colcon_core.package_identification:_identify(src) by extension 'cmake'
[1.356s] Level 1:colcon.colcon_core.package_identification:_identify(src) by extension 'python'
[1.356s] Level 1:colcon.colcon_core.package_identification:_identify(src) by extensions ['python_setup_py']
[1.356s] Level 1:colcon.colcon_core.package_identification:_identify(src) by extension 'python_setup_py'
[1.357s] Level 1:colcon.colcon_core.package_identification:_identify(src/arduino_bridge) by extensions ['ignore', 'ignore_ament_install']
[1.358s] Level 1:colcon.colcon_core.package_identification:_identify(src/arduino_bridge) by extension 'ignore'
[1.358s] Level 1:colcon.colcon_core.package_identification:_identify(src/arduino_bridge) by extension 'ignore_ament_install'
[1.358s] Level 1:colcon.colcon_core.package_identification:_identify(src/arduino_bridge) by extensions ['colcon_pkg']
[1.358s] Level 1:colcon.colcon_core.package_identification:_identify(src/arduino_bridge) by extension 'colcon_pkg'
[1.359s] Level 1:colcon.colcon_core.package_identification:_identify(src/arduino_bridge) by extensions ['colcon_meta']
[1.359s] Level 1:colcon.colcon_core.package_identification:_identify(src/arduino_bridge) by extension 'colcon_meta'
[1.359s] Level 1:colcon.colcon_core.package_identification:_identify(src/arduino_bridge) by extensions ['ros']
[1.359s] Level 1:colcon.colcon_core.package_identification:_identify(src/arduino_bridge) by extension 'ros'
[1.376s] DEBUG:colcon.colcon_core.package_identification:Package 'src/arduino_bridge' with type 'ros.ament_python' and name 'arduino_bridge'
[1.377s] Level 1:colcon.colcon_core.package_identification:_identify(src/roboticarm_description) by extensions ['ignore', 'ignore_ament_install']
[1.377s] Level 1:colcon.colcon_core.package_identification:_identify(src/roboticarm_description) by extension 'ignore'
[1.378s] Level 1:colcon.colcon_core.package_identification:_identify(src/roboticarm_description) by extension 'ignore_ament_install'
[1.378s] Level 1:colcon.colcon_core.package_identification:_identify(src/roboticarm_description) by extensions ['colcon_pkg']
[1.378s] Level 1:colcon.colcon_core.package_identification:_identify(src/roboticarm_description) by extension 'colcon_pkg'
[1.378s] Level 1:colcon.colcon_core.package_identification:_identify(src/roboticarm_description) by extensions ['colcon_meta']
[1.378s] Level 1:colcon.colcon_core.package_identification:_identify(src/roboticarm_description) by extension 'colcon_meta'
[1.379s] Level 1:colcon.colcon_core.package_identification:_identify(src/roboticarm_description) by extensions ['ros']
[1.379s] Level 1:colcon.colcon_core.package_identification:_identify(src/roboticarm_description) by extension 'ros'
[1.383s] DEBUG:colcon.colcon_core.package_identification:Package 'src/roboticarm_description' with type 'ros.ament_python' and name 'roboticarm_description'
[1.384s] Level 1:colcon.colcon_core.package_identification:_identify(src/roboticarm_moveit_config) by extensions ['ignore', 'ignore_ament_install']
[1.384s] Level 1:colcon.colcon_core.package_identification:_identify(src/roboticarm_moveit_config) by extension 'ignore'
[1.384s] Level 1:colcon.colcon_core.package_identification:_identify(src/roboticarm_moveit_config) by extension 'ignore_ament_install'
[1.385s] Level 1:colcon.colcon_core.package_identification:_identify(src/roboticarm_moveit_config) by extensions ['colcon_pkg']
[1.385s] Level 1:colcon.colcon_core.package_identification:_identify(src/roboticarm_moveit_config) by extension 'colcon_pkg'
[1.385s] Level 1:colcon.colcon_core.package_identification:_identify(src/roboticarm_moveit_config) by extensions ['colcon_meta']
[1.385s] Level 1:colcon.colcon_core.package_identification:_identify(src/roboticarm_moveit_config) by extension 'colcon_meta'
[1.385s] Level 1:colcon.colcon_core.package_identification:_identify(src/roboticarm_moveit_config) by extensions ['ros']
[1.385s] Level 1:colcon.colcon_core.package_identification:_identify(src/roboticarm_moveit_config) by extension 'ros'
[1.389s] DEBUG:colcon.colcon_core.package_identification:Package 'src/roboticarm_moveit_config' with type 'ros.ament_cmake' and name 'roboticarm_moveit_config'
[1.389s] Level 1:colcon.colcon_core.package_discovery:discover_packages(recursive) using defaults
[1.389s] Level 1:colcon.colcon_core.package_discovery:discover_packages(ignore) discover
[1.390s] Level 1:colcon.colcon_core.package_discovery:discover_packages(ignore) using defaults
[1.390s] Level 1:colcon.colcon_core.package_discovery:discover_packages(path) discover
[1.390s] Level 1:colcon.colcon_core.package_discovery:discover_packages(path) using defaults
[1.491s] Level 1:colcon.colcon_core.package_discovery:discover_packages(prefix_path) check parameters
[1.492s] Level 1:colcon.colcon_core.package_discovery:discover_packages(prefix_path) discover
[1.513s] DEBUG:colcon.colcon_installed_package_information.package_discovery:Found 258 installed packages in /opt/ros/jazzy
[1.516s] Level 1:colcon.colcon_core.package_discovery:discover_packages(prefix_path) using defaults
[1.684s] Level 5:colcon.colcon_core.verb:set package 'arduino_bridge' build argument 'cmake_args' from command line to 'None'
[1.684s] Level 5:colcon.colcon_core.verb:set package 'arduino_bridge' build argument 'cmake_target' from command line to 'None'
[1.684s] Level 5:colcon.colcon_core.verb:set package 'arduino_bridge' build argument 'cmake_target_skip_unavailable' from command line to 'False'
[1.684s] Level 5:colcon.colcon_core.verb:set package 'arduino_bridge' build argument 'cmake_clean_cache' from command line to 'False'
[1.684s] Level 5:colcon.colcon_core.verb:set package 'arduino_bridge' build argument 'cmake_clean_first' from command line to 'False'
[1.684s] Level 5:colcon.colcon_core.verb:set package 'arduino_bridge' build argument 'cmake_force_configure' from command line to 'False'
[1.684s] Level 5:colcon.colcon_core.verb:set package 'arduino_bridge' build argument 'ament_cmake_args' from command line to 'None'
[1.684s] Level 5:colcon.colcon_core.verb:set package 'arduino_bridge' build argument 'catkin_cmake_args' from command line to 'None'
[1.685s] Level 5:colcon.colcon_core.verb:set package 'arduino_bridge' build argument 'catkin_skip_building_tests' from command line to 'False'
[1.685s] DEBUG:colcon.colcon_core.verb:Building package 'arduino_bridge' with the following arguments: {'ament_cmake_args': None, 'build_base': '/home/kv3/ROBOARM/ManualPhase1/Ros/build/arduino_bridge', 'catkin_cmake_args': None, 'catkin_skip_building_tests': False, 'cmake_args': None, 'cmake_clean_cache': False, 'cmake_clean_first': False, 'cmake_force_configure': False, 'cmake_target': None, 'cmake_target_skip_unavailable': False, 'install_base': '/home/kv3/ROBOARM/ManualPhase1/Ros/install/arduino_bridge', 'merge_install': False, 'path': '/home/kv3/ROBOARM/ManualPhase1/Ros/src/arduino_bridge', 'symlink_install': False, 'test_result_base': None}
[1.686s] Level 5:colcon.colcon_core.verb:set package 'roboticarm_description' build argument 'cmake_args' from command line to 'None'
[1.686s] Level 5:colcon.colcon_core.verb:set package 'roboticarm_description' build argument 'cmake_target' from command line to 'None'
[1.686s] Level 5:colcon.colcon_core.verb:set package 'roboticarm_description' build argument 'cmake_target_skip_unavailable' from command line to 'False'
[1.686s] Level 5:colcon.colcon_core.verb:set package 'roboticarm_description' build argument 'cmake_clean_cache' from command line to 'False'
[1.686s] Level 5:colcon.colcon_core.verb:set package 'roboticarm_description' build argument 'cmake_clean_first' from command line to 'False'
[1.686s] Level 5:colcon.colcon_core.verb:set package 'roboticarm_description' build argument 'cmake_force_configure' from command line to 'False'
[1.687s] Level 5:colcon.colcon_core.verb:set package 'roboticarm_description' build argument 'ament_cmake_args' from command line to 'None'
[1.687s] Level 5:colcon.colcon_core.verb:set package 'roboticarm_description' build argument 'catkin_cmake_args' from command line to 'None'
[1.687s] Level 5:colcon.colcon_core.verb:set package 'roboticarm_description' build argument 'catkin_skip_building_tests' from command line to 'False'
[1.687s] DEBUG:colcon.colcon_core.verb:Building package 'roboticarm_description' with the following arguments: {'ament_cmake_args': None, 'build_base': '/home/kv3/ROBOARM/ManualPhase1/Ros/build/roboticarm_description', 'catkin_cmake_args': None, 'catkin_skip_building_tests': False, 'cmake_args': None, 'cmake_clean_cache': False, 'cmake_clean_first': False, 'cmake_force_configure': False, 'cmake_target': None, 'cmake_target_skip_unavailable': False, 'install_base': '/home/kv3/ROBOARM/ManualPhase1/Ros/install/roboticarm_description', 'merge_install': False, 'path': '/home/kv3/ROBOARM/ManualPhase1/Ros/src/roboticarm_description', 'symlink_install': False, 'test_result_base': None}
[1.688s] Level 5:colcon.colcon_core.verb:set package 'roboticarm_moveit_config' build argument 'cmake_args' from command line to 'None'
[1.688s] Level 5:colcon.colcon_core.verb:set package 'roboticarm_moveit_config' build argument 'cmake_target' from command line to 'None'
[1.688s] Level 5:colcon.colcon_core.verb:set package 'roboticarm_moveit_config' build argument 'cmake_target_skip_unavailable' from command line to 'False'
[1.688s] Level 5:colcon.colcon_core.verb:set package 'roboticarm_moveit_config' build argument 'cmake_clean_cache' from command line to 'False'
[1.688s] Level 5:colcon.colcon_core.verb:set package 'roboticarm_moveit_config' build argument 'cmake_clean_first' from command line to 'False'
[1.688s] Level 5:colcon.colcon_core.verb:set package 'roboticarm_moveit_config' build argument 'cmake_force_configure' from command line to 'False'
[1.689s] Level 5:colcon.colcon_core.verb:set package 'roboticarm_moveit_config' build argument 'ament_cmake_args' from command line to 'None'
[1.689s] Level 5:colcon.colcon_core.verb:set package 'roboticarm_moveit_config' build argument 'catkin_cmake_args' from command line to 'None'
[1.689s] Level 5:colcon.colcon_core.verb:set package 'roboticarm_moveit_config' build argument 'catkin_skip_building_tests' from command line to 'False'
[1.689s] DEBUG:colcon.colcon_core.verb:Building package 'roboticarm_moveit_config' with the following arguments: {'ament_cmake_args': None, 'build_base': '/home/kv3/ROBOARM/ManualPhase1/Ros/build/roboticarm_moveit_config', 'catkin_cmake_args': None, 'catkin_skip_building_tests': False, 'cmake_args': None, 'cmake_clean_cache': False, 'cmake_clean_first': False, 'cmake_force_configure': False, 'cmake_target': None, 'cmake_target_skip_unavailable': False, 'install_base': '/home/kv3/ROBOARM/ManualPhase1/Ros/install/roboticarm_moveit_config', 'merge_install': False, 'path': '/home/kv3/ROBOARM/ManualPhase1/Ros/src/roboticarm_moveit_config', 'symlink_install': False, 'test_result_base': None}
[1.689s] INFO:colcon.colcon_core.executor:Executing jobs using 'parallel' executor
[1.692s] DEBUG:colcon.colcon_parallel_executor.executor.parallel:run_until_complete
[1.693s] INFO:colcon.colcon_ros.task.ament_python.build:Building ROS package in '/home/kv3/ROBOARM/ManualPhase1/Ros/src/roboticarm_description' with build type 'ament_python'
[1.694s] Level 1:colcon.colcon_core.shell:create_environment_hook('roboticarm_description', 'ament_prefix_path')
[1.712s] INFO:colcon.colcon_core.plugin_system:Skipping extension 'colcon_core.shell.bat': Not used on non-Windows systems
[1.713s] INFO:colcon.colcon_core.shell:Creating environment hook '/home/kv3/ROBOARM/ManualPhase1/Ros/install/roboticarm_description/share/roboticarm_description/hook/ament_prefix_path.ps1'
[1.717s] INFO:colcon.colcon_core.shell:Creating environment descriptor '/home/kv3/ROBOARM/ManualPhase1/Ros/install/roboticarm_description/share/roboticarm_description/hook/ament_prefix_path.dsv'
[1.720s] INFO:colcon.colcon_core.shell:Creating environment hook '/home/kv3/ROBOARM/ManualPhase1/Ros/install/roboticarm_description/share/roboticarm_description/hook/ament_prefix_path.sh'
[1.723s] INFO:colcon.colcon_core.shell:Skip shell extension 'powershell' for command environment: Not usable outside of PowerShell
[1.723s] DEBUG:colcon.colcon_core.shell:Skip shell extension 'dsv' for command environment
[1.740s] INFO:colcon.colcon_ros.task.ament_python.build:Building ROS package in '/home/kv3/ROBOARM/ManualPhase1/Ros/src/arduino_bridge' with build type 'ament_python'
[1.741s] Level 1:colcon.colcon_core.shell:create_environment_hook('arduino_bridge', 'ament_prefix_path')
[1.742s] INFO:colcon.colcon_core.shell:Creating environment hook '/home/kv3/ROBOARM/ManualPhase1/Ros/install/arduino_bridge/share/arduino_bridge/hook/ament_prefix_path.ps1'
[1.744s] INFO:colcon.colcon_core.shell:Creating environment descriptor '/home/kv3/ROBOARM/ManualPhase1/Ros/install/arduino_bridge/share/arduino_bridge/hook/ament_prefix_path.dsv'
[1.746s] INFO:colcon.colcon_core.shell:Creating environment hook '/home/kv3/ROBOARM/ManualPhase1/Ros/install/arduino_bridge/share/arduino_bridge/hook/ament_prefix_path.sh'
[1.748s] INFO:colcon.colcon_core.shell:Skip shell extension 'powershell' for command environment: Not usable outside of PowerShell
[1.749s] DEBUG:colcon.colcon_core.shell:Skip shell extension 'dsv' for command environment
[2.611s] INFO:colcon.colcon_core.task.python.build:Building Python package in '/home/kv3/ROBOARM/ManualPhase1/Ros/src/roboticarm_description'
[2.612s] INFO:colcon.colcon_core.shell:Skip shell extension 'powershell' for command environment: Not usable outside of PowerShell
[2.612s] DEBUG:colcon.colcon_core.shell:Skip shell extension 'dsv' for command environment
[3.461s] INFO:colcon.colcon_core.task.python.build:Building Python package in '/home/kv3/ROBOARM/ManualPhase1/Ros/src/arduino_bridge'
[3.462s] INFO:colcon.colcon_core.shell:Skip shell extension 'powershell' for command environment: Not usable outside of PowerShell
[3.462s] DEBUG:colcon.colcon_core.shell:Skip shell extension 'dsv' for command environment
[6.703s] DEBUG:colcon.colcon_core.event_handler.log_command:Invoking command in '/home/kv3/ROBOARM/ManualPhase1/Ros/src/roboticarm_description': PYTHONPATH=/home/kv3/ROBOARM/ManualPhase1/Ros/build/roboticarm_description/prefix_override:/usr/lib/python3/dist-packages/colcon_core/task/python/colcon_distutils_commands:/home/kv3/ROBOARM/ManualPhase1/Ros/install/roboticarm_description/lib/python3.12/site-packages:${PYTHONPATH} /usr/bin/python3 -W ignore:setup.py install is deprecated -W ignore:easy_install command is deprecated setup.py egg_info --egg-base ../../build/roboticarm_description build --build-base /home/kv3/ROBOARM/ManualPhase1/Ros/build/roboticarm_description/build install --record /home/kv3/ROBOARM/ManualPhase1/Ros/build/roboticarm_description/install.log --install-scripts $base/lib/roboticarm_description --single-version-externally-managed install_data
[6.714s] DEBUG:colcon.colcon_core.event_handler.log_command:Invoking command in '/home/kv3/ROBOARM/ManualPhase1/Ros/src/arduino_bridge': PYTHONPATH=/home/kv3/ROBOARM/ManualPhase1/Ros/build/arduino_bridge/prefix_override:/usr/lib/python3/dist-packages/colcon_core/task/python/colcon_distutils_commands:/home/kv3/ROBOARM/ManualPhase1/Ros/install/arduino_bridge/lib/python3.12/site-packages:${PYTHONPATH} /usr/bin/python3 -W ignore:setup.py install is deprecated -W ignore:easy_install command is deprecated setup.py egg_info --egg-base ../../build/arduino_bridge build --build-base /home/kv3/ROBOARM/ManualPhase1/Ros/build/arduino_bridge/build install --record /home/kv3/ROBOARM/ManualPhase1/Ros/build/arduino_bridge/install.log --single-version-externally-managed install_data
[9.060s] DEBUG:colcon.colcon_core.event_handler.log_command:Invoked command in '/home/kv3/ROBOARM/ManualPhase1/Ros/src/arduino_bridge' returned '0': PYTHONPATH=/home/kv3/ROBOARM/ManualPhase1/Ros/build/arduino_bridge/prefix_override:/usr/lib/python3/dist-packages/colcon_core/task/python/colcon_distutils_commands:/home/kv3/ROBOARM/ManualPhase1/Ros/install/arduino_bridge/lib/python3.12/site-packages:${PYTHONPATH} /usr/bin/python3 -W ignore:setup.py install is deprecated -W ignore:easy_install command is deprecated setup.py egg_info --egg-base ../../build/arduino_bridge build --build-base /home/kv3/ROBOARM/ManualPhase1/Ros/build/arduino_bridge/build install --record /home/kv3/ROBOARM/ManualPhase1/Ros/build/arduino_bridge/install.log --single-version-externally-managed install_data
[9.097s] Level 1:colcon.colcon_core.environment:checking '/home/kv3/ROBOARM/ManualPhase1/Ros/install/arduino_bridge' for CMake module files
[9.101s] Level 1:colcon.colcon_core.environment:checking '/home/kv3/ROBOARM/ManualPhase1/Ros/install/arduino_bridge' for CMake config files
[9.107s] Level 1:colcon.colcon_core.environment:checking '/home/kv3/ROBOARM/ManualPhase1/Ros/install/arduino_bridge/lib'
[9.108s] Level 1:colcon.colcon_core.environment:checking '/home/kv3/ROBOARM/ManualPhase1/Ros/install/arduino_bridge/bin'
[9.109s] Level 1:colcon.colcon_core.environment:checking '/home/kv3/ROBOARM/ManualPhase1/Ros/install/arduino_bridge/lib/pkgconfig/arduino_bridge.pc'
[9.110s] Level 1:colcon.colcon_core.environment:checking '/home/kv3/ROBOARM/ManualPhase1/Ros/install/arduino_bridge/lib/python3.12/site-packages'
[9.111s] Level 1:colcon.colcon_core.shell:create_environment_hook('arduino_bridge', 'pythonpath')
[9.112s] INFO:colcon.colcon_core.shell:Creating environment hook '/home/kv3/ROBOARM/ManualPhase1/Ros/install/arduino_bridge/share/arduino_bridge/hook/pythonpath.ps1'
[9.114s] INFO:colcon.colcon_core.shell:Creating environment descriptor '/home/kv3/ROBOARM/ManualPhase1/Ros/install/arduino_bridge/share/arduino_bridge/hook/pythonpath.dsv'
[9.117s] INFO:colcon.colcon_core.shell:Creating environment hook '/home/kv3/ROBOARM/ManualPhase1/Ros/install/arduino_bridge/share/arduino_bridge/hook/pythonpath.sh'
[9.121s] Level 1:colcon.colcon_core.environment:checking '/home/kv3/ROBOARM/ManualPhase1/Ros/install/arduino_bridge/bin'
[9.121s] Level 1:colcon.colcon_core.environment:create_environment_scripts_only(arduino_bridge)
[9.122s] INFO:colcon.colcon_core.shell:Creating package script '/home/kv3/ROBOARM/ManualPhase1/Ros/install/arduino_bridge/share/arduino_bridge/package.ps1'
[9.127s] INFO:colcon.colcon_core.shell:Creating package descriptor '/home/kv3/ROBOARM/ManualPhase1/Ros/install/arduino_bridge/share/arduino_bridge/package.dsv'
[9.131s] INFO:colcon.colcon_core.shell:Creating package script '/home/kv3/ROBOARM/ManualPhase1/Ros/install/arduino_bridge/share/arduino_bridge/package.sh'
[9.136s] INFO:colcon.colcon_core.shell:Creating package script '/home/kv3/ROBOARM/ManualPhase1/Ros/install/arduino_bridge/share/arduino_bridge/package.bash'
[9.142s] INFO:colcon.colcon_core.shell:Creating package script '/home/kv3/ROBOARM/ManualPhase1/Ros/install/arduino_bridge/share/arduino_bridge/package.zsh'
[9.146s] Level 1:colcon.colcon_core.environment:create_file_with_runtime_dependencies(/home/kv3/ROBOARM/ManualPhase1/Ros/install/arduino_bridge/share/colcon-core/packages/arduino_bridge)
[9.151s] Level 1:colcon.colcon_core.environment:checking '/home/kv3/ROBOARM/ManualPhase1/Ros/install/roboticarm_description' for CMake module files
[9.153s] DEBUG:colcon.colcon_core.event_handler.log_command:Invoked command in '/home/kv3/ROBOARM/ManualPhase1/Ros/src/roboticarm_description' returned '0': PYTHONPATH=/home/kv3/ROBOARM/ManualPhase1/Ros/build/roboticarm_description/prefix_override:/usr/lib/python3/dist-packages/colcon_core/task/python/colcon_distutils_commands:/home/kv3/ROBOARM/ManualPhase1/Ros/install/roboticarm_description/lib/python3.12/site-packages:${PYTHONPATH} /usr/bin/python3 -W ignore:setup.py install is deprecated -W ignore:easy_install command is deprecated setup.py egg_info --egg-base ../../build/roboticarm_description build --build-base /home/kv3/ROBOARM/ManualPhase1/Ros/build/roboticarm_description/build install --record /home/kv3/ROBOARM/ManualPhase1/Ros/build/roboticarm_description/install.log --install-scripts $base/lib/roboticarm_description --single-version-externally-managed install_data
[9.155s] Level 1:colcon.colcon_core.environment:checking '/home/kv3/ROBOARM/ManualPhase1/Ros/install/roboticarm_description' for CMake config files
[9.159s] Level 1:colcon.colcon_core.environment:checking '/home/kv3/ROBOARM/ManualPhase1/Ros/install/roboticarm_description/lib'
[9.159s] Level 1:colcon.colcon_core.environment:checking '/home/kv3/ROBOARM/ManualPhase1/Ros/install/roboticarm_description/bin'
[9.159s] Level 1:colcon.colcon_core.environment:checking '/home/kv3/ROBOARM/ManualPhase1/Ros/install/roboticarm_description/lib/pkgconfig/roboticarm_description.pc'
[9.160s] Level 1:colcon.colcon_core.environment:checking '/home/kv3/ROBOARM/ManualPhase1/Ros/install/roboticarm_description/lib/python3.12/site-packages'
[9.161s] Level 1:colcon.colcon_core.shell:create_environment_hook('roboticarm_description', 'pythonpath')
[9.161s] INFO:colcon.colcon_core.shell:Creating environment hook '/home/kv3/ROBOARM/ManualPhase1/Ros/install/roboticarm_description/share/roboticarm_description/hook/pythonpath.ps1'
[9.163s] INFO:colcon.colcon_core.shell:Creating environment descriptor '/home/kv3/ROBOARM/ManualPhase1/Ros/install/roboticarm_description/share/roboticarm_description/hook/pythonpath.dsv'
[9.165s] INFO:colcon.colcon_core.shell:Creating environment hook '/home/kv3/ROBOARM/ManualPhase1/Ros/install/roboticarm_description/share/roboticarm_description/hook/pythonpath.sh'
[9.168s] Level 1:colcon.colcon_core.environment:checking '/home/kv3/ROBOARM/ManualPhase1/Ros/install/roboticarm_description/bin'
[9.168s] Level 1:colcon.colcon_core.environment:create_environment_scripts_only(roboticarm_description)
[9.169s] INFO:colcon.colcon_core.shell:Creating package script '/home/kv3/ROBOARM/ManualPhase1/Ros/install/roboticarm_description/share/roboticarm_description/package.ps1'
[9.171s] INFO:colcon.colcon_core.shell:Creating package descriptor '/home/kv3/ROBOARM/ManualPhase1/Ros/install/roboticarm_description/share/roboticarm_description/package.dsv'
[9.173s] INFO:colcon.colcon_core.shell:Creating package script '/home/kv3/ROBOARM/ManualPhase1/Ros/install/roboticarm_description/share/roboticarm_description/package.sh'
[9.174s] INFO:colcon.colcon_core.shell:Creating package script '/home/kv3/ROBOARM/ManualPhase1/Ros/install/roboticarm_description/share/roboticarm_description/package.bash'
[9.176s] INFO:colcon.colcon_core.shell:Creating package script '/home/kv3/ROBOARM/ManualPhase1/Ros/install/roboticarm_description/share/roboticarm_description/package.zsh'
[9.177s] Level 1:colcon.colcon_core.environment:create_file_with_runtime_dependencies(/home/kv3/ROBOARM/ManualPhase1/Ros/install/roboticarm_description/share/colcon-core/packages/roboticarm_description)
[9.179s] INFO:colcon.colcon_ros.task.ament_cmake.build:Building ROS package in '/home/kv3/ROBOARM/ManualPhase1/Ros/src/roboticarm_moveit_config' with build type 'ament_cmake'
[9.180s] INFO:colcon.colcon_cmake.task.cmake.build:Building CMake package in '/home/kv3/ROBOARM/ManualPhase1/Ros/src/roboticarm_moveit_config'
[9.181s] INFO:colcon.colcon_core.shell:Skip shell extension 'powershell' for command environment: Not usable outside of PowerShell
[9.181s] DEBUG:colcon.colcon_core.shell:Skip shell extension 'dsv' for command environment
[9.219s] DEBUG:colcon.colcon_core.event_handler.log_command:Invoking command in '/home/kv3/ROBOARM/ManualPhase1/Ros/build/roboticarm_moveit_config': AMENT_PREFIX_PATH=/home/kv3/ROBOARM/ManualPhase1/Ros/install/roboticarm_description:${AMENT_PREFIX_PATH} CMAKE_PREFIX_PATH=${CMAKE_PREFIX_PATH}:/opt/ros/jazzy PYTHONPATH=/home/kv3/ROBOARM/ManualPhase1/Ros/install/roboticarm_description/lib/python3.12/site-packages:${PYTHONPATH} /usr/bin/cmake /home/kv3/ROBOARM/ManualPhase1/Ros/src/roboticarm_moveit_config -DCMAKE_INSTALL_PREFIX=/home/kv3/ROBOARM/ManualPhase1/Ros/install/roboticarm_moveit_config
[14.768s] DEBUG:colcon.colcon_core.event_handler.log_command:Invoked command in '/home/kv3/ROBOARM/ManualPhase1/Ros/build/roboticarm_moveit_config' returned '0': AMENT_PREFIX_PATH=/home/kv3/ROBOARM/ManualPhase1/Ros/install/roboticarm_description:${AMENT_PREFIX_PATH} CMAKE_PREFIX_PATH=${CMAKE_PREFIX_PATH}:/opt/ros/jazzy PYTHONPATH=/home/kv3/ROBOARM/ManualPhase1/Ros/install/roboticarm_description/lib/python3.12/site-packages:${PYTHONPATH} /usr/bin/cmake /home/kv3/ROBOARM/ManualPhase1/Ros/src/roboticarm_moveit_config -DCMAKE_INSTALL_PREFIX=/home/kv3/ROBOARM/ManualPhase1/Ros/install/roboticarm_moveit_config
[14.774s] DEBUG:colcon.colcon_core.event_handler.log_command:Invoking command in '/home/kv3/ROBOARM/ManualPhase1/Ros/build/roboticarm_moveit_config': AMENT_PREFIX_PATH=/home/kv3/ROBOARM/ManualPhase1/Ros/install/roboticarm_description:${AMENT_PREFIX_PATH} CMAKE_PREFIX_PATH=${CMAKE_PREFIX_PATH}:/opt/ros/jazzy PYTHONPATH=/home/kv3/ROBOARM/ManualPhase1/Ros/install/roboticarm_description/lib/python3.12/site-packages:${PYTHONPATH} /usr/bin/cmake --build /home/kv3/ROBOARM/ManualPhase1/Ros/build/roboticarm_moveit_config -- -j4 -l4
[14.967s] DEBUG:colcon.colcon_core.event_handler.log_command:Invoked command in '/home/kv3/ROBOARM/ManualPhase1/Ros/build/roboticarm_moveit_config' returned '0': AMENT_PREFIX_PATH=/home/kv3/ROBOARM/ManualPhase1/Ros/install/roboticarm_description:${AMENT_PREFIX_PATH} CMAKE_PREFIX_PATH=${CMAKE_PREFIX_PATH}:/opt/ros/jazzy PYTHONPATH=/home/kv3/ROBOARM/ManualPhase1/Ros/install/roboticarm_description/lib/python3.12/site-packages:${PYTHONPATH} /usr/bin/cmake --build /home/kv3/ROBOARM/ManualPhase1/Ros/build/roboticarm_moveit_config -- -j4 -l4
[15.017s] DEBUG:colcon.colcon_core.event_handler.log_command:Invoking command in '/home/kv3/ROBOARM/ManualPhase1/Ros/build/roboticarm_moveit_config': AMENT_PREFIX_PATH=/home/kv3/ROBOARM/ManualPhase1/Ros/install/roboticarm_description:${AMENT_PREFIX_PATH} CMAKE_PREFIX_PATH=${CMAKE_PREFIX_PATH}:/opt/ros/jazzy PYTHONPATH=/home/kv3/ROBOARM/ManualPhase1/Ros/install/roboticarm_description/lib/python3.12/site-packages:${PYTHONPATH} /usr/bin/cmake --install /home/kv3/ROBOARM/ManualPhase1/Ros/build/roboticarm_moveit_config
[15.119s] Level 1:colcon.colcon_core.environment:create_environment_scripts_only(roboticarm_moveit_config)
[15.121s] Level 1:colcon.colcon_core.environment:checking '/home/kv3/ROBOARM/ManualPhase1/Ros/install/roboticarm_moveit_config' for CMake module files
[15.121s] DEBUG:colcon.colcon_core.event_handler.log_command:Invoked command in '/home/kv3/ROBOARM/ManualPhase1/Ros/build/roboticarm_moveit_config' returned '0': AMENT_PREFIX_PATH=/home/kv3/ROBOARM/ManualPhase1/Ros/install/roboticarm_description:${AMENT_PREFIX_PATH} CMAKE_PREFIX_PATH=${CMAKE_PREFIX_PATH}:/opt/ros/jazzy PYTHONPATH=/home/kv3/ROBOARM/ManualPhase1/Ros/install/roboticarm_description/lib/python3.12/site-packages:${PYTHONPATH} /usr/bin/cmake --install /home/kv3/ROBOARM/ManualPhase1/Ros/build/roboticarm_moveit_config
[15.124s] Level 1:colcon.colcon_core.environment:checking '/home/kv3/ROBOARM/ManualPhase1/Ros/install/roboticarm_moveit_config' for CMake config files
[15.126s] Level 1:colcon.colcon_core.shell:create_environment_hook('roboticarm_moveit_config', 'cmake_prefix_path')
[15.127s] INFO:colcon.colcon_core.shell:Creating environment hook '/home/kv3/ROBOARM/ManualPhase1/Ros/install/roboticarm_moveit_config/share/roboticarm_moveit_config/hook/cmake_prefix_path.ps1'
[15.129s] INFO:colcon.colcon_core.shell:Creating environment descriptor '/home/kv3/ROBOARM/ManualPhase1/Ros/install/roboticarm_moveit_config/share/roboticarm_moveit_config/hook/cmake_prefix_path.dsv'
[15.130s] INFO:colcon.colcon_core.shell:Creating environment hook '/home/kv3/ROBOARM/ManualPhase1/Ros/install/roboticarm_moveit_config/share/roboticarm_moveit_config/hook/cmake_prefix_path.sh'
[15.133s] Level 1:colcon.colcon_core.environment:checking '/home/kv3/ROBOARM/ManualPhase1/Ros/install/roboticarm_moveit_config/bin'
[15.133s] Level 1:colcon.colcon_core.environment:checking '/home/kv3/ROBOARM/ManualPhase1/Ros/install/roboticarm_moveit_config/lib/pkgconfig/roboticarm_moveit_config.pc'
[15.134s] Level 1:colcon.colcon_core.environment:checking '/home/kv3/ROBOARM/ManualPhase1/Ros/install/roboticarm_moveit_config/lib/python3.12/site-packages'
[15.135s] Level 1:colcon.colcon_core.environment:checking '/home/kv3/ROBOARM/ManualPhase1/Ros/install/roboticarm_moveit_config/bin'
[15.136s] INFO:colcon.colcon_core.shell:Creating package script '/home/kv3/ROBOARM/ManualPhase1/Ros/install/roboticarm_moveit_config/share/roboticarm_moveit_config/package.ps1'
[15.138s] INFO:colcon.colcon_core.shell:Creating package descriptor '/home/kv3/ROBOARM/ManualPhase1/Ros/install/roboticarm_moveit_config/share/roboticarm_moveit_config/package.dsv'
[15.140s] INFO:colcon.colcon_core.shell:Creating package script '/home/kv3/ROBOARM/ManualPhase1/Ros/install/roboticarm_moveit_config/share/roboticarm_moveit_config/package.sh'
[15.141s] INFO:colcon.colcon_core.shell:Creating package script '/home/kv3/ROBOARM/ManualPhase1/Ros/install/roboticarm_moveit_config/share/roboticarm_moveit_config/package.bash'
[15.143s] INFO:colcon.colcon_core.shell:Creating package script '/home/kv3/ROBOARM/ManualPhase1/Ros/install/roboticarm_moveit_config/share/roboticarm_moveit_config/package.zsh'
[15.144s] Level 1:colcon.colcon_core.environment:create_file_with_runtime_dependencies(/home/kv3/ROBOARM/ManualPhase1/Ros/install/roboticarm_moveit_config/share/colcon-core/packages/roboticarm_moveit_config)
[15.146s] Level 1:colcon.colcon_core.environment:create_environment_scripts_only(roboticarm_moveit_config)
[15.147s] Level 1:colcon.colcon_core.environment:checking '/home/kv3/ROBOARM/ManualPhase1/Ros/install/roboticarm_moveit_config' for CMake module files
[15.150s] Level 1:colcon.colcon_core.environment:checking '/home/kv3/ROBOARM/ManualPhase1/Ros/install/roboticarm_moveit_config' for CMake config files
[15.152s] Level 1:colcon.colcon_core.shell:create_environment_hook('roboticarm_moveit_config', 'cmake_prefix_path')
[15.153s] INFO:colcon.colcon_core.shell:Creating environment hook '/home/kv3/ROBOARM/ManualPhase1/Ros/install/roboticarm_moveit_config/share/roboticarm_moveit_config/hook/cmake_prefix_path.ps1'
[15.154s] INFO:colcon.colcon_core.shell:Creating environment descriptor '/home/kv3/ROBOARM/ManualPhase1/Ros/install/roboticarm_moveit_config/share/roboticarm_moveit_config/hook/cmake_prefix_path.dsv'
[15.156s] INFO:colcon.colcon_core.shell:Creating environment hook '/home/kv3/ROBOARM/ManualPhase1/Ros/install/roboticarm_moveit_config/share/roboticarm_moveit_config/hook/cmake_prefix_path.sh'
[15.158s] Level 1:colcon.colcon_core.environment:checking '/home/kv3/ROBOARM/ManualPhase1/Ros/install/roboticarm_moveit_config/bin'
[15.158s] Level 1:colcon.colcon_core.environment:checking '/home/kv3/ROBOARM/ManualPhase1/Ros/install/roboticarm_moveit_config/lib/pkgconfig/roboticarm_moveit_config.pc'
[15.159s] Level 1:colcon.colcon_core.environment:checking '/home/kv3/ROBOARM/ManualPhase1/Ros/install/roboticarm_moveit_config/lib/python3.12/site-packages'
[15.160s] Level 1:colcon.colcon_core.environment:checking '/home/kv3/ROBOARM/ManualPhase1/Ros/install/roboticarm_moveit_config/bin'
[15.161s] INFO:colcon.colcon_core.shell:Creating package script '/home/kv3/ROBOARM/ManualPhase1/Ros/install/roboticarm_moveit_config/share/roboticarm_moveit_config/package.ps1'
[15.163s] INFO:colcon.colcon_core.shell:Creating package descriptor '/home/kv3/ROBOARM/ManualPhase1/Ros/install/roboticarm_moveit_config/share/roboticarm_moveit_config/package.dsv'
[15.166s] INFO:colcon.colcon_core.shell:Creating package script '/home/kv3/ROBOARM/ManualPhase1/Ros/install/roboticarm_moveit_config/share/roboticarm_moveit_config/package.sh'
[15.167s] INFO:colcon.colcon_core.shell:Creating package script '/home/kv3/ROBOARM/ManualPhase1/Ros/install/roboticarm_moveit_config/share/roboticarm_moveit_config/package.bash'
[15.169s] INFO:colcon.colcon_core.shell:Creating package script '/home/kv3/ROBOARM/ManualPhase1/Ros/install/roboticarm_moveit_config/share/roboticarm_moveit_config/package.zsh'
[15.171s] Level 1:colcon.colcon_core.environment:create_file_with_runtime_dependencies(/home/kv3/ROBOARM/ManualPhase1/Ros/install/roboticarm_moveit_config/share/colcon-core/packages/roboticarm_moveit_config)
[15.172s] DEBUG:colcon.colcon_parallel_executor.executor.parallel:closing loop
[15.173s] DEBUG:colcon.colcon_parallel_executor.executor.parallel:loop closed
[15.174s] DEBUG:colcon.colcon_parallel_executor.executor.parallel:run_until_complete finished with '0'
[15.174s] DEBUG:colcon.colcon_core.event_reactor:joining thread
[15.202s] INFO:colcon.colcon_core.plugin_system:Skipping extension 'colcon_notification.desktop_notification.notify_send': Could not find 'notify-send'
[15.202s] INFO:colcon.colcon_core.plugin_system:Skipping extension 'colcon_notification.desktop_notification.terminal_notifier': Not used on non-Darwin systems
[15.202s] INFO:colcon.colcon_core.plugin_system:Skipping extension 'colcon_notification.desktop_notification.win32': Not used on non-Windows systems
[15.203s] INFO:colcon.colcon_notification.desktop_notification:Sending desktop notification using 'notify2'
[15.269s] DEBUG:colcon.colcon_notification.desktop_notification.notify2:Failed to initialize notify2: org.freedesktop.DBus.Error.ServiceUnknown: The name org.freedesktop.Notifications was not provided by any .service files
[15.269s] DEBUG:colcon.colcon_core.event_reactor:joined thread
[15.270s] INFO:colcon.colcon_core.shell:Creating prefix script '/home/kv3/ROBOARM/ManualPhase1/Ros/install/local_setup.ps1'
[15.275s] INFO:colcon.colcon_core.shell:Creating prefix util module '/home/kv3/ROBOARM/ManualPhase1/Ros/install/_local_setup_util_ps1.py'
[15.281s] INFO:colcon.colcon_core.shell:Creating prefix chain script '/home/kv3/ROBOARM/ManualPhase1/Ros/install/setup.ps1'
[15.286s] INFO:colcon.colcon_core.shell:Creating prefix script '/home/kv3/ROBOARM/ManualPhase1/Ros/install/local_setup.sh'
[15.289s] INFO:colcon.colcon_core.shell:Creating prefix util module '/home/kv3/ROBOARM/ManualPhase1/Ros/install/_local_setup_util_sh.py'
[15.291s] INFO:colcon.colcon_core.shell:Creating prefix chain script '/home/kv3/ROBOARM/ManualPhase1/Ros/install/setup.sh'
[15.295s] INFO:colcon.colcon_core.shell:Creating prefix script '/home/kv3/ROBOARM/ManualPhase1/Ros/install/local_setup.bash'
[15.298s] INFO:colcon.colcon_core.shell:Creating prefix chain script '/home/kv3/ROBOARM/ManualPhase1/Ros/install/setup.bash'
[15.302s] INFO:colcon.colcon_core.shell:Creating prefix script '/home/kv3/ROBOARM/ManualPhase1/Ros/install/local_setup.zsh'
[15.304s] INFO:colcon.colcon_core.shell:Creating prefix chain script '/home/kv3/ROBOARM/ManualPhase1/Ros/install/setup.zsh'
