[1.160s] Invoking command in '/home/kirat/Desktop/ROBOARM/ManualPhase1/Ros/roboticarm_description': DEBUGINFOD_URLS=https://debuginfod.ubuntu.com PYTHONPATH=/home/kirat/Desktop/ROBOARM/ManualPhase1/Ros/build/roboticarm_description/prefix_override:/usr/lib/python3/dist-packages/colcon_core/task/python/colcon_distutils_commands:/home/kirat/Desktop/ROBOARM/ManualPhase1/Ros/install/roboticarm_description/lib/python3.12/site-packages: /usr/bin/python3 -W ignore:setup.py install is deprecated -W ignore:easy_install command is deprecated setup.py egg_info --egg-base ../build/roboticarm_description build --build-base /home/kirat/Desktop/ROBOARM/ManualPhase1/Ros/build/roboticarm_description/build install --record /home/kirat/Desktop/ROBOARM/ManualPhase1/Ros/build/roboticarm_description/install.log --install-scripts $base/lib/roboticarm_description --single-version-externally-managed install_data
[1.345s] /usr/lib/python3/dist-packages/setuptools/dist.py:744: SetuptoolsDeprecationWarning: Invalid dash-separated options
[1.345s] !!
[1.345s] 
[1.345s]         ********************************************************************************
[1.345s]         Usage of dash-separated 'script-dir' will not be supported in future
[1.345s]         versions. Please use the underscore name 'script_dir' instead.
[1.346s] 
[1.346s]         This deprecation is overdue, please update your project and remove deprecated
[1.346s]         calls to avoid build errors in the future.
[1.346s] 
[1.346s]         See https://setuptools.pypa.io/en/latest/userguide/declarative_config.html for details.
[1.346s]         ********************************************************************************
[1.346s] 
[1.346s] !!
[1.346s]   opt = self.warn_dash_deprecation(opt, section)
[1.475s] running egg_info
[1.476s] creating ../build/roboticarm_description/roboticarm_description.egg-info
[1.493s] writing ../build/roboticarm_description/roboticarm_description.egg-info/PKG-INFO
[1.493s] writing dependency_links to ../build/roboticarm_description/roboticarm_description.egg-info/dependency_links.txt
[1.494s] writing requirements to ../build/roboticarm_description/roboticarm_description.egg-info/requires.txt
[1.494s] writing top-level names to ../build/roboticarm_description/roboticarm_description.egg-info/top_level.txt
[1.494s] writing manifest file '../build/roboticarm_description/roboticarm_description.egg-info/SOURCES.txt'
[1.531s] reading manifest file '../build/roboticarm_description/roboticarm_description.egg-info/SOURCES.txt'
[1.532s] writing manifest file '../build/roboticarm_description/roboticarm_description.egg-info/SOURCES.txt'
[1.533s] running build
[1.533s] running build_py
[1.533s] creating /home/kirat/Desktop/ROBOARM/ManualPhase1/Ros/build/roboticarm_description/build
[1.533s] creating /home/kirat/Desktop/ROBOARM/ManualPhase1/Ros/build/roboticarm_description/build/lib
[1.533s] creating /home/kirat/Desktop/ROBOARM/ManualPhase1/Ros/build/roboticarm_description/build/lib/roboticarm_description
[1.534s] copying roboticarm_description/__init__.py -> /home/kirat/Desktop/ROBOARM/ManualPhase1/Ros/build/roboticarm_description/build/lib/roboticarm_description
[1.534s] running install
[1.543s] running install_lib
[1.562s] creating /home/kirat/Desktop/ROBOARM/ManualPhase1/Ros/install/roboticarm_description/lib/python3.12/site-packages/roboticarm_description
[1.562s] copying /home/kirat/Desktop/ROBOARM/ManualPhase1/Ros/build/roboticarm_description/build/lib/roboticarm_description/__init__.py -> /home/kirat/Desktop/ROBOARM/ManualPhase1/Ros/install/roboticarm_description/lib/python3.12/site-packages/roboticarm_description
[1.562s] byte-compiling /home/kirat/Desktop/ROBOARM/ManualPhase1/Ros/install/roboticarm_description/lib/python3.12/site-packages/roboticarm_description/__init__.py to __init__.cpython-312.pyc
[1.563s] running install_data
[1.563s] creating /home/kirat/Desktop/ROBOARM/ManualPhase1/Ros/install/roboticarm_description/share/ament_index
[1.563s] creating /home/kirat/Desktop/ROBOARM/ManualPhase1/Ros/install/roboticarm_description/share/ament_index/resource_index
[1.564s] creating /home/kirat/Desktop/ROBOARM/ManualPhase1/Ros/install/roboticarm_description/share/ament_index/resource_index/packages
[1.564s] copying resource/roboticarm_description -> /home/kirat/Desktop/ROBOARM/ManualPhase1/Ros/install/roboticarm_description/share/ament_index/resource_index/packages
[1.564s] copying package.xml -> /home/kirat/Desktop/ROBOARM/ManualPhase1/Ros/install/roboticarm_description/share/roboticarm_description
[1.564s] creating /home/kirat/Desktop/ROBOARM/ManualPhase1/Ros/install/roboticarm_description/share/roboticarm_description/launch
[1.564s] copying launch/gazebo.launch.py -> /home/kirat/Desktop/ROBOARM/ManualPhase1/Ros/install/roboticarm_description/share/roboticarm_description/launch
[1.564s] copying launch/display.launch.py -> /home/kirat/Desktop/ROBOARM/ManualPhase1/Ros/install/roboticarm_description/share/roboticarm_description/launch
[1.564s] creating /home/kirat/Desktop/ROBOARM/ManualPhase1/Ros/install/roboticarm_description/share/roboticarm_description/urdf
[1.565s] copying urdf/roboticarm.xacro -> /home/kirat/Desktop/ROBOARM/ManualPhase1/Ros/install/roboticarm_description/share/roboticarm_description/urdf
[1.565s] copying urdf/roboticarm.trans -> /home/kirat/Desktop/ROBOARM/ManualPhase1/Ros/install/roboticarm_description/share/roboticarm_description/urdf
[1.565s] copying urdf/materials.xacro -> /home/kirat/Desktop/ROBOARM/ManualPhase1/Ros/install/roboticarm_description/share/roboticarm_description/urdf
[1.565s] copying urdf/roboticarm.gazebo -> /home/kirat/Desktop/ROBOARM/ManualPhase1/Ros/install/roboticarm_description/share/roboticarm_description/urdf
[1.565s] creating /home/kirat/Desktop/ROBOARM/ManualPhase1/Ros/install/roboticarm_description/share/roboticarm_description/meshes
[1.566s] copying meshes/w_b_1.stl -> /home/kirat/Desktop/ROBOARM/ManualPhase1/Ros/install/roboticarm_description/share/roboticarm_description/meshes
[1.566s] copying meshes/base_link.stl -> /home/kirat/Desktop/ROBOARM/ManualPhase1/Ros/install/roboticarm_description/share/roboticarm_description/meshes
[1.566s] copying meshes/w_a_1.stl -> /home/kirat/Desktop/ROBOARM/ManualPhase1/Ros/install/roboticarm_description/share/roboticarm_description/meshes
[1.567s] copying meshes/waist_1.stl -> /home/kirat/Desktop/ROBOARM/ManualPhase1/Ros/install/roboticarm_description/share/roboticarm_description/meshes
[1.567s] copying meshes/elbow_1.stl -> /home/kirat/Desktop/ROBOARM/ManualPhase1/Ros/install/roboticarm_description/share/roboticarm_description/meshes
[1.567s] copying meshes/shoulder_1.stl -> /home/kirat/Desktop/ROBOARM/ManualPhase1/Ros/install/roboticarm_description/share/roboticarm_description/meshes
[1.568s] copying meshes/w_c_1.stl -> /home/kirat/Desktop/ROBOARM/ManualPhase1/Ros/install/roboticarm_description/share/roboticarm_description/meshes
[1.568s] copying meshes/gripper_1.stl -> /home/kirat/Desktop/ROBOARM/ManualPhase1/Ros/install/roboticarm_description/share/roboticarm_description/meshes
[1.569s] creating /home/kirat/Desktop/ROBOARM/ManualPhase1/Ros/install/roboticarm_description/share/roboticarm_description/config
[1.569s] copying config/display.rviz -> /home/kirat/Desktop/ROBOARM/ManualPhase1/Ros/install/roboticarm_description/share/roboticarm_description/config
[1.570s] running install_egg_info
[1.590s] Copying ../build/roboticarm_description/roboticarm_description.egg-info to /home/kirat/Desktop/ROBOARM/ManualPhase1/Ros/install/roboticarm_description/lib/python3.12/site-packages/roboticarm_description-0.0.0-py3.12.egg-info
[1.591s] running install_scripts
[1.738s] writing list of installed files to '/home/kirat/Desktop/ROBOARM/ManualPhase1/Ros/build/roboticarm_description/install.log'
[1.780s] Invoked command in '/home/kirat/Desktop/ROBOARM/ManualPhase1/Ros/roboticarm_description' returned '0': DEBUGINFOD_URLS=https://debuginfod.ubuntu.com PYTHONPATH=/home/kirat/Desktop/ROBOARM/ManualPhase1/Ros/build/roboticarm_description/prefix_override:/usr/lib/python3/dist-packages/colcon_core/task/python/colcon_distutils_commands:/home/kirat/Desktop/ROBOARM/ManualPhase1/Ros/install/roboticarm_description/lib/python3.12/site-packages: /usr/bin/python3 -W ignore:setup.py install is deprecated -W ignore:easy_install command is deprecated setup.py egg_info --egg-base ../build/roboticarm_description build --build-base /home/kirat/Desktop/ROBOARM/ManualPhase1/Ros/build/roboticarm_description/build install --record /home/kirat/Desktop/ROBOARM/ManualPhase1/Ros/build/roboticarm_description/install.log --install-scripts $base/lib/roboticarm_description --single-version-externally-managed install_data
