[0.260s] DEBUG:colcon:Command line arguments: ['/usr/bin/colcon', 'build']
[0.260s] DEBUG:colcon:Parsed command line arguments: Namespace(log_base=None, log_level=None, verb_name='build', build_base='build', install_base='install', merge_install=False, symlink_install=False, test_result_base=None, continue_on_error=False, executor='parallel', parallel_workers=12, event_handlers=None, ignore_user_meta=False, metas=['./colcon.meta'], base_paths=['.'], packages_ignore=None, packages_ignore_regex=None, paths=None, packages_up_to=None, packages_up_to_regex=None, packages_above=None, packages_above_and_dependencies=None, packages_above_depth=None, packages_select_by_dep=None, packages_skip_by_dep=None, packages_skip_up_to=None, packages_select_build_failed=False, packages_skip_build_finished=False, packages_select_test_failures=False, packages_skip_test_passed=False, packages_select=None, packages_skip=None, packages_select_regex=None, packages_skip_regex=None, packages_start=None, packages_end=None, allow_overriding=[], cmake_args=None, cmake_target=None, cmake_target_skip_unavailable=False, cmake_clean_cache=False, cmake_clean_first=False, cmake_force_configure=False, ament_cmake_args=None, catkin_cmake_args=None, catkin_skip_building_tests=False, mixin_files=None, mixin=None, verb_parser=<colcon_mixin.mixin.mixin_argument.MixinArgumentDecorator object at 0x7fd4c2544320>, verb_extension=<colcon_core.verb.build.BuildVerb object at 0x7fd4c251bbc0>, main=<bound method BuildVerb.main of <colcon_core.verb.build.BuildVerb object at 0x7fd4c251bbc0>>, mixin_verb=('build',))
[0.353s] Level 1:colcon.colcon_core.package_discovery:discover_packages(colcon_meta) check parameters
[0.353s] Level 1:colcon.colcon_core.package_discovery:discover_packages(recursive) check parameters
[0.353s] Level 1:colcon.colcon_core.package_discovery:discover_packages(ignore) check parameters
[0.353s] Level 1:colcon.colcon_core.package_discovery:discover_packages(path) check parameters
[0.353s] Level 1:colcon.colcon_core.package_discovery:discover_packages(colcon_meta) discover
[0.354s] Level 1:colcon.colcon_core.package_discovery:discover_packages(recursive) discover
[0.354s] INFO:colcon.colcon_core.package_discovery:Crawling recursively for packages in '/home/kirat/Desktop/ROBOARM/ManualPhase1/Ros'
[0.354s] Level 1:colcon.colcon_core.package_identification:_identify(.) by extensions ['ignore', 'ignore_ament_install']
[0.354s] Level 1:colcon.colcon_core.package_identification:_identify(.) by extension 'ignore'
[0.354s] Level 1:colcon.colcon_core.package_identification:_identify(.) by extension 'ignore_ament_install'
[0.354s] Level 1:colcon.colcon_core.package_identification:_identify(.) by extensions ['colcon_pkg']
[0.354s] Level 1:colcon.colcon_core.package_identification:_identify(.) by extension 'colcon_pkg'
[0.355s] Level 1:colcon.colcon_core.package_identification:_identify(.) by extensions ['colcon_meta']
[0.355s] Level 1:colcon.colcon_core.package_identification:_identify(.) by extension 'colcon_meta'
[0.355s] Level 1:colcon.colcon_core.package_identification:_identify(.) by extensions ['ros']
[0.355s] Level 1:colcon.colcon_core.package_identification:_identify(.) by extension 'ros'
[0.413s] Level 1:colcon.colcon_core.package_identification:_identify(.) by extensions ['cmake', 'python']
[0.413s] Level 1:colcon.colcon_core.package_identification:_identify(.) by extension 'cmake'
[0.413s] Level 1:colcon.colcon_core.package_identification:_identify(.) by extension 'python'
[0.413s] Level 1:colcon.colcon_core.package_identification:_identify(.) by extensions ['python_setup_py']
[0.413s] Level 1:colcon.colcon_core.package_identification:_identify(.) by extension 'python_setup_py'
[0.414s] Level 1:colcon.colcon_core.package_identification:_identify(build) by extensions ['ignore', 'ignore_ament_install']
[0.414s] Level 1:colcon.colcon_core.package_identification:_identify(build) by extension 'ignore'
[0.414s] Level 1:colcon.colcon_core.package_identification:_identify(build) ignored
[0.414s] Level 1:colcon.colcon_core.package_identification:_identify(install) by extensions ['ignore', 'ignore_ament_install']
[0.415s] Level 1:colcon.colcon_core.package_identification:_identify(install) by extension 'ignore'
[0.415s] Level 1:colcon.colcon_core.package_identification:_identify(install) ignored
[0.415s] Level 1:colcon.colcon_core.package_identification:_identify(log) by extensions ['ignore', 'ignore_ament_install']
[0.415s] Level 1:colcon.colcon_core.package_identification:_identify(log) by extension 'ignore'
[0.415s] Level 1:colcon.colcon_core.package_identification:_identify(log) ignored
[0.415s] Level 1:colcon.colcon_core.package_identification:_identify(src) by extensions ['ignore', 'ignore_ament_install']
[0.416s] Level 1:colcon.colcon_core.package_identification:_identify(src) by extension 'ignore'
[0.416s] Level 1:colcon.colcon_core.package_identification:_identify(src) by extension 'ignore_ament_install'
[0.416s] Level 1:colcon.colcon_core.package_identification:_identify(src) by extensions ['colcon_pkg']
[0.416s] Level 1:colcon.colcon_core.package_identification:_identify(src) by extension 'colcon_pkg'
[0.416s] Level 1:colcon.colcon_core.package_identification:_identify(src) by extensions ['colcon_meta']
[0.416s] Level 1:colcon.colcon_core.package_identification:_identify(src) by extension 'colcon_meta'
[0.416s] Level 1:colcon.colcon_core.package_identification:_identify(src) by extensions ['ros']
[0.416s] Level 1:colcon.colcon_core.package_identification:_identify(src) by extension 'ros'
[0.416s] Level 1:colcon.colcon_core.package_identification:_identify(src) by extensions ['cmake', 'python']
[0.416s] Level 1:colcon.colcon_core.package_identification:_identify(src) by extension 'cmake'
[0.417s] Level 1:colcon.colcon_core.package_identification:_identify(src) by extension 'python'
[0.417s] Level 1:colcon.colcon_core.package_identification:_identify(src) by extensions ['python_setup_py']
[0.417s] Level 1:colcon.colcon_core.package_identification:_identify(src) by extension 'python_setup_py'
[0.417s] Level 1:colcon.colcon_core.package_identification:_identify(src/arduino_bridge) by extensions ['ignore', 'ignore_ament_install']
[0.417s] Level 1:colcon.colcon_core.package_identification:_identify(src/arduino_bridge) by extension 'ignore'
[0.417s] Level 1:colcon.colcon_core.package_identification:_identify(src/arduino_bridge) by extension 'ignore_ament_install'
[0.417s] Level 1:colcon.colcon_core.package_identification:_identify(src/arduino_bridge) by extensions ['colcon_pkg']
[0.417s] Level 1:colcon.colcon_core.package_identification:_identify(src/arduino_bridge) by extension 'colcon_pkg'
[0.418s] Level 1:colcon.colcon_core.package_identification:_identify(src/arduino_bridge) by extensions ['colcon_meta']
[0.418s] Level 1:colcon.colcon_core.package_identification:_identify(src/arduino_bridge) by extension 'colcon_meta'
[0.418s] Level 1:colcon.colcon_core.package_identification:_identify(src/arduino_bridge) by extensions ['ros']
[0.418s] Level 1:colcon.colcon_core.package_identification:_identify(src/arduino_bridge) by extension 'ros'
[0.423s] DEBUG:colcon.colcon_core.package_identification:Package 'src/arduino_bridge' with type 'ros.ament_python' and name 'arduino_bridge'
[0.423s] Level 1:colcon.colcon_core.package_identification:_identify(src/roboticarm_description) by extensions ['ignore', 'ignore_ament_install']
[0.423s] Level 1:colcon.colcon_core.package_identification:_identify(src/roboticarm_description) by extension 'ignore'
[0.423s] Level 1:colcon.colcon_core.package_identification:_identify(src/roboticarm_description) by extension 'ignore_ament_install'
[0.424s] Level 1:colcon.colcon_core.package_identification:_identify(src/roboticarm_description) by extensions ['colcon_pkg']
[0.424s] Level 1:colcon.colcon_core.package_identification:_identify(src/roboticarm_description) by extension 'colcon_pkg'
[0.424s] Level 1:colcon.colcon_core.package_identification:_identify(src/roboticarm_description) by extensions ['colcon_meta']
[0.424s] Level 1:colcon.colcon_core.package_identification:_identify(src/roboticarm_description) by extension 'colcon_meta'
[0.424s] Level 1:colcon.colcon_core.package_identification:_identify(src/roboticarm_description) by extensions ['ros']
[0.424s] Level 1:colcon.colcon_core.package_identification:_identify(src/roboticarm_description) by extension 'ros'
[0.426s] DEBUG:colcon.colcon_core.package_identification:Package 'src/roboticarm_description' with type 'ros.ament_python' and name 'roboticarm_description'
[0.426s] Level 1:colcon.colcon_core.package_identification:_identify(src/roboticarm_moveit_config) by extensions ['ignore', 'ignore_ament_install']
[0.426s] Level 1:colcon.colcon_core.package_identification:_identify(src/roboticarm_moveit_config) by extension 'ignore'
[0.426s] Level 1:colcon.colcon_core.package_identification:_identify(src/roboticarm_moveit_config) by extension 'ignore_ament_install'
[0.426s] Level 1:colcon.colcon_core.package_identification:_identify(src/roboticarm_moveit_config) by extensions ['colcon_pkg']
[0.426s] Level 1:colcon.colcon_core.package_identification:_identify(src/roboticarm_moveit_config) by extension 'colcon_pkg'
[0.427s] Level 1:colcon.colcon_core.package_identification:_identify(src/roboticarm_moveit_config) by extensions ['colcon_meta']
[0.427s] Level 1:colcon.colcon_core.package_identification:_identify(src/roboticarm_moveit_config) by extension 'colcon_meta'
[0.427s] Level 1:colcon.colcon_core.package_identification:_identify(src/roboticarm_moveit_config) by extensions ['ros']
[0.427s] Level 1:colcon.colcon_core.package_identification:_identify(src/roboticarm_moveit_config) by extension 'ros'
[0.428s] DEBUG:colcon.colcon_core.package_identification:Package 'src/roboticarm_moveit_config' with type 'ros.ament_cmake' and name 'roboticarm_moveit_config'
[0.429s] Level 1:colcon.colcon_core.package_discovery:discover_packages(recursive) using defaults
[0.429s] Level 1:colcon.colcon_core.package_discovery:discover_packages(ignore) discover
[0.429s] Level 1:colcon.colcon_core.package_discovery:discover_packages(ignore) using defaults
[0.429s] Level 1:colcon.colcon_core.package_discovery:discover_packages(path) discover
[0.429s] Level 1:colcon.colcon_core.package_discovery:discover_packages(path) using defaults
[0.471s] Level 1:colcon.colcon_core.package_discovery:discover_packages(prefix_path) check parameters
[0.472s] Level 1:colcon.colcon_core.package_discovery:discover_packages(prefix_path) discover
[0.476s] DEBUG:colcon.colcon_installed_package_information.package_discovery:Found 3 installed packages in /home/kirat/Desktop/ROBOARM/ManualPhase1/Ros/install
[0.481s] DEBUG:colcon.colcon_installed_package_information.package_discovery:Found 410 installed packages in /opt/ros/jazzy
[0.485s] Level 1:colcon.colcon_core.package_discovery:discover_packages(prefix_path) using defaults
[0.621s] Level 5:colcon.colcon_core.verb:set package 'arduino_bridge' build argument 'cmake_args' from command line to 'None'
[0.621s] Level 5:colcon.colcon_core.verb:set package 'arduino_bridge' build argument 'cmake_target' from command line to 'None'
[0.621s] Level 5:colcon.colcon_core.verb:set package 'arduino_bridge' build argument 'cmake_target_skip_unavailable' from command line to 'False'
[0.621s] Level 5:colcon.colcon_core.verb:set package 'arduino_bridge' build argument 'cmake_clean_cache' from command line to 'False'
[0.621s] Level 5:colcon.colcon_core.verb:set package 'arduino_bridge' build argument 'cmake_clean_first' from command line to 'False'
[0.621s] Level 5:colcon.colcon_core.verb:set package 'arduino_bridge' build argument 'cmake_force_configure' from command line to 'False'
[0.621s] Level 5:colcon.colcon_core.verb:set package 'arduino_bridge' build argument 'ament_cmake_args' from command line to 'None'
[0.621s] Level 5:colcon.colcon_core.verb:set package 'arduino_bridge' build argument 'catkin_cmake_args' from command line to 'None'
[0.621s] Level 5:colcon.colcon_core.verb:set package 'arduino_bridge' build argument 'catkin_skip_building_tests' from command line to 'False'
[0.621s] DEBUG:colcon.colcon_core.verb:Building package 'arduino_bridge' with the following arguments: {'ament_cmake_args': None, 'build_base': '/home/kirat/Desktop/ROBOARM/ManualPhase1/Ros/build/arduino_bridge', 'catkin_cmake_args': None, 'catkin_skip_building_tests': False, 'cmake_args': None, 'cmake_clean_cache': False, 'cmake_clean_first': False, 'cmake_force_configure': False, 'cmake_target': None, 'cmake_target_skip_unavailable': False, 'install_base': '/home/kirat/Desktop/ROBOARM/ManualPhase1/Ros/install/arduino_bridge', 'merge_install': False, 'path': '/home/kirat/Desktop/ROBOARM/ManualPhase1/Ros/src/arduino_bridge', 'symlink_install': False, 'test_result_base': None}
[0.622s] Level 5:colcon.colcon_core.verb:set package 'roboticarm_description' build argument 'cmake_args' from command line to 'None'
[0.622s] Level 5:colcon.colcon_core.verb:set package 'roboticarm_description' build argument 'cmake_target' from command line to 'None'
[0.622s] Level 5:colcon.colcon_core.verb:set package 'roboticarm_description' build argument 'cmake_target_skip_unavailable' from command line to 'False'
[0.622s] Level 5:colcon.colcon_core.verb:set package 'roboticarm_description' build argument 'cmake_clean_cache' from command line to 'False'
[0.622s] Level 5:colcon.colcon_core.verb:set package 'roboticarm_description' build argument 'cmake_clean_first' from command line to 'False'
[0.622s] Level 5:colcon.colcon_core.verb:set package 'roboticarm_description' build argument 'cmake_force_configure' from command line to 'False'
[0.622s] Level 5:colcon.colcon_core.verb:set package 'roboticarm_description' build argument 'ament_cmake_args' from command line to 'None'
[0.622s] Level 5:colcon.colcon_core.verb:set package 'roboticarm_description' build argument 'catkin_cmake_args' from command line to 'None'
[0.622s] Level 5:colcon.colcon_core.verb:set package 'roboticarm_description' build argument 'catkin_skip_building_tests' from command line to 'False'
[0.622s] DEBUG:colcon.colcon_core.verb:Building package 'roboticarm_description' with the following arguments: {'ament_cmake_args': None, 'build_base': '/home/kirat/Desktop/ROBOARM/ManualPhase1/Ros/build/roboticarm_description', 'catkin_cmake_args': None, 'catkin_skip_building_tests': False, 'cmake_args': None, 'cmake_clean_cache': False, 'cmake_clean_first': False, 'cmake_force_configure': False, 'cmake_target': None, 'cmake_target_skip_unavailable': False, 'install_base': '/home/kirat/Desktop/ROBOARM/ManualPhase1/Ros/install/roboticarm_description', 'merge_install': False, 'path': '/home/kirat/Desktop/ROBOARM/ManualPhase1/Ros/src/roboticarm_description', 'symlink_install': False, 'test_result_base': None}
[0.623s] Level 5:colcon.colcon_core.verb:set package 'roboticarm_moveit_config' build argument 'cmake_args' from command line to 'None'
[0.623s] Level 5:colcon.colcon_core.verb:set package 'roboticarm_moveit_config' build argument 'cmake_target' from command line to 'None'
[0.623s] Level 5:colcon.colcon_core.verb:set package 'roboticarm_moveit_config' build argument 'cmake_target_skip_unavailable' from command line to 'False'
[0.623s] Level 5:colcon.colcon_core.verb:set package 'roboticarm_moveit_config' build argument 'cmake_clean_cache' from command line to 'False'
[0.623s] Level 5:colcon.colcon_core.verb:set package 'roboticarm_moveit_config' build argument 'cmake_clean_first' from command line to 'False'
[0.623s] Level 5:colcon.colcon_core.verb:set package 'roboticarm_moveit_config' build argument 'cmake_force_configure' from command line to 'False'
[0.623s] Level 5:colcon.colcon_core.verb:set package 'roboticarm_moveit_config' build argument 'ament_cmake_args' from command line to 'None'
[0.623s] Level 5:colcon.colcon_core.verb:set package 'roboticarm_moveit_config' build argument 'catkin_cmake_args' from command line to 'None'
[0.623s] Level 5:colcon.colcon_core.verb:set package 'roboticarm_moveit_config' build argument 'catkin_skip_building_tests' from command line to 'False'
[0.623s] DEBUG:colcon.colcon_core.verb:Building package 'roboticarm_moveit_config' with the following arguments: {'ament_cmake_args': None, 'build_base': '/home/kirat/Desktop/ROBOARM/ManualPhase1/Ros/build/roboticarm_moveit_config', 'catkin_cmake_args': None, 'catkin_skip_building_tests': False, 'cmake_args': None, 'cmake_clean_cache': False, 'cmake_clean_first': False, 'cmake_force_configure': False, 'cmake_target': None, 'cmake_target_skip_unavailable': False, 'install_base': '/home/kirat/Desktop/ROBOARM/ManualPhase1/Ros/install/roboticarm_moveit_config', 'merge_install': False, 'path': '/home/kirat/Desktop/ROBOARM/ManualPhase1/Ros/src/roboticarm_moveit_config', 'symlink_install': False, 'test_result_base': None}
[0.624s] INFO:colcon.colcon_core.executor:Executing jobs using 'parallel' executor
[0.625s] DEBUG:colcon.colcon_parallel_executor.executor.parallel:run_until_complete
[0.626s] INFO:colcon.colcon_ros.task.ament_python.build:Building ROS package in '/home/kirat/Desktop/ROBOARM/ManualPhase1/Ros/src/roboticarm_description' with build type 'ament_python'
[0.626s] Level 1:colcon.colcon_core.shell:create_environment_hook('roboticarm_description', 'ament_prefix_path')
[0.632s] INFO:colcon.colcon_core.plugin_system:Skipping extension 'colcon_core.shell.bat': Not used on non-Windows systems
[0.632s] INFO:colcon.colcon_core.shell:Creating environment hook '/home/kirat/Desktop/ROBOARM/ManualPhase1/Ros/install/roboticarm_description/share/roboticarm_description/hook/ament_prefix_path.ps1'
[0.634s] INFO:colcon.colcon_core.shell:Creating environment descriptor '/home/kirat/Desktop/ROBOARM/ManualPhase1/Ros/install/roboticarm_description/share/roboticarm_description/hook/ament_prefix_path.dsv'
[0.636s] INFO:colcon.colcon_core.shell:Creating environment hook '/home/kirat/Desktop/ROBOARM/ManualPhase1/Ros/install/roboticarm_description/share/roboticarm_description/hook/ament_prefix_path.sh'
[0.638s] INFO:colcon.colcon_core.shell:Skip shell extension 'powershell' for command environment: Not usable outside of PowerShell
[0.638s] DEBUG:colcon.colcon_core.shell:Skip shell extension 'dsv' for command environment
[0.647s] INFO:colcon.colcon_ros.task.ament_python.build:Building ROS package in '/home/kirat/Desktop/ROBOARM/ManualPhase1/Ros/src/arduino_bridge' with build type 'ament_python'
[0.648s] Level 1:colcon.colcon_core.shell:create_environment_hook('arduino_bridge', 'ament_prefix_path')
[0.648s] INFO:colcon.colcon_core.shell:Creating environment hook '/home/kirat/Desktop/ROBOARM/ManualPhase1/Ros/install/arduino_bridge/share/arduino_bridge/hook/ament_prefix_path.ps1'
[0.649s] INFO:colcon.colcon_core.shell:Creating environment descriptor '/home/kirat/Desktop/ROBOARM/ManualPhase1/Ros/install/arduino_bridge/share/arduino_bridge/hook/ament_prefix_path.dsv'
[0.650s] INFO:colcon.colcon_core.shell:Creating environment hook '/home/kirat/Desktop/ROBOARM/ManualPhase1/Ros/install/arduino_bridge/share/arduino_bridge/hook/ament_prefix_path.sh'
[0.651s] INFO:colcon.colcon_core.shell:Skip shell extension 'powershell' for command environment: Not usable outside of PowerShell
[0.652s] DEBUG:colcon.colcon_core.shell:Skip shell extension 'dsv' for command environment
[1.191s] INFO:colcon.colcon_core.task.python.build:Building Python package in '/home/kirat/Desktop/ROBOARM/ManualPhase1/Ros/src/roboticarm_description'
[1.191s] INFO:colcon.colcon_core.shell:Skip shell extension 'powershell' for command environment: Not usable outside of PowerShell
[1.191s] DEBUG:colcon.colcon_core.shell:Skip shell extension 'dsv' for command environment
[1.718s] INFO:colcon.colcon_core.task.python.build:Building Python package in '/home/kirat/Desktop/ROBOARM/ManualPhase1/Ros/src/arduino_bridge'
[1.718s] INFO:colcon.colcon_core.shell:Skip shell extension 'powershell' for command environment: Not usable outside of PowerShell
[1.718s] DEBUG:colcon.colcon_core.shell:Skip shell extension 'dsv' for command environment
[3.165s] DEBUG:colcon.colcon_core.event_handler.log_command:Invoking command in '/home/kirat/Desktop/ROBOARM/ManualPhase1/Ros/src/roboticarm_description': DEBUGINFOD_URLS=https://debuginfod.ubuntu.com PYTHONPATH=/home/kirat/Desktop/ROBOARM/ManualPhase1/Ros/build/roboticarm_description/prefix_override:/usr/lib/python3/dist-packages/colcon_core/task/python/colcon_distutils_commands:/home/kirat/Desktop/ROBOARM/ManualPhase1/Ros/install/roboticarm_description/lib/python3.12/site-packages:${PYTHONPATH} /usr/bin/python3 -W ignore:setup.py install is deprecated -W ignore:easy_install command is deprecated setup.py egg_info --egg-base ../../build/roboticarm_description build --build-base /home/kirat/Desktop/ROBOARM/ManualPhase1/Ros/build/roboticarm_description/build install --record /home/kirat/Desktop/ROBOARM/ManualPhase1/Ros/build/roboticarm_description/install.log --install-scripts $base/lib/roboticarm_description --single-version-externally-managed install_data
[3.172s] DEBUG:colcon.colcon_core.event_handler.log_command:Invoking command in '/home/kirat/Desktop/ROBOARM/ManualPhase1/Ros/src/arduino_bridge': DEBUGINFOD_URLS=https://debuginfod.ubuntu.com PYTHONPATH=/home/kirat/Desktop/ROBOARM/ManualPhase1/Ros/build/arduino_bridge/prefix_override:/usr/lib/python3/dist-packages/colcon_core/task/python/colcon_distutils_commands:/home/kirat/Desktop/ROBOARM/ManualPhase1/Ros/install/arduino_bridge/lib/python3.12/site-packages:${PYTHONPATH} /usr/bin/python3 -W ignore:setup.py install is deprecated -W ignore:easy_install command is deprecated setup.py egg_info --egg-base ../../build/arduino_bridge build --build-base /home/kirat/Desktop/ROBOARM/ManualPhase1/Ros/build/arduino_bridge/build install --record /home/kirat/Desktop/ROBOARM/ManualPhase1/Ros/build/arduino_bridge/install.log --single-version-externally-managed install_data
[4.534s] DEBUG:colcon.colcon_core.event_handler.log_command:Invoked command in '/home/kirat/Desktop/ROBOARM/ManualPhase1/Ros/src/roboticarm_description' returned '0': DEBUGINFOD_URLS=https://debuginfod.ubuntu.com PYTHONPATH=/home/kirat/Desktop/ROBOARM/ManualPhase1/Ros/build/roboticarm_description/prefix_override:/usr/lib/python3/dist-packages/colcon_core/task/python/colcon_distutils_commands:/home/kirat/Desktop/ROBOARM/ManualPhase1/Ros/install/roboticarm_description/lib/python3.12/site-packages:${PYTHONPATH} /usr/bin/python3 -W ignore:setup.py install is deprecated -W ignore:easy_install command is deprecated setup.py egg_info --egg-base ../../build/roboticarm_description build --build-base /home/kirat/Desktop/ROBOARM/ManualPhase1/Ros/build/roboticarm_description/build install --record /home/kirat/Desktop/ROBOARM/ManualPhase1/Ros/build/roboticarm_description/install.log --install-scripts $base/lib/roboticarm_description --single-version-externally-managed install_data
[4.539s] Level 1:colcon.colcon_core.environment:checking '/home/kirat/Desktop/ROBOARM/ManualPhase1/Ros/install/roboticarm_description' for CMake module files
[4.540s] Level 1:colcon.colcon_core.environment:checking '/home/kirat/Desktop/ROBOARM/ManualPhase1/Ros/install/roboticarm_description' for CMake config files
[4.542s] Level 1:colcon.colcon_core.environment:checking '/home/kirat/Desktop/ROBOARM/ManualPhase1/Ros/install/roboticarm_description/lib'
[4.543s] Level 1:colcon.colcon_core.environment:checking '/home/kirat/Desktop/ROBOARM/ManualPhase1/Ros/install/roboticarm_description/bin'
[4.543s] Level 1:colcon.colcon_core.environment:checking '/home/kirat/Desktop/ROBOARM/ManualPhase1/Ros/install/roboticarm_description/lib/pkgconfig/roboticarm_description.pc'
[4.543s] Level 1:colcon.colcon_core.environment:checking '/home/kirat/Desktop/ROBOARM/ManualPhase1/Ros/install/roboticarm_description/lib/python3.12/site-packages'
[4.544s] Level 1:colcon.colcon_core.shell:create_environment_hook('roboticarm_description', 'pythonpath')
[4.544s] INFO:colcon.colcon_core.shell:Creating environment hook '/home/kirat/Desktop/ROBOARM/ManualPhase1/Ros/install/roboticarm_description/share/roboticarm_description/hook/pythonpath.ps1'
[4.545s] INFO:colcon.colcon_core.shell:Creating environment descriptor '/home/kirat/Desktop/ROBOARM/ManualPhase1/Ros/install/roboticarm_description/share/roboticarm_description/hook/pythonpath.dsv'
[4.546s] INFO:colcon.colcon_core.shell:Creating environment hook '/home/kirat/Desktop/ROBOARM/ManualPhase1/Ros/install/roboticarm_description/share/roboticarm_description/hook/pythonpath.sh'
[4.548s] Level 1:colcon.colcon_core.environment:checking '/home/kirat/Desktop/ROBOARM/ManualPhase1/Ros/install/roboticarm_description/bin'
[4.548s] Level 1:colcon.colcon_core.environment:create_environment_scripts_only(roboticarm_description)
[4.548s] INFO:colcon.colcon_core.shell:Creating package script '/home/kirat/Desktop/ROBOARM/ManualPhase1/Ros/install/roboticarm_description/share/roboticarm_description/package.ps1'
[4.550s] INFO:colcon.colcon_core.shell:Creating package descriptor '/home/kirat/Desktop/ROBOARM/ManualPhase1/Ros/install/roboticarm_description/share/roboticarm_description/package.dsv'
[4.551s] INFO:colcon.colcon_core.shell:Creating package script '/home/kirat/Desktop/ROBOARM/ManualPhase1/Ros/install/roboticarm_description/share/roboticarm_description/package.sh'
[4.552s] INFO:colcon.colcon_core.shell:Creating package script '/home/kirat/Desktop/ROBOARM/ManualPhase1/Ros/install/roboticarm_description/share/roboticarm_description/package.bash'
[4.554s] INFO:colcon.colcon_core.shell:Creating package script '/home/kirat/Desktop/ROBOARM/ManualPhase1/Ros/install/roboticarm_description/share/roboticarm_description/package.zsh'
[4.555s] Level 1:colcon.colcon_core.environment:create_file_with_runtime_dependencies(/home/kirat/Desktop/ROBOARM/ManualPhase1/Ros/install/roboticarm_description/share/colcon-core/packages/roboticarm_description)
[4.556s] INFO:colcon.colcon_ros.task.ament_cmake.build:Building ROS package in '/home/kirat/Desktop/ROBOARM/ManualPhase1/Ros/src/roboticarm_moveit_config' with build type 'ament_cmake'
[4.557s] INFO:colcon.colcon_cmake.task.cmake.build:Building CMake package in '/home/kirat/Desktop/ROBOARM/ManualPhase1/Ros/src/roboticarm_moveit_config'
[4.557s] INFO:colcon.colcon_core.shell:Skip shell extension 'powershell' for command environment: Not usable outside of PowerShell
[4.557s] DEBUG:colcon.colcon_core.shell:Skip shell extension 'dsv' for command environment
[4.569s] Level 1:colcon.colcon_core.environment:checking '/home/kirat/Desktop/ROBOARM/ManualPhase1/Ros/install/arduino_bridge' for CMake module files
[4.571s] DEBUG:colcon.colcon_core.event_handler.log_command:Invoked command in '/home/kirat/Desktop/ROBOARM/ManualPhase1/Ros/src/arduino_bridge' returned '0': DEBUGINFOD_URLS=https://debuginfod.ubuntu.com PYTHONPATH=/home/kirat/Desktop/ROBOARM/ManualPhase1/Ros/build/arduino_bridge/prefix_override:/usr/lib/python3/dist-packages/colcon_core/task/python/colcon_distutils_commands:/home/kirat/Desktop/ROBOARM/ManualPhase1/Ros/install/arduino_bridge/lib/python3.12/site-packages:${PYTHONPATH} /usr/bin/python3 -W ignore:setup.py install is deprecated -W ignore:easy_install command is deprecated setup.py egg_info --egg-base ../../build/arduino_bridge build --build-base /home/kirat/Desktop/ROBOARM/ManualPhase1/Ros/build/arduino_bridge/build install --record /home/kirat/Desktop/ROBOARM/ManualPhase1/Ros/build/arduino_bridge/install.log --single-version-externally-managed install_data
[4.572s] Level 1:colcon.colcon_core.environment:checking '/home/kirat/Desktop/ROBOARM/ManualPhase1/Ros/install/arduino_bridge' for CMake config files
[4.574s] Level 1:colcon.colcon_core.environment:checking '/home/kirat/Desktop/ROBOARM/ManualPhase1/Ros/install/arduino_bridge/lib'
[4.574s] Level 1:colcon.colcon_core.environment:checking '/home/kirat/Desktop/ROBOARM/ManualPhase1/Ros/install/arduino_bridge/bin'
[4.574s] Level 1:colcon.colcon_core.environment:checking '/home/kirat/Desktop/ROBOARM/ManualPhase1/Ros/install/arduino_bridge/lib/pkgconfig/arduino_bridge.pc'
[4.575s] Level 1:colcon.colcon_core.environment:checking '/home/kirat/Desktop/ROBOARM/ManualPhase1/Ros/install/arduino_bridge/lib/python3.12/site-packages'
[4.575s] Level 1:colcon.colcon_core.shell:create_environment_hook('arduino_bridge', 'pythonpath')
[4.575s] INFO:colcon.colcon_core.shell:Creating environment hook '/home/kirat/Desktop/ROBOARM/ManualPhase1/Ros/install/arduino_bridge/share/arduino_bridge/hook/pythonpath.ps1'
[4.576s] INFO:colcon.colcon_core.shell:Creating environment descriptor '/home/kirat/Desktop/ROBOARM/ManualPhase1/Ros/install/arduino_bridge/share/arduino_bridge/hook/pythonpath.dsv'
[4.577s] INFO:colcon.colcon_core.shell:Creating environment hook '/home/kirat/Desktop/ROBOARM/ManualPhase1/Ros/install/arduino_bridge/share/arduino_bridge/hook/pythonpath.sh'
[4.579s] Level 1:colcon.colcon_core.environment:checking '/home/kirat/Desktop/ROBOARM/ManualPhase1/Ros/install/arduino_bridge/bin'
[4.579s] Level 1:colcon.colcon_core.environment:create_environment_scripts_only(arduino_bridge)
[4.580s] INFO:colcon.colcon_core.shell:Creating package script '/home/kirat/Desktop/ROBOARM/ManualPhase1/Ros/install/arduino_bridge/share/arduino_bridge/package.ps1'
[4.581s] INFO:colcon.colcon_core.shell:Creating package descriptor '/home/kirat/Desktop/ROBOARM/ManualPhase1/Ros/install/arduino_bridge/share/arduino_bridge/package.dsv'
[4.582s] INFO:colcon.colcon_core.shell:Creating package script '/home/kirat/Desktop/ROBOARM/ManualPhase1/Ros/install/arduino_bridge/share/arduino_bridge/package.sh'
[4.584s] INFO:colcon.colcon_core.shell:Creating package script '/home/kirat/Desktop/ROBOARM/ManualPhase1/Ros/install/arduino_bridge/share/arduino_bridge/package.bash'
[4.585s] INFO:colcon.colcon_core.shell:Creating package script '/home/kirat/Desktop/ROBOARM/ManualPhase1/Ros/install/arduino_bridge/share/arduino_bridge/package.zsh'
[4.585s] Level 1:colcon.colcon_core.environment:create_file_with_runtime_dependencies(/home/kirat/Desktop/ROBOARM/ManualPhase1/Ros/install/arduino_bridge/share/colcon-core/packages/arduino_bridge)
[4.593s] DEBUG:colcon.colcon_core.event_handler.log_command:Invoking command in '/home/kirat/Desktop/ROBOARM/ManualPhase1/Ros/build/roboticarm_moveit_config': AMENT_PREFIX_PATH=/home/kirat/Desktop/ROBOARM/ManualPhase1/Ros/install/roboticarm_description:/home/kirat/Desktop/ROBOARM/ManualPhase1/Ros/install/roboticarm_moveit_config:/home/kirat/Desktop/ROBOARM/ManualPhase1/Ros/install/arduino_bridge:/opt/ros/jazzy CMAKE_PREFIX_PATH=${CMAKE_PREFIX_PATH}:/home/kirat/Desktop/ROBOARM/ManualPhase1/Ros/install/roboticarm_description:/home/kirat/Desktop/ROBOARM/ManualPhase1/Ros/install/arduino_bridge:/opt/ros/jazzy DEBUGINFOD_URLS=https://debuginfod.ubuntu.com /usr/bin/cmake --build /home/kirat/Desktop/ROBOARM/ManualPhase1/Ros/build/roboticarm_moveit_config -- -j12 -l12
[4.699s] DEBUG:colcon.colcon_core.event_handler.log_command:Invoked command in '/home/kirat/Desktop/ROBOARM/ManualPhase1/Ros/build/roboticarm_moveit_config' returned '0': AMENT_PREFIX_PATH=/home/kirat/Desktop/ROBOARM/ManualPhase1/Ros/install/roboticarm_description:/home/kirat/Desktop/ROBOARM/ManualPhase1/Ros/install/roboticarm_moveit_config:/home/kirat/Desktop/ROBOARM/ManualPhase1/Ros/install/arduino_bridge:/opt/ros/jazzy CMAKE_PREFIX_PATH=${CMAKE_PREFIX_PATH}:/home/kirat/Desktop/ROBOARM/ManualPhase1/Ros/install/roboticarm_description:/home/kirat/Desktop/ROBOARM/ManualPhase1/Ros/install/arduino_bridge:/opt/ros/jazzy DEBUGINFOD_URLS=https://debuginfod.ubuntu.com /usr/bin/cmake --build /home/kirat/Desktop/ROBOARM/ManualPhase1/Ros/build/roboticarm_moveit_config -- -j12 -l12
[4.724s] DEBUG:colcon.colcon_core.event_handler.log_command:Invoking command in '/home/kirat/Desktop/ROBOARM/ManualPhase1/Ros/build/roboticarm_moveit_config': AMENT_PREFIX_PATH=/home/kirat/Desktop/ROBOARM/ManualPhase1/Ros/install/roboticarm_description:/home/kirat/Desktop/ROBOARM/ManualPhase1/Ros/install/roboticarm_moveit_config:/home/kirat/Desktop/ROBOARM/ManualPhase1/Ros/install/arduino_bridge:/opt/ros/jazzy CMAKE_PREFIX_PATH=${CMAKE_PREFIX_PATH}:/home/kirat/Desktop/ROBOARM/ManualPhase1/Ros/install/roboticarm_description:/home/kirat/Desktop/ROBOARM/ManualPhase1/Ros/install/arduino_bridge:/opt/ros/jazzy DEBUGINFOD_URLS=https://debuginfod.ubuntu.com /usr/bin/cmake --install /home/kirat/Desktop/ROBOARM/ManualPhase1/Ros/build/roboticarm_moveit_config
[4.752s] Level 1:colcon.colcon_core.environment:create_environment_scripts_only(roboticarm_moveit_config)
[4.753s] Level 1:colcon.colcon_core.environment:checking '/home/kirat/Desktop/ROBOARM/ManualPhase1/Ros/install/roboticarm_moveit_config' for CMake module files
[4.754s] DEBUG:colcon.colcon_core.event_handler.log_command:Invoked command in '/home/kirat/Desktop/ROBOARM/ManualPhase1/Ros/build/roboticarm_moveit_config' returned '0': AMENT_PREFIX_PATH=/home/kirat/Desktop/ROBOARM/ManualPhase1/Ros/install/roboticarm_description:/home/kirat/Desktop/ROBOARM/ManualPhase1/Ros/install/roboticarm_moveit_config:/home/kirat/Desktop/ROBOARM/ManualPhase1/Ros/install/arduino_bridge:/opt/ros/jazzy CMAKE_PREFIX_PATH=${CMAKE_PREFIX_PATH}:/home/kirat/Desktop/ROBOARM/ManualPhase1/Ros/install/roboticarm_description:/home/kirat/Desktop/ROBOARM/ManualPhase1/Ros/install/arduino_bridge:/opt/ros/jazzy DEBUGINFOD_URLS=https://debuginfod.ubuntu.com /usr/bin/cmake --install /home/kirat/Desktop/ROBOARM/ManualPhase1/Ros/build/roboticarm_moveit_config
[4.755s] Level 1:colcon.colcon_core.environment:checking '/home/kirat/Desktop/ROBOARM/ManualPhase1/Ros/install/roboticarm_moveit_config' for CMake config files
[4.756s] Level 1:colcon.colcon_core.shell:create_environment_hook('roboticarm_moveit_config', 'cmake_prefix_path')
[4.756s] INFO:colcon.colcon_core.shell:Creating environment hook '/home/kirat/Desktop/ROBOARM/ManualPhase1/Ros/install/roboticarm_moveit_config/share/roboticarm_moveit_config/hook/cmake_prefix_path.ps1'
[4.757s] INFO:colcon.colcon_core.shell:Creating environment descriptor '/home/kirat/Desktop/ROBOARM/ManualPhase1/Ros/install/roboticarm_moveit_config/share/roboticarm_moveit_config/hook/cmake_prefix_path.dsv'
[4.758s] INFO:colcon.colcon_core.shell:Creating environment hook '/home/kirat/Desktop/ROBOARM/ManualPhase1/Ros/install/roboticarm_moveit_config/share/roboticarm_moveit_config/hook/cmake_prefix_path.sh'
[4.760s] Level 1:colcon.colcon_core.environment:checking '/home/kirat/Desktop/ROBOARM/ManualPhase1/Ros/install/roboticarm_moveit_config/bin'
[4.760s] Level 1:colcon.colcon_core.environment:checking '/home/kirat/Desktop/ROBOARM/ManualPhase1/Ros/install/roboticarm_moveit_config/lib/pkgconfig/roboticarm_moveit_config.pc'
[4.760s] Level 1:colcon.colcon_core.environment:checking '/home/kirat/Desktop/ROBOARM/ManualPhase1/Ros/install/roboticarm_moveit_config/lib/python3.12/site-packages'
[4.761s] Level 1:colcon.colcon_core.environment:checking '/home/kirat/Desktop/ROBOARM/ManualPhase1/Ros/install/roboticarm_moveit_config/bin'
[4.761s] INFO:colcon.colcon_core.shell:Creating package script '/home/kirat/Desktop/ROBOARM/ManualPhase1/Ros/install/roboticarm_moveit_config/share/roboticarm_moveit_config/package.ps1'
[4.762s] INFO:colcon.colcon_core.shell:Creating package descriptor '/home/kirat/Desktop/ROBOARM/ManualPhase1/Ros/install/roboticarm_moveit_config/share/roboticarm_moveit_config/package.dsv'
[4.763s] INFO:colcon.colcon_core.shell:Creating package script '/home/kirat/Desktop/ROBOARM/ManualPhase1/Ros/install/roboticarm_moveit_config/share/roboticarm_moveit_config/package.sh'
[4.764s] INFO:colcon.colcon_core.shell:Creating package script '/home/kirat/Desktop/ROBOARM/ManualPhase1/Ros/install/roboticarm_moveit_config/share/roboticarm_moveit_config/package.bash'
[4.765s] INFO:colcon.colcon_core.shell:Creating package script '/home/kirat/Desktop/ROBOARM/ManualPhase1/Ros/install/roboticarm_moveit_config/share/roboticarm_moveit_config/package.zsh'
[4.766s] Level 1:colcon.colcon_core.environment:create_file_with_runtime_dependencies(/home/kirat/Desktop/ROBOARM/ManualPhase1/Ros/install/roboticarm_moveit_config/share/colcon-core/packages/roboticarm_moveit_config)
[4.767s] Level 1:colcon.colcon_core.environment:create_environment_scripts_only(roboticarm_moveit_config)
[4.767s] Level 1:colcon.colcon_core.environment:checking '/home/kirat/Desktop/ROBOARM/ManualPhase1/Ros/install/roboticarm_moveit_config' for CMake module files
[4.768s] Level 1:colcon.colcon_core.environment:checking '/home/kirat/Desktop/ROBOARM/ManualPhase1/Ros/install/roboticarm_moveit_config' for CMake config files
[4.769s] Level 1:colcon.colcon_core.shell:create_environment_hook('roboticarm_moveit_config', 'cmake_prefix_path')
[4.769s] INFO:colcon.colcon_core.shell:Creating environment hook '/home/kirat/Desktop/ROBOARM/ManualPhase1/Ros/install/roboticarm_moveit_config/share/roboticarm_moveit_config/hook/cmake_prefix_path.ps1'
[4.770s] INFO:colcon.colcon_core.shell:Creating environment descriptor '/home/kirat/Desktop/ROBOARM/ManualPhase1/Ros/install/roboticarm_moveit_config/share/roboticarm_moveit_config/hook/cmake_prefix_path.dsv'
[4.771s] INFO:colcon.colcon_core.shell:Creating environment hook '/home/kirat/Desktop/ROBOARM/ManualPhase1/Ros/install/roboticarm_moveit_config/share/roboticarm_moveit_config/hook/cmake_prefix_path.sh'
[4.772s] Level 1:colcon.colcon_core.environment:checking '/home/kirat/Desktop/ROBOARM/ManualPhase1/Ros/install/roboticarm_moveit_config/bin'
[4.772s] Level 1:colcon.colcon_core.environment:checking '/home/kirat/Desktop/ROBOARM/ManualPhase1/Ros/install/roboticarm_moveit_config/lib/pkgconfig/roboticarm_moveit_config.pc'
[4.773s] Level 1:colcon.colcon_core.environment:checking '/home/kirat/Desktop/ROBOARM/ManualPhase1/Ros/install/roboticarm_moveit_config/lib/python3.12/site-packages'
[4.774s] Level 1:colcon.colcon_core.environment:checking '/home/kirat/Desktop/ROBOARM/ManualPhase1/Ros/install/roboticarm_moveit_config/bin'
[4.774s] INFO:colcon.colcon_core.shell:Creating package script '/home/kirat/Desktop/ROBOARM/ManualPhase1/Ros/install/roboticarm_moveit_config/share/roboticarm_moveit_config/package.ps1'
[4.775s] INFO:colcon.colcon_core.shell:Creating package descriptor '/home/kirat/Desktop/ROBOARM/ManualPhase1/Ros/install/roboticarm_moveit_config/share/roboticarm_moveit_config/package.dsv'
[4.776s] INFO:colcon.colcon_core.shell:Creating package script '/home/kirat/Desktop/ROBOARM/ManualPhase1/Ros/install/roboticarm_moveit_config/share/roboticarm_moveit_config/package.sh'
[4.777s] INFO:colcon.colcon_core.shell:Creating package script '/home/kirat/Desktop/ROBOARM/ManualPhase1/Ros/install/roboticarm_moveit_config/share/roboticarm_moveit_config/package.bash'
[4.778s] INFO:colcon.colcon_core.shell:Creating package script '/home/kirat/Desktop/ROBOARM/ManualPhase1/Ros/install/roboticarm_moveit_config/share/roboticarm_moveit_config/package.zsh'
[4.779s] Level 1:colcon.colcon_core.environment:create_file_with_runtime_dependencies(/home/kirat/Desktop/ROBOARM/ManualPhase1/Ros/install/roboticarm_moveit_config/share/colcon-core/packages/roboticarm_moveit_config)
[4.780s] DEBUG:colcon.colcon_parallel_executor.executor.parallel:closing loop
[4.780s] DEBUG:colcon.colcon_parallel_executor.executor.parallel:loop closed
[4.781s] DEBUG:colcon.colcon_parallel_executor.executor.parallel:run_until_complete finished with '0'
[4.781s] DEBUG:colcon.colcon_core.event_reactor:joining thread
[4.794s] INFO:colcon.colcon_core.plugin_system:Skipping extension 'colcon_notification.desktop_notification.terminal_notifier': Not used on non-Darwin systems
[4.794s] INFO:colcon.colcon_core.plugin_system:Skipping extension 'colcon_notification.desktop_notification.win32': Not used on non-Windows systems
[4.795s] INFO:colcon.colcon_notification.desktop_notification:Sending desktop notification using 'notify2'
[4.827s] DEBUG:colcon.colcon_core.event_reactor:joined thread
[4.828s] INFO:colcon.colcon_core.shell:Creating prefix script '/home/kirat/Desktop/ROBOARM/ManualPhase1/Ros/install/local_setup.ps1'
[4.830s] INFO:colcon.colcon_core.shell:Creating prefix util module '/home/kirat/Desktop/ROBOARM/ManualPhase1/Ros/install/_local_setup_util_ps1.py'
[4.833s] INFO:colcon.colcon_core.shell:Creating prefix chain script '/home/kirat/Desktop/ROBOARM/ManualPhase1/Ros/install/setup.ps1'
[4.835s] INFO:colcon.colcon_core.shell:Creating prefix script '/home/kirat/Desktop/ROBOARM/ManualPhase1/Ros/install/local_setup.sh'
[4.837s] INFO:colcon.colcon_core.shell:Creating prefix util module '/home/kirat/Desktop/ROBOARM/ManualPhase1/Ros/install/_local_setup_util_sh.py'
[4.838s] INFO:colcon.colcon_core.shell:Creating prefix chain script '/home/kirat/Desktop/ROBOARM/ManualPhase1/Ros/install/setup.sh'
[4.841s] INFO:colcon.colcon_core.shell:Creating prefix script '/home/kirat/Desktop/ROBOARM/ManualPhase1/Ros/install/local_setup.bash'
[4.842s] INFO:colcon.colcon_core.shell:Creating prefix chain script '/home/kirat/Desktop/ROBOARM/ManualPhase1/Ros/install/setup.bash'
[4.844s] INFO:colcon.colcon_core.shell:Creating prefix script '/home/kirat/Desktop/ROBOARM/ManualPhase1/Ros/install/local_setup.zsh'
[4.845s] INFO:colcon.colcon_core.shell:Creating prefix chain script '/home/kirat/Desktop/ROBOARM/ManualPhase1/Ros/install/setup.zsh'
